

================================================================
== Vitis HLS Report for 'gru_va'
================================================================
* Date:           Sat Aug  8 16:47:56 2026

* Version:        2025.2 (Build 6295257 on Nov 14 2025)
* Project:        b_fl_mod
* Solution:       sol_fl_mod_w8 (Vivado IP Flow Target)
* Product family: zynq
* Target device:  xc7z020-clg400-1


================================================================
== Performance Estimates
================================================================
+ Timing: 
    * Summary: 
    +--------+----------+----------+------------+
    |  Clock |  Target  | Estimated| Uncertainty|
    +--------+----------+----------+------------+
    |ap_clk  |  10.00 ns|  7.242 ns|     2.70 ns|
    +--------+----------+----------+------------+

+ Latency: 
    * Summary: 
    +---------+---------+----------+----------+-----+-----+---------+
    |  Latency (cycles) |  Latency (absolute) |  Interval | Pipeline|
    |   min   |   max   |    min   |    max   | min | max |   Type  |
    +---------+---------+----------+----------+-----+-----+---------+
    |        ?|        ?|         ?|         ?|    ?|    ?|       no|
    +---------+---------+----------+----------+-----+-----+---------+

    + Detail: 
        * Instance: 
        +----------------------------------------+-----------------------------+---------+---------+----------+----------+-----+-----+-------------------+
        |                                        |                             |  Latency (cycles) |  Latency (absolute) |  Interval |      Pipeline     |
        |                Instance                |            Module           |   min   |   max   |    min   |    max   | min | max |        Type       |
        +----------------------------------------+-----------------------------+---------+---------+----------+----------+-----+-----+-------------------+
        |grp_gru_va_Pipeline_HIDDEN_LOOP_fu_808  |gru_va_Pipeline_HIDDEN_LOOP  |      130|      130|  1.300 us|  1.300 us|    0|    0|  loop pipeline stp|
        +----------------------------------------+-----------------------------+---------+---------+----------+----------+-----+-----+-------------------+

        * Loop: 
        +---------------+---------+---------+----------+-----------+-----------+------+----------+
        |               |  Latency (cycles) | Iteration|  Initiation Interval  | Trip |          |
        |   Loop Name   |   min   |   max   |  Latency |  achieved |   target  | Count| Pipelined|
        +---------------+---------+---------+----------+-----------+-----------+------+----------+
        |- SAMPLE_LOOP  |        ?|        ?|       144|          -|          -|     ?|        no|
        +---------------+---------+---------+----------+-----------+-----------+------+----------+



================================================================
== Utilization Estimates
================================================================
* Summary: 
+-----------------+---------+-----+--------+-------+-----+
|       Name      | BRAM_18K| DSP |   FF   |  LUT  | URAM|
+-----------------+---------+-----+--------+-------+-----+
|DSP              |        -|    -|       -|      -|    -|
|Expression       |        -|    -|       0|   3496|    -|
|FIFO             |        -|    -|       -|      -|    -|
|Instance         |        2|   11|   16253|  30170|    -|
|Memory           |        -|    -|       -|      -|    -|
|Multiplexer      |        -|    -|       0|    452|    -|
|Register         |        -|    -|    1694|      -|    -|
+-----------------+---------+-----+--------+-------+-----+
|Total            |        2|   11|   17947|  34118|    0|
+-----------------+---------+-----+--------+-------+-----+
|Available        |      280|  220|  106400|  53200|    0|
+-----------------+---------+-----+--------+-------+-----+
|Utilization (%)  |       ~0|    5|      16|     64|    0|
+-----------------+---------+-----+--------+-------+-----+

+ Detail: 
    * Instance: 
    +----------------------------------------+------------------------------+---------+----+-------+-------+-----+
    |                Instance                |            Module            | BRAM_18K| DSP|   FF  |  LUT  | URAM|
    +----------------------------------------+------------------------------+---------+----+-------+-------+-----+
    |CTRL_s_axi_U                            |CTRL_s_axi                    |        0|   0|    220|    360|    0|
    |bitselect_1ns_32ns_5ns_1_1_1_U260       |bitselect_1ns_32ns_5ns_1_1_1  |        0|   0|      0|      9|    0|
    |bitselect_1ns_54ns_6ns_1_1_1_U254       |bitselect_1ns_54ns_6ns_1_1_1  |        0|   0|      0|     17|    0|
    |bitselect_1ns_54ns_6ns_1_1_1_U255       |bitselect_1ns_54ns_6ns_1_1_1  |        0|   0|      0|     17|    0|
    |ctlz_32_32_1_1_U259                     |ctlz_32_32_1_1                |        0|   0|      0|     44|    0|
    |fpext_32ns_64_2_no_dsp_1_U253           |fpext_32ns_64_2_no_dsp_1      |        0|   0|      0|      0|    0|
    |grp_gru_va_Pipeline_HIDDEN_LOOP_fu_808  |gru_va_Pipeline_HIDDEN_LOOP   |        2|  11|  16033|  29696|    0|
    |sparsemux_7_2_1_1_1_U257                |sparsemux_7_2_1_1_1           |        0|   0|      0|      9|    0|
    |sparsemux_7_2_8_1_1_U256                |sparsemux_7_2_8_1_1           |        0|   0|      0|      9|    0|
    |sparsemux_7_2_8_1_1_U258                |sparsemux_7_2_8_1_1           |        0|   0|      0|      9|    0|
    +----------------------------------------+------------------------------+---------+----+-------+-------+-----+
    |Total                                   |                              |        2|  11|  16253|  30170|    0|
    +----------------------------------------+------------------------------+---------+----+-------+-------+-----+

    * DSP: 
    N/A

    * Memory: 
    N/A

    * FIFO: 
    N/A

    * Expression: 
    +---------------------------------+----------+----+---+-----+------------+------------+
    |          Variable Name          | Operation| DSP| FF| LUT | Bitwidth P0| Bitwidth P1|
    +---------------------------------+----------+----+---+-----+------------+------------+
    |add_ln238_1_fu_2676_p2           |         +|   0|  0|   12|          12|           4|
    |add_ln238_3_fu_2760_p2           |         +|   0|  0|   12|          12|           5|
    |add_ln238_4_fu_2993_p2           |         +|   0|  0|   15|           8|           8|
    |add_ln238_5_fu_2933_p2           |         +|   0|  0|   12|          12|          12|
    |add_ln238_6_fu_2782_p2           |         +|   0|  0|   12|          12|           2|
    |add_ln238_7_fu_2955_p2           |         +|   0|  0|   12|          12|           2|
    |add_ln238_fu_2820_p2             |         +|   0|  0|   12|          12|          11|
    |add_ln344_fu_3364_p2             |         +|   0|  0|   40|          33|          19|
    |add_ln352_1_fu_3572_p2           |         +|   0|  0|   14|           6|           6|
    |add_ln352_2_fu_3618_p2           |         +|   0|  0|   71|          64|          64|
    |add_ln352_3_fu_3663_p2           |         +|   0|  0|   15|           8|           8|
    |add_ln352_fu_3479_p2             |         +|   0|  0|   14|           6|           6|
    |add_ln359_fu_1778_p2             |         +|   0|  0|   39|          32|           2|
    |n_2_fu_2001_p2                   |         +|   0|  0|   38|          31|           1|
    |tmp_327_fu_2736_p2               |         +|   0|  0|   14|           6|           4|
    |sub_ln238_1_fu_2656_p2           |         -|   0|  0|   12|          11|          12|
    |sub_ln238_2_fu_2686_p2           |         -|   0|  0|   12|           3|          11|
    |sub_ln238_3_fu_2776_p2           |         -|   0|  0|   14|           5|           6|
    |sub_ln238_fu_2638_p2             |         -|   0|  0|   61|           1|          54|
    |sub_ln352_1_fu_3463_p2           |         -|   0|  0|   14|           7|           6|
    |sub_ln352_2_fu_3591_p2           |         -|   0|  0|   14|           5|           6|
    |sub_ln352_3_fu_3654_p2           |         -|   0|  0|   14|           4|           6|
    |sub_ln352_4_fu_3473_p2           |         -|   0|  0|   13|           4|           5|
    |sub_ln352_fu_3438_p2             |         -|   0|  0|   39|           1|          32|
    |pi_assign_fu_3676_p5             |      1003|   0|  0|    2|          64|           9|
    |and_ln238_10_fu_3297_p2          |       and|   0|  0|    2|           1|           1|
    |and_ln238_11_fu_3047_p2          |       and|   0|  0|    2|           1|           1|
    |and_ln238_12_fu_3225_p2          |       and|   0|  0|    2|           1|           1|
    |and_ln238_13_fu_3263_p2          |       and|   0|  0|    2|           1|           1|
    |and_ln238_14_fu_3318_p2          |       and|   0|  0|    2|           1|           1|
    |and_ln238_15_fu_3324_p2          |       and|   0|  0|    2|           1|           1|
    |and_ln238_16_fu_2894_p2          |       and|   0|  0|   54|          54|          54|
    |and_ln238_1_fu_3017_p2           |       and|   0|  0|    2|           1|           1|
    |and_ln238_3_fu_3112_p2           |       and|   0|  0|    2|           1|           1|
    |and_ln238_4_fu_3118_p2           |       and|   0|  0|    2|           1|           1|
    |and_ln238_5_fu_3133_p2           |       and|   0|  0|    2|           1|           1|
    |and_ln238_6_fu_3188_p2           |       and|   0|  0|    2|           1|           1|
    |and_ln238_7_fu_3202_p2           |       and|   0|  0|    2|           1|           1|
    |and_ln238_8_fu_3279_p2           |       and|   0|  0|    2|           1|           1|
    |and_ln238_9_fu_3285_p2           |       and|   0|  0|    2|           1|           1|
    |and_ln238_fu_2920_p2             |       and|   0|  0|    2|           1|           1|
    |and_ln344_fu_3396_p2             |       and|   0|  0|    2|           1|           1|
    |and_ln352_1_fu_3513_p2           |       and|   0|  0|   32|          32|          32|
    |and_ln352_fu_3551_p2             |       and|   0|  0|    2|           1|           1|
    |carry_1_i_fu_3053_p2             |       and|   0|  0|    2|           1|           1|
    |cond85_i_fu_2905_p2              |       and|   0|  0|    2|           1|           1|
    |lD_0_i_fu_2960_p2                |       and|   0|  0|    2|           1|           1|
    |neg_src_0_i_fu_3237_p2           |       and|   0|  0|    2|           1|           1|
    |phi_ln352_fu_3524_p2             |       and|   0|  0|    2|           1|           1|
    |ashr_ln238_fu_2845_p2            |      ashr|   0|  0|  161|          54|          54|
    |icmp_ln211_fu_1280_p2            |      icmp|   0|  0|   39|          32|           1|
    |icmp_ln218_fu_1286_p2            |      icmp|   0|  0|   39|          32|           1|
    |icmp_ln229_1_fu_2017_p2          |      icmp|   0|  0|   39|          32|           1|
    |icmp_ln229_fu_1996_p2            |      icmp|   0|  0|   39|          32|          32|
    |icmp_ln238_10_fu_2792_p2         |      icmp|   0|  0|   12|          12|           6|
    |icmp_ln238_11_fu_2806_p2         |      icmp|   0|  0|   12|          12|           6|
    |icmp_ln238_12_fu_3072_p2         |      icmp|   0|  0|   12|          12|           6|
    |icmp_ln238_13_fu_3077_p2         |      icmp|   0|  0|   12|          12|           6|
    |icmp_ln238_14_fu_3087_p2         |      icmp|   0|  0|   61|          54|          54|
    |icmp_ln238_15_fu_3128_p2         |      icmp|   0|  0|   61|          54|           1|
    |icmp_ln238_16_fu_3139_p2         |      icmp|   0|  0|   12|          12|           6|
    |icmp_ln238_1_fu_2670_p2          |      icmp|   0|  0|   12|          12|           3|
    |icmp_ln238_2_fu_2825_p2          |      icmp|   0|  0|   12|          12|           3|
    |icmp_ln238_3_fu_2830_p2          |      icmp|   0|  0|   12|          11|           6|
    |icmp_ln238_4_fu_2704_p2          |      icmp|   0|  0|   12|          12|           6|
    |icmp_ln238_5_fu_2720_p2          |      icmp|   0|  0|   15|           8|           1|
    |icmp_ln238_6_fu_2754_p2          |      icmp|   0|  0|   14|           9|           1|
    |icmp_ln238_7_fu_2770_p2          |      icmp|   0|  0|   12|          12|           6|
    |icmp_ln238_8_fu_2899_p2          |      icmp|   0|  0|   61|          54|           1|
    |icmp_ln238_9_fu_2949_p2          |      icmp|   0|  0|   12|          11|           1|
    |icmp_ln238_fu_2651_p2            |      icmp|   0|  0|   70|          63|           1|
    |icmp_ln352_1_fu_3498_p2          |      icmp|   0|  0|   13|           5|           1|
    |icmp_ln352_2_fu_3518_p2          |      icmp|   0|  0|   39|          32|           1|
    |icmp_ln352_3_fu_3566_p2          |      icmp|   0|  0|   14|           6|           1|
    |icmp_ln352_fu_3424_p2            |      icmp|   0|  0|   39|          32|           1|
    |icmp_ln359_fu_2007_p2            |      icmp|   0|  0|   39|          32|          32|
    |lshr_ln238_1_fu_2977_p2          |      lshr|   0|  0|  161|           2|          54|
    |lshr_ln238_2_fu_2888_p2          |      lshr|   0|  0|  161|           2|          54|
    |lshr_ln238_fu_2972_p2            |      lshr|   0|  0|  161|          54|          54|
    |lshr_ln352_2_fu_3507_p2          |      lshr|   0|  0|  100|           2|          32|
    |lshr_ln352_fu_3585_p2            |      lshr|   0|  0|  182|          64|          64|
    |deleted_ones_0_i_fu_3219_p2      |        or|   0|  0|    2|           1|           1|
    |or_ln229_fu_2022_p2              |        or|   0|  0|    2|           1|           1|
    |or_ln238_1_fu_3183_p2            |        or|   0|  0|    2|           1|           1|
    |or_ln238_2_fu_3268_p2            |        or|   0|  0|    2|           1|           1|
    |or_ln238_3_fu_3301_p2            |        or|   0|  0|    2|           1|           1|
    |or_ln238_fu_2914_p2              |        or|   0|  0|    2|           1|           1|
    |or_ln352_fu_3557_p2              |        or|   0|  0|    2|           1|           1|
    |Range1_all_ones_2_i_fu_3159_p3   |    select|   0|  0|    2|           1|           1|
    |Range1_all_zeros_2_i_fu_3167_p3  |    select|   0|  0|    2|           1|           1|
    |Range2_all_ones_1_i_fu_3104_p3   |    select|   0|  0|    2|           1|           1|
    |cond190_i_fu_3194_p3             |    select|   0|  0|    2|           1|           1|
    |cond45_i_i_fu_3610_p3            |    select|   0|  0|   64|           1|          64|
    |cond63_i_fu_2873_p3              |    select|   0|  0|    2|           1|           1|
    |empty_43_fu_3692_p3              |    select|   0|  0|   32|           1|           1|
    |select_ln218_10_fu_1538_p3       |    select|   0|  0|    8|           1|           8|
    |select_ln218_11_fu_1546_p3       |    select|   0|  0|    8|           1|           8|
    |select_ln218_12_fu_1554_p3       |    select|   0|  0|    8|           1|           8|
    |select_ln218_13_fu_1562_p3       |    select|   0|  0|    8|           1|           8|
    |select_ln218_14_fu_1570_p3       |    select|   0|  0|    8|           1|           8|
    |select_ln218_15_fu_1578_p3       |    select|   0|  0|    8|           1|           8|
    |select_ln218_16_fu_1586_p3       |    select|   0|  0|    8|           1|           8|
    |select_ln218_17_fu_1594_p3       |    select|   0|  0|    8|           1|           8|
    |select_ln218_18_fu_1602_p3       |    select|   0|  0|    8|           1|           8|
    |select_ln218_19_fu_1610_p3       |    select|   0|  0|    8|           1|           8|
    |select_ln218_1_fu_1466_p3        |    select|   0|  0|    8|           1|           8|
    |select_ln218_20_fu_1618_p3       |    select|   0|  0|    8|           1|           8|
    |select_ln218_21_fu_1626_p3       |    select|   0|  0|    8|           1|           8|
    |select_ln218_22_fu_1634_p3       |    select|   0|  0|    8|           1|           8|
    |select_ln218_23_fu_1642_p3       |    select|   0|  0|    8|           1|           8|
    |select_ln218_24_fu_1650_p3       |    select|   0|  0|    8|           1|           8|
    |select_ln218_25_fu_1658_p3       |    select|   0|  0|    8|           1|           8|
    |select_ln218_26_fu_1666_p3       |    select|   0|  0|    8|           1|           8|
    |select_ln218_27_fu_1674_p3       |    select|   0|  0|    8|           1|           8|
    |select_ln218_28_fu_1682_p3       |    select|   0|  0|    8|           1|           8|
    |select_ln218_29_fu_1690_p3       |    select|   0|  0|    8|           1|           8|
    |select_ln218_2_fu_1474_p3        |    select|   0|  0|    8|           1|           8|
    |select_ln218_30_fu_1698_p3       |    select|   0|  0|    8|           1|           8|
    |select_ln218_31_fu_1706_p3       |    select|   0|  0|    8|           1|           8|
    |select_ln218_32_fu_1714_p3       |    select|   0|  0|    8|           1|           8|
    |select_ln218_33_fu_1722_p3       |    select|   0|  0|    8|           1|           8|
    |select_ln218_34_fu_1730_p3       |    select|   0|  0|    8|           1|           8|
    |select_ln218_35_fu_1738_p3       |    select|   0|  0|    8|           1|           8|
    |select_ln218_36_fu_1746_p3       |    select|   0|  0|    8|           1|           8|
    |select_ln218_37_fu_1754_p3       |    select|   0|  0|    8|           1|           8|
    |select_ln218_38_fu_1762_p3       |    select|   0|  0|    8|           1|           8|
    |select_ln218_39_fu_1770_p3       |    select|   0|  0|    8|           1|           8|
    |select_ln218_3_fu_1482_p3        |    select|   0|  0|    8|           1|           8|
    |select_ln218_4_fu_1490_p3        |    select|   0|  0|    8|           1|           8|
    |select_ln218_5_fu_1498_p3        |    select|   0|  0|    8|           1|           8|
    |select_ln218_6_fu_1506_p3        |    select|   0|  0|    8|           1|           8|
    |select_ln218_7_fu_1514_p3        |    select|   0|  0|    8|           1|           8|
    |select_ln218_8_fu_1522_p3        |    select|   0|  0|    8|           1|           8|
    |select_ln218_9_fu_1530_p3        |    select|   0|  0|    8|           1|           8|
    |select_ln218_fu_1458_p3          |    select|   0|  0|    8|           1|           8|
    |select_ln229_10_fu_2107_p3       |    select|   0|  0|    8|           1|           8|
    |select_ln229_11_fu_2115_p3       |    select|   0|  0|    8|           1|           8|
    |select_ln229_12_fu_2123_p3       |    select|   0|  0|    8|           1|           8|
    |select_ln229_13_fu_2131_p3       |    select|   0|  0|    8|           1|           8|
    |select_ln229_14_fu_2139_p3       |    select|   0|  0|    8|           1|           8|
    |select_ln229_15_fu_2147_p3       |    select|   0|  0|    8|           1|           8|
    |select_ln229_16_fu_2155_p3       |    select|   0|  0|    8|           1|           8|
    |select_ln229_17_fu_2163_p3       |    select|   0|  0|    8|           1|           8|
    |select_ln229_18_fu_2171_p3       |    select|   0|  0|    8|           1|           8|
    |select_ln229_19_fu_2179_p3       |    select|   0|  0|    8|           1|           8|
    |select_ln229_1_fu_2035_p3        |    select|   0|  0|    8|           1|           8|
    |select_ln229_20_fu_2187_p3       |    select|   0|  0|    8|           1|           8|
    |select_ln229_21_fu_2195_p3       |    select|   0|  0|    8|           1|           8|
    |select_ln229_22_fu_2203_p3       |    select|   0|  0|    8|           1|           8|
    |select_ln229_23_fu_2211_p3       |    select|   0|  0|    8|           1|           8|
    |select_ln229_24_fu_2219_p3       |    select|   0|  0|    8|           1|           8|
    |select_ln229_25_fu_2227_p3       |    select|   0|  0|    8|           1|           8|
    |select_ln229_26_fu_2235_p3       |    select|   0|  0|    8|           1|           8|
    |select_ln229_27_fu_2243_p3       |    select|   0|  0|    8|           1|           8|
    |select_ln229_28_fu_2251_p3       |    select|   0|  0|    8|           1|           8|
    |select_ln229_29_fu_2259_p3       |    select|   0|  0|    8|           1|           8|
    |select_ln229_2_fu_2043_p3        |    select|   0|  0|    8|           1|           8|
    |select_ln229_30_fu_2267_p3       |    select|   0|  0|    8|           1|           8|
    |select_ln229_31_fu_2275_p3       |    select|   0|  0|    8|           1|           8|
    |select_ln229_32_fu_2283_p3       |    select|   0|  0|    8|           1|           8|
    |select_ln229_33_fu_2291_p3       |    select|   0|  0|    8|           1|           8|
    |select_ln229_34_fu_2299_p3       |    select|   0|  0|    8|           1|           8|
    |select_ln229_35_fu_2307_p3       |    select|   0|  0|    8|           1|           8|
    |select_ln229_36_fu_2315_p3       |    select|   0|  0|    8|           1|           8|
    |select_ln229_37_fu_2323_p3       |    select|   0|  0|    8|           1|           8|
    |select_ln229_38_fu_2331_p3       |    select|   0|  0|    8|           1|           8|
    |select_ln229_39_fu_2339_p3       |    select|   0|  0|    8|           1|           8|
    |select_ln229_3_fu_2051_p3        |    select|   0|  0|    8|           1|           8|
    |select_ln229_4_fu_2059_p3        |    select|   0|  0|    8|           1|           8|
    |select_ln229_5_fu_2067_p3        |    select|   0|  0|    8|           1|           8|
    |select_ln229_6_fu_2075_p3        |    select|   0|  0|    8|           1|           8|
    |select_ln229_7_fu_2083_p3        |    select|   0|  0|    8|           1|           8|
    |select_ln229_8_fu_2091_p3        |    select|   0|  0|    8|           1|           8|
    |select_ln229_9_fu_2099_p3        |    select|   0|  0|    8|           1|           8|
    |select_ln229_fu_2027_p3          |    select|   0|  0|    8|           1|           8|
    |select_ln238_10_fu_2926_p3       |    select|   0|  0|    2|           1|           2|
    |select_ln238_1_fu_2692_p3        |    select|   0|  0|   11|           1|          11|
    |select_ln238_2_fu_2854_p3        |    select|   0|  0|    8|           1|           8|
    |select_ln238_3_fu_2866_p3        |    select|   0|  0|    8|           1|           8|
    |select_ln238_4_fu_2835_p3        |    select|   0|  0|    2|           1|           2|
    |select_ln238_5_fu_3175_p3        |    select|   0|  0|    2|           1|           1|
    |select_ln238_7_fu_3144_p3        |    select|   0|  0|    2|           1|           1|
    |select_ln238_8_fu_3151_p3        |    select|   0|  0|    2|           1|           1|
    |select_ln238_9_fu_2878_p3        |    select|   0|  0|    6|           1|           1|
    |select_ln238_fu_2644_p3          |    select|   0|  0|   54|           1|          54|
    |select_ln344_fu_3408_p3          |    select|   0|  0|   33|           1|          31|
    |select_ln352_1_fu_3646_p3        |    select|   0|  0|    7|           1|           7|
    |select_ln352_fu_3444_p3          |    select|   0|  0|   32|           1|          32|
    |x_fu_3336_p4                     |    select|   0|  0|    9|           1|           7|
    |y_9_fu_3416_p3                   |    select|   0|  0|   32|           1|          32|
    |shl_ln238_fu_2862_p2             |       shl|   0|  0|   17|           8|           8|
    |shl_ln352_fu_3604_p2             |       shl|   0|  0|  182|          64|          64|
    |neg_src_0_i_fu_3237_p4           |       xor|   0|  0|    2|           2|           1|
    |not_icmp_ln238_10362_fu_3214_p2  |       xor|   0|  0|    2|           1|           2|
    |xor_ln218_fu_1452_p2             |       xor|   0|  0|    2|           1|           2|
    |xor_ln238_1_fu_3123_p2           |       xor|   0|  0|    2|           1|           2|
    |xor_ln238_2_fu_3012_p2           |       xor|   0|  0|    2|           1|           2|
    |xor_ln238_4_fu_3257_p2           |       xor|   0|  0|    2|           1|           2|
    |xor_ln238_5_fu_3274_p2           |       xor|   0|  0|    2|           1|           2|
    |xor_ln238_6_fu_3291_p2           |       xor|   0|  0|    2|           2|           1|
    |xor_ln238_7_fu_3313_p2           |       xor|   0|  0|    2|           1|           2|
    |xor_ln238_8_fu_3067_p2           |       xor|   0|  0|    2|           1|           2|
    |xor_ln238_9_fu_3098_p2           |       xor|   0|  0|    2|           1|           2|
    |xor_ln238_fu_3006_p2             |       xor|   0|  0|    2|           1|           2|
    |xor_ln344_1_fu_3402_p2           |       xor|   0|  0|    2|           1|           1|
    |xor_ln344_fu_3390_p2             |       xor|   0|  0|    2|           1|           2|
    |xor_ln352_fu_3538_p2             |       xor|   0|  0|    2|           1|           2|
    +---------------------------------+----------+----+---+-----+------------+------------+
    |Total                            |          |   0|  0| 3496|        1462|        1920|
    +---------------------------------+----------+----+---+-----+------------+------------+

    * Multiplexer: 
    +----------------------------+----+-----------+-----+-----------+
    |            Name            | LUT| Input Size| Bits| Total Bits|
    +----------------------------+----+-----------+-----+-----------+
    |ap_NS_fsm                   |  65|         16|    1|         16|
    |audio_in_TDATA_blk_n        |   9|          2|    1|          2|
    |audio_out_TDATA_blk_n       |   9|          2|    1|          2|
    |h_new_0_1_lcssa120_fu_600   |   9|          2|    8|         16|
    |h_new_10_1_lcssa130_fu_640  |   9|          2|    8|         16|
    |h_new_11_1_lcssa131_fu_644  |   9|          2|    8|         16|
    |h_new_12_1_lcssa132_fu_648  |   9|          2|    8|         16|
    |h_new_13_1_lcssa133_fu_652  |   9|          2|    8|         16|
    |h_new_14_1_lcssa134_fu_656  |   9|          2|    8|         16|
    |h_new_15_1_lcssa135_fu_660  |   9|          2|    8|         16|
    |h_new_16_1_lcssa136_fu_664  |   9|          2|    8|         16|
    |h_new_17_1_lcssa137_fu_668  |   9|          2|    8|         16|
    |h_new_18_1_lcssa138_fu_672  |   9|          2|    8|         16|
    |h_new_19_1_lcssa139_fu_676  |   9|          2|    8|         16|
    |h_new_1_1_lcssa121_fu_604   |   9|          2|    8|         16|
    |h_new_20_1_lcssa140_fu_680  |   9|          2|    8|         16|
    |h_new_21_1_lcssa141_fu_684  |   9|          2|    8|         16|
    |h_new_22_1_lcssa142_fu_688  |   9|          2|    8|         16|
    |h_new_23_1_lcssa143_fu_692  |   9|          2|    8|         16|
    |h_new_24_1_lcssa144_fu_696  |   9|          2|    8|         16|
    |h_new_25_1_lcssa145_fu_700  |   9|          2|    8|         16|
    |h_new_26_1_lcssa146_fu_704  |   9|          2|    8|         16|
    |h_new_27_1_lcssa147_fu_708  |   9|          2|    8|         16|
    |h_new_28_1_lcssa148_fu_712  |   9|          2|    8|         16|
    |h_new_29_1_lcssa149_fu_716  |   9|          2|    8|         16|
    |h_new_2_1_lcssa122_fu_608   |   9|          2|    8|         16|
    |h_new_30_1_lcssa150_fu_720  |   9|          2|    8|         16|
    |h_new_31_1_lcssa151_fu_724  |   9|          2|    8|         16|
    |h_new_32_1_lcssa152_fu_728  |   9|          2|    8|         16|
    |h_new_33_1_lcssa153_fu_732  |   9|          2|    8|         16|
    |h_new_34_1_lcssa154_fu_736  |   9|          2|    8|         16|
    |h_new_35_1_lcssa155_fu_740  |   9|          2|    8|         16|
    |h_new_36_1_lcssa156_fu_744  |   9|          2|    8|         16|
    |h_new_37_1_lcssa157_fu_748  |   9|          2|    8|         16|
    |h_new_38_1_lcssa158_fu_752  |   9|          2|    8|         16|
    |h_new_39_1_lcssa159_fu_756  |   9|          2|    8|         16|
    |h_new_3_1_lcssa123_fu_612   |   9|          2|    8|         16|
    |h_new_4_1_lcssa124_fu_616   |   9|          2|    8|         16|
    |h_new_5_1_lcssa125_fu_620   |   9|          2|    8|         16|
    |h_new_6_1_lcssa126_fu_624   |   9|          2|    8|         16|
    |h_new_7_1_lcssa127_fu_628   |   9|          2|    8|         16|
    |h_new_8_1_lcssa128_fu_632   |   9|          2|    8|         16|
    |h_new_9_1_lcssa129_fu_636   |   9|          2|    8|         16|
    |n_fu_596                    |   9|          2|   31|         62|
    +----------------------------+----+-----------+-----+-----------+
    |Total                       | 452|        102|  354|        722|
    +----------------------------+----+-----------+-----+-----------+

    * Register: 
    +-----------------------------------------------------+----+----+-----+-----------+
    |                         Name                        | FF | LUT| Bits| Const Bits|
    +-----------------------------------------------------+----+----+-----+-----------+
    |add_ln238_7_reg_4180                                 |  12|   0|   12|          0|
    |add_ln359_reg_4007                                   |  32|   0|   32|          0|
    |and_ln238_8_reg_4416                                 |   1|   0|    1|          0|
    |and_ln238_reg_4170                                   |   1|   0|    1|          0|
    |ap_CS_fsm                                            |  15|   0|   15|          0|
    |empty_43_reg_4488                                    |  32|   0|   32|          0|
    |grp_gru_va_Pipeline_HIDDEN_LOOP_fu_808_ap_start_reg  |   1|   0|    1|          0|
    |h_new_0_1_lcssa120_fu_600                            |   8|   0|    8|          0|
    |h_new_0_1_lcssa120_load_reg_4206                     |   8|   0|    8|          0|
    |h_new_10_1_lcssa130_fu_640                           |   8|   0|    8|          0|
    |h_new_10_1_lcssa130_load_reg_4256                    |   8|   0|    8|          0|
    |h_new_11_1_lcssa131_fu_644                           |   8|   0|    8|          0|
    |h_new_11_1_lcssa131_load_reg_4261                    |   8|   0|    8|          0|
    |h_new_12_1_lcssa132_fu_648                           |   8|   0|    8|          0|
    |h_new_12_1_lcssa132_load_reg_4266                    |   8|   0|    8|          0|
    |h_new_13_1_lcssa133_fu_652                           |   8|   0|    8|          0|
    |h_new_13_1_lcssa133_load_reg_4271                    |   8|   0|    8|          0|
    |h_new_14_1_lcssa134_fu_656                           |   8|   0|    8|          0|
    |h_new_14_1_lcssa134_load_reg_4276                    |   8|   0|    8|          0|
    |h_new_15_1_lcssa135_fu_660                           |   8|   0|    8|          0|
    |h_new_15_1_lcssa135_load_reg_4281                    |   8|   0|    8|          0|
    |h_new_16_1_lcssa136_fu_664                           |   8|   0|    8|          0|
    |h_new_16_1_lcssa136_load_reg_4286                    |   8|   0|    8|          0|
    |h_new_17_1_lcssa137_fu_668                           |   8|   0|    8|          0|
    |h_new_17_1_lcssa137_load_reg_4291                    |   8|   0|    8|          0|
    |h_new_18_1_lcssa138_fu_672                           |   8|   0|    8|          0|
    |h_new_18_1_lcssa138_load_reg_4296                    |   8|   0|    8|          0|
    |h_new_19_1_lcssa139_fu_676                           |   8|   0|    8|          0|
    |h_new_19_1_lcssa139_load_reg_4301                    |   8|   0|    8|          0|
    |h_new_1_1_lcssa121_fu_604                            |   8|   0|    8|          0|
    |h_new_1_1_lcssa121_load_reg_4211                     |   8|   0|    8|          0|
    |h_new_20_1_lcssa140_fu_680                           |   8|   0|    8|          0|
    |h_new_20_1_lcssa140_load_reg_4306                    |   8|   0|    8|          0|
    |h_new_21_1_lcssa141_fu_684                           |   8|   0|    8|          0|
    |h_new_21_1_lcssa141_load_reg_4311                    |   8|   0|    8|          0|
    |h_new_22_1_lcssa142_fu_688                           |   8|   0|    8|          0|
    |h_new_22_1_lcssa142_load_reg_4316                    |   8|   0|    8|          0|
    |h_new_23_1_lcssa143_fu_692                           |   8|   0|    8|          0|
    |h_new_23_1_lcssa143_load_reg_4321                    |   8|   0|    8|          0|
    |h_new_24_1_lcssa144_fu_696                           |   8|   0|    8|          0|
    |h_new_24_1_lcssa144_load_reg_4326                    |   8|   0|    8|          0|
    |h_new_25_1_lcssa145_fu_700                           |   8|   0|    8|          0|
    |h_new_25_1_lcssa145_load_reg_4331                    |   8|   0|    8|          0|
    |h_new_26_1_lcssa146_fu_704                           |   8|   0|    8|          0|
    |h_new_26_1_lcssa146_load_reg_4336                    |   8|   0|    8|          0|
    |h_new_27_1_lcssa147_fu_708                           |   8|   0|    8|          0|
    |h_new_27_1_lcssa147_load_reg_4341                    |   8|   0|    8|          0|
    |h_new_28_1_lcssa148_fu_712                           |   8|   0|    8|          0|
    |h_new_28_1_lcssa148_load_reg_4346                    |   8|   0|    8|          0|
    |h_new_29_1_lcssa149_fu_716                           |   8|   0|    8|          0|
    |h_new_29_1_lcssa149_load_reg_4351                    |   8|   0|    8|          0|
    |h_new_2_1_lcssa122_fu_608                            |   8|   0|    8|          0|
    |h_new_2_1_lcssa122_load_reg_4216                     |   8|   0|    8|          0|
    |h_new_30_1_lcssa150_fu_720                           |   8|   0|    8|          0|
    |h_new_30_1_lcssa150_load_reg_4356                    |   8|   0|    8|          0|
    |h_new_31_1_lcssa151_fu_724                           |   8|   0|    8|          0|
    |h_new_31_1_lcssa151_load_reg_4361                    |   8|   0|    8|          0|
    |h_new_32_1_lcssa152_fu_728                           |   8|   0|    8|          0|
    |h_new_32_1_lcssa152_load_reg_4366                    |   8|   0|    8|          0|
    |h_new_33_1_lcssa153_fu_732                           |   8|   0|    8|          0|
    |h_new_33_1_lcssa153_load_reg_4371                    |   8|   0|    8|          0|
    |h_new_34_1_lcssa154_fu_736                           |   8|   0|    8|          0|
    |h_new_34_1_lcssa154_load_reg_4376                    |   8|   0|    8|          0|
    |h_new_35_1_lcssa155_fu_740                           |   8|   0|    8|          0|
    |h_new_35_1_lcssa155_load_reg_4381                    |   8|   0|    8|          0|
    |h_new_36_1_lcssa156_fu_744                           |   8|   0|    8|          0|
    |h_new_36_1_lcssa156_load_reg_4386                    |   8|   0|    8|          0|
    |h_new_37_1_lcssa157_fu_748                           |   8|   0|    8|          0|
    |h_new_37_1_lcssa157_load_reg_4391                    |   8|   0|    8|          0|
    |h_new_38_1_lcssa158_fu_752                           |   8|   0|    8|          0|
    |h_new_38_1_lcssa158_load_reg_4396                    |   8|   0|    8|          0|
    |h_new_39_1_lcssa159_fu_756                           |   8|   0|    8|          0|
    |h_new_39_1_lcssa159_load_reg_4401                    |   8|   0|    8|          0|
    |h_new_3_1_lcssa123_fu_612                            |   8|   0|    8|          0|
    |h_new_3_1_lcssa123_load_reg_4221                     |   8|   0|    8|          0|
    |h_new_4_1_lcssa124_fu_616                            |   8|   0|    8|          0|
    |h_new_4_1_lcssa124_load_reg_4226                     |   8|   0|    8|          0|
    |h_new_5_1_lcssa125_fu_620                            |   8|   0|    8|          0|
    |h_new_5_1_lcssa125_load_reg_4231                     |   8|   0|    8|          0|
    |h_new_6_1_lcssa126_fu_624                            |   8|   0|    8|          0|
    |h_new_6_1_lcssa126_load_reg_4236                     |   8|   0|    8|          0|
    |h_new_7_1_lcssa127_fu_628                            |   8|   0|    8|          0|
    |h_new_7_1_lcssa127_load_reg_4241                     |   8|   0|    8|          0|
    |h_new_8_1_lcssa128_fu_632                            |   8|   0|    8|          0|
    |h_new_8_1_lcssa128_load_reg_4246                     |   8|   0|    8|          0|
    |h_new_9_1_lcssa129_fu_636                            |   8|   0|    8|          0|
    |h_new_9_1_lcssa129_load_reg_4251                     |   8|   0|    8|          0|
    |h_state_0                                            |   8|   0|    8|          0|
    |h_state_1                                            |   8|   0|    8|          0|
    |h_state_10                                           |   8|   0|    8|          0|
    |h_state_11                                           |   8|   0|    8|          0|
    |h_state_12                                           |   8|   0|    8|          0|
    |h_state_13                                           |   8|   0|    8|          0|
    |h_state_14                                           |   8|   0|    8|          0|
    |h_state_15                                           |   8|   0|    8|          0|
    |h_state_16                                           |   8|   0|    8|          0|
    |h_state_17                                           |   8|   0|    8|          0|
    |h_state_18                                           |   8|   0|    8|          0|
    |h_state_19                                           |   8|   0|    8|          0|
    |h_state_2                                            |   8|   0|    8|          0|
    |h_state_20                                           |   8|   0|    8|          0|
    |h_state_21                                           |   8|   0|    8|          0|
    |h_state_22                                           |   8|   0|    8|          0|
    |h_state_23                                           |   8|   0|    8|          0|
    |h_state_24                                           |   8|   0|    8|          0|
    |h_state_25                                           |   8|   0|    8|          0|
    |h_state_26                                           |   8|   0|    8|          0|
    |h_state_27                                           |   8|   0|    8|          0|
    |h_state_28                                           |   8|   0|    8|          0|
    |h_state_29                                           |   8|   0|    8|          0|
    |h_state_3                                            |   8|   0|    8|          0|
    |h_state_30                                           |   8|   0|    8|          0|
    |h_state_31                                           |   8|   0|    8|          0|
    |h_state_32                                           |   8|   0|    8|          0|
    |h_state_33                                           |   8|   0|    8|          0|
    |h_state_34                                           |   8|   0|    8|          0|
    |h_state_35                                           |   8|   0|    8|          0|
    |h_state_36                                           |   8|   0|    8|          0|
    |h_state_37                                           |   8|   0|    8|          0|
    |h_state_38                                           |   8|   0|    8|          0|
    |h_state_39                                           |   8|   0|    8|          0|
    |h_state_4                                            |   8|   0|    8|          0|
    |h_state_5                                            |   8|   0|    8|          0|
    |h_state_6                                            |   8|   0|    8|          0|
    |h_state_7                                            |   8|   0|    8|          0|
    |h_state_8                                            |   8|   0|    8|          0|
    |h_state_9                                            |   8|   0|    8|          0|
    |icmp_ln211_reg_3711                                  |   1|   0|    1|          0|
    |icmp_ln238_10_reg_4130                               |   1|   0|    1|          0|
    |icmp_ln238_11_reg_4143                               |   1|   0|    1|          0|
    |icmp_ln238_1_reg_4077                                |   1|   0|    1|          0|
    |icmp_ln238_2_reg_4153                                |   1|   0|    1|          0|
    |icmp_ln238_4_reg_4095                                |   1|   0|    1|          0|
    |icmp_ln238_5_reg_4100                                |   1|   0|    1|          0|
    |icmp_ln238_6_reg_4115                                |   1|   0|    1|          0|
    |icmp_ln238_7_reg_4120                                |   1|   0|    1|          0|
    |icmp_ln238_9_reg_4175                                |   1|   0|    1|          0|
    |icmp_ln238_reg_4065                                  |   1|   0|    1|          0|
    |icmp_ln352_3_reg_4473                                |   1|   0|    1|          0|
    |icmp_ln352_reg_4433                                  |   1|   0|    1|          0|
    |icmp_ln359_reg_4015                                  |   1|   0|    1|          0|
    |lD_0_i_reg_4188                                      |   1|   0|    1|          0|
    |lshr_ln238_1_reg_4201                                |  54|   0|   54|          0|
    |lshr_ln238_reg_4195                                  |  54|   0|   54|          0|
    |lshr_ln352_reg_4478                                  |  64|   0|   64|          0|
    |n_fu_596                                             |  31|   0|   31|          0|
    |n_samples_read_reg_3699                              |  32|   0|   32|          0|
    |neg_src_0_i_reg_4411                                 |   1|   0|    1|          0|
    |or_ln352_reg_4468                                    |   1|   0|    1|          0|
    |ref_tmp_i_i_reg_4406                                 |   8|   0|    8|          0|
    |select_ln238_1_reg_4083                              |  11|   0|   11|          0|
    |select_ln238_1cast_reg_4105                          |   8|   0|    8|          0|
    |select_ln238_2_reg_4159                              |   8|   0|    8|          0|
    |select_ln238_3_reg_4165                              |   8|   0|    8|          0|
    |select_ln238_reg_4058                                |  54|   0|   54|          0|
    |select_ln352_reg_4443                                |  32|   0|   32|          0|
    |shl_ln352_reg_4483                                   |  64|   0|   64|          0|
    |sub_ln238_1_reg_4071                                 |  12|   0|   12|          0|
    |sub_ln238_3_reg_4125                                 |   6|   0|    6|          0|
    |sub_ln352_1_reg_4456                                 |   6|   0|    6|          0|
    |sub_ln352_4_reg_4463                                 |   5|   0|    5|          0|
    |tmp_327_reg_4110                                     |   1|   0|    1|          0|
    |tmp_333_reg_4137                                     |   1|   0|    1|          0|
    |tmp_337_reg_4438                                     |   1|   0|    1|          0|
    |tmp_6_reg_4043                                       |  11|   0|   11|          0|
    |tmp_reg_4033                                         |   1|   0|    1|          0|
    |tobool_i_reg_4148                                    |   1|   0|    1|          0|
    |trunc_ln238_1_reg_4048                               |  52|   0|   52|          0|
    |trunc_ln238_5_reg_4089                               |   8|   0|    8|          0|
    |trunc_ln238_reg_4028                                 |  63|   0|   63|          0|
    |trunc_ln352_reg_4451                                 |   6|   0|    6|          0|
    |x_reg_4427                                           |   8|   0|    8|          0|
    |xor_ln218_reg_4002                                   |   1|   0|    1|          0|
    |xor_ln238_6_reg_4422                                 |   1|   0|    1|          0|
    |zext_ln238_reg_4053                                  |  11|   0|   12|          1|
    +-----------------------------------------------------+----+----+-----+-----------+
    |Total                                                |1694|   0| 1695|          1|
    +-----------------------------------------------------+----+----+-----+-----------+



================================================================
== Interface
================================================================
* Summary: 
+----------------------+-----+-----+------------+--------------------+--------------+
|       RTL Ports      | Dir | Bits|  Protocol  |    Source Object   |    C Type    |
+----------------------+-----+-----+------------+--------------------+--------------+
|s_axi_CTRL_AWVALID    |   in|    1|       s_axi|                CTRL|        scalar|
|s_axi_CTRL_AWREADY    |  out|    1|       s_axi|                CTRL|        scalar|
|s_axi_CTRL_AWADDR     |   in|    6|       s_axi|                CTRL|        scalar|
|s_axi_CTRL_WVALID     |   in|    1|       s_axi|                CTRL|        scalar|
|s_axi_CTRL_WREADY     |  out|    1|       s_axi|                CTRL|        scalar|
|s_axi_CTRL_WDATA      |   in|   32|       s_axi|                CTRL|        scalar|
|s_axi_CTRL_WSTRB      |   in|    4|       s_axi|                CTRL|        scalar|
|s_axi_CTRL_ARVALID    |   in|    1|       s_axi|                CTRL|        scalar|
|s_axi_CTRL_ARREADY    |  out|    1|       s_axi|                CTRL|        scalar|
|s_axi_CTRL_ARADDR     |   in|    6|       s_axi|                CTRL|        scalar|
|s_axi_CTRL_RVALID     |  out|    1|       s_axi|                CTRL|        scalar|
|s_axi_CTRL_RREADY     |   in|    1|       s_axi|                CTRL|        scalar|
|s_axi_CTRL_RDATA      |  out|   32|       s_axi|                CTRL|        scalar|
|s_axi_CTRL_RRESP      |  out|    2|       s_axi|                CTRL|        scalar|
|s_axi_CTRL_BVALID     |  out|    1|       s_axi|                CTRL|        scalar|
|s_axi_CTRL_BREADY     |   in|    1|       s_axi|                CTRL|        scalar|
|s_axi_CTRL_BRESP      |  out|    2|       s_axi|                CTRL|        scalar|
|ap_clk                |   in|    1|  ap_ctrl_hs|              gru_va|  return value|
|ap_rst_n              |   in|    1|  ap_ctrl_hs|              gru_va|  return value|
|interrupt             |  out|    1|  ap_ctrl_hs|              gru_va|  return value|
|m_axi_gmem0_AWVALID   |  out|    1|       m_axi|               gmem0|       pointer|
|m_axi_gmem0_AWREADY   |   in|    1|       m_axi|               gmem0|       pointer|
|m_axi_gmem0_AWADDR    |  out|   64|       m_axi|               gmem0|       pointer|
|m_axi_gmem0_AWID      |  out|    1|       m_axi|               gmem0|       pointer|
|m_axi_gmem0_AWLEN     |  out|    8|       m_axi|               gmem0|       pointer|
|m_axi_gmem0_AWSIZE    |  out|    3|       m_axi|               gmem0|       pointer|
|m_axi_gmem0_AWBURST   |  out|    2|       m_axi|               gmem0|       pointer|
|m_axi_gmem0_AWLOCK    |  out|    2|       m_axi|               gmem0|       pointer|
|m_axi_gmem0_AWCACHE   |  out|    4|       m_axi|               gmem0|       pointer|
|m_axi_gmem0_AWPROT    |  out|    3|       m_axi|               gmem0|       pointer|
|m_axi_gmem0_AWQOS     |  out|    4|       m_axi|               gmem0|       pointer|
|m_axi_gmem0_AWREGION  |  out|    4|       m_axi|               gmem0|       pointer|
|m_axi_gmem0_AWUSER    |  out|    1|       m_axi|               gmem0|       pointer|
|m_axi_gmem0_WVALID    |  out|    1|       m_axi|               gmem0|       pointer|
|m_axi_gmem0_WREADY    |   in|    1|       m_axi|               gmem0|       pointer|
|m_axi_gmem0_WDATA     |  out|   32|       m_axi|               gmem0|       pointer|
|m_axi_gmem0_WSTRB     |  out|    4|       m_axi|               gmem0|       pointer|
|m_axi_gmem0_WLAST     |  out|    1|       m_axi|               gmem0|       pointer|
|m_axi_gmem0_WID       |  out|    1|       m_axi|               gmem0|       pointer|
|m_axi_gmem0_WUSER     |  out|    1|       m_axi|               gmem0|       pointer|
|m_axi_gmem0_ARVALID   |  out|    1|       m_axi|               gmem0|       pointer|
|m_axi_gmem0_ARREADY   |   in|    1|       m_axi|               gmem0|       pointer|
|m_axi_gmem0_ARADDR    |  out|   64|       m_axi|               gmem0|       pointer|
|m_axi_gmem0_ARID      |  out|    1|       m_axi|               gmem0|       pointer|
|m_axi_gmem0_ARLEN     |  out|    8|       m_axi|               gmem0|       pointer|
|m_axi_gmem0_ARSIZE    |  out|    3|       m_axi|               gmem0|       pointer|
|m_axi_gmem0_ARBURST   |  out|    2|       m_axi|               gmem0|       pointer|
|m_axi_gmem0_ARLOCK    |  out|    2|       m_axi|               gmem0|       pointer|
|m_axi_gmem0_ARCACHE   |  out|    4|       m_axi|               gmem0|       pointer|
|m_axi_gmem0_ARPROT    |  out|    3|       m_axi|               gmem0|       pointer|
|m_axi_gmem0_ARQOS     |  out|    4|       m_axi|               gmem0|       pointer|
|m_axi_gmem0_ARREGION  |  out|    4|       m_axi|               gmem0|       pointer|
|m_axi_gmem0_ARUSER    |  out|    1|       m_axi|               gmem0|       pointer|
|m_axi_gmem0_RVALID    |   in|    1|       m_axi|               gmem0|       pointer|
|m_axi_gmem0_RREADY    |  out|    1|       m_axi|               gmem0|       pointer|
|m_axi_gmem0_RDATA     |   in|   32|       m_axi|               gmem0|       pointer|
|m_axi_gmem0_RLAST     |   in|    1|       m_axi|               gmem0|       pointer|
|m_axi_gmem0_RID       |   in|    1|       m_axi|               gmem0|       pointer|
|m_axi_gmem0_RUSER     |   in|    1|       m_axi|               gmem0|       pointer|
|m_axi_gmem0_RRESP     |   in|    2|       m_axi|               gmem0|       pointer|
|m_axi_gmem0_BVALID    |   in|    1|       m_axi|               gmem0|       pointer|
|m_axi_gmem0_BREADY    |  out|    1|       m_axi|               gmem0|       pointer|
|m_axi_gmem0_BRESP     |   in|    2|       m_axi|               gmem0|       pointer|
|m_axi_gmem0_BID       |   in|    1|       m_axi|               gmem0|       pointer|
|m_axi_gmem0_BUSER     |   in|    1|       m_axi|               gmem0|       pointer|
|audio_in_TDATA        |   in|   32|        axis|   audio_in_V_data_V|       pointer|
|audio_in_TVALID       |   in|    1|        axis|   audio_in_V_last_V|       pointer|
|audio_in_TREADY       |  out|    1|        axis|   audio_in_V_last_V|       pointer|
|audio_in_TLAST        |   in|    1|        axis|   audio_in_V_last_V|       pointer|
|audio_in_TKEEP        |   in|    4|        axis|   audio_in_V_keep_V|       pointer|
|audio_in_TSTRB        |   in|    4|        axis|   audio_in_V_strb_V|       pointer|
|audio_out_TDATA       |  out|   32|        axis|  audio_out_V_data_V|       pointer|
|audio_out_TVALID      |  out|    1|        axis|  audio_out_V_last_V|       pointer|
|audio_out_TREADY      |   in|    1|        axis|  audio_out_V_last_V|       pointer|
|audio_out_TLAST       |  out|    1|        axis|  audio_out_V_last_V|       pointer|
|audio_out_TKEEP       |  out|    4|        axis|  audio_out_V_keep_V|       pointer|
|audio_out_TSTRB       |  out|    4|        axis|  audio_out_V_strb_V|       pointer|
+----------------------+-----+-----+------------+--------------------+--------------+

