

================================================================
== Vitis HLS Report for 'gru_va'
================================================================
* Date:           Sat Aug  8 17:14:57 2026

* Version:        2025.2 (Build 6295257 on Nov 14 2025)
* Project:        b_fl_max
* Solution:       sol_fl_max_w17 (Vivado IP Flow Target)
* Product family: zynq
* Target device:  xc7z020-clg400-1


================================================================
== Performance Estimates
================================================================
+ Timing: 
    * Summary: 
    +--------+----------+----------+------------+
    |  Clock |  Target  | Estimated| Uncertainty|
    +--------+----------+----------+------------+
    |ap_clk  |  10.00 ns|  7.239 ns|     2.70 ns|
    +--------+----------+----------+------------+

+ Latency: 
    * Summary: 
    +---------+---------+----------+----------+-----+-----+---------+
    |  Latency (cycles) |  Latency (absolute) |  Interval | Pipeline|
    |   min   |   max   |    min   |    max   | min | max |   Type  |
    +---------+---------+----------+----------+-----+-----+---------+
    |        ?|        ?|         ?|         ?|    ?|    ?|       no|
    +---------+---------+----------+----------+-----+-----+---------+

    + Detail: 
        * Instance: 
        +----------------------------------------+-----------------------------+---------+---------+----------+----------+-----+-----+-------------------+
        |                                        |                             |  Latency (cycles) |  Latency (absolute) |  Interval |      Pipeline     |
        |                Instance                |            Module           |   min   |   max   |    min   |    max   | min | max |        Type       |
        +----------------------------------------+-----------------------------+---------+---------+----------+----------+-----+-----+-------------------+
        |grp_gru_va_Pipeline_HIDDEN_LOOP_fu_806  |gru_va_Pipeline_HIDDEN_LOOP  |      131|      131|  1.310 us|  1.310 us|    0|    0|  loop pipeline stp|
        +----------------------------------------+-----------------------------+---------+---------+----------+----------+-----+-----+-------------------+

        * Loop: 
        +---------------+---------+---------+----------+-----------+-----------+------+----------+
        |               |  Latency (cycles) | Iteration|  Initiation Interval  | Trip |          |
        |   Loop Name   |   min   |   max   |  Latency |  achieved |   target  | Count| Pipelined|
        +---------------+---------+---------+----------+-----------+-----------+------+----------+
        |- SAMPLE_LOOP  |        ?|        ?|       145|          -|          -|     ?|        no|
        +---------------+---------+---------+----------+-----------+-----------+------+----------+



================================================================
== Utilization Estimates
================================================================
* Summary: 
+-----------------+---------+-----+--------+-------+-----+
|       Name      | BRAM_18K| DSP |   FF   |  LUT  | URAM|
+-----------------+---------+-----+--------+-------+-----+
|DSP              |        -|    -|       -|      -|    -|
|Expression       |        -|    -|       0|   4272|    -|
|FIFO             |        -|    -|       -|      -|    -|
|Instance         |        4|   72|   21474|  31958|    -|
|Memory           |        -|    -|       -|      -|    -|
|Multiplexer      |        -|    -|       0|    452|    -|
|Register         |        -|    -|    2795|      -|    -|
+-----------------+---------+-----+--------+-------+-----+
|Total            |        4|   72|   24269|  36682|    0|
+-----------------+---------+-----+--------+-------+-----+
|Available        |      280|  220|  106400|  53200|    0|
+-----------------+---------+-----+--------+-------+-----+
|Utilization (%)  |        1|   32|      22|     68|    0|
+-----------------+---------+-----+--------+-------+-----+

+ Detail: 
    * Instance: 
    +----------------------------------------+------------------------------+---------+----+-------+-------+-----+
    |                Instance                |            Module            | BRAM_18K| DSP|   FF  |  LUT  | URAM|
    +----------------------------------------+------------------------------+---------+----+-------+-------+-----+
    |CTRL_s_axi_U                            |CTRL_s_axi                    |        0|   0|    220|    360|    0|
    |bitselect_1ns_32ns_5ns_1_1_1_U257       |bitselect_1ns_32ns_5ns_1_1_1  |        0|   0|      0|      9|    0|
    |bitselect_1ns_54ns_6ns_1_1_1_U251       |bitselect_1ns_54ns_6ns_1_1_1  |        0|   0|      0|     17|    0|
    |bitselect_1ns_54ns_6ns_1_1_1_U252       |bitselect_1ns_54ns_6ns_1_1_1  |        0|   0|      0|     17|    0|
    |ctlz_32_32_1_1_U256                     |ctlz_32_32_1_1                |        0|   0|      0|     44|    0|
    |fpext_32ns_64_2_no_dsp_1_U250           |fpext_32ns_64_2_no_dsp_1      |        0|   0|      0|      0|    0|
    |grp_gru_va_Pipeline_HIDDEN_LOOP_fu_806  |gru_va_Pipeline_HIDDEN_LOOP   |        4|  72|  21254|  31484|    0|
    |sparsemux_7_2_17_1_1_U253               |sparsemux_7_2_17_1_1          |        0|   0|      0|      9|    0|
    |sparsemux_7_2_17_1_1_U255               |sparsemux_7_2_17_1_1          |        0|   0|      0|      9|    0|
    |sparsemux_7_2_1_1_1_U254                |sparsemux_7_2_1_1_1           |        0|   0|      0|      9|    0|
    +----------------------------------------+------------------------------+---------+----+-------+-------+-----+
    |Total                                   |                              |        4|  72|  21474|  31958|    0|
    +----------------------------------------+------------------------------+---------+----+-------+-------+-----+

    * DSP: 
    N/A

    * Memory: 
    N/A

    * FIFO: 
    N/A

    * Expression: 
    +---------------------------------+----------+----+---+-----+------------+------------+
    |          Variable Name          | Operation| DSP| FF| LUT | Bitwidth P0| Bitwidth P1|
    +---------------------------------+----------+----+---+-----+------------+------------+
    |add_ln238_1_fu_2683_p2           |         +|   0|  0|   12|          12|           5|
    |add_ln238_3_fu_2731_p2           |         +|   0|  0|   12|          12|           6|
    |add_ln238_4_fu_2980_p2           |         +|   0|  0|   24|          17|          17|
    |add_ln238_5_fu_2899_p2           |         +|   0|  0|   12|          12|          12|
    |add_ln238_6_fu_2753_p2           |         +|   0|  0|   12|          12|           2|
    |add_ln238_7_fu_2921_p2           |         +|   0|  0|   12|          12|           2|
    |add_ln238_fu_2791_p2             |         +|   0|  0|   12|          12|          11|
    |add_ln344_fu_3345_p2             |         +|   0|  0|   40|          33|          17|
    |add_ln352_1_fu_3553_p2           |         +|   0|  0|   14|           6|           6|
    |add_ln352_2_fu_3599_p2           |         +|   0|  0|   71|          64|          64|
    |add_ln352_3_fu_3644_p2           |         +|   0|  0|   15|           8|           8|
    |add_ln352_fu_3460_p2             |         +|   0|  0|   14|           6|           6|
    |add_ln359_fu_1775_p2             |         +|   0|  0|   39|          32|           2|
    |n_2_fu_1998_p2                   |         +|   0|  0|   38|          31|           1|
    |tmp_335_fu_2723_p2               |         +|   0|  0|   14|           6|           6|
    |sub_ln238_1_fu_2653_p2           |         -|   0|  0|   12|          11|          12|
    |sub_ln238_2_fu_2693_p2           |         -|   0|  0|   12|           4|          11|
    |sub_ln238_3_fu_2747_p2           |         -|   0|  0|   14|           5|           6|
    |sub_ln238_fu_2635_p2             |         -|   0|  0|   61|           1|          54|
    |sub_ln352_1_fu_3444_p2           |         -|   0|  0|   14|           7|           6|
    |sub_ln352_2_fu_3572_p2           |         -|   0|  0|   14|           5|           6|
    |sub_ln352_3_fu_3635_p2           |         -|   0|  0|   14|           4|           6|
    |sub_ln352_4_fu_3454_p2           |         -|   0|  0|   13|           4|           5|
    |sub_ln352_fu_3419_p2             |         -|   0|  0|   39|           1|          32|
    |pi_assign_fu_3657_p5             |      1003|   0|  0|    2|          64|           9|
    |and_ln238_10_fu_3275_p2          |       and|   0|  0|    2|           1|           1|
    |and_ln238_11_fu_3035_p2          |       and|   0|  0|    2|           1|           1|
    |and_ln238_12_fu_3207_p2          |       and|   0|  0|    2|           1|           1|
    |and_ln238_13_fu_3244_p2          |       and|   0|  0|    2|           1|           1|
    |and_ln238_14_fu_3300_p2          |       and|   0|  0|    2|           1|           1|
    |and_ln238_15_fu_3306_p2          |       and|   0|  0|    2|           1|           1|
    |and_ln238_16_fu_2859_p2          |       and|   0|  0|   54|          54|          54|
    |and_ln238_1_fu_3004_p2           |       and|   0|  0|    2|           1|           1|
    |and_ln238_3_fu_3095_p2           |       and|   0|  0|    2|           1|           1|
    |and_ln238_4_fu_3101_p2           |       and|   0|  0|    2|           1|           1|
    |and_ln238_5_fu_3116_p2           |       and|   0|  0|    2|           1|           1|
    |and_ln238_6_fu_3163_p2           |       and|   0|  0|    2|           1|           1|
    |and_ln238_7_fu_3197_p2           |       and|   0|  0|    2|           1|           1|
    |and_ln238_8_fu_3259_p2           |       and|   0|  0|    2|           1|           1|
    |and_ln238_9_fu_3265_p2           |       and|   0|  0|    2|           1|           1|
    |and_ln238_fu_2886_p2             |       and|   0|  0|    2|           1|           1|
    |and_ln344_fu_3377_p2             |       and|   0|  0|    2|           1|           1|
    |and_ln352_1_fu_3494_p2           |       and|   0|  0|   32|          32|          32|
    |and_ln352_fu_3532_p2             |       and|   0|  0|    2|           1|           1|
    |carry_1_i_fu_3041_p2             |       and|   0|  0|    2|           1|           1|
    |cond85_i_fu_2870_p2              |       and|   0|  0|    2|           1|           1|
    |lD_0_i_fu_2926_p2                |       and|   0|  0|    2|           1|           1|
    |neg_src_0_i_fu_3218_p2           |       and|   0|  0|    2|           1|           1|
    |phi_ln352_fu_3505_p2             |       and|   0|  0|    2|           1|           1|
    |ashr_ln238_fu_2816_p2            |      ashr|   0|  0|  161|          54|          54|
    |icmp_ln211_fu_1277_p2            |      icmp|   0|  0|   39|          32|           1|
    |icmp_ln218_fu_1283_p2            |      icmp|   0|  0|   39|          32|           1|
    |icmp_ln229_1_fu_2014_p2          |      icmp|   0|  0|   39|          32|           1|
    |icmp_ln229_fu_1993_p2            |      icmp|   0|  0|   39|          32|          32|
    |icmp_ln238_10_fu_2763_p2         |      icmp|   0|  0|   12|          12|           6|
    |icmp_ln238_11_fu_2777_p2         |      icmp|   0|  0|   12|          12|           6|
    |icmp_ln238_12_fu_3060_p2         |      icmp|   0|  0|   12|          12|           6|
    |icmp_ln238_13_fu_3065_p2         |      icmp|   0|  0|   12|          12|           6|
    |icmp_ln238_14_fu_3070_p2         |      icmp|   0|  0|   61|          54|          54|
    |icmp_ln238_15_fu_3111_p2         |      icmp|   0|  0|   61|          54|           1|
    |icmp_ln238_16_fu_3122_p2         |      icmp|   0|  0|   12|          12|           6|
    |icmp_ln238_1_fu_2677_p2          |      icmp|   0|  0|   15|           8|           1|
    |icmp_ln238_2_fu_2796_p2          |      icmp|   0|  0|   12|          12|           4|
    |icmp_ln238_3_fu_2801_p2          |      icmp|   0|  0|   12|          11|           6|
    |icmp_ln238_4_fu_2711_p2          |      icmp|   0|  0|   12|          12|           6|
    |icmp_ln238_5_fu_2949_p2          |      icmp|   0|  0|   12|          11|           5|
    |icmp_ln238_6_fu_2838_p2          |      icmp|   0|  0|   12|          12|           5|
    |icmp_ln238_7_fu_2741_p2          |      icmp|   0|  0|   12|          12|           6|
    |icmp_ln238_8_fu_2864_p2          |      icmp|   0|  0|   61|          54|           1|
    |icmp_ln238_9_fu_2915_p2          |      icmp|   0|  0|   12|          11|           1|
    |icmp_ln238_fu_2648_p2            |      icmp|   0|  0|   70|          63|           1|
    |icmp_ln352_1_fu_3479_p2          |      icmp|   0|  0|   13|           5|           1|
    |icmp_ln352_2_fu_3499_p2          |      icmp|   0|  0|   39|          32|           1|
    |icmp_ln352_3_fu_3547_p2          |      icmp|   0|  0|   14|           6|           1|
    |icmp_ln352_fu_3405_p2            |      icmp|   0|  0|   39|          32|           1|
    |icmp_ln359_fu_2004_p2            |      icmp|   0|  0|   39|          32|          32|
    |lshr_ln238_1_fu_2943_p2          |      lshr|   0|  0|  161|           2|          54|
    |lshr_ln238_2_fu_2853_p2          |      lshr|   0|  0|  161|           2|          54|
    |lshr_ln238_fu_2938_p2            |      lshr|   0|  0|  161|          54|          54|
    |lshr_ln352_2_fu_3488_p2          |      lshr|   0|  0|  100|           2|          32|
    |lshr_ln352_fu_3566_p2            |      lshr|   0|  0|  182|          64|          64|
    |deleted_ones_0_i_fu_3182_p2      |        or|   0|  0|    2|           1|           1|
    |or_ln229_fu_2019_p2              |        or|   0|  0|    2|           1|           1|
    |or_ln238_1_fu_3158_p2            |        or|   0|  0|    2|           1|           1|
    |or_ln238_2_fu_3249_p2            |        or|   0|  0|    2|           1|           1|
    |or_ln238_3_fu_3281_p2            |        or|   0|  0|    2|           1|           1|
    |or_ln238_fu_2880_p2              |        or|   0|  0|    2|           1|           1|
    |or_ln352_fu_3538_p2              |        or|   0|  0|    2|           1|           1|
    |Range1_all_ones_2_i_fu_3142_p3   |    select|   0|  0|    2|           1|           1|
    |Range1_all_zeros_2_i_fu_3150_p3  |    select|   0|  0|    2|           1|           1|
    |Range2_all_ones_1_i_fu_3087_p3   |    select|   0|  0|    2|           1|           1|
    |cond190_i_fu_3169_p3             |    select|   0|  0|    2|           1|           1|
    |cond45_i_i_fu_3591_p3            |    select|   0|  0|   64|           1|          64|
    |cond63_i_fu_2833_p3              |    select|   0|  0|    2|           1|           1|
    |empty_45_fu_3673_p3              |    select|   0|  0|   32|           1|           1|
    |ref_tmp_i_i_fu_3016_p6           |    select|   0|  0|   17|           1|          17|
    |select_ln218_10_fu_1535_p3       |    select|   0|  0|   17|           1|          17|
    |select_ln218_11_fu_1543_p3       |    select|   0|  0|   17|           1|          17|
    |select_ln218_12_fu_1551_p3       |    select|   0|  0|   17|           1|          17|
    |select_ln218_13_fu_1559_p3       |    select|   0|  0|   17|           1|          17|
    |select_ln218_14_fu_1567_p3       |    select|   0|  0|   17|           1|          17|
    |select_ln218_15_fu_1575_p3       |    select|   0|  0|   17|           1|          17|
    |select_ln218_16_fu_1583_p3       |    select|   0|  0|   17|           1|          17|
    |select_ln218_17_fu_1591_p3       |    select|   0|  0|   17|           1|          17|
    |select_ln218_18_fu_1599_p3       |    select|   0|  0|   17|           1|          17|
    |select_ln218_19_fu_1607_p3       |    select|   0|  0|   17|           1|          17|
    |select_ln218_1_fu_1463_p3        |    select|   0|  0|   17|           1|          17|
    |select_ln218_20_fu_1615_p3       |    select|   0|  0|   17|           1|          17|
    |select_ln218_21_fu_1623_p3       |    select|   0|  0|   17|           1|          17|
    |select_ln218_22_fu_1631_p3       |    select|   0|  0|   17|           1|          17|
    |select_ln218_23_fu_1639_p3       |    select|   0|  0|   17|           1|          17|
    |select_ln218_24_fu_1647_p3       |    select|   0|  0|   17|           1|          17|
    |select_ln218_25_fu_1655_p3       |    select|   0|  0|   17|           1|          17|
    |select_ln218_26_fu_1663_p3       |    select|   0|  0|   17|           1|          17|
    |select_ln218_27_fu_1671_p3       |    select|   0|  0|   17|           1|          17|
    |select_ln218_28_fu_1679_p3       |    select|   0|  0|   17|           1|          17|
    |select_ln218_29_fu_1687_p3       |    select|   0|  0|   17|           1|          17|
    |select_ln218_2_fu_1471_p3        |    select|   0|  0|   17|           1|          17|
    |select_ln218_30_fu_1695_p3       |    select|   0|  0|   17|           1|          17|
    |select_ln218_31_fu_1703_p3       |    select|   0|  0|   17|           1|          17|
    |select_ln218_32_fu_1711_p3       |    select|   0|  0|   17|           1|          17|
    |select_ln218_33_fu_1719_p3       |    select|   0|  0|   17|           1|          17|
    |select_ln218_34_fu_1727_p3       |    select|   0|  0|   17|           1|          17|
    |select_ln218_35_fu_1735_p3       |    select|   0|  0|   17|           1|          17|
    |select_ln218_36_fu_1743_p3       |    select|   0|  0|   17|           1|          17|
    |select_ln218_37_fu_1751_p3       |    select|   0|  0|   17|           1|          17|
    |select_ln218_38_fu_1759_p3       |    select|   0|  0|   17|           1|          17|
    |select_ln218_39_fu_1767_p3       |    select|   0|  0|   17|           1|          17|
    |select_ln218_3_fu_1479_p3        |    select|   0|  0|   17|           1|          17|
    |select_ln218_4_fu_1487_p3        |    select|   0|  0|   17|           1|          17|
    |select_ln218_5_fu_1495_p3        |    select|   0|  0|   17|           1|          17|
    |select_ln218_6_fu_1503_p3        |    select|   0|  0|   17|           1|          17|
    |select_ln218_7_fu_1511_p3        |    select|   0|  0|   17|           1|          17|
    |select_ln218_8_fu_1519_p3        |    select|   0|  0|   17|           1|          17|
    |select_ln218_9_fu_1527_p3        |    select|   0|  0|   17|           1|          17|
    |select_ln218_fu_1455_p3          |    select|   0|  0|   17|           1|          17|
    |select_ln229_10_fu_2104_p3       |    select|   0|  0|   17|           1|          17|
    |select_ln229_11_fu_2112_p3       |    select|   0|  0|   17|           1|          17|
    |select_ln229_12_fu_2120_p3       |    select|   0|  0|   17|           1|          17|
    |select_ln229_13_fu_2128_p3       |    select|   0|  0|   17|           1|          17|
    |select_ln229_14_fu_2136_p3       |    select|   0|  0|   17|           1|          17|
    |select_ln229_15_fu_2144_p3       |    select|   0|  0|   17|           1|          17|
    |select_ln229_16_fu_2152_p3       |    select|   0|  0|   17|           1|          17|
    |select_ln229_17_fu_2160_p3       |    select|   0|  0|   17|           1|          17|
    |select_ln229_18_fu_2168_p3       |    select|   0|  0|   17|           1|          17|
    |select_ln229_19_fu_2176_p3       |    select|   0|  0|   17|           1|          17|
    |select_ln229_1_fu_2032_p3        |    select|   0|  0|   17|           1|          17|
    |select_ln229_20_fu_2184_p3       |    select|   0|  0|   17|           1|          17|
    |select_ln229_21_fu_2192_p3       |    select|   0|  0|   17|           1|          17|
    |select_ln229_22_fu_2200_p3       |    select|   0|  0|   17|           1|          17|
    |select_ln229_23_fu_2208_p3       |    select|   0|  0|   17|           1|          17|
    |select_ln229_24_fu_2216_p3       |    select|   0|  0|   17|           1|          17|
    |select_ln229_25_fu_2224_p3       |    select|   0|  0|   17|           1|          17|
    |select_ln229_26_fu_2232_p3       |    select|   0|  0|   17|           1|          17|
    |select_ln229_27_fu_2240_p3       |    select|   0|  0|   17|           1|          17|
    |select_ln229_28_fu_2248_p3       |    select|   0|  0|   17|           1|          17|
    |select_ln229_29_fu_2256_p3       |    select|   0|  0|   17|           1|          17|
    |select_ln229_2_fu_2040_p3        |    select|   0|  0|   17|           1|          17|
    |select_ln229_30_fu_2264_p3       |    select|   0|  0|   17|           1|          17|
    |select_ln229_31_fu_2272_p3       |    select|   0|  0|   17|           1|          17|
    |select_ln229_32_fu_2280_p3       |    select|   0|  0|   17|           1|          17|
    |select_ln229_33_fu_2288_p3       |    select|   0|  0|   17|           1|          17|
    |select_ln229_34_fu_2296_p3       |    select|   0|  0|   17|           1|          17|
    |select_ln229_35_fu_2304_p3       |    select|   0|  0|   17|           1|          17|
    |select_ln229_36_fu_2312_p3       |    select|   0|  0|   17|           1|          17|
    |select_ln229_37_fu_2320_p3       |    select|   0|  0|   17|           1|          17|
    |select_ln229_38_fu_2328_p3       |    select|   0|  0|   17|           1|          17|
    |select_ln229_39_fu_2336_p3       |    select|   0|  0|   17|           1|          17|
    |select_ln229_3_fu_2048_p3        |    select|   0|  0|   17|           1|          17|
    |select_ln229_4_fu_2056_p3        |    select|   0|  0|   17|           1|          17|
    |select_ln229_5_fu_2064_p3        |    select|   0|  0|   17|           1|          17|
    |select_ln229_6_fu_2072_p3        |    select|   0|  0|   17|           1|          17|
    |select_ln229_7_fu_2080_p3        |    select|   0|  0|   17|           1|          17|
    |select_ln229_8_fu_2088_p3        |    select|   0|  0|   17|           1|          17|
    |select_ln229_9_fu_2096_p3        |    select|   0|  0|   17|           1|          17|
    |select_ln229_fu_2024_p3          |    select|   0|  0|   17|           1|          17|
    |select_ln238_10_fu_2892_p3       |    select|   0|  0|    2|           1|           2|
    |select_ln238_1_fu_2699_p3        |    select|   0|  0|   11|           1|          11|
    |select_ln238_2_fu_2825_p3        |    select|   0|  0|   17|           1|          17|
    |select_ln238_4_fu_2806_p3        |    select|   0|  0|    2|           1|           2|
    |select_ln238_5_fu_3192_p3        |    select|   0|  0|    2|           1|           1|
    |select_ln238_7_fu_3127_p3        |    select|   0|  0|    2|           1|           1|
    |select_ln238_8_fu_3134_p3        |    select|   0|  0|    2|           1|           1|
    |select_ln238_9_fu_2843_p3        |    select|   0|  0|    6|           1|           1|
    |select_ln238_fu_2641_p3          |    select|   0|  0|   54|           1|          54|
    |select_ln344_fu_3389_p3          |    select|   0|  0|   33|           1|          31|
    |select_ln352_1_fu_3627_p3        |    select|   0|  0|    7|           1|           7|
    |select_ln352_fu_3425_p3          |    select|   0|  0|   32|           1|          32|
    |x_fu_3318_p4                     |    select|   0|  0|   18|           1|          16|
    |y_9_fu_3397_p3                   |    select|   0|  0|   32|           1|          32|
    |shl_ln238_fu_2957_p2             |       shl|   0|  0|   39|          17|          17|
    |shl_ln352_fu_3585_p2             |       shl|   0|  0|  182|          64|          64|
    |neg_src_0_i_fu_3218_p4           |       xor|   0|  0|    2|           2|           1|
    |not_icmp_ln238_10370_fu_3177_p2  |       xor|   0|  0|    2|           1|           2|
    |xor_ln218_fu_1449_p2             |       xor|   0|  0|    2|           1|           2|
    |xor_ln238_1_fu_3106_p2           |       xor|   0|  0|    2|           1|           2|
    |xor_ln238_2_fu_2999_p2           |       xor|   0|  0|    2|           1|           2|
    |xor_ln238_4_fu_3238_p2           |       xor|   0|  0|    2|           1|           2|
    |xor_ln238_5_fu_3254_p2           |       xor|   0|  0|    2|           1|           2|
    |xor_ln238_6_fu_3269_p2           |       xor|   0|  0|    2|           2|           1|
    |xor_ln238_7_fu_3295_p2           |       xor|   0|  0|    2|           1|           2|
    |xor_ln238_8_fu_3055_p2           |       xor|   0|  0|    2|           1|           2|
    |xor_ln238_9_fu_3081_p2           |       xor|   0|  0|    2|           1|           2|
    |xor_ln238_fu_2993_p2             |       xor|   0|  0|    2|           1|           2|
    |xor_ln344_1_fu_3383_p2           |       xor|   0|  0|    2|           1|           1|
    |xor_ln344_fu_3371_p2             |       xor|   0|  0|    2|           1|           2|
    |xor_ln352_fu_3519_p2             |       xor|   0|  0|    2|           1|           2|
    +---------------------------------+----------+----+---+-----+------------+------------+
    |Total                            |          |   0|  0| 4272|        1483|        2694|
    +---------------------------------+----------+----+---+-----+------------+------------+

    * Multiplexer: 
    +----------------------------+----+-----------+-----+-----------+
    |            Name            | LUT| Input Size| Bits| Total Bits|
    +----------------------------+----+-----------+-----+-----------+
    |ap_NS_fsm                   |  65|         16|    1|         16|
    |audio_in_TDATA_blk_n        |   9|          2|    1|          2|
    |audio_out_TDATA_blk_n       |   9|          2|    1|          2|
    |h_new_0_1_lcssa120_fu_598   |   9|          2|   17|         34|
    |h_new_10_1_lcssa130_fu_638  |   9|          2|   17|         34|
    |h_new_11_1_lcssa131_fu_642  |   9|          2|   17|         34|
    |h_new_12_1_lcssa132_fu_646  |   9|          2|   17|         34|
    |h_new_13_1_lcssa133_fu_650  |   9|          2|   17|         34|
    |h_new_14_1_lcssa134_fu_654  |   9|          2|   17|         34|
    |h_new_15_1_lcssa135_fu_658  |   9|          2|   17|         34|
    |h_new_16_1_lcssa136_fu_662  |   9|          2|   17|         34|
    |h_new_17_1_lcssa137_fu_666  |   9|          2|   17|         34|
    |h_new_18_1_lcssa138_fu_670  |   9|          2|   17|         34|
    |h_new_19_1_lcssa139_fu_674  |   9|          2|   17|         34|
    |h_new_1_1_lcssa121_fu_602   |   9|          2|   17|         34|
    |h_new_20_1_lcssa140_fu_678  |   9|          2|   17|         34|
    |h_new_21_1_lcssa141_fu_682  |   9|          2|   17|         34|
    |h_new_22_1_lcssa142_fu_686  |   9|          2|   17|         34|
    |h_new_23_1_lcssa143_fu_690  |   9|          2|   17|         34|
    |h_new_24_1_lcssa144_fu_694  |   9|          2|   17|         34|
    |h_new_25_1_lcssa145_fu_698  |   9|          2|   17|         34|
    |h_new_26_1_lcssa146_fu_702  |   9|          2|   17|         34|
    |h_new_27_1_lcssa147_fu_706  |   9|          2|   17|         34|
    |h_new_28_1_lcssa148_fu_710  |   9|          2|   17|         34|
    |h_new_29_1_lcssa149_fu_714  |   9|          2|   17|         34|
    |h_new_2_1_lcssa122_fu_606   |   9|          2|   17|         34|
    |h_new_30_1_lcssa150_fu_718  |   9|          2|   17|         34|
    |h_new_31_1_lcssa151_fu_722  |   9|          2|   17|         34|
    |h_new_32_1_lcssa152_fu_726  |   9|          2|   17|         34|
    |h_new_33_1_lcssa153_fu_730  |   9|          2|   17|         34|
    |h_new_34_1_lcssa154_fu_734  |   9|          2|   17|         34|
    |h_new_35_1_lcssa155_fu_738  |   9|          2|   17|         34|
    |h_new_36_1_lcssa156_fu_742  |   9|          2|   17|         34|
    |h_new_37_1_lcssa157_fu_746  |   9|          2|   17|         34|
    |h_new_38_1_lcssa158_fu_750  |   9|          2|   17|         34|
    |h_new_39_1_lcssa159_fu_754  |   9|          2|   17|         34|
    |h_new_3_1_lcssa123_fu_610   |   9|          2|   17|         34|
    |h_new_4_1_lcssa124_fu_614   |   9|          2|   17|         34|
    |h_new_5_1_lcssa125_fu_618   |   9|          2|   17|         34|
    |h_new_6_1_lcssa126_fu_622   |   9|          2|   17|         34|
    |h_new_7_1_lcssa127_fu_626   |   9|          2|   17|         34|
    |h_new_8_1_lcssa128_fu_630   |   9|          2|   17|         34|
    |h_new_9_1_lcssa129_fu_634   |   9|          2|   17|         34|
    |n_fu_594                    |   9|          2|   31|         62|
    +----------------------------+----+-----------+-----+-----------+
    |Total                       | 452|        102|  714|       1442|
    +----------------------------+----+-----------+-----+-----------+

    * Register: 
    +-----------------------------------------------------+----+----+-----+-----------+
    |                         Name                        | FF | LUT| Bits| Const Bits|
    +-----------------------------------------------------+----+----+-----+-----------+
    |Range1_all_ones_2_i_reg_4388                         |   1|   0|    1|          0|
    |Range1_all_zeros_2_i_reg_4394                        |   1|   0|    1|          0|
    |add_ln238_7_reg_4144                                 |  12|   0|   12|          0|
    |add_ln359_reg_3988                                   |  32|   0|   32|          0|
    |and_ln238_reg_4134                                   |   1|   0|    1|          0|
    |ap_CS_fsm                                            |  15|   0|   15|          0|
    |carry_1_i_reg_4375                                   |   1|   0|    1|          0|
    |deleted_ones_0_i_reg_4404                            |   1|   0|    1|          0|
    |empty_45_reg_4469                                    |  32|   0|   32|          0|
    |grp_gru_va_Pipeline_HIDDEN_LOOP_fu_806_ap_start_reg  |   1|   0|    1|          0|
    |h_new_0_1_lcssa120_fu_598                            |  17|   0|   17|          0|
    |h_new_0_1_lcssa120_load_reg_4170                     |  17|   0|   17|          0|
    |h_new_10_1_lcssa130_fu_638                           |  17|   0|   17|          0|
    |h_new_10_1_lcssa130_load_reg_4220                    |  17|   0|   17|          0|
    |h_new_11_1_lcssa131_fu_642                           |  17|   0|   17|          0|
    |h_new_11_1_lcssa131_load_reg_4225                    |  17|   0|   17|          0|
    |h_new_12_1_lcssa132_fu_646                           |  17|   0|   17|          0|
    |h_new_12_1_lcssa132_load_reg_4230                    |  17|   0|   17|          0|
    |h_new_13_1_lcssa133_fu_650                           |  17|   0|   17|          0|
    |h_new_13_1_lcssa133_load_reg_4235                    |  17|   0|   17|          0|
    |h_new_14_1_lcssa134_fu_654                           |  17|   0|   17|          0|
    |h_new_14_1_lcssa134_load_reg_4240                    |  17|   0|   17|          0|
    |h_new_15_1_lcssa135_fu_658                           |  17|   0|   17|          0|
    |h_new_15_1_lcssa135_load_reg_4245                    |  17|   0|   17|          0|
    |h_new_16_1_lcssa136_fu_662                           |  17|   0|   17|          0|
    |h_new_16_1_lcssa136_load_reg_4250                    |  17|   0|   17|          0|
    |h_new_17_1_lcssa137_fu_666                           |  17|   0|   17|          0|
    |h_new_17_1_lcssa137_load_reg_4255                    |  17|   0|   17|          0|
    |h_new_18_1_lcssa138_fu_670                           |  17|   0|   17|          0|
    |h_new_18_1_lcssa138_load_reg_4260                    |  17|   0|   17|          0|
    |h_new_19_1_lcssa139_fu_674                           |  17|   0|   17|          0|
    |h_new_19_1_lcssa139_load_reg_4265                    |  17|   0|   17|          0|
    |h_new_1_1_lcssa121_fu_602                            |  17|   0|   17|          0|
    |h_new_1_1_lcssa121_load_reg_4175                     |  17|   0|   17|          0|
    |h_new_20_1_lcssa140_fu_678                           |  17|   0|   17|          0|
    |h_new_20_1_lcssa140_load_reg_4270                    |  17|   0|   17|          0|
    |h_new_21_1_lcssa141_fu_682                           |  17|   0|   17|          0|
    |h_new_21_1_lcssa141_load_reg_4275                    |  17|   0|   17|          0|
    |h_new_22_1_lcssa142_fu_686                           |  17|   0|   17|          0|
    |h_new_22_1_lcssa142_load_reg_4280                    |  17|   0|   17|          0|
    |h_new_23_1_lcssa143_fu_690                           |  17|   0|   17|          0|
    |h_new_23_1_lcssa143_load_reg_4285                    |  17|   0|   17|          0|
    |h_new_24_1_lcssa144_fu_694                           |  17|   0|   17|          0|
    |h_new_24_1_lcssa144_load_reg_4290                    |  17|   0|   17|          0|
    |h_new_25_1_lcssa145_fu_698                           |  17|   0|   17|          0|
    |h_new_25_1_lcssa145_load_reg_4295                    |  17|   0|   17|          0|
    |h_new_26_1_lcssa146_fu_702                           |  17|   0|   17|          0|
    |h_new_26_1_lcssa146_load_reg_4300                    |  17|   0|   17|          0|
    |h_new_27_1_lcssa147_fu_706                           |  17|   0|   17|          0|
    |h_new_27_1_lcssa147_load_reg_4305                    |  17|   0|   17|          0|
    |h_new_28_1_lcssa148_fu_710                           |  17|   0|   17|          0|
    |h_new_28_1_lcssa148_load_reg_4310                    |  17|   0|   17|          0|
    |h_new_29_1_lcssa149_fu_714                           |  17|   0|   17|          0|
    |h_new_29_1_lcssa149_load_reg_4315                    |  17|   0|   17|          0|
    |h_new_2_1_lcssa122_fu_606                            |  17|   0|   17|          0|
    |h_new_2_1_lcssa122_load_reg_4180                     |  17|   0|   17|          0|
    |h_new_30_1_lcssa150_fu_718                           |  17|   0|   17|          0|
    |h_new_30_1_lcssa150_load_reg_4320                    |  17|   0|   17|          0|
    |h_new_31_1_lcssa151_fu_722                           |  17|   0|   17|          0|
    |h_new_31_1_lcssa151_load_reg_4325                    |  17|   0|   17|          0|
    |h_new_32_1_lcssa152_fu_726                           |  17|   0|   17|          0|
    |h_new_32_1_lcssa152_load_reg_4330                    |  17|   0|   17|          0|
    |h_new_33_1_lcssa153_fu_730                           |  17|   0|   17|          0|
    |h_new_33_1_lcssa153_load_reg_4335                    |  17|   0|   17|          0|
    |h_new_34_1_lcssa154_fu_734                           |  17|   0|   17|          0|
    |h_new_34_1_lcssa154_load_reg_4340                    |  17|   0|   17|          0|
    |h_new_35_1_lcssa155_fu_738                           |  17|   0|   17|          0|
    |h_new_35_1_lcssa155_load_reg_4345                    |  17|   0|   17|          0|
    |h_new_36_1_lcssa156_fu_742                           |  17|   0|   17|          0|
    |h_new_36_1_lcssa156_load_reg_4350                    |  17|   0|   17|          0|
    |h_new_37_1_lcssa157_fu_746                           |  17|   0|   17|          0|
    |h_new_37_1_lcssa157_load_reg_4355                    |  17|   0|   17|          0|
    |h_new_38_1_lcssa158_fu_750                           |  17|   0|   17|          0|
    |h_new_38_1_lcssa158_load_reg_4360                    |  17|   0|   17|          0|
    |h_new_39_1_lcssa159_fu_754                           |  17|   0|   17|          0|
    |h_new_39_1_lcssa159_load_reg_4365                    |  17|   0|   17|          0|
    |h_new_3_1_lcssa123_fu_610                            |  17|   0|   17|          0|
    |h_new_3_1_lcssa123_load_reg_4185                     |  17|   0|   17|          0|
    |h_new_4_1_lcssa124_fu_614                            |  17|   0|   17|          0|
    |h_new_4_1_lcssa124_load_reg_4190                     |  17|   0|   17|          0|
    |h_new_5_1_lcssa125_fu_618                            |  17|   0|   17|          0|
    |h_new_5_1_lcssa125_load_reg_4195                     |  17|   0|   17|          0|
    |h_new_6_1_lcssa126_fu_622                            |  17|   0|   17|          0|
    |h_new_6_1_lcssa126_load_reg_4200                     |  17|   0|   17|          0|
    |h_new_7_1_lcssa127_fu_626                            |  17|   0|   17|          0|
    |h_new_7_1_lcssa127_load_reg_4205                     |  17|   0|   17|          0|
    |h_new_8_1_lcssa128_fu_630                            |  17|   0|   17|          0|
    |h_new_8_1_lcssa128_load_reg_4210                     |  17|   0|   17|          0|
    |h_new_9_1_lcssa129_fu_634                            |  17|   0|   17|          0|
    |h_new_9_1_lcssa129_load_reg_4215                     |  17|   0|   17|          0|
    |h_state_0                                            |  17|   0|   17|          0|
    |h_state_1                                            |  17|   0|   17|          0|
    |h_state_10                                           |  17|   0|   17|          0|
    |h_state_11                                           |  17|   0|   17|          0|
    |h_state_12                                           |  17|   0|   17|          0|
    |h_state_13                                           |  17|   0|   17|          0|
    |h_state_14                                           |  17|   0|   17|          0|
    |h_state_15                                           |  17|   0|   17|          0|
    |h_state_16                                           |  17|   0|   17|          0|
    |h_state_17                                           |  17|   0|   17|          0|
    |h_state_18                                           |  17|   0|   17|          0|
    |h_state_19                                           |  17|   0|   17|          0|
    |h_state_2                                            |  17|   0|   17|          0|
    |h_state_20                                           |  17|   0|   17|          0|
    |h_state_21                                           |  17|   0|   17|          0|
    |h_state_22                                           |  17|   0|   17|          0|
    |h_state_23                                           |  17|   0|   17|          0|
    |h_state_24                                           |  17|   0|   17|          0|
    |h_state_25                                           |  17|   0|   17|          0|
    |h_state_26                                           |  17|   0|   17|          0|
    |h_state_27                                           |  17|   0|   17|          0|
    |h_state_28                                           |  17|   0|   17|          0|
    |h_state_29                                           |  17|   0|   17|          0|
    |h_state_3                                            |  17|   0|   17|          0|
    |h_state_30                                           |  17|   0|   17|          0|
    |h_state_31                                           |  17|   0|   17|          0|
    |h_state_32                                           |  17|   0|   17|          0|
    |h_state_33                                           |  17|   0|   17|          0|
    |h_state_34                                           |  17|   0|   17|          0|
    |h_state_35                                           |  17|   0|   17|          0|
    |h_state_36                                           |  17|   0|   17|          0|
    |h_state_37                                           |  17|   0|   17|          0|
    |h_state_38                                           |  17|   0|   17|          0|
    |h_state_39                                           |  17|   0|   17|          0|
    |h_state_4                                            |  17|   0|   17|          0|
    |h_state_5                                            |  17|   0|   17|          0|
    |h_state_6                                            |  17|   0|   17|          0|
    |h_state_7                                            |  17|   0|   17|          0|
    |h_state_8                                            |  17|   0|   17|          0|
    |h_state_9                                            |  17|   0|   17|          0|
    |icmp_ln211_reg_3692                                  |   1|   0|    1|          0|
    |icmp_ln238_10_reg_4099                               |   1|   0|    1|          0|
    |icmp_ln238_11_reg_4112                               |   1|   0|    1|          0|
    |icmp_ln238_1_reg_4059                                |   1|   0|    1|          0|
    |icmp_ln238_2_reg_4122                                |   1|   0|    1|          0|
    |icmp_ln238_4_reg_4079                                |   1|   0|    1|          0|
    |icmp_ln238_7_reg_4089                                |   1|   0|    1|          0|
    |icmp_ln238_9_reg_4139                                |   1|   0|    1|          0|
    |icmp_ln238_reg_4046                                  |   1|   0|    1|          0|
    |icmp_ln352_3_reg_4454                                |   1|   0|    1|          0|
    |icmp_ln352_reg_4414                                  |   1|   0|    1|          0|
    |icmp_ln359_reg_3996                                  |   1|   0|    1|          0|
    |lD_0_i_reg_4152                                      |   1|   0|    1|          0|
    |lshr_ln238_1_reg_4165                                |  54|   0|   54|          0|
    |lshr_ln238_reg_4159                                  |  54|   0|   54|          0|
    |lshr_ln352_reg_4459                                  |  64|   0|   64|          0|
    |n_fu_594                                             |  31|   0|   31|          0|
    |n_samples_read_reg_3680                              |  32|   0|   32|          0|
    |not_icmp_ln238_10370_reg_4399                        |   1|   0|    1|          0|
    |or_ln352_reg_4449                                    |   1|   0|    1|          0|
    |ref_tmp_i_i_reg_4370                                 |  17|   0|   17|          0|
    |select_ln238_1_reg_4065                              |  11|   0|   11|          0|
    |select_ln238_2_reg_4128                              |  17|   0|   17|          0|
    |select_ln238_reg_4039                                |  54|   0|   54|          0|
    |select_ln352_reg_4424                                |  32|   0|   32|          0|
    |shl_ln352_reg_4464                                   |  64|   0|   64|          0|
    |sub_ln238_1_reg_4052                                 |  12|   0|   12|          0|
    |sub_ln238_3_reg_4094                                 |   6|   0|    6|          0|
    |sub_ln352_1_reg_4437                                 |   6|   0|    6|          0|
    |sub_ln352_4_reg_4444                                 |   5|   0|    5|          0|
    |tmp_335_reg_4084                                     |   1|   0|    1|          0|
    |tmp_339_reg_4381                                     |   1|   0|    1|          0|
    |tmp_340_reg_4106                                     |   1|   0|    1|          0|
    |tmp_344_reg_4419                                     |   1|   0|    1|          0|
    |tmp_reg_4014                                         |   1|   0|    1|          0|
    |tmp_s_reg_4024                                       |  11|   0|   11|          0|
    |tobool_i_reg_4117                                    |   1|   0|    1|          0|
    |trunc_ln238_1_reg_4029                               |  52|   0|   52|          0|
    |trunc_ln238_5_reg_4073                               |  17|   0|   17|          0|
    |trunc_ln238_reg_4009                                 |  63|   0|   63|          0|
    |trunc_ln352_reg_4432                                 |   6|   0|    6|          0|
    |x_reg_4409                                           |  17|   0|   17|          0|
    |xor_ln218_reg_3983                                   |   1|   0|    1|          0|
    |zext_ln238_reg_4034                                  |  11|   0|   12|          1|
    +-----------------------------------------------------+----+----+-----+-----------+
    |Total                                                |2795|   0| 2796|          1|
    +-----------------------------------------------------+----+----+-----+-----------+



================================================================
== Interface
================================================================
* Summary: 
+----------------------+-----+-----+------------+--------------------+--------------+
|       RTL Ports      | Dir | Bits|  Protocol  |    Source Object   |    C Type    |
+----------------------+-----+-----+------------+--------------------+--------------+
|s_axi_CTRL_AWVALID    |   in|    1|       s_axi|                CTRL|        scalar|
|s_axi_CTRL_AWREADY    |  out|    1|       s_axi|                CTRL|        scalar|
|s_axi_CTRL_AWADDR     |   in|    6|       s_axi|                CTRL|        scalar|
|s_axi_CTRL_WVALID     |   in|    1|       s_axi|                CTRL|        scalar|
|s_axi_CTRL_WREADY     |  out|    1|       s_axi|                CTRL|        scalar|
|s_axi_CTRL_WDATA      |   in|   32|       s_axi|                CTRL|        scalar|
|s_axi_CTRL_WSTRB      |   in|    4|       s_axi|                CTRL|        scalar|
|s_axi_CTRL_ARVALID    |   in|    1|       s_axi|                CTRL|        scalar|
|s_axi_CTRL_ARREADY    |  out|    1|       s_axi|                CTRL|        scalar|
|s_axi_CTRL_ARADDR     |   in|    6|       s_axi|                CTRL|        scalar|
|s_axi_CTRL_RVALID     |  out|    1|       s_axi|                CTRL|        scalar|
|s_axi_CTRL_RREADY     |   in|    1|       s_axi|                CTRL|        scalar|
|s_axi_CTRL_RDATA      |  out|   32|       s_axi|                CTRL|        scalar|
|s_axi_CTRL_RRESP      |  out|    2|       s_axi|                CTRL|        scalar|
|s_axi_CTRL_BVALID     |  out|    1|       s_axi|                CTRL|        scalar|
|s_axi_CTRL_BREADY     |   in|    1|       s_axi|                CTRL|        scalar|
|s_axi_CTRL_BRESP      |  out|    2|       s_axi|                CTRL|        scalar|
|ap_clk                |   in|    1|  ap_ctrl_hs|              gru_va|  return value|
|ap_rst_n              |   in|    1|  ap_ctrl_hs|              gru_va|  return value|
|interrupt             |  out|    1|  ap_ctrl_hs|              gru_va|  return value|
|m_axi_gmem0_AWVALID   |  out|    1|       m_axi|               gmem0|       pointer|
|m_axi_gmem0_AWREADY   |   in|    1|       m_axi|               gmem0|       pointer|
|m_axi_gmem0_AWADDR    |  out|   64|       m_axi|               gmem0|       pointer|
|m_axi_gmem0_AWID      |  out|    1|       m_axi|               gmem0|       pointer|
|m_axi_gmem0_AWLEN     |  out|    8|       m_axi|               gmem0|       pointer|
|m_axi_gmem0_AWSIZE    |  out|    3|       m_axi|               gmem0|       pointer|
|m_axi_gmem0_AWBURST   |  out|    2|       m_axi|               gmem0|       pointer|
|m_axi_gmem0_AWLOCK    |  out|    2|       m_axi|               gmem0|       pointer|
|m_axi_gmem0_AWCACHE   |  out|    4|       m_axi|               gmem0|       pointer|
|m_axi_gmem0_AWPROT    |  out|    3|       m_axi|               gmem0|       pointer|
|m_axi_gmem0_AWQOS     |  out|    4|       m_axi|               gmem0|       pointer|
|m_axi_gmem0_AWREGION  |  out|    4|       m_axi|               gmem0|       pointer|
|m_axi_gmem0_AWUSER    |  out|    1|       m_axi|               gmem0|       pointer|
|m_axi_gmem0_WVALID    |  out|    1|       m_axi|               gmem0|       pointer|
|m_axi_gmem0_WREADY    |   in|    1|       m_axi|               gmem0|       pointer|
|m_axi_gmem0_WDATA     |  out|   32|       m_axi|               gmem0|       pointer|
|m_axi_gmem0_WSTRB     |  out|    4|       m_axi|               gmem0|       pointer|
|m_axi_gmem0_WLAST     |  out|    1|       m_axi|               gmem0|       pointer|
|m_axi_gmem0_WID       |  out|    1|       m_axi|               gmem0|       pointer|
|m_axi_gmem0_WUSER     |  out|    1|       m_axi|               gmem0|       pointer|
|m_axi_gmem0_ARVALID   |  out|    1|       m_axi|               gmem0|       pointer|
|m_axi_gmem0_ARREADY   |   in|    1|       m_axi|               gmem0|       pointer|
|m_axi_gmem0_ARADDR    |  out|   64|       m_axi|               gmem0|       pointer|
|m_axi_gmem0_ARID      |  out|    1|       m_axi|               gmem0|       pointer|
|m_axi_gmem0_ARLEN     |  out|    8|       m_axi|               gmem0|       pointer|
|m_axi_gmem0_ARSIZE    |  out|    3|       m_axi|               gmem0|       pointer|
|m_axi_gmem0_ARBURST   |  out|    2|       m_axi|               gmem0|       pointer|
|m_axi_gmem0_ARLOCK    |  out|    2|       m_axi|               gmem0|       pointer|
|m_axi_gmem0_ARCACHE   |  out|    4|       m_axi|               gmem0|       pointer|
|m_axi_gmem0_ARPROT    |  out|    3|       m_axi|               gmem0|       pointer|
|m_axi_gmem0_ARQOS     |  out|    4|       m_axi|               gmem0|       pointer|
|m_axi_gmem0_ARREGION  |  out|    4|       m_axi|               gmem0|       pointer|
|m_axi_gmem0_ARUSER    |  out|    1|       m_axi|               gmem0|       pointer|
|m_axi_gmem0_RVALID    |   in|    1|       m_axi|               gmem0|       pointer|
|m_axi_gmem0_RREADY    |  out|    1|       m_axi|               gmem0|       pointer|
|m_axi_gmem0_RDATA     |   in|   32|       m_axi|               gmem0|       pointer|
|m_axi_gmem0_RLAST     |   in|    1|       m_axi|               gmem0|       pointer|
|m_axi_gmem0_RID       |   in|    1|       m_axi|               gmem0|       pointer|
|m_axi_gmem0_RUSER     |   in|    1|       m_axi|               gmem0|       pointer|
|m_axi_gmem0_RRESP     |   in|    2|       m_axi|               gmem0|       pointer|
|m_axi_gmem0_BVALID    |   in|    1|       m_axi|               gmem0|       pointer|
|m_axi_gmem0_BREADY    |  out|    1|       m_axi|               gmem0|       pointer|
|m_axi_gmem0_BRESP     |   in|    2|       m_axi|               gmem0|       pointer|
|m_axi_gmem0_BID       |   in|    1|       m_axi|               gmem0|       pointer|
|m_axi_gmem0_BUSER     |   in|    1|       m_axi|               gmem0|       pointer|
|audio_in_TDATA        |   in|   32|        axis|   audio_in_V_data_V|       pointer|
|audio_in_TVALID       |   in|    1|        axis|   audio_in_V_last_V|       pointer|
|audio_in_TREADY       |  out|    1|        axis|   audio_in_V_last_V|       pointer|
|audio_in_TLAST        |   in|    1|        axis|   audio_in_V_last_V|       pointer|
|audio_in_TKEEP        |   in|    4|        axis|   audio_in_V_keep_V|       pointer|
|audio_in_TSTRB        |   in|    4|        axis|   audio_in_V_strb_V|       pointer|
|audio_out_TDATA       |  out|   32|        axis|  audio_out_V_data_V|       pointer|
|audio_out_TVALID      |  out|    1|        axis|  audio_out_V_last_V|       pointer|
|audio_out_TREADY      |   in|    1|        axis|  audio_out_V_last_V|       pointer|
|audio_out_TLAST       |  out|    1|        axis|  audio_out_V_last_V|       pointer|
|audio_out_TKEEP       |  out|    4|        axis|  audio_out_V_keep_V|       pointer|
|audio_out_TSTRB       |  out|    4|        axis|  audio_out_V_strb_V|       pointer|
+----------------------+-----+-----+------------+--------------------+--------------+

