

================================================================
== Vitis HLS Report for 'gru_va'
================================================================
* Date:           Sat Aug  8 17:07:39 2026

* Version:        2025.2 (Build 6295257 on Nov 14 2025)
* Project:        b_fl_max
* Solution:       sol_fl_max_w11 (Vivado IP Flow Target)
* Product family: zynq
* Target device:  xc7z020-clg400-1


================================================================
== Performance Estimates
================================================================
+ Timing: 
    * Summary: 
    +--------+----------+----------+------------+
    |  Clock |  Target  | Estimated| Uncertainty|
    +--------+----------+----------+------------+
    |ap_clk  |  10.00 ns|  7.219 ns|     2.70 ns|
    +--------+----------+----------+------------+

+ Latency: 
    * Summary: 
    +---------+---------+----------+----------+-----+-----+---------+
    |  Latency (cycles) |  Latency (absolute) |  Interval | Pipeline|
    |   min   |   max   |    min   |    max   | min | max |   Type  |
    +---------+---------+----------+----------+-----+-----+---------+
    |        ?|        ?|         ?|         ?|    ?|    ?|       no|
    +---------+---------+----------+----------+-----+-----+---------+

    + Detail: 
        * Instance: 
        +----------------------------------------+-----------------------------+---------+---------+----------+----------+-----+-----+-------------------+
        |                                        |                             |  Latency (cycles) |  Latency (absolute) |  Interval |      Pipeline     |
        |                Instance                |            Module           |   min   |   max   |    min   |    max   | min | max |        Type       |
        +----------------------------------------+-----------------------------+---------+---------+----------+----------+-----+-----+-------------------+
        |grp_gru_va_Pipeline_HIDDEN_LOOP_fu_802  |gru_va_Pipeline_HIDDEN_LOOP  |      129|      129|  1.290 us|  1.290 us|    0|    0|  loop pipeline stp|
        +----------------------------------------+-----------------------------+---------+---------+----------+----------+-----+-----+-------------------+

        * Loop: 
        +---------------+---------+---------+----------+-----------+-----------+------+----------+
        |               |  Latency (cycles) | Iteration|  Initiation Interval  | Trip |          |
        |   Loop Name   |   min   |   max   |  Latency |  achieved |   target  | Count| Pipelined|
        +---------------+---------+---------+----------+-----------+-----------+------+----------+
        |- SAMPLE_LOOP  |        ?|        ?|       143|          -|          -|     ?|        no|
        +---------------+---------+---------+----------+-----------+-----------+------+----------+



================================================================
== Utilization Estimates
================================================================
* Summary: 
+-----------------+---------+-----+--------+-------+-----+
|       Name      | BRAM_18K| DSP |   FF   |  LUT  | URAM|
+-----------------+---------+-----+--------+-------+-----+
|DSP              |        -|    -|       -|      -|    -|
|Expression       |        -|    -|       0|   3744|    -|
|FIFO             |        -|    -|       -|      -|    -|
|Instance         |        4|   72|   17211|  27923|    -|
|Memory           |        -|    -|       -|      -|    -|
|Multiplexer      |        -|    -|       0|    452|    -|
|Register         |        -|    -|    2059|      -|    -|
+-----------------+---------+-----+--------+-------+-----+
|Total            |        4|   72|   19270|  32119|    0|
+-----------------+---------+-----+--------+-------+-----+
|Available        |      280|  220|  106400|  53200|    0|
+-----------------+---------+-----+--------+-------+-----+
|Utilization (%)  |        1|   32|      18|     60|    0|
+-----------------+---------+-----+--------+-------+-----+

+ Detail: 
    * Instance: 
    +----------------------------------------+------------------------------+---------+----+-------+-------+-----+
    |                Instance                |            Module            | BRAM_18K| DSP|   FF  |  LUT  | URAM|
    +----------------------------------------+------------------------------+---------+----+-------+-------+-----+
    |CTRL_s_axi_U                            |CTRL_s_axi                    |        0|   0|    220|    360|    0|
    |bitselect_1ns_32ns_5ns_1_1_1_U258       |bitselect_1ns_32ns_5ns_1_1_1  |        0|   0|      0|      9|    0|
    |bitselect_1ns_54ns_6ns_1_1_1_U252       |bitselect_1ns_54ns_6ns_1_1_1  |        0|   0|      0|     17|    0|
    |bitselect_1ns_54ns_6ns_1_1_1_U253       |bitselect_1ns_54ns_6ns_1_1_1  |        0|   0|      0|     17|    0|
    |ctlz_32_32_1_1_U257                     |ctlz_32_32_1_1                |        0|   0|      0|     44|    0|
    |fpext_32ns_64_2_no_dsp_1_U251           |fpext_32ns_64_2_no_dsp_1      |        0|   0|      0|      0|    0|
    |grp_gru_va_Pipeline_HIDDEN_LOOP_fu_802  |gru_va_Pipeline_HIDDEN_LOOP   |        4|  72|  16991|  27449|    0|
    |sparsemux_7_2_11_1_1_U254               |sparsemux_7_2_11_1_1          |        0|   0|      0|      9|    0|
    |sparsemux_7_2_11_1_1_U256               |sparsemux_7_2_11_1_1          |        0|   0|      0|      9|    0|
    |sparsemux_7_2_1_1_1_U255                |sparsemux_7_2_1_1_1           |        0|   0|      0|      9|    0|
    +----------------------------------------+------------------------------+---------+----+-------+-------+-----+
    |Total                                   |                              |        4|  72|  17211|  27923|    0|
    +----------------------------------------+------------------------------+---------+----+-------+-------+-----+

    * DSP: 
    N/A

    * Memory: 
    N/A

    * FIFO: 
    N/A

    * Expression: 
    +---------------------------------+----------+----+---+-----+------------+------------+
    |          Variable Name          | Operation| DSP| FF| LUT | Bitwidth P0| Bitwidth P1|
    +---------------------------------+----------+----+---+-----+------------+------------+
    |add_ln238_1_fu_2669_p2           |         +|   0|  0|   12|          12|           5|
    |add_ln238_3_fu_2717_p2           |         +|   0|  0|   12|          12|           5|
    |add_ln238_4_fu_2962_p2           |         +|   0|  0|   12|          11|          11|
    |add_ln238_5_fu_2902_p2           |         +|   0|  0|   12|          12|          12|
    |add_ln238_6_fu_2739_p2           |         +|   0|  0|   12|          12|           2|
    |add_ln238_7_fu_2924_p2           |         +|   0|  0|   12|          12|           2|
    |add_ln238_fu_2777_p2             |         +|   0|  0|   12|          12|          11|
    |add_ln344_fu_3332_p2             |         +|   0|  0|   40|          33|          17|
    |add_ln352_1_fu_3540_p2           |         +|   0|  0|   14|           6|           6|
    |add_ln352_2_fu_3586_p2           |         +|   0|  0|   71|          64|          64|
    |add_ln352_3_fu_3631_p2           |         +|   0|  0|   15|           8|           8|
    |add_ln352_fu_3447_p2             |         +|   0|  0|   14|           6|           6|
    |add_ln359_fu_1771_p2             |         +|   0|  0|   39|          32|           2|
    |n_2_fu_1994_p2                   |         +|   0|  0|   38|          31|           1|
    |tmp_326_fu_2709_p2               |         +|   0|  0|   14|           6|           5|
    |sub_ln238_1_fu_2649_p2           |         -|   0|  0|   12|          11|          12|
    |sub_ln238_2_fu_2679_p2           |         -|   0|  0|   12|           4|          11|
    |sub_ln238_3_fu_2733_p2           |         -|   0|  0|   14|           5|           6|
    |sub_ln238_fu_2631_p2             |         -|   0|  0|   61|           1|          54|
    |sub_ln352_1_fu_3431_p2           |         -|   0|  0|   14|           7|           6|
    |sub_ln352_2_fu_3559_p2           |         -|   0|  0|   14|           5|           6|
    |sub_ln352_3_fu_3622_p2           |         -|   0|  0|   14|           4|           6|
    |sub_ln352_4_fu_3441_p2           |         -|   0|  0|   13|           4|           5|
    |sub_ln352_fu_3406_p2             |         -|   0|  0|   39|           1|          32|
    |pi_assign_fu_3644_p5             |      1003|   0|  0|    2|          64|           9|
    |and_ln238_10_fu_3266_p2          |       and|   0|  0|    2|           1|           1|
    |and_ln238_11_fu_3016_p2          |       and|   0|  0|    2|           1|           1|
    |and_ln238_12_fu_3194_p2          |       and|   0|  0|    2|           1|           1|
    |and_ln238_13_fu_3232_p2          |       and|   0|  0|    2|           1|           1|
    |and_ln238_14_fu_3287_p2          |       and|   0|  0|    2|           1|           1|
    |and_ln238_15_fu_3293_p2          |       and|   0|  0|    2|           1|           1|
    |and_ln238_16_fu_2862_p2          |       and|   0|  0|   54|          54|          54|
    |and_ln238_1_fu_2986_p2           |       and|   0|  0|    2|           1|           1|
    |and_ln238_3_fu_3081_p2           |       and|   0|  0|    2|           1|           1|
    |and_ln238_4_fu_3087_p2           |       and|   0|  0|    2|           1|           1|
    |and_ln238_5_fu_3102_p2           |       and|   0|  0|    2|           1|           1|
    |and_ln238_6_fu_3157_p2           |       and|   0|  0|    2|           1|           1|
    |and_ln238_7_fu_3171_p2           |       and|   0|  0|    2|           1|           1|
    |and_ln238_8_fu_3248_p2           |       and|   0|  0|    2|           1|           1|
    |and_ln238_9_fu_3254_p2           |       and|   0|  0|    2|           1|           1|
    |and_ln238_fu_2889_p2             |       and|   0|  0|    2|           1|           1|
    |and_ln344_fu_3364_p2             |       and|   0|  0|    2|           1|           1|
    |and_ln352_1_fu_3481_p2           |       and|   0|  0|   32|          32|          32|
    |and_ln352_fu_3519_p2             |       and|   0|  0|    2|           1|           1|
    |carry_1_i_fu_3022_p2             |       and|   0|  0|    2|           1|           1|
    |cond85_i_fu_2873_p2              |       and|   0|  0|    2|           1|           1|
    |lD_0_i_fu_2929_p2                |       and|   0|  0|    2|           1|           1|
    |neg_src_0_i_fu_3206_p2           |       and|   0|  0|    2|           1|           1|
    |phi_ln352_fu_3492_p2             |       and|   0|  0|    2|           1|           1|
    |ashr_ln238_fu_2802_p2            |      ashr|   0|  0|  161|          54|          54|
    |icmp_ln211_fu_1273_p2            |      icmp|   0|  0|   39|          32|           1|
    |icmp_ln218_fu_1279_p2            |      icmp|   0|  0|   39|          32|           1|
    |icmp_ln229_1_fu_2010_p2          |      icmp|   0|  0|   39|          32|           1|
    |icmp_ln229_fu_1989_p2            |      icmp|   0|  0|   39|          32|          32|
    |icmp_ln238_10_fu_2749_p2         |      icmp|   0|  0|   12|          12|           6|
    |icmp_ln238_11_fu_2763_p2         |      icmp|   0|  0|   12|          12|           6|
    |icmp_ln238_12_fu_3041_p2         |      icmp|   0|  0|   12|          12|           6|
    |icmp_ln238_13_fu_3046_p2         |      icmp|   0|  0|   12|          12|           6|
    |icmp_ln238_14_fu_3056_p2         |      icmp|   0|  0|   61|          54|          54|
    |icmp_ln238_15_fu_3097_p2         |      icmp|   0|  0|   61|          54|           1|
    |icmp_ln238_16_fu_3108_p2         |      icmp|   0|  0|   12|          12|           6|
    |icmp_ln238_1_fu_2663_p2          |      icmp|   0|  0|   12|          12|           4|
    |icmp_ln238_2_fu_2782_p2          |      icmp|   0|  0|   12|          12|           4|
    |icmp_ln238_3_fu_2787_p2          |      icmp|   0|  0|   12|          11|           6|
    |icmp_ln238_4_fu_2697_p2          |      icmp|   0|  0|   12|          12|           6|
    |icmp_ln238_5_fu_2819_p2          |      icmp|   0|  0|   12|          11|           4|
    |icmp_ln238_6_fu_2841_p2          |      icmp|   0|  0|   12|          12|           4|
    |icmp_ln238_7_fu_2727_p2          |      icmp|   0|  0|   12|          12|           6|
    |icmp_ln238_8_fu_2867_p2          |      icmp|   0|  0|   61|          54|           1|
    |icmp_ln238_9_fu_2918_p2          |      icmp|   0|  0|   12|          11|           1|
    |icmp_ln238_fu_2644_p2            |      icmp|   0|  0|   70|          63|           1|
    |icmp_ln352_1_fu_3466_p2          |      icmp|   0|  0|   13|           5|           1|
    |icmp_ln352_2_fu_3486_p2          |      icmp|   0|  0|   39|          32|           1|
    |icmp_ln352_3_fu_3534_p2          |      icmp|   0|  0|   14|           6|           1|
    |icmp_ln352_fu_3392_p2            |      icmp|   0|  0|   39|          32|           1|
    |icmp_ln359_fu_2000_p2            |      icmp|   0|  0|   39|          32|          32|
    |lshr_ln238_1_fu_2946_p2          |      lshr|   0|  0|  161|           2|          54|
    |lshr_ln238_2_fu_2856_p2          |      lshr|   0|  0|  161|           2|          54|
    |lshr_ln238_fu_2941_p2            |      lshr|   0|  0|  161|          54|          54|
    |lshr_ln352_2_fu_3475_p2          |      lshr|   0|  0|  100|           2|          32|
    |lshr_ln352_fu_3553_p2            |      lshr|   0|  0|  182|          64|          64|
    |deleted_ones_0_i_fu_3188_p2      |        or|   0|  0|    2|           1|           1|
    |or_ln229_fu_2015_p2              |        or|   0|  0|    2|           1|           1|
    |or_ln238_1_fu_3152_p2            |        or|   0|  0|    2|           1|           1|
    |or_ln238_2_fu_3237_p2            |        or|   0|  0|    2|           1|           1|
    |or_ln238_3_fu_3270_p2            |        or|   0|  0|    2|           1|           1|
    |or_ln238_fu_2883_p2              |        or|   0|  0|    2|           1|           1|
    |or_ln352_fu_3525_p2              |        or|   0|  0|    2|           1|           1|
    |Range1_all_ones_2_i_fu_3128_p3   |    select|   0|  0|    2|           1|           1|
    |Range1_all_zeros_2_i_fu_3136_p3  |    select|   0|  0|    2|           1|           1|
    |Range2_all_ones_1_i_fu_3073_p3   |    select|   0|  0|    2|           1|           1|
    |cond190_i_fu_3163_p3             |    select|   0|  0|    2|           1|           1|
    |cond45_i_i_fu_3578_p3            |    select|   0|  0|   64|           1|          64|
    |cond63_i_fu_2836_p3              |    select|   0|  0|    2|           1|           1|
    |empty_41_fu_3660_p3              |    select|   0|  0|   32|           1|           1|
    |select_ln218_10_fu_1531_p3       |    select|   0|  0|   11|           1|          11|
    |select_ln218_11_fu_1539_p3       |    select|   0|  0|   11|           1|          11|
    |select_ln218_12_fu_1547_p3       |    select|   0|  0|   11|           1|          11|
    |select_ln218_13_fu_1555_p3       |    select|   0|  0|   11|           1|          11|
    |select_ln218_14_fu_1563_p3       |    select|   0|  0|   11|           1|          11|
    |select_ln218_15_fu_1571_p3       |    select|   0|  0|   11|           1|          11|
    |select_ln218_16_fu_1579_p3       |    select|   0|  0|   11|           1|          11|
    |select_ln218_17_fu_1587_p3       |    select|   0|  0|   11|           1|          11|
    |select_ln218_18_fu_1595_p3       |    select|   0|  0|   11|           1|          11|
    |select_ln218_19_fu_1603_p3       |    select|   0|  0|   11|           1|          11|
    |select_ln218_1_fu_1459_p3        |    select|   0|  0|   11|           1|          11|
    |select_ln218_20_fu_1611_p3       |    select|   0|  0|   11|           1|          11|
    |select_ln218_21_fu_1619_p3       |    select|   0|  0|   11|           1|          11|
    |select_ln218_22_fu_1627_p3       |    select|   0|  0|   11|           1|          11|
    |select_ln218_23_fu_1635_p3       |    select|   0|  0|   11|           1|          11|
    |select_ln218_24_fu_1643_p3       |    select|   0|  0|   11|           1|          11|
    |select_ln218_25_fu_1651_p3       |    select|   0|  0|   11|           1|          11|
    |select_ln218_26_fu_1659_p3       |    select|   0|  0|   11|           1|          11|
    |select_ln218_27_fu_1667_p3       |    select|   0|  0|   11|           1|          11|
    |select_ln218_28_fu_1675_p3       |    select|   0|  0|   11|           1|          11|
    |select_ln218_29_fu_1683_p3       |    select|   0|  0|   11|           1|          11|
    |select_ln218_2_fu_1467_p3        |    select|   0|  0|   11|           1|          11|
    |select_ln218_30_fu_1691_p3       |    select|   0|  0|   11|           1|          11|
    |select_ln218_31_fu_1699_p3       |    select|   0|  0|   11|           1|          11|
    |select_ln218_32_fu_1707_p3       |    select|   0|  0|   11|           1|          11|
    |select_ln218_33_fu_1715_p3       |    select|   0|  0|   11|           1|          11|
    |select_ln218_34_fu_1723_p3       |    select|   0|  0|   11|           1|          11|
    |select_ln218_35_fu_1731_p3       |    select|   0|  0|   11|           1|          11|
    |select_ln218_36_fu_1739_p3       |    select|   0|  0|   11|           1|          11|
    |select_ln218_37_fu_1747_p3       |    select|   0|  0|   11|           1|          11|
    |select_ln218_38_fu_1755_p3       |    select|   0|  0|   11|           1|          11|
    |select_ln218_39_fu_1763_p3       |    select|   0|  0|   11|           1|          11|
    |select_ln218_3_fu_1475_p3        |    select|   0|  0|   11|           1|          11|
    |select_ln218_4_fu_1483_p3        |    select|   0|  0|   11|           1|          11|
    |select_ln218_5_fu_1491_p3        |    select|   0|  0|   11|           1|          11|
    |select_ln218_6_fu_1499_p3        |    select|   0|  0|   11|           1|          11|
    |select_ln218_7_fu_1507_p3        |    select|   0|  0|   11|           1|          11|
    |select_ln218_8_fu_1515_p3        |    select|   0|  0|   11|           1|          11|
    |select_ln218_9_fu_1523_p3        |    select|   0|  0|   11|           1|          11|
    |select_ln218_fu_1451_p3          |    select|   0|  0|   11|           1|          11|
    |select_ln229_10_fu_2100_p3       |    select|   0|  0|   11|           1|          11|
    |select_ln229_11_fu_2108_p3       |    select|   0|  0|   11|           1|          11|
    |select_ln229_12_fu_2116_p3       |    select|   0|  0|   11|           1|          11|
    |select_ln229_13_fu_2124_p3       |    select|   0|  0|   11|           1|          11|
    |select_ln229_14_fu_2132_p3       |    select|   0|  0|   11|           1|          11|
    |select_ln229_15_fu_2140_p3       |    select|   0|  0|   11|           1|          11|
    |select_ln229_16_fu_2148_p3       |    select|   0|  0|   11|           1|          11|
    |select_ln229_17_fu_2156_p3       |    select|   0|  0|   11|           1|          11|
    |select_ln229_18_fu_2164_p3       |    select|   0|  0|   11|           1|          11|
    |select_ln229_19_fu_2172_p3       |    select|   0|  0|   11|           1|          11|
    |select_ln229_1_fu_2028_p3        |    select|   0|  0|   11|           1|          11|
    |select_ln229_20_fu_2180_p3       |    select|   0|  0|   11|           1|          11|
    |select_ln229_21_fu_2188_p3       |    select|   0|  0|   11|           1|          11|
    |select_ln229_22_fu_2196_p3       |    select|   0|  0|   11|           1|          11|
    |select_ln229_23_fu_2204_p3       |    select|   0|  0|   11|           1|          11|
    |select_ln229_24_fu_2212_p3       |    select|   0|  0|   11|           1|          11|
    |select_ln229_25_fu_2220_p3       |    select|   0|  0|   11|           1|          11|
    |select_ln229_26_fu_2228_p3       |    select|   0|  0|   11|           1|          11|
    |select_ln229_27_fu_2236_p3       |    select|   0|  0|   11|           1|          11|
    |select_ln229_28_fu_2244_p3       |    select|   0|  0|   11|           1|          11|
    |select_ln229_29_fu_2252_p3       |    select|   0|  0|   11|           1|          11|
    |select_ln229_2_fu_2036_p3        |    select|   0|  0|   11|           1|          11|
    |select_ln229_30_fu_2260_p3       |    select|   0|  0|   11|           1|          11|
    |select_ln229_31_fu_2268_p3       |    select|   0|  0|   11|           1|          11|
    |select_ln229_32_fu_2276_p3       |    select|   0|  0|   11|           1|          11|
    |select_ln229_33_fu_2284_p3       |    select|   0|  0|   11|           1|          11|
    |select_ln229_34_fu_2292_p3       |    select|   0|  0|   11|           1|          11|
    |select_ln229_35_fu_2300_p3       |    select|   0|  0|   11|           1|          11|
    |select_ln229_36_fu_2308_p3       |    select|   0|  0|   11|           1|          11|
    |select_ln229_37_fu_2316_p3       |    select|   0|  0|   11|           1|          11|
    |select_ln229_38_fu_2324_p3       |    select|   0|  0|   11|           1|          11|
    |select_ln229_39_fu_2332_p3       |    select|   0|  0|   11|           1|          11|
    |select_ln229_3_fu_2044_p3        |    select|   0|  0|   11|           1|          11|
    |select_ln229_4_fu_2052_p3        |    select|   0|  0|   11|           1|          11|
    |select_ln229_5_fu_2060_p3        |    select|   0|  0|   11|           1|          11|
    |select_ln229_6_fu_2068_p3        |    select|   0|  0|   11|           1|          11|
    |select_ln229_7_fu_2076_p3        |    select|   0|  0|   11|           1|          11|
    |select_ln229_8_fu_2084_p3        |    select|   0|  0|   11|           1|          11|
    |select_ln229_9_fu_2092_p3        |    select|   0|  0|   11|           1|          11|
    |select_ln229_fu_2020_p3          |    select|   0|  0|   11|           1|          11|
    |select_ln238_10_fu_2895_p3       |    select|   0|  0|    2|           1|           2|
    |select_ln238_1_fu_2685_p3        |    select|   0|  0|   11|           1|          11|
    |select_ln238_2_fu_2811_p3        |    select|   0|  0|   11|           1|          11|
    |select_ln238_3_fu_2828_p3        |    select|   0|  0|   11|           1|          11|
    |select_ln238_4_fu_2792_p3        |    select|   0|  0|    2|           1|           2|
    |select_ln238_5_fu_3144_p3        |    select|   0|  0|    2|           1|           1|
    |select_ln238_7_fu_3113_p3        |    select|   0|  0|    2|           1|           1|
    |select_ln238_8_fu_3120_p3        |    select|   0|  0|    2|           1|           1|
    |select_ln238_9_fu_2846_p3        |    select|   0|  0|    6|           1|           1|
    |select_ln238_fu_2637_p3          |    select|   0|  0|   54|           1|          54|
    |select_ln344_fu_3376_p3          |    select|   0|  0|   33|           1|          31|
    |select_ln352_1_fu_3614_p3        |    select|   0|  0|    7|           1|           7|
    |select_ln352_fu_3412_p3          |    select|   0|  0|   32|           1|          32|
    |x_fu_3305_p4                     |    select|   0|  0|   12|           1|          10|
    |y_9_fu_3384_p3                   |    select|   0|  0|   32|           1|          32|
    |shl_ln238_fu_2824_p2             |       shl|   0|  0|   24|          11|          11|
    |shl_ln352_fu_3572_p2             |       shl|   0|  0|  182|          64|          64|
    |neg_src_0_i_fu_3206_p4           |       xor|   0|  0|    2|           2|           1|
    |not_icmp_ln238_10362_fu_3183_p2  |       xor|   0|  0|    2|           1|           2|
    |xor_ln218_fu_1445_p2             |       xor|   0|  0|    2|           1|           2|
    |xor_ln238_1_fu_3092_p2           |       xor|   0|  0|    2|           1|           2|
    |xor_ln238_2_fu_2981_p2           |       xor|   0|  0|    2|           1|           2|
    |xor_ln238_4_fu_3226_p2           |       xor|   0|  0|    2|           1|           2|
    |xor_ln238_5_fu_3243_p2           |       xor|   0|  0|    2|           1|           2|
    |xor_ln238_6_fu_3260_p2           |       xor|   0|  0|    2|           2|           1|
    |xor_ln238_7_fu_3282_p2           |       xor|   0|  0|    2|           1|           2|
    |xor_ln238_8_fu_3036_p2           |       xor|   0|  0|    2|           1|           2|
    |xor_ln238_9_fu_3067_p2           |       xor|   0|  0|    2|           1|           2|
    |xor_ln238_fu_2975_p2             |       xor|   0|  0|    2|           1|           2|
    |xor_ln344_1_fu_3370_p2           |       xor|   0|  0|    2|           1|           1|
    |xor_ln344_fu_3358_p2             |       xor|   0|  0|    2|           1|           2|
    |xor_ln352_fu_3506_p2             |       xor|   0|  0|    2|           1|           2|
    +---------------------------------+----------+----+---+-----+------------+------------+
    |Total                            |          |   0|  0| 3744|        1475|        2183|
    +---------------------------------+----------+----+---+-----+------------+------------+

    * Multiplexer: 
    +----------------------------+----+-----------+-----+-----------+
    |            Name            | LUT| Input Size| Bits| Total Bits|
    +----------------------------+----+-----------+-----+-----------+
    |ap_NS_fsm                   |  65|         16|    1|         16|
    |audio_in_TDATA_blk_n        |   9|          2|    1|          2|
    |audio_out_TDATA_blk_n       |   9|          2|    1|          2|
    |h_new_0_1_lcssa120_fu_594   |   9|          2|   11|         22|
    |h_new_10_1_lcssa130_fu_634  |   9|          2|   11|         22|
    |h_new_11_1_lcssa131_fu_638  |   9|          2|   11|         22|
    |h_new_12_1_lcssa132_fu_642  |   9|          2|   11|         22|
    |h_new_13_1_lcssa133_fu_646  |   9|          2|   11|         22|
    |h_new_14_1_lcssa134_fu_650  |   9|          2|   11|         22|
    |h_new_15_1_lcssa135_fu_654  |   9|          2|   11|         22|
    |h_new_16_1_lcssa136_fu_658  |   9|          2|   11|         22|
    |h_new_17_1_lcssa137_fu_662  |   9|          2|   11|         22|
    |h_new_18_1_lcssa138_fu_666  |   9|          2|   11|         22|
    |h_new_19_1_lcssa139_fu_670  |   9|          2|   11|         22|
    |h_new_1_1_lcssa121_fu_598   |   9|          2|   11|         22|
    |h_new_20_1_lcssa140_fu_674  |   9|          2|   11|         22|
    |h_new_21_1_lcssa141_fu_678  |   9|          2|   11|         22|
    |h_new_22_1_lcssa142_fu_682  |   9|          2|   11|         22|
    |h_new_23_1_lcssa143_fu_686  |   9|          2|   11|         22|
    |h_new_24_1_lcssa144_fu_690  |   9|          2|   11|         22|
    |h_new_25_1_lcssa145_fu_694  |   9|          2|   11|         22|
    |h_new_26_1_lcssa146_fu_698  |   9|          2|   11|         22|
    |h_new_27_1_lcssa147_fu_702  |   9|          2|   11|         22|
    |h_new_28_1_lcssa148_fu_706  |   9|          2|   11|         22|
    |h_new_29_1_lcssa149_fu_710  |   9|          2|   11|         22|
    |h_new_2_1_lcssa122_fu_602   |   9|          2|   11|         22|
    |h_new_30_1_lcssa150_fu_714  |   9|          2|   11|         22|
    |h_new_31_1_lcssa151_fu_718  |   9|          2|   11|         22|
    |h_new_32_1_lcssa152_fu_722  |   9|          2|   11|         22|
    |h_new_33_1_lcssa153_fu_726  |   9|          2|   11|         22|
    |h_new_34_1_lcssa154_fu_730  |   9|          2|   11|         22|
    |h_new_35_1_lcssa155_fu_734  |   9|          2|   11|         22|
    |h_new_36_1_lcssa156_fu_738  |   9|          2|   11|         22|
    |h_new_37_1_lcssa157_fu_742  |   9|          2|   11|         22|
    |h_new_38_1_lcssa158_fu_746  |   9|          2|   11|         22|
    |h_new_39_1_lcssa159_fu_750  |   9|          2|   11|         22|
    |h_new_3_1_lcssa123_fu_606   |   9|          2|   11|         22|
    |h_new_4_1_lcssa124_fu_610   |   9|          2|   11|         22|
    |h_new_5_1_lcssa125_fu_614   |   9|          2|   11|         22|
    |h_new_6_1_lcssa126_fu_618   |   9|          2|   11|         22|
    |h_new_7_1_lcssa127_fu_622   |   9|          2|   11|         22|
    |h_new_8_1_lcssa128_fu_626   |   9|          2|   11|         22|
    |h_new_9_1_lcssa129_fu_630   |   9|          2|   11|         22|
    |n_fu_590                    |   9|          2|   31|         62|
    +----------------------------+----+-----------+-----+-----------+
    |Total                       | 452|        102|  474|        962|
    +----------------------------+----+-----------+-----+-----------+

    * Register: 
    +-----------------------------------------------------+----+----+-----+-----------+
    |                         Name                        | FF | LUT| Bits| Const Bits|
    +-----------------------------------------------------+----+----+-----+-----------+
    |add_ln238_7_reg_4136                                 |  12|   0|   12|          0|
    |add_ln359_reg_3975                                   |  32|   0|   32|          0|
    |and_ln238_8_reg_4372                                 |   1|   0|    1|          0|
    |and_ln238_reg_4126                                   |   1|   0|    1|          0|
    |ap_CS_fsm                                            |  15|   0|   15|          0|
    |empty_41_reg_4443                                    |  32|   0|   32|          0|
    |grp_gru_va_Pipeline_HIDDEN_LOOP_fu_802_ap_start_reg  |   1|   0|    1|          0|
    |h_new_0_1_lcssa120_fu_594                            |  11|   0|   11|          0|
    |h_new_0_1_lcssa120_load_reg_4162                     |  11|   0|   11|          0|
    |h_new_10_1_lcssa130_fu_634                           |  11|   0|   11|          0|
    |h_new_10_1_lcssa130_load_reg_4212                    |  11|   0|   11|          0|
    |h_new_11_1_lcssa131_fu_638                           |  11|   0|   11|          0|
    |h_new_11_1_lcssa131_load_reg_4217                    |  11|   0|   11|          0|
    |h_new_12_1_lcssa132_fu_642                           |  11|   0|   11|          0|
    |h_new_12_1_lcssa132_load_reg_4222                    |  11|   0|   11|          0|
    |h_new_13_1_lcssa133_fu_646                           |  11|   0|   11|          0|
    |h_new_13_1_lcssa133_load_reg_4227                    |  11|   0|   11|          0|
    |h_new_14_1_lcssa134_fu_650                           |  11|   0|   11|          0|
    |h_new_14_1_lcssa134_load_reg_4232                    |  11|   0|   11|          0|
    |h_new_15_1_lcssa135_fu_654                           |  11|   0|   11|          0|
    |h_new_15_1_lcssa135_load_reg_4237                    |  11|   0|   11|          0|
    |h_new_16_1_lcssa136_fu_658                           |  11|   0|   11|          0|
    |h_new_16_1_lcssa136_load_reg_4242                    |  11|   0|   11|          0|
    |h_new_17_1_lcssa137_fu_662                           |  11|   0|   11|          0|
    |h_new_17_1_lcssa137_load_reg_4247                    |  11|   0|   11|          0|
    |h_new_18_1_lcssa138_fu_666                           |  11|   0|   11|          0|
    |h_new_18_1_lcssa138_load_reg_4252                    |  11|   0|   11|          0|
    |h_new_19_1_lcssa139_fu_670                           |  11|   0|   11|          0|
    |h_new_19_1_lcssa139_load_reg_4257                    |  11|   0|   11|          0|
    |h_new_1_1_lcssa121_fu_598                            |  11|   0|   11|          0|
    |h_new_1_1_lcssa121_load_reg_4167                     |  11|   0|   11|          0|
    |h_new_20_1_lcssa140_fu_674                           |  11|   0|   11|          0|
    |h_new_20_1_lcssa140_load_reg_4262                    |  11|   0|   11|          0|
    |h_new_21_1_lcssa141_fu_678                           |  11|   0|   11|          0|
    |h_new_21_1_lcssa141_load_reg_4267                    |  11|   0|   11|          0|
    |h_new_22_1_lcssa142_fu_682                           |  11|   0|   11|          0|
    |h_new_22_1_lcssa142_load_reg_4272                    |  11|   0|   11|          0|
    |h_new_23_1_lcssa143_fu_686                           |  11|   0|   11|          0|
    |h_new_23_1_lcssa143_load_reg_4277                    |  11|   0|   11|          0|
    |h_new_24_1_lcssa144_fu_690                           |  11|   0|   11|          0|
    |h_new_24_1_lcssa144_load_reg_4282                    |  11|   0|   11|          0|
    |h_new_25_1_lcssa145_fu_694                           |  11|   0|   11|          0|
    |h_new_25_1_lcssa145_load_reg_4287                    |  11|   0|   11|          0|
    |h_new_26_1_lcssa146_fu_698                           |  11|   0|   11|          0|
    |h_new_26_1_lcssa146_load_reg_4292                    |  11|   0|   11|          0|
    |h_new_27_1_lcssa147_fu_702                           |  11|   0|   11|          0|
    |h_new_27_1_lcssa147_load_reg_4297                    |  11|   0|   11|          0|
    |h_new_28_1_lcssa148_fu_706                           |  11|   0|   11|          0|
    |h_new_28_1_lcssa148_load_reg_4302                    |  11|   0|   11|          0|
    |h_new_29_1_lcssa149_fu_710                           |  11|   0|   11|          0|
    |h_new_29_1_lcssa149_load_reg_4307                    |  11|   0|   11|          0|
    |h_new_2_1_lcssa122_fu_602                            |  11|   0|   11|          0|
    |h_new_2_1_lcssa122_load_reg_4172                     |  11|   0|   11|          0|
    |h_new_30_1_lcssa150_fu_714                           |  11|   0|   11|          0|
    |h_new_30_1_lcssa150_load_reg_4312                    |  11|   0|   11|          0|
    |h_new_31_1_lcssa151_fu_718                           |  11|   0|   11|          0|
    |h_new_31_1_lcssa151_load_reg_4317                    |  11|   0|   11|          0|
    |h_new_32_1_lcssa152_fu_722                           |  11|   0|   11|          0|
    |h_new_32_1_lcssa152_load_reg_4322                    |  11|   0|   11|          0|
    |h_new_33_1_lcssa153_fu_726                           |  11|   0|   11|          0|
    |h_new_33_1_lcssa153_load_reg_4327                    |  11|   0|   11|          0|
    |h_new_34_1_lcssa154_fu_730                           |  11|   0|   11|          0|
    |h_new_34_1_lcssa154_load_reg_4332                    |  11|   0|   11|          0|
    |h_new_35_1_lcssa155_fu_734                           |  11|   0|   11|          0|
    |h_new_35_1_lcssa155_load_reg_4337                    |  11|   0|   11|          0|
    |h_new_36_1_lcssa156_fu_738                           |  11|   0|   11|          0|
    |h_new_36_1_lcssa156_load_reg_4342                    |  11|   0|   11|          0|
    |h_new_37_1_lcssa157_fu_742                           |  11|   0|   11|          0|
    |h_new_37_1_lcssa157_load_reg_4347                    |  11|   0|   11|          0|
    |h_new_38_1_lcssa158_fu_746                           |  11|   0|   11|          0|
    |h_new_38_1_lcssa158_load_reg_4352                    |  11|   0|   11|          0|
    |h_new_39_1_lcssa159_fu_750                           |  11|   0|   11|          0|
    |h_new_39_1_lcssa159_load_reg_4357                    |  11|   0|   11|          0|
    |h_new_3_1_lcssa123_fu_606                            |  11|   0|   11|          0|
    |h_new_3_1_lcssa123_load_reg_4177                     |  11|   0|   11|          0|
    |h_new_4_1_lcssa124_fu_610                            |  11|   0|   11|          0|
    |h_new_4_1_lcssa124_load_reg_4182                     |  11|   0|   11|          0|
    |h_new_5_1_lcssa125_fu_614                            |  11|   0|   11|          0|
    |h_new_5_1_lcssa125_load_reg_4187                     |  11|   0|   11|          0|
    |h_new_6_1_lcssa126_fu_618                            |  11|   0|   11|          0|
    |h_new_6_1_lcssa126_load_reg_4192                     |  11|   0|   11|          0|
    |h_new_7_1_lcssa127_fu_622                            |  11|   0|   11|          0|
    |h_new_7_1_lcssa127_load_reg_4197                     |  11|   0|   11|          0|
    |h_new_8_1_lcssa128_fu_626                            |  11|   0|   11|          0|
    |h_new_8_1_lcssa128_load_reg_4202                     |  11|   0|   11|          0|
    |h_new_9_1_lcssa129_fu_630                            |  11|   0|   11|          0|
    |h_new_9_1_lcssa129_load_reg_4207                     |  11|   0|   11|          0|
    |h_state_0                                            |  11|   0|   11|          0|
    |h_state_1                                            |  11|   0|   11|          0|
    |h_state_10                                           |  11|   0|   11|          0|
    |h_state_11                                           |  11|   0|   11|          0|
    |h_state_12                                           |  11|   0|   11|          0|
    |h_state_13                                           |  11|   0|   11|          0|
    |h_state_14                                           |  11|   0|   11|          0|
    |h_state_15                                           |  11|   0|   11|          0|
    |h_state_16                                           |  11|   0|   11|          0|
    |h_state_17                                           |  11|   0|   11|          0|
    |h_state_18                                           |  11|   0|   11|          0|
    |h_state_19                                           |  11|   0|   11|          0|
    |h_state_2                                            |  11|   0|   11|          0|
    |h_state_20                                           |  11|   0|   11|          0|
    |h_state_21                                           |  11|   0|   11|          0|
    |h_state_22                                           |  11|   0|   11|          0|
    |h_state_23                                           |  11|   0|   11|          0|
    |h_state_24                                           |  11|   0|   11|          0|
    |h_state_25                                           |  11|   0|   11|          0|
    |h_state_26                                           |  11|   0|   11|          0|
    |h_state_27                                           |  11|   0|   11|          0|
    |h_state_28                                           |  11|   0|   11|          0|
    |h_state_29                                           |  11|   0|   11|          0|
    |h_state_3                                            |  11|   0|   11|          0|
    |h_state_30                                           |  11|   0|   11|          0|
    |h_state_31                                           |  11|   0|   11|          0|
    |h_state_32                                           |  11|   0|   11|          0|
    |h_state_33                                           |  11|   0|   11|          0|
    |h_state_34                                           |  11|   0|   11|          0|
    |h_state_35                                           |  11|   0|   11|          0|
    |h_state_36                                           |  11|   0|   11|          0|
    |h_state_37                                           |  11|   0|   11|          0|
    |h_state_38                                           |  11|   0|   11|          0|
    |h_state_39                                           |  11|   0|   11|          0|
    |h_state_4                                            |  11|   0|   11|          0|
    |h_state_5                                            |  11|   0|   11|          0|
    |h_state_6                                            |  11|   0|   11|          0|
    |h_state_7                                            |  11|   0|   11|          0|
    |h_state_8                                            |  11|   0|   11|          0|
    |h_state_9                                            |  11|   0|   11|          0|
    |icmp_ln211_reg_3679                                  |   1|   0|    1|          0|
    |icmp_ln238_10_reg_4086                               |   1|   0|    1|          0|
    |icmp_ln238_11_reg_4099                               |   1|   0|    1|          0|
    |icmp_ln238_1_reg_4046                                |   1|   0|    1|          0|
    |icmp_ln238_2_reg_4109                                |   1|   0|    1|          0|
    |icmp_ln238_4_reg_4066                                |   1|   0|    1|          0|
    |icmp_ln238_7_reg_4076                                |   1|   0|    1|          0|
    |icmp_ln238_9_reg_4131                                |   1|   0|    1|          0|
    |icmp_ln238_reg_4033                                  |   1|   0|    1|          0|
    |icmp_ln352_3_reg_4428                                |   1|   0|    1|          0|
    |icmp_ln352_reg_4388                                  |   1|   0|    1|          0|
    |icmp_ln359_reg_3983                                  |   1|   0|    1|          0|
    |lD_0_i_reg_4144                                      |   1|   0|    1|          0|
    |lshr_ln238_1_reg_4157                                |  54|   0|   54|          0|
    |lshr_ln238_reg_4151                                  |  54|   0|   54|          0|
    |lshr_ln352_reg_4433                                  |  64|   0|   64|          0|
    |n_fu_590                                             |  31|   0|   31|          0|
    |n_samples_read_reg_3667                              |  32|   0|   32|          0|
    |neg_src_0_i_reg_4367                                 |   1|   0|    1|          0|
    |or_ln352_reg_4423                                    |   1|   0|    1|          0|
    |ref_tmp_i_i_reg_4362                                 |  11|   0|   11|          0|
    |select_ln238_1_reg_4052                              |  11|   0|   11|          0|
    |select_ln238_2_reg_4115                              |  11|   0|   11|          0|
    |select_ln238_3_reg_4121                              |  11|   0|   11|          0|
    |select_ln238_reg_4026                                |  54|   0|   54|          0|
    |select_ln352_reg_4398                                |  32|   0|   32|          0|
    |shl_ln352_reg_4438                                   |  64|   0|   64|          0|
    |sub_ln238_1_reg_4039                                 |  12|   0|   12|          0|
    |sub_ln238_3_reg_4081                                 |   6|   0|    6|          0|
    |sub_ln352_1_reg_4411                                 |   6|   0|    6|          0|
    |sub_ln352_4_reg_4418                                 |   5|   0|    5|          0|
    |tmp_326_reg_4071                                     |   1|   0|    1|          0|
    |tmp_331_reg_4093                                     |   1|   0|    1|          0|
    |tmp_335_reg_4393                                     |   1|   0|    1|          0|
    |tmp_6_reg_4011                                       |  11|   0|   11|          0|
    |tmp_reg_4001                                         |   1|   0|    1|          0|
    |tobool_i_reg_4104                                    |   1|   0|    1|          0|
    |trunc_ln238_1_reg_4016                               |  52|   0|   52|          0|
    |trunc_ln238_5_reg_4060                               |  11|   0|   11|          0|
    |trunc_ln238_reg_3996                                 |  63|   0|   63|          0|
    |trunc_ln352_reg_4406                                 |   6|   0|    6|          0|
    |x_reg_4383                                           |  11|   0|   11|          0|
    |xor_ln218_reg_3970                                   |   1|   0|    1|          0|
    |xor_ln238_6_reg_4378                                 |   1|   0|    1|          0|
    |zext_ln238_reg_4021                                  |  11|   0|   12|          1|
    +-----------------------------------------------------+----+----+-----+-----------+
    |Total                                                |2059|   0| 2060|          1|
    +-----------------------------------------------------+----+----+-----+-----------+



================================================================
== Interface
================================================================
* Summary: 
+----------------------+-----+-----+------------+--------------------+--------------+
|       RTL Ports      | Dir | Bits|  Protocol  |    Source Object   |    C Type    |
+----------------------+-----+-----+------------+--------------------+--------------+
|s_axi_CTRL_AWVALID    |   in|    1|       s_axi|                CTRL|        scalar|
|s_axi_CTRL_AWREADY    |  out|    1|       s_axi|                CTRL|        scalar|
|s_axi_CTRL_AWADDR     |   in|    6|       s_axi|                CTRL|        scalar|
|s_axi_CTRL_WVALID     |   in|    1|       s_axi|                CTRL|        scalar|
|s_axi_CTRL_WREADY     |  out|    1|       s_axi|                CTRL|        scalar|
|s_axi_CTRL_WDATA      |   in|   32|       s_axi|                CTRL|        scalar|
|s_axi_CTRL_WSTRB      |   in|    4|       s_axi|                CTRL|        scalar|
|s_axi_CTRL_ARVALID    |   in|    1|       s_axi|                CTRL|        scalar|
|s_axi_CTRL_ARREADY    |  out|    1|       s_axi|                CTRL|        scalar|
|s_axi_CTRL_ARADDR     |   in|    6|       s_axi|                CTRL|        scalar|
|s_axi_CTRL_RVALID     |  out|    1|       s_axi|                CTRL|        scalar|
|s_axi_CTRL_RREADY     |   in|    1|       s_axi|                CTRL|        scalar|
|s_axi_CTRL_RDATA      |  out|   32|       s_axi|                CTRL|        scalar|
|s_axi_CTRL_RRESP      |  out|    2|       s_axi|                CTRL|        scalar|
|s_axi_CTRL_BVALID     |  out|    1|       s_axi|                CTRL|        scalar|
|s_axi_CTRL_BREADY     |   in|    1|       s_axi|                CTRL|        scalar|
|s_axi_CTRL_BRESP      |  out|    2|       s_axi|                CTRL|        scalar|
|ap_clk                |   in|    1|  ap_ctrl_hs|              gru_va|  return value|
|ap_rst_n              |   in|    1|  ap_ctrl_hs|              gru_va|  return value|
|interrupt             |  out|    1|  ap_ctrl_hs|              gru_va|  return value|
|m_axi_gmem0_AWVALID   |  out|    1|       m_axi|               gmem0|       pointer|
|m_axi_gmem0_AWREADY   |   in|    1|       m_axi|               gmem0|       pointer|
|m_axi_gmem0_AWADDR    |  out|   64|       m_axi|               gmem0|       pointer|
|m_axi_gmem0_AWID      |  out|    1|       m_axi|               gmem0|       pointer|
|m_axi_gmem0_AWLEN     |  out|    8|       m_axi|               gmem0|       pointer|
|m_axi_gmem0_AWSIZE    |  out|    3|       m_axi|               gmem0|       pointer|
|m_axi_gmem0_AWBURST   |  out|    2|       m_axi|               gmem0|       pointer|
|m_axi_gmem0_AWLOCK    |  out|    2|       m_axi|               gmem0|       pointer|
|m_axi_gmem0_AWCACHE   |  out|    4|       m_axi|               gmem0|       pointer|
|m_axi_gmem0_AWPROT    |  out|    3|       m_axi|               gmem0|       pointer|
|m_axi_gmem0_AWQOS     |  out|    4|       m_axi|               gmem0|       pointer|
|m_axi_gmem0_AWREGION  |  out|    4|       m_axi|               gmem0|       pointer|
|m_axi_gmem0_AWUSER    |  out|    1|       m_axi|               gmem0|       pointer|
|m_axi_gmem0_WVALID    |  out|    1|       m_axi|               gmem0|       pointer|
|m_axi_gmem0_WREADY    |   in|    1|       m_axi|               gmem0|       pointer|
|m_axi_gmem0_WDATA     |  out|   32|       m_axi|               gmem0|       pointer|
|m_axi_gmem0_WSTRB     |  out|    4|       m_axi|               gmem0|       pointer|
|m_axi_gmem0_WLAST     |  out|    1|       m_axi|               gmem0|       pointer|
|m_axi_gmem0_WID       |  out|    1|       m_axi|               gmem0|       pointer|
|m_axi_gmem0_WUSER     |  out|    1|       m_axi|               gmem0|       pointer|
|m_axi_gmem0_ARVALID   |  out|    1|       m_axi|               gmem0|       pointer|
|m_axi_gmem0_ARREADY   |   in|    1|       m_axi|               gmem0|       pointer|
|m_axi_gmem0_ARADDR    |  out|   64|       m_axi|               gmem0|       pointer|
|m_axi_gmem0_ARID      |  out|    1|       m_axi|               gmem0|       pointer|
|m_axi_gmem0_ARLEN     |  out|    8|       m_axi|               gmem0|       pointer|
|m_axi_gmem0_ARSIZE    |  out|    3|       m_axi|               gmem0|       pointer|
|m_axi_gmem0_ARBURST   |  out|    2|       m_axi|               gmem0|       pointer|
|m_axi_gmem0_ARLOCK    |  out|    2|       m_axi|               gmem0|       pointer|
|m_axi_gmem0_ARCACHE   |  out|    4|       m_axi|               gmem0|       pointer|
|m_axi_gmem0_ARPROT    |  out|    3|       m_axi|               gmem0|       pointer|
|m_axi_gmem0_ARQOS     |  out|    4|       m_axi|               gmem0|       pointer|
|m_axi_gmem0_ARREGION  |  out|    4|       m_axi|               gmem0|       pointer|
|m_axi_gmem0_ARUSER    |  out|    1|       m_axi|               gmem0|       pointer|
|m_axi_gmem0_RVALID    |   in|    1|       m_axi|               gmem0|       pointer|
|m_axi_gmem0_RREADY    |  out|    1|       m_axi|               gmem0|       pointer|
|m_axi_gmem0_RDATA     |   in|   32|       m_axi|               gmem0|       pointer|
|m_axi_gmem0_RLAST     |   in|    1|       m_axi|               gmem0|       pointer|
|m_axi_gmem0_RID       |   in|    1|       m_axi|               gmem0|       pointer|
|m_axi_gmem0_RUSER     |   in|    1|       m_axi|               gmem0|       pointer|
|m_axi_gmem0_RRESP     |   in|    2|       m_axi|               gmem0|       pointer|
|m_axi_gmem0_BVALID    |   in|    1|       m_axi|               gmem0|       pointer|
|m_axi_gmem0_BREADY    |  out|    1|       m_axi|               gmem0|       pointer|
|m_axi_gmem0_BRESP     |   in|    2|       m_axi|               gmem0|       pointer|
|m_axi_gmem0_BID       |   in|    1|       m_axi|               gmem0|       pointer|
|m_axi_gmem0_BUSER     |   in|    1|       m_axi|               gmem0|       pointer|
|audio_in_TDATA        |   in|   32|        axis|   audio_in_V_data_V|       pointer|
|audio_in_TVALID       |   in|    1|        axis|   audio_in_V_last_V|       pointer|
|audio_in_TREADY       |  out|    1|        axis|   audio_in_V_last_V|       pointer|
|audio_in_TLAST        |   in|    1|        axis|   audio_in_V_last_V|       pointer|
|audio_in_TKEEP        |   in|    4|        axis|   audio_in_V_keep_V|       pointer|
|audio_in_TSTRB        |   in|    4|        axis|   audio_in_V_strb_V|       pointer|
|audio_out_TDATA       |  out|   32|        axis|  audio_out_V_data_V|       pointer|
|audio_out_TVALID      |  out|    1|        axis|  audio_out_V_last_V|       pointer|
|audio_out_TREADY      |   in|    1|        axis|  audio_out_V_last_V|       pointer|
|audio_out_TLAST       |  out|    1|        axis|  audio_out_V_last_V|       pointer|
|audio_out_TKEEP       |  out|    4|        axis|  audio_out_V_keep_V|       pointer|
|audio_out_TSTRB       |  out|    4|        axis|  audio_out_V_strb_V|       pointer|
+----------------------+-----+-----+------------+--------------------+--------------+

