

================================================================
== Vitis HLS Report for 'gru_va'
================================================================
* Date:           Sat Aug  8 17:17:30 2026

* Version:        2025.2 (Build 6295257 on Nov 14 2025)
* Project:        b_fl_max
* Solution:       sol_fl_max_w21 (Vivado IP Flow Target)
* Product family: zynq
* Target device:  xc7z020-clg400-1


================================================================
== Performance Estimates
================================================================
+ Timing: 
    * Summary: 
    +--------+----------+----------+------------+
    |  Clock |  Target  | Estimated| Uncertainty|
    +--------+----------+----------+------------+
    |ap_clk  |  10.00 ns|  7.195 ns|     2.70 ns|
    +--------+----------+----------+------------+

+ Latency: 
    * Summary: 
    +---------+---------+----------+----------+-----+-----+---------+
    |  Latency (cycles) |  Latency (absolute) |  Interval | Pipeline|
    |   min   |   max   |    min   |    max   | min | max |   Type  |
    +---------+---------+----------+----------+-----+-----+---------+
    |        ?|        ?|         ?|         ?|    ?|    ?|       no|
    +---------+---------+----------+----------+-----+-----+---------+

    + Detail: 
        * Instance: 
        +----------------------------------------+-----------------------------+---------+---------+----------+----------+-----+-----+-------------------+
        |                                        |                             |  Latency (cycles) |  Latency (absolute) |  Interval |      Pipeline     |
        |                Instance                |            Module           |   min   |   max   |    min   |    max   | min | max |        Type       |
        +----------------------------------------+-----------------------------+---------+---------+----------+----------+-----+-----+-------------------+
        |grp_gru_va_Pipeline_HIDDEN_LOOP_fu_804  |gru_va_Pipeline_HIDDEN_LOOP  |      131|      131|  1.310 us|  1.310 us|    0|    0|  loop pipeline stp|
        +----------------------------------------+-----------------------------+---------+---------+----------+----------+-----+-----+-------------------+

        * Loop: 
        +---------------+---------+---------+----------+-----------+-----------+------+----------+
        |               |  Latency (cycles) | Iteration|  Initiation Interval  | Trip |          |
        |   Loop Name   |   min   |   max   |  Latency |  achieved |   target  | Count| Pipelined|
        +---------------+---------+---------+----------+-----------+-----------+------+----------+
        |- SAMPLE_LOOP  |        ?|        ?|       145|          -|          -|     ?|        no|
        +---------------+---------+---------+----------+-----------+-----------+------+----------+



================================================================
== Utilization Estimates
================================================================
* Summary: 
+-----------------+---------+-----+--------+-------+-----+
|       Name      | BRAM_18K| DSP |   FF   |  LUT  | URAM|
+-----------------+---------+-----+--------+-------+-----+
|DSP              |        -|    -|       -|      -|    -|
|Expression       |        -|    -|       0|   4621|    -|
|FIFO             |        -|    -|       -|      -|    -|
|Instance         |        6|  135|   23584|  33136|    -|
|Memory           |        -|    -|       -|      -|    -|
|Multiplexer      |        -|    -|       0|    452|    -|
|Register         |        -|    -|    3291|      -|    -|
+-----------------+---------+-----+--------+-------+-----+
|Total            |        6|  135|   26875|  38209|    0|
+-----------------+---------+-----+--------+-------+-----+
|Available        |      280|  220|  106400|  53200|    0|
+-----------------+---------+-----+--------+-------+-----+
|Utilization (%)  |        2|   61|      25|     71|    0|
+-----------------+---------+-----+--------+-------+-----+

+ Detail: 
    * Instance: 
    +----------------------------------------+------------------------------+---------+-----+-------+-------+-----+
    |                Instance                |            Module            | BRAM_18K| DSP |   FF  |  LUT  | URAM|
    +----------------------------------------+------------------------------+---------+-----+-------+-------+-----+
    |CTRL_s_axi_U                            |CTRL_s_axi                    |        0|    0|    220|    360|    0|
    |bitselect_1ns_32ns_5ns_1_1_1_U257       |bitselect_1ns_32ns_5ns_1_1_1  |        0|    0|      0|      9|    0|
    |bitselect_1ns_54ns_6ns_1_1_1_U251       |bitselect_1ns_54ns_6ns_1_1_1  |        0|    0|      0|     17|    0|
    |bitselect_1ns_54ns_6ns_1_1_1_U252       |bitselect_1ns_54ns_6ns_1_1_1  |        0|    0|      0|     17|    0|
    |ctlz_32_32_1_1_U256                     |ctlz_32_32_1_1                |        0|    0|      0|     44|    0|
    |fpext_32ns_64_2_no_dsp_1_U250           |fpext_32ns_64_2_no_dsp_1      |        0|    0|      0|      0|    0|
    |grp_gru_va_Pipeline_HIDDEN_LOOP_fu_804  |gru_va_Pipeline_HIDDEN_LOOP   |        6|  135|  23364|  32662|    0|
    |sparsemux_7_2_1_1_1_U254                |sparsemux_7_2_1_1_1           |        0|    0|      0|      9|    0|
    |sparsemux_7_2_21_1_1_U253               |sparsemux_7_2_21_1_1          |        0|    0|      0|      9|    0|
    |sparsemux_7_2_21_1_1_U255               |sparsemux_7_2_21_1_1          |        0|    0|      0|      9|    0|
    +----------------------------------------+------------------------------+---------+-----+-------+-------+-----+
    |Total                                   |                              |        6|  135|  23584|  33136|    0|
    +----------------------------------------+------------------------------+---------+-----+-------+-------+-----+

    * DSP: 
    N/A

    * Memory: 
    N/A

    * FIFO: 
    N/A

    * Expression: 
    +---------------------------------+----------+----+---+-----+------------+------------+
    |          Variable Name          | Operation| DSP| FF| LUT | Bitwidth P0| Bitwidth P1|
    +---------------------------------+----------+----+---+-----+------------+------------+
    |add_ln238_1_fu_2671_p2           |         +|   0|  0|   12|          12|           6|
    |add_ln238_3_fu_2719_p2           |         +|   0|  0|   12|          12|           6|
    |add_ln238_4_fu_2968_p2           |         +|   0|  0|   28|          21|          21|
    |add_ln238_5_fu_2887_p2           |         +|   0|  0|   12|          12|          12|
    |add_ln238_6_fu_2741_p2           |         +|   0|  0|   12|          12|           2|
    |add_ln238_7_fu_2909_p2           |         +|   0|  0|   12|          12|           2|
    |add_ln238_fu_2779_p2             |         +|   0|  0|   12|          12|          11|
    |add_ln344_fu_3333_p2             |         +|   0|  0|   40|          33|          17|
    |add_ln352_1_fu_3541_p2           |         +|   0|  0|   14|           6|           6|
    |add_ln352_2_fu_3587_p2           |         +|   0|  0|   71|          64|          64|
    |add_ln352_3_fu_3632_p2           |         +|   0|  0|   15|           8|           8|
    |add_ln352_fu_3448_p2             |         +|   0|  0|   14|           6|           6|
    |add_ln359_fu_1773_p2             |         +|   0|  0|   39|          32|           2|
    |n_2_fu_1996_p2                   |         +|   0|  0|   38|          31|           1|
    |tmp_330_fu_2711_p2               |         +|   0|  0|   14|           6|           6|
    |sub_ln238_1_fu_2651_p2           |         -|   0|  0|   12|          11|          12|
    |sub_ln238_2_fu_2681_p2           |         -|   0|  0|   12|           5|          11|
    |sub_ln238_3_fu_2735_p2           |         -|   0|  0|   14|           5|           6|
    |sub_ln238_fu_2633_p2             |         -|   0|  0|   61|           1|          54|
    |sub_ln352_1_fu_3432_p2           |         -|   0|  0|   14|           7|           6|
    |sub_ln352_2_fu_3560_p2           |         -|   0|  0|   14|           5|           6|
    |sub_ln352_3_fu_3623_p2           |         -|   0|  0|   14|           4|           6|
    |sub_ln352_4_fu_3442_p2           |         -|   0|  0|   13|           4|           5|
    |sub_ln352_fu_3407_p2             |         -|   0|  0|   39|           1|          32|
    |pi_assign_fu_3645_p5             |      1003|   0|  0|    2|          64|           9|
    |and_ln238_10_fu_3263_p2          |       and|   0|  0|    2|           1|           1|
    |and_ln238_11_fu_3023_p2          |       and|   0|  0|    2|           1|           1|
    |and_ln238_12_fu_3195_p2          |       and|   0|  0|    2|           1|           1|
    |and_ln238_13_fu_3232_p2          |       and|   0|  0|    2|           1|           1|
    |and_ln238_14_fu_3288_p2          |       and|   0|  0|    2|           1|           1|
    |and_ln238_15_fu_3294_p2          |       and|   0|  0|    2|           1|           1|
    |and_ln238_16_fu_2847_p2          |       and|   0|  0|   54|          54|          54|
    |and_ln238_1_fu_2992_p2           |       and|   0|  0|    2|           1|           1|
    |and_ln238_3_fu_3083_p2           |       and|   0|  0|    2|           1|           1|
    |and_ln238_4_fu_3089_p2           |       and|   0|  0|    2|           1|           1|
    |and_ln238_5_fu_3104_p2           |       and|   0|  0|    2|           1|           1|
    |and_ln238_6_fu_3151_p2           |       and|   0|  0|    2|           1|           1|
    |and_ln238_7_fu_3185_p2           |       and|   0|  0|    2|           1|           1|
    |and_ln238_8_fu_3247_p2           |       and|   0|  0|    2|           1|           1|
    |and_ln238_9_fu_3253_p2           |       and|   0|  0|    2|           1|           1|
    |and_ln238_fu_2874_p2             |       and|   0|  0|    2|           1|           1|
    |and_ln344_fu_3365_p2             |       and|   0|  0|    2|           1|           1|
    |and_ln352_1_fu_3482_p2           |       and|   0|  0|   32|          32|          32|
    |and_ln352_fu_3520_p2             |       and|   0|  0|    2|           1|           1|
    |carry_1_i_fu_3029_p2             |       and|   0|  0|    2|           1|           1|
    |cond85_i_fu_2858_p2              |       and|   0|  0|    2|           1|           1|
    |lD_0_i_fu_2914_p2                |       and|   0|  0|    2|           1|           1|
    |neg_src_0_i_fu_3206_p2           |       and|   0|  0|    2|           1|           1|
    |phi_ln352_fu_3493_p2             |       and|   0|  0|    2|           1|           1|
    |ashr_ln238_fu_2804_p2            |      ashr|   0|  0|  161|          54|          54|
    |icmp_ln211_fu_1275_p2            |      icmp|   0|  0|   39|          32|           1|
    |icmp_ln218_fu_1281_p2            |      icmp|   0|  0|   39|          32|           1|
    |icmp_ln229_1_fu_2012_p2          |      icmp|   0|  0|   39|          32|           1|
    |icmp_ln229_fu_1991_p2            |      icmp|   0|  0|   39|          32|          32|
    |icmp_ln238_10_fu_2751_p2         |      icmp|   0|  0|   12|          12|           6|
    |icmp_ln238_11_fu_2765_p2         |      icmp|   0|  0|   12|          12|           6|
    |icmp_ln238_12_fu_3048_p2         |      icmp|   0|  0|   12|          12|           6|
    |icmp_ln238_13_fu_3053_p2         |      icmp|   0|  0|   12|          12|           6|
    |icmp_ln238_14_fu_3058_p2         |      icmp|   0|  0|   61|          54|          54|
    |icmp_ln238_15_fu_3099_p2         |      icmp|   0|  0|   61|          54|           1|
    |icmp_ln238_16_fu_3110_p2         |      icmp|   0|  0|   12|          12|           6|
    |icmp_ln238_1_fu_2665_p2          |      icmp|   0|  0|   12|          12|           5|
    |icmp_ln238_2_fu_2784_p2          |      icmp|   0|  0|   12|          12|           5|
    |icmp_ln238_3_fu_2789_p2          |      icmp|   0|  0|   12|          11|           6|
    |icmp_ln238_4_fu_2699_p2          |      icmp|   0|  0|   12|          12|           6|
    |icmp_ln238_5_fu_2937_p2          |      icmp|   0|  0|   12|          11|           5|
    |icmp_ln238_6_fu_2826_p2          |      icmp|   0|  0|   12|          12|           5|
    |icmp_ln238_7_fu_2729_p2          |      icmp|   0|  0|   12|          12|           6|
    |icmp_ln238_8_fu_2852_p2          |      icmp|   0|  0|   61|          54|           1|
    |icmp_ln238_9_fu_2903_p2          |      icmp|   0|  0|   12|          11|           1|
    |icmp_ln238_fu_2646_p2            |      icmp|   0|  0|   70|          63|           1|
    |icmp_ln352_1_fu_3467_p2          |      icmp|   0|  0|   13|           5|           1|
    |icmp_ln352_2_fu_3487_p2          |      icmp|   0|  0|   39|          32|           1|
    |icmp_ln352_3_fu_3535_p2          |      icmp|   0|  0|   14|           6|           1|
    |icmp_ln352_fu_3393_p2            |      icmp|   0|  0|   39|          32|           1|
    |icmp_ln359_fu_2002_p2            |      icmp|   0|  0|   39|          32|          32|
    |lshr_ln238_1_fu_2931_p2          |      lshr|   0|  0|  161|           2|          54|
    |lshr_ln238_2_fu_2841_p2          |      lshr|   0|  0|  161|           2|          54|
    |lshr_ln238_fu_2926_p2            |      lshr|   0|  0|  161|          54|          54|
    |lshr_ln352_2_fu_3476_p2          |      lshr|   0|  0|  100|           2|          32|
    |lshr_ln352_fu_3554_p2            |      lshr|   0|  0|  182|          64|          64|
    |deleted_ones_0_i_fu_3170_p2      |        or|   0|  0|    2|           1|           1|
    |or_ln229_fu_2017_p2              |        or|   0|  0|    2|           1|           1|
    |or_ln238_1_fu_3146_p2            |        or|   0|  0|    2|           1|           1|
    |or_ln238_2_fu_3237_p2            |        or|   0|  0|    2|           1|           1|
    |or_ln238_3_fu_3269_p2            |        or|   0|  0|    2|           1|           1|
    |or_ln238_fu_2868_p2              |        or|   0|  0|    2|           1|           1|
    |or_ln352_fu_3526_p2              |        or|   0|  0|    2|           1|           1|
    |Range1_all_ones_2_i_fu_3130_p3   |    select|   0|  0|    2|           1|           1|
    |Range1_all_zeros_2_i_fu_3138_p3  |    select|   0|  0|    2|           1|           1|
    |Range2_all_ones_1_i_fu_3075_p3   |    select|   0|  0|    2|           1|           1|
    |cond190_i_fu_3157_p3             |    select|   0|  0|    2|           1|           1|
    |cond45_i_i_fu_3579_p3            |    select|   0|  0|   64|           1|          64|
    |cond63_i_fu_2821_p3              |    select|   0|  0|    2|           1|           1|
    |empty_47_fu_3661_p3              |    select|   0|  0|   32|           1|           1|
    |ref_tmp_i_i_fu_3004_p6           |    select|   0|  0|   21|           1|          21|
    |select_ln218_10_fu_1533_p3       |    select|   0|  0|   21|           1|          21|
    |select_ln218_11_fu_1541_p3       |    select|   0|  0|   21|           1|          21|
    |select_ln218_12_fu_1549_p3       |    select|   0|  0|   21|           1|          21|
    |select_ln218_13_fu_1557_p3       |    select|   0|  0|   21|           1|          21|
    |select_ln218_14_fu_1565_p3       |    select|   0|  0|   21|           1|          21|
    |select_ln218_15_fu_1573_p3       |    select|   0|  0|   21|           1|          21|
    |select_ln218_16_fu_1581_p3       |    select|   0|  0|   21|           1|          21|
    |select_ln218_17_fu_1589_p3       |    select|   0|  0|   21|           1|          21|
    |select_ln218_18_fu_1597_p3       |    select|   0|  0|   21|           1|          21|
    |select_ln218_19_fu_1605_p3       |    select|   0|  0|   21|           1|          21|
    |select_ln218_1_fu_1461_p3        |    select|   0|  0|   21|           1|          21|
    |select_ln218_20_fu_1613_p3       |    select|   0|  0|   21|           1|          21|
    |select_ln218_21_fu_1621_p3       |    select|   0|  0|   21|           1|          21|
    |select_ln218_22_fu_1629_p3       |    select|   0|  0|   21|           1|          21|
    |select_ln218_23_fu_1637_p3       |    select|   0|  0|   21|           1|          21|
    |select_ln218_24_fu_1645_p3       |    select|   0|  0|   21|           1|          21|
    |select_ln218_25_fu_1653_p3       |    select|   0|  0|   21|           1|          21|
    |select_ln218_26_fu_1661_p3       |    select|   0|  0|   21|           1|          21|
    |select_ln218_27_fu_1669_p3       |    select|   0|  0|   21|           1|          21|
    |select_ln218_28_fu_1677_p3       |    select|   0|  0|   21|           1|          21|
    |select_ln218_29_fu_1685_p3       |    select|   0|  0|   21|           1|          21|
    |select_ln218_2_fu_1469_p3        |    select|   0|  0|   21|           1|          21|
    |select_ln218_30_fu_1693_p3       |    select|   0|  0|   21|           1|          21|
    |select_ln218_31_fu_1701_p3       |    select|   0|  0|   21|           1|          21|
    |select_ln218_32_fu_1709_p3       |    select|   0|  0|   21|           1|          21|
    |select_ln218_33_fu_1717_p3       |    select|   0|  0|   21|           1|          21|
    |select_ln218_34_fu_1725_p3       |    select|   0|  0|   21|           1|          21|
    |select_ln218_35_fu_1733_p3       |    select|   0|  0|   21|           1|          21|
    |select_ln218_36_fu_1741_p3       |    select|   0|  0|   21|           1|          21|
    |select_ln218_37_fu_1749_p3       |    select|   0|  0|   21|           1|          21|
    |select_ln218_38_fu_1757_p3       |    select|   0|  0|   21|           1|          21|
    |select_ln218_39_fu_1765_p3       |    select|   0|  0|   21|           1|          21|
    |select_ln218_3_fu_1477_p3        |    select|   0|  0|   21|           1|          21|
    |select_ln218_4_fu_1485_p3        |    select|   0|  0|   21|           1|          21|
    |select_ln218_5_fu_1493_p3        |    select|   0|  0|   21|           1|          21|
    |select_ln218_6_fu_1501_p3        |    select|   0|  0|   21|           1|          21|
    |select_ln218_7_fu_1509_p3        |    select|   0|  0|   21|           1|          21|
    |select_ln218_8_fu_1517_p3        |    select|   0|  0|   21|           1|          21|
    |select_ln218_9_fu_1525_p3        |    select|   0|  0|   21|           1|          21|
    |select_ln218_fu_1453_p3          |    select|   0|  0|   21|           1|          21|
    |select_ln229_10_fu_2102_p3       |    select|   0|  0|   21|           1|          21|
    |select_ln229_11_fu_2110_p3       |    select|   0|  0|   21|           1|          21|
    |select_ln229_12_fu_2118_p3       |    select|   0|  0|   21|           1|          21|
    |select_ln229_13_fu_2126_p3       |    select|   0|  0|   21|           1|          21|
    |select_ln229_14_fu_2134_p3       |    select|   0|  0|   21|           1|          21|
    |select_ln229_15_fu_2142_p3       |    select|   0|  0|   21|           1|          21|
    |select_ln229_16_fu_2150_p3       |    select|   0|  0|   21|           1|          21|
    |select_ln229_17_fu_2158_p3       |    select|   0|  0|   21|           1|          21|
    |select_ln229_18_fu_2166_p3       |    select|   0|  0|   21|           1|          21|
    |select_ln229_19_fu_2174_p3       |    select|   0|  0|   21|           1|          21|
    |select_ln229_1_fu_2030_p3        |    select|   0|  0|   21|           1|          21|
    |select_ln229_20_fu_2182_p3       |    select|   0|  0|   21|           1|          21|
    |select_ln229_21_fu_2190_p3       |    select|   0|  0|   21|           1|          21|
    |select_ln229_22_fu_2198_p3       |    select|   0|  0|   21|           1|          21|
    |select_ln229_23_fu_2206_p3       |    select|   0|  0|   21|           1|          21|
    |select_ln229_24_fu_2214_p3       |    select|   0|  0|   21|           1|          21|
    |select_ln229_25_fu_2222_p3       |    select|   0|  0|   21|           1|          21|
    |select_ln229_26_fu_2230_p3       |    select|   0|  0|   21|           1|          21|
    |select_ln229_27_fu_2238_p3       |    select|   0|  0|   21|           1|          21|
    |select_ln229_28_fu_2246_p3       |    select|   0|  0|   21|           1|          21|
    |select_ln229_29_fu_2254_p3       |    select|   0|  0|   21|           1|          21|
    |select_ln229_2_fu_2038_p3        |    select|   0|  0|   21|           1|          21|
    |select_ln229_30_fu_2262_p3       |    select|   0|  0|   21|           1|          21|
    |select_ln229_31_fu_2270_p3       |    select|   0|  0|   21|           1|          21|
    |select_ln229_32_fu_2278_p3       |    select|   0|  0|   21|           1|          21|
    |select_ln229_33_fu_2286_p3       |    select|   0|  0|   21|           1|          21|
    |select_ln229_34_fu_2294_p3       |    select|   0|  0|   21|           1|          21|
    |select_ln229_35_fu_2302_p3       |    select|   0|  0|   21|           1|          21|
    |select_ln229_36_fu_2310_p3       |    select|   0|  0|   21|           1|          21|
    |select_ln229_37_fu_2318_p3       |    select|   0|  0|   21|           1|          21|
    |select_ln229_38_fu_2326_p3       |    select|   0|  0|   21|           1|          21|
    |select_ln229_39_fu_2334_p3       |    select|   0|  0|   21|           1|          21|
    |select_ln229_3_fu_2046_p3        |    select|   0|  0|   21|           1|          21|
    |select_ln229_4_fu_2054_p3        |    select|   0|  0|   21|           1|          21|
    |select_ln229_5_fu_2062_p3        |    select|   0|  0|   21|           1|          21|
    |select_ln229_6_fu_2070_p3        |    select|   0|  0|   21|           1|          21|
    |select_ln229_7_fu_2078_p3        |    select|   0|  0|   21|           1|          21|
    |select_ln229_8_fu_2086_p3        |    select|   0|  0|   21|           1|          21|
    |select_ln229_9_fu_2094_p3        |    select|   0|  0|   21|           1|          21|
    |select_ln229_fu_2022_p3          |    select|   0|  0|   21|           1|          21|
    |select_ln238_10_fu_2880_p3       |    select|   0|  0|    2|           1|           2|
    |select_ln238_1_fu_2687_p3        |    select|   0|  0|   11|           1|          11|
    |select_ln238_2_fu_2813_p3        |    select|   0|  0|   21|           1|          21|
    |select_ln238_4_fu_2794_p3        |    select|   0|  0|    2|           1|           2|
    |select_ln238_5_fu_3180_p3        |    select|   0|  0|    2|           1|           1|
    |select_ln238_7_fu_3115_p3        |    select|   0|  0|    2|           1|           1|
    |select_ln238_8_fu_3122_p3        |    select|   0|  0|    2|           1|           1|
    |select_ln238_9_fu_2831_p3        |    select|   0|  0|    6|           1|           1|
    |select_ln238_fu_2639_p3          |    select|   0|  0|   54|           1|          54|
    |select_ln344_fu_3377_p3          |    select|   0|  0|   33|           1|          31|
    |select_ln352_1_fu_3615_p3        |    select|   0|  0|    7|           1|           7|
    |select_ln352_fu_3413_p3          |    select|   0|  0|   32|           1|          32|
    |x_fu_3306_p4                     |    select|   0|  0|   22|           1|          20|
    |y_9_fu_3385_p3                   |    select|   0|  0|   32|           1|          32|
    |shl_ln238_fu_2945_p2             |       shl|   0|  0|   55|          21|          21|
    |shl_ln352_fu_3573_p2             |       shl|   0|  0|  182|          64|          64|
    |neg_src_0_i_fu_3206_p4           |       xor|   0|  0|    2|           2|           1|
    |not_icmp_ln238_10370_fu_3165_p2  |       xor|   0|  0|    2|           1|           2|
    |xor_ln218_fu_1447_p2             |       xor|   0|  0|    2|           1|           2|
    |xor_ln238_1_fu_3094_p2           |       xor|   0|  0|    2|           1|           2|
    |xor_ln238_2_fu_2987_p2           |       xor|   0|  0|    2|           1|           2|
    |xor_ln238_4_fu_3226_p2           |       xor|   0|  0|    2|           1|           2|
    |xor_ln238_5_fu_3242_p2           |       xor|   0|  0|    2|           1|           2|
    |xor_ln238_6_fu_3257_p2           |       xor|   0|  0|    2|           2|           1|
    |xor_ln238_7_fu_3283_p2           |       xor|   0|  0|    2|           1|           2|
    |xor_ln238_8_fu_3043_p2           |       xor|   0|  0|    2|           1|           2|
    |xor_ln238_9_fu_3069_p2           |       xor|   0|  0|    2|           1|           2|
    |xor_ln238_fu_2981_p2             |       xor|   0|  0|    2|           1|           2|
    |xor_ln344_1_fu_3371_p2           |       xor|   0|  0|    2|           1|           1|
    |xor_ln344_fu_3359_p2             |       xor|   0|  0|    2|           1|           2|
    |xor_ln352_fu_3507_p2             |       xor|   0|  0|    2|           1|           2|
    +---------------------------------+----------+----+---+-----+------------+------------+
    |Total                            |          |   0|  0| 4621|        1496|        3040|
    +---------------------------------+----------+----+---+-----+------------+------------+

    * Multiplexer: 
    +----------------------------+----+-----------+-----+-----------+
    |            Name            | LUT| Input Size| Bits| Total Bits|
    +----------------------------+----+-----------+-----+-----------+
    |ap_NS_fsm                   |  65|         16|    1|         16|
    |audio_in_TDATA_blk_n        |   9|          2|    1|          2|
    |audio_out_TDATA_blk_n       |   9|          2|    1|          2|
    |h_new_0_1_lcssa120_fu_596   |   9|          2|   21|         42|
    |h_new_10_1_lcssa130_fu_636  |   9|          2|   21|         42|
    |h_new_11_1_lcssa131_fu_640  |   9|          2|   21|         42|
    |h_new_12_1_lcssa132_fu_644  |   9|          2|   21|         42|
    |h_new_13_1_lcssa133_fu_648  |   9|          2|   21|         42|
    |h_new_14_1_lcssa134_fu_652  |   9|          2|   21|         42|
    |h_new_15_1_lcssa135_fu_656  |   9|          2|   21|         42|
    |h_new_16_1_lcssa136_fu_660  |   9|          2|   21|         42|
    |h_new_17_1_lcssa137_fu_664  |   9|          2|   21|         42|
    |h_new_18_1_lcssa138_fu_668  |   9|          2|   21|         42|
    |h_new_19_1_lcssa139_fu_672  |   9|          2|   21|         42|
    |h_new_1_1_lcssa121_fu_600   |   9|          2|   21|         42|
    |h_new_20_1_lcssa140_fu_676  |   9|          2|   21|         42|
    |h_new_21_1_lcssa141_fu_680  |   9|          2|   21|         42|
    |h_new_22_1_lcssa142_fu_684  |   9|          2|   21|         42|
    |h_new_23_1_lcssa143_fu_688  |   9|          2|   21|         42|
    |h_new_24_1_lcssa144_fu_692  |   9|          2|   21|         42|
    |h_new_25_1_lcssa145_fu_696  |   9|          2|   21|         42|
    |h_new_26_1_lcssa146_fu_700  |   9|          2|   21|         42|
    |h_new_27_1_lcssa147_fu_704  |   9|          2|   21|         42|
    |h_new_28_1_lcssa148_fu_708  |   9|          2|   21|         42|
    |h_new_29_1_lcssa149_fu_712  |   9|          2|   21|         42|
    |h_new_2_1_lcssa122_fu_604   |   9|          2|   21|         42|
    |h_new_30_1_lcssa150_fu_716  |   9|          2|   21|         42|
    |h_new_31_1_lcssa151_fu_720  |   9|          2|   21|         42|
    |h_new_32_1_lcssa152_fu_724  |   9|          2|   21|         42|
    |h_new_33_1_lcssa153_fu_728  |   9|          2|   21|         42|
    |h_new_34_1_lcssa154_fu_732  |   9|          2|   21|         42|
    |h_new_35_1_lcssa155_fu_736  |   9|          2|   21|         42|
    |h_new_36_1_lcssa156_fu_740  |   9|          2|   21|         42|
    |h_new_37_1_lcssa157_fu_744  |   9|          2|   21|         42|
    |h_new_38_1_lcssa158_fu_748  |   9|          2|   21|         42|
    |h_new_39_1_lcssa159_fu_752  |   9|          2|   21|         42|
    |h_new_3_1_lcssa123_fu_608   |   9|          2|   21|         42|
    |h_new_4_1_lcssa124_fu_612   |   9|          2|   21|         42|
    |h_new_5_1_lcssa125_fu_616   |   9|          2|   21|         42|
    |h_new_6_1_lcssa126_fu_620   |   9|          2|   21|         42|
    |h_new_7_1_lcssa127_fu_624   |   9|          2|   21|         42|
    |h_new_8_1_lcssa128_fu_628   |   9|          2|   21|         42|
    |h_new_9_1_lcssa129_fu_632   |   9|          2|   21|         42|
    |n_fu_592                    |   9|          2|   31|         62|
    +----------------------------+----+-----------+-----+-----------+
    |Total                       | 452|        102|  874|       1762|
    +----------------------------+----+-----------+-----+-----------+

    * Register: 
    +-----------------------------------------------------+----+----+-----+-----------+
    |                         Name                        | FF | LUT| Bits| Const Bits|
    +-----------------------------------------------------+----+----+-----+-----------+
    |Range1_all_ones_2_i_reg_4376                         |   1|   0|    1|          0|
    |Range1_all_zeros_2_i_reg_4382                        |   1|   0|    1|          0|
    |add_ln238_7_reg_4132                                 |  12|   0|   12|          0|
    |add_ln359_reg_3976                                   |  32|   0|   32|          0|
    |and_ln238_reg_4122                                   |   1|   0|    1|          0|
    |ap_CS_fsm                                            |  15|   0|   15|          0|
    |carry_1_i_reg_4363                                   |   1|   0|    1|          0|
    |deleted_ones_0_i_reg_4392                            |   1|   0|    1|          0|
    |empty_47_reg_4457                                    |  32|   0|   32|          0|
    |grp_gru_va_Pipeline_HIDDEN_LOOP_fu_804_ap_start_reg  |   1|   0|    1|          0|
    |h_new_0_1_lcssa120_fu_596                            |  21|   0|   21|          0|
    |h_new_0_1_lcssa120_load_reg_4158                     |  21|   0|   21|          0|
    |h_new_10_1_lcssa130_fu_636                           |  21|   0|   21|          0|
    |h_new_10_1_lcssa130_load_reg_4208                    |  21|   0|   21|          0|
    |h_new_11_1_lcssa131_fu_640                           |  21|   0|   21|          0|
    |h_new_11_1_lcssa131_load_reg_4213                    |  21|   0|   21|          0|
    |h_new_12_1_lcssa132_fu_644                           |  21|   0|   21|          0|
    |h_new_12_1_lcssa132_load_reg_4218                    |  21|   0|   21|          0|
    |h_new_13_1_lcssa133_fu_648                           |  21|   0|   21|          0|
    |h_new_13_1_lcssa133_load_reg_4223                    |  21|   0|   21|          0|
    |h_new_14_1_lcssa134_fu_652                           |  21|   0|   21|          0|
    |h_new_14_1_lcssa134_load_reg_4228                    |  21|   0|   21|          0|
    |h_new_15_1_lcssa135_fu_656                           |  21|   0|   21|          0|
    |h_new_15_1_lcssa135_load_reg_4233                    |  21|   0|   21|          0|
    |h_new_16_1_lcssa136_fu_660                           |  21|   0|   21|          0|
    |h_new_16_1_lcssa136_load_reg_4238                    |  21|   0|   21|          0|
    |h_new_17_1_lcssa137_fu_664                           |  21|   0|   21|          0|
    |h_new_17_1_lcssa137_load_reg_4243                    |  21|   0|   21|          0|
    |h_new_18_1_lcssa138_fu_668                           |  21|   0|   21|          0|
    |h_new_18_1_lcssa138_load_reg_4248                    |  21|   0|   21|          0|
    |h_new_19_1_lcssa139_fu_672                           |  21|   0|   21|          0|
    |h_new_19_1_lcssa139_load_reg_4253                    |  21|   0|   21|          0|
    |h_new_1_1_lcssa121_fu_600                            |  21|   0|   21|          0|
    |h_new_1_1_lcssa121_load_reg_4163                     |  21|   0|   21|          0|
    |h_new_20_1_lcssa140_fu_676                           |  21|   0|   21|          0|
    |h_new_20_1_lcssa140_load_reg_4258                    |  21|   0|   21|          0|
    |h_new_21_1_lcssa141_fu_680                           |  21|   0|   21|          0|
    |h_new_21_1_lcssa141_load_reg_4263                    |  21|   0|   21|          0|
    |h_new_22_1_lcssa142_fu_684                           |  21|   0|   21|          0|
    |h_new_22_1_lcssa142_load_reg_4268                    |  21|   0|   21|          0|
    |h_new_23_1_lcssa143_fu_688                           |  21|   0|   21|          0|
    |h_new_23_1_lcssa143_load_reg_4273                    |  21|   0|   21|          0|
    |h_new_24_1_lcssa144_fu_692                           |  21|   0|   21|          0|
    |h_new_24_1_lcssa144_load_reg_4278                    |  21|   0|   21|          0|
    |h_new_25_1_lcssa145_fu_696                           |  21|   0|   21|          0|
    |h_new_25_1_lcssa145_load_reg_4283                    |  21|   0|   21|          0|
    |h_new_26_1_lcssa146_fu_700                           |  21|   0|   21|          0|
    |h_new_26_1_lcssa146_load_reg_4288                    |  21|   0|   21|          0|
    |h_new_27_1_lcssa147_fu_704                           |  21|   0|   21|          0|
    |h_new_27_1_lcssa147_load_reg_4293                    |  21|   0|   21|          0|
    |h_new_28_1_lcssa148_fu_708                           |  21|   0|   21|          0|
    |h_new_28_1_lcssa148_load_reg_4298                    |  21|   0|   21|          0|
    |h_new_29_1_lcssa149_fu_712                           |  21|   0|   21|          0|
    |h_new_29_1_lcssa149_load_reg_4303                    |  21|   0|   21|          0|
    |h_new_2_1_lcssa122_fu_604                            |  21|   0|   21|          0|
    |h_new_2_1_lcssa122_load_reg_4168                     |  21|   0|   21|          0|
    |h_new_30_1_lcssa150_fu_716                           |  21|   0|   21|          0|
    |h_new_30_1_lcssa150_load_reg_4308                    |  21|   0|   21|          0|
    |h_new_31_1_lcssa151_fu_720                           |  21|   0|   21|          0|
    |h_new_31_1_lcssa151_load_reg_4313                    |  21|   0|   21|          0|
    |h_new_32_1_lcssa152_fu_724                           |  21|   0|   21|          0|
    |h_new_32_1_lcssa152_load_reg_4318                    |  21|   0|   21|          0|
    |h_new_33_1_lcssa153_fu_728                           |  21|   0|   21|          0|
    |h_new_33_1_lcssa153_load_reg_4323                    |  21|   0|   21|          0|
    |h_new_34_1_lcssa154_fu_732                           |  21|   0|   21|          0|
    |h_new_34_1_lcssa154_load_reg_4328                    |  21|   0|   21|          0|
    |h_new_35_1_lcssa155_fu_736                           |  21|   0|   21|          0|
    |h_new_35_1_lcssa155_load_reg_4333                    |  21|   0|   21|          0|
    |h_new_36_1_lcssa156_fu_740                           |  21|   0|   21|          0|
    |h_new_36_1_lcssa156_load_reg_4338                    |  21|   0|   21|          0|
    |h_new_37_1_lcssa157_fu_744                           |  21|   0|   21|          0|
    |h_new_37_1_lcssa157_load_reg_4343                    |  21|   0|   21|          0|
    |h_new_38_1_lcssa158_fu_748                           |  21|   0|   21|          0|
    |h_new_38_1_lcssa158_load_reg_4348                    |  21|   0|   21|          0|
    |h_new_39_1_lcssa159_fu_752                           |  21|   0|   21|          0|
    |h_new_39_1_lcssa159_load_reg_4353                    |  21|   0|   21|          0|
    |h_new_3_1_lcssa123_fu_608                            |  21|   0|   21|          0|
    |h_new_3_1_lcssa123_load_reg_4173                     |  21|   0|   21|          0|
    |h_new_4_1_lcssa124_fu_612                            |  21|   0|   21|          0|
    |h_new_4_1_lcssa124_load_reg_4178                     |  21|   0|   21|          0|
    |h_new_5_1_lcssa125_fu_616                            |  21|   0|   21|          0|
    |h_new_5_1_lcssa125_load_reg_4183                     |  21|   0|   21|          0|
    |h_new_6_1_lcssa126_fu_620                            |  21|   0|   21|          0|
    |h_new_6_1_lcssa126_load_reg_4188                     |  21|   0|   21|          0|
    |h_new_7_1_lcssa127_fu_624                            |  21|   0|   21|          0|
    |h_new_7_1_lcssa127_load_reg_4193                     |  21|   0|   21|          0|
    |h_new_8_1_lcssa128_fu_628                            |  21|   0|   21|          0|
    |h_new_8_1_lcssa128_load_reg_4198                     |  21|   0|   21|          0|
    |h_new_9_1_lcssa129_fu_632                            |  21|   0|   21|          0|
    |h_new_9_1_lcssa129_load_reg_4203                     |  21|   0|   21|          0|
    |h_state_0                                            |  21|   0|   21|          0|
    |h_state_1                                            |  21|   0|   21|          0|
    |h_state_10                                           |  21|   0|   21|          0|
    |h_state_11                                           |  21|   0|   21|          0|
    |h_state_12                                           |  21|   0|   21|          0|
    |h_state_13                                           |  21|   0|   21|          0|
    |h_state_14                                           |  21|   0|   21|          0|
    |h_state_15                                           |  21|   0|   21|          0|
    |h_state_16                                           |  21|   0|   21|          0|
    |h_state_17                                           |  21|   0|   21|          0|
    |h_state_18                                           |  21|   0|   21|          0|
    |h_state_19                                           |  21|   0|   21|          0|
    |h_state_2                                            |  21|   0|   21|          0|
    |h_state_20                                           |  21|   0|   21|          0|
    |h_state_21                                           |  21|   0|   21|          0|
    |h_state_22                                           |  21|   0|   21|          0|
    |h_state_23                                           |  21|   0|   21|          0|
    |h_state_24                                           |  21|   0|   21|          0|
    |h_state_25                                           |  21|   0|   21|          0|
    |h_state_26                                           |  21|   0|   21|          0|
    |h_state_27                                           |  21|   0|   21|          0|
    |h_state_28                                           |  21|   0|   21|          0|
    |h_state_29                                           |  21|   0|   21|          0|
    |h_state_3                                            |  21|   0|   21|          0|
    |h_state_30                                           |  21|   0|   21|          0|
    |h_state_31                                           |  21|   0|   21|          0|
    |h_state_32                                           |  21|   0|   21|          0|
    |h_state_33                                           |  21|   0|   21|          0|
    |h_state_34                                           |  21|   0|   21|          0|
    |h_state_35                                           |  21|   0|   21|          0|
    |h_state_36                                           |  21|   0|   21|          0|
    |h_state_37                                           |  21|   0|   21|          0|
    |h_state_38                                           |  21|   0|   21|          0|
    |h_state_39                                           |  21|   0|   21|          0|
    |h_state_4                                            |  21|   0|   21|          0|
    |h_state_5                                            |  21|   0|   21|          0|
    |h_state_6                                            |  21|   0|   21|          0|
    |h_state_7                                            |  21|   0|   21|          0|
    |h_state_8                                            |  21|   0|   21|          0|
    |h_state_9                                            |  21|   0|   21|          0|
    |icmp_ln211_reg_3680                                  |   1|   0|    1|          0|
    |icmp_ln238_10_reg_4087                               |   1|   0|    1|          0|
    |icmp_ln238_11_reg_4100                               |   1|   0|    1|          0|
    |icmp_ln238_1_reg_4047                                |   1|   0|    1|          0|
    |icmp_ln238_2_reg_4110                                |   1|   0|    1|          0|
    |icmp_ln238_4_reg_4067                                |   1|   0|    1|          0|
    |icmp_ln238_7_reg_4077                                |   1|   0|    1|          0|
    |icmp_ln238_9_reg_4127                                |   1|   0|    1|          0|
    |icmp_ln238_reg_4034                                  |   1|   0|    1|          0|
    |icmp_ln352_3_reg_4442                                |   1|   0|    1|          0|
    |icmp_ln352_reg_4402                                  |   1|   0|    1|          0|
    |icmp_ln359_reg_3984                                  |   1|   0|    1|          0|
    |lD_0_i_reg_4140                                      |   1|   0|    1|          0|
    |lshr_ln238_1_reg_4153                                |  54|   0|   54|          0|
    |lshr_ln238_reg_4147                                  |  54|   0|   54|          0|
    |lshr_ln352_reg_4447                                  |  64|   0|   64|          0|
    |n_fu_592                                             |  31|   0|   31|          0|
    |n_samples_read_reg_3668                              |  32|   0|   32|          0|
    |not_icmp_ln238_10370_reg_4387                        |   1|   0|    1|          0|
    |or_ln352_reg_4437                                    |   1|   0|    1|          0|
    |ref_tmp_i_i_reg_4358                                 |  21|   0|   21|          0|
    |select_ln238_1_reg_4053                              |  11|   0|   11|          0|
    |select_ln238_2_reg_4116                              |  21|   0|   21|          0|
    |select_ln238_reg_4027                                |  54|   0|   54|          0|
    |select_ln352_reg_4412                                |  32|   0|   32|          0|
    |shl_ln352_reg_4452                                   |  64|   0|   64|          0|
    |sub_ln238_1_reg_4040                                 |  12|   0|   12|          0|
    |sub_ln238_3_reg_4082                                 |   6|   0|    6|          0|
    |sub_ln352_1_reg_4425                                 |   6|   0|    6|          0|
    |sub_ln352_4_reg_4432                                 |   5|   0|    5|          0|
    |tmp_330_reg_4072                                     |   1|   0|    1|          0|
    |tmp_334_reg_4369                                     |   1|   0|    1|          0|
    |tmp_335_reg_4094                                     |   1|   0|    1|          0|
    |tmp_339_reg_4407                                     |   1|   0|    1|          0|
    |tmp_reg_4002                                         |   1|   0|    1|          0|
    |tmp_s_reg_4012                                       |  11|   0|   11|          0|
    |tobool_i_reg_4105                                    |   1|   0|    1|          0|
    |trunc_ln238_1_reg_4017                               |  52|   0|   52|          0|
    |trunc_ln238_5_reg_4061                               |  21|   0|   21|          0|
    |trunc_ln238_reg_3997                                 |  63|   0|   63|          0|
    |trunc_ln352_reg_4420                                 |   6|   0|    6|          0|
    |x_reg_4397                                           |  21|   0|   21|          0|
    |xor_ln218_reg_3971                                   |   1|   0|    1|          0|
    |zext_ln238_reg_4022                                  |  11|   0|   12|          1|
    +-----------------------------------------------------+----+----+-----+-----------+
    |Total                                                |3291|   0| 3292|          1|
    +-----------------------------------------------------+----+----+-----+-----------+



================================================================
== Interface
================================================================
* Summary: 
+----------------------+-----+-----+------------+--------------------+--------------+
|       RTL Ports      | Dir | Bits|  Protocol  |    Source Object   |    C Type    |
+----------------------+-----+-----+------------+--------------------+--------------+
|s_axi_CTRL_AWVALID    |   in|    1|       s_axi|                CTRL|        scalar|
|s_axi_CTRL_AWREADY    |  out|    1|       s_axi|                CTRL|        scalar|
|s_axi_CTRL_AWADDR     |   in|    6|       s_axi|                CTRL|        scalar|
|s_axi_CTRL_WVALID     |   in|    1|       s_axi|                CTRL|        scalar|
|s_axi_CTRL_WREADY     |  out|    1|       s_axi|                CTRL|        scalar|
|s_axi_CTRL_WDATA      |   in|   32|       s_axi|                CTRL|        scalar|
|s_axi_CTRL_WSTRB      |   in|    4|       s_axi|                CTRL|        scalar|
|s_axi_CTRL_ARVALID    |   in|    1|       s_axi|                CTRL|        scalar|
|s_axi_CTRL_ARREADY    |  out|    1|       s_axi|                CTRL|        scalar|
|s_axi_CTRL_ARADDR     |   in|    6|       s_axi|                CTRL|        scalar|
|s_axi_CTRL_RVALID     |  out|    1|       s_axi|                CTRL|        scalar|
|s_axi_CTRL_RREADY     |   in|    1|       s_axi|                CTRL|        scalar|
|s_axi_CTRL_RDATA      |  out|   32|       s_axi|                CTRL|        scalar|
|s_axi_CTRL_RRESP      |  out|    2|       s_axi|                CTRL|        scalar|
|s_axi_CTRL_BVALID     |  out|    1|       s_axi|                CTRL|        scalar|
|s_axi_CTRL_BREADY     |   in|    1|       s_axi|                CTRL|        scalar|
|s_axi_CTRL_BRESP      |  out|    2|       s_axi|                CTRL|        scalar|
|ap_clk                |   in|    1|  ap_ctrl_hs|              gru_va|  return value|
|ap_rst_n              |   in|    1|  ap_ctrl_hs|              gru_va|  return value|
|interrupt             |  out|    1|  ap_ctrl_hs|              gru_va|  return value|
|m_axi_gmem0_AWVALID   |  out|    1|       m_axi|               gmem0|       pointer|
|m_axi_gmem0_AWREADY   |   in|    1|       m_axi|               gmem0|       pointer|
|m_axi_gmem0_AWADDR    |  out|   64|       m_axi|               gmem0|       pointer|
|m_axi_gmem0_AWID      |  out|    1|       m_axi|               gmem0|       pointer|
|m_axi_gmem0_AWLEN     |  out|    8|       m_axi|               gmem0|       pointer|
|m_axi_gmem0_AWSIZE    |  out|    3|       m_axi|               gmem0|       pointer|
|m_axi_gmem0_AWBURST   |  out|    2|       m_axi|               gmem0|       pointer|
|m_axi_gmem0_AWLOCK    |  out|    2|       m_axi|               gmem0|       pointer|
|m_axi_gmem0_AWCACHE   |  out|    4|       m_axi|               gmem0|       pointer|
|m_axi_gmem0_AWPROT    |  out|    3|       m_axi|               gmem0|       pointer|
|m_axi_gmem0_AWQOS     |  out|    4|       m_axi|               gmem0|       pointer|
|m_axi_gmem0_AWREGION  |  out|    4|       m_axi|               gmem0|       pointer|
|m_axi_gmem0_AWUSER    |  out|    1|       m_axi|               gmem0|       pointer|
|m_axi_gmem0_WVALID    |  out|    1|       m_axi|               gmem0|       pointer|
|m_axi_gmem0_WREADY    |   in|    1|       m_axi|               gmem0|       pointer|
|m_axi_gmem0_WDATA     |  out|   32|       m_axi|               gmem0|       pointer|
|m_axi_gmem0_WSTRB     |  out|    4|       m_axi|               gmem0|       pointer|
|m_axi_gmem0_WLAST     |  out|    1|       m_axi|               gmem0|       pointer|
|m_axi_gmem0_WID       |  out|    1|       m_axi|               gmem0|       pointer|
|m_axi_gmem0_WUSER     |  out|    1|       m_axi|               gmem0|       pointer|
|m_axi_gmem0_ARVALID   |  out|    1|       m_axi|               gmem0|       pointer|
|m_axi_gmem0_ARREADY   |   in|    1|       m_axi|               gmem0|       pointer|
|m_axi_gmem0_ARADDR    |  out|   64|       m_axi|               gmem0|       pointer|
|m_axi_gmem0_ARID      |  out|    1|       m_axi|               gmem0|       pointer|
|m_axi_gmem0_ARLEN     |  out|    8|       m_axi|               gmem0|       pointer|
|m_axi_gmem0_ARSIZE    |  out|    3|       m_axi|               gmem0|       pointer|
|m_axi_gmem0_ARBURST   |  out|    2|       m_axi|               gmem0|       pointer|
|m_axi_gmem0_ARLOCK    |  out|    2|       m_axi|               gmem0|       pointer|
|m_axi_gmem0_ARCACHE   |  out|    4|       m_axi|               gmem0|       pointer|
|m_axi_gmem0_ARPROT    |  out|    3|       m_axi|               gmem0|       pointer|
|m_axi_gmem0_ARQOS     |  out|    4|       m_axi|               gmem0|       pointer|
|m_axi_gmem0_ARREGION  |  out|    4|       m_axi|               gmem0|       pointer|
|m_axi_gmem0_ARUSER    |  out|    1|       m_axi|               gmem0|       pointer|
|m_axi_gmem0_RVALID    |   in|    1|       m_axi|               gmem0|       pointer|
|m_axi_gmem0_RREADY    |  out|    1|       m_axi|               gmem0|       pointer|
|m_axi_gmem0_RDATA     |   in|   32|       m_axi|               gmem0|       pointer|
|m_axi_gmem0_RLAST     |   in|    1|       m_axi|               gmem0|       pointer|
|m_axi_gmem0_RID       |   in|    1|       m_axi|               gmem0|       pointer|
|m_axi_gmem0_RUSER     |   in|    1|       m_axi|               gmem0|       pointer|
|m_axi_gmem0_RRESP     |   in|    2|       m_axi|               gmem0|       pointer|
|m_axi_gmem0_BVALID    |   in|    1|       m_axi|               gmem0|       pointer|
|m_axi_gmem0_BREADY    |  out|    1|       m_axi|               gmem0|       pointer|
|m_axi_gmem0_BRESP     |   in|    2|       m_axi|               gmem0|       pointer|
|m_axi_gmem0_BID       |   in|    1|       m_axi|               gmem0|       pointer|
|m_axi_gmem0_BUSER     |   in|    1|       m_axi|               gmem0|       pointer|
|audio_in_TDATA        |   in|   32|        axis|   audio_in_V_data_V|       pointer|
|audio_in_TVALID       |   in|    1|        axis|   audio_in_V_last_V|       pointer|
|audio_in_TREADY       |  out|    1|        axis|   audio_in_V_last_V|       pointer|
|audio_in_TLAST        |   in|    1|        axis|   audio_in_V_last_V|       pointer|
|audio_in_TKEEP        |   in|    4|        axis|   audio_in_V_keep_V|       pointer|
|audio_in_TSTRB        |   in|    4|        axis|   audio_in_V_strb_V|       pointer|
|audio_out_TDATA       |  out|   32|        axis|  audio_out_V_data_V|       pointer|
|audio_out_TVALID      |  out|    1|        axis|  audio_out_V_last_V|       pointer|
|audio_out_TREADY      |   in|    1|        axis|  audio_out_V_last_V|       pointer|
|audio_out_TLAST       |  out|    1|        axis|  audio_out_V_last_V|       pointer|
|audio_out_TKEEP       |  out|    4|        axis|  audio_out_V_keep_V|       pointer|
|audio_out_TSTRB       |  out|    4|        axis|  audio_out_V_strb_V|       pointer|
+----------------------+-----+-----+------------+--------------------+--------------+

