

================================================================
== Vitis HLS Report for 'gru_va'
================================================================
* Date:           Sat Aug  8 16:08:53 2026

* Version:        2025.2 (Build 6295257 on Nov 14 2025)
* Project:        b_gt_mod
* Solution:       sol_gt_mod_w24 (Vivado IP Flow Target)
* Product family: zynq
* Target device:  xc7z020-clg400-1


================================================================
== Performance Estimates
================================================================
+ Timing: 
    * Summary: 
    +--------+----------+----------+------------+
    |  Clock |  Target  | Estimated| Uncertainty|
    +--------+----------+----------+------------+
    |ap_clk  |  10.00 ns|  7.195 ns|     2.70 ns|
    +--------+----------+----------+------------+

+ Latency: 
    * Summary: 
    +---------+---------+----------+----------+-----+-----+---------+
    |  Latency (cycles) |  Latency (absolute) |  Interval | Pipeline|
    |   min   |   max   |    min   |    max   | min | max |   Type  |
    +---------+---------+----------+----------+-----+-----+---------+
    |        ?|        ?|         ?|         ?|    ?|    ?|       no|
    +---------+---------+----------+----------+-----+-----+---------+

    + Detail: 
        * Instance: 
        +----------------------------------------+-----------------------------+---------+---------+----------+----------+-----+-----+-------------------+
        |                                        |                             |  Latency (cycles) |  Latency (absolute) |  Interval |      Pipeline     |
        |                Instance                |            Module           |   min   |   max   |    min   |    max   | min | max |        Type       |
        +----------------------------------------+-----------------------------+---------+---------+----------+----------+-----+-----+-------------------+
        |grp_gru_va_Pipeline_HIDDEN_LOOP_fu_802  |gru_va_Pipeline_HIDDEN_LOOP  |      131|      131|  1.310 us|  1.310 us|    0|    0|  loop pipeline stp|
        +----------------------------------------+-----------------------------+---------+---------+----------+----------+-----+-----+-------------------+

        * Loop: 
        +---------------+---------+---------+----------+-----------+-----------+------+----------+
        |               |  Latency (cycles) | Iteration|  Initiation Interval  | Trip |          |
        |   Loop Name   |   min   |   max   |  Latency |  achieved |   target  | Count| Pipelined|
        +---------------+---------+---------+----------+-----------+-----------+------+----------+
        |- SAMPLE_LOOP  |        ?|        ?|       145|          -|          -|     ?|        no|
        +---------------+---------+---------+----------+-----------+-----------+------+----------+



================================================================
== Utilization Estimates
================================================================
* Summary: 
+-----------------+---------+-----+--------+-------+-----+
|       Name      | BRAM_18K| DSP |   FF   |  LUT  | URAM|
+-----------------+---------+-----+--------+-------+-----+
|DSP              |        -|    -|       -|      -|    -|
|Expression       |        -|    -|       0|   4885|    -|
|FIFO             |        -|    -|       -|      -|    -|
|Instance         |        6|  135|   25356|  35449|    -|
|Memory           |        -|    -|       -|      -|    -|
|Multiplexer      |        -|    -|       0|    452|    -|
|Register         |        -|    -|    3663|      -|    -|
+-----------------+---------+-----+--------+-------+-----+
|Total            |        6|  135|   29019|  40786|    0|
+-----------------+---------+-----+--------+-------+-----+
|Available        |      280|  220|  106400|  53200|    0|
+-----------------+---------+-----+--------+-------+-----+
|Utilization (%)  |        2|   61|      27|     76|    0|
+-----------------+---------+-----+--------+-------+-----+

+ Detail: 
    * Instance: 
    +----------------------------------------+------------------------------+---------+-----+-------+-------+-----+
    |                Instance                |            Module            | BRAM_18K| DSP |   FF  |  LUT  | URAM|
    +----------------------------------------+------------------------------+---------+-----+-------+-------+-----+
    |CTRL_s_axi_U                            |CTRL_s_axi                    |        0|    0|    220|    360|    0|
    |bitselect_1ns_32ns_5ns_1_1_1_U259       |bitselect_1ns_32ns_5ns_1_1_1  |        0|    0|      0|      9|    0|
    |bitselect_1ns_54ns_6ns_1_1_1_U253       |bitselect_1ns_54ns_6ns_1_1_1  |        0|    0|      0|     17|    0|
    |bitselect_1ns_54ns_6ns_1_1_1_U254       |bitselect_1ns_54ns_6ns_1_1_1  |        0|    0|      0|     17|    0|
    |ctlz_32_32_1_1_U258                     |ctlz_32_32_1_1                |        0|    0|      0|     44|    0|
    |fpext_32ns_64_2_no_dsp_1_U252           |fpext_32ns_64_2_no_dsp_1      |        0|    0|      0|      0|    0|
    |grp_gru_va_Pipeline_HIDDEN_LOOP_fu_802  |gru_va_Pipeline_HIDDEN_LOOP   |        6|  135|  25136|  34975|    0|
    |sparsemux_7_2_1_1_1_U256                |sparsemux_7_2_1_1_1           |        0|    0|      0|      9|    0|
    |sparsemux_7_2_24_1_1_U255               |sparsemux_7_2_24_1_1          |        0|    0|      0|      9|    0|
    |sparsemux_7_2_24_1_1_U257               |sparsemux_7_2_24_1_1          |        0|    0|      0|      9|    0|
    +----------------------------------------+------------------------------+---------+-----+-------+-------+-----+
    |Total                                   |                              |        6|  135|  25356|  35449|    0|
    +----------------------------------------+------------------------------+---------+-----+-------+-------+-----+

    * DSP: 
    N/A

    * Memory: 
    N/A

    * FIFO: 
    N/A

    * Expression: 
    +---------------------------------+----------+----+---+-----+------------+------------+
    |          Variable Name          | Operation| DSP| FF| LUT | Bitwidth P0| Bitwidth P1|
    +---------------------------------+----------+----+---+-----+------------+------------+
    |add_ln238_1_fu_2670_p2           |         +|   0|  0|   12|          12|           6|
    |add_ln238_3_fu_2718_p2           |         +|   0|  0|   12|          12|           6|
    |add_ln238_4_fu_2967_p2           |         +|   0|  0|   31|          24|          24|
    |add_ln238_5_fu_2886_p2           |         +|   0|  0|   12|          12|          12|
    |add_ln238_6_fu_2740_p2           |         +|   0|  0|   12|          12|           2|
    |add_ln238_7_fu_2908_p2           |         +|   0|  0|   12|          12|           2|
    |add_ln238_fu_2778_p2             |         +|   0|  0|   12|          12|          11|
    |add_ln344_fu_3333_p2             |         +|   0|  0|   40|          33|          17|
    |add_ln352_1_fu_3541_p2           |         +|   0|  0|   14|           6|           6|
    |add_ln352_2_fu_3587_p2           |         +|   0|  0|   71|          64|          64|
    |add_ln352_3_fu_3632_p2           |         +|   0|  0|   15|           8|           8|
    |add_ln352_fu_3448_p2             |         +|   0|  0|   14|           6|           6|
    |add_ln359_fu_1772_p2             |         +|   0|  0|   39|          32|           2|
    |n_2_fu_1995_p2                   |         +|   0|  0|   38|          31|           1|
    |tmp_333_fu_2710_p2               |         +|   0|  0|   14|           6|           6|
    |sub_ln238_1_fu_2650_p2           |         -|   0|  0|   12|          11|          12|
    |sub_ln238_2_fu_2680_p2           |         -|   0|  0|   12|           5|          11|
    |sub_ln238_3_fu_2734_p2           |         -|   0|  0|   14|           5|           6|
    |sub_ln238_fu_2632_p2             |         -|   0|  0|   61|           1|          54|
    |sub_ln352_1_fu_3432_p2           |         -|   0|  0|   14|           7|           6|
    |sub_ln352_2_fu_3560_p2           |         -|   0|  0|   14|           5|           6|
    |sub_ln352_3_fu_3623_p2           |         -|   0|  0|   14|           4|           6|
    |sub_ln352_4_fu_3442_p2           |         -|   0|  0|   13|           4|           5|
    |sub_ln352_fu_3407_p2             |         -|   0|  0|   39|           1|          32|
    |pi_assign_fu_3645_p5             |      1003|   0|  0|    2|          64|           9|
    |and_ln238_10_fu_3262_p2          |       and|   0|  0|    2|           1|           1|
    |and_ln238_11_fu_3022_p2          |       and|   0|  0|    2|           1|           1|
    |and_ln238_12_fu_3194_p2          |       and|   0|  0|    2|           1|           1|
    |and_ln238_13_fu_3231_p2          |       and|   0|  0|    2|           1|           1|
    |and_ln238_14_fu_3287_p2          |       and|   0|  0|    2|           1|           1|
    |and_ln238_15_fu_3293_p2          |       and|   0|  0|    2|           1|           1|
    |and_ln238_16_fu_2846_p2          |       and|   0|  0|   54|          54|          54|
    |and_ln238_1_fu_2991_p2           |       and|   0|  0|    2|           1|           1|
    |and_ln238_3_fu_3082_p2           |       and|   0|  0|    2|           1|           1|
    |and_ln238_4_fu_3088_p2           |       and|   0|  0|    2|           1|           1|
    |and_ln238_5_fu_3103_p2           |       and|   0|  0|    2|           1|           1|
    |and_ln238_6_fu_3150_p2           |       and|   0|  0|    2|           1|           1|
    |and_ln238_7_fu_3184_p2           |       and|   0|  0|    2|           1|           1|
    |and_ln238_8_fu_3246_p2           |       and|   0|  0|    2|           1|           1|
    |and_ln238_9_fu_3252_p2           |       and|   0|  0|    2|           1|           1|
    |and_ln238_fu_2873_p2             |       and|   0|  0|    2|           1|           1|
    |and_ln344_fu_3365_p2             |       and|   0|  0|    2|           1|           1|
    |and_ln352_1_fu_3482_p2           |       and|   0|  0|   32|          32|          32|
    |and_ln352_fu_3520_p2             |       and|   0|  0|    2|           1|           1|
    |carry_1_i_fu_3028_p2             |       and|   0|  0|    2|           1|           1|
    |cond85_i_fu_2857_p2              |       and|   0|  0|    2|           1|           1|
    |lD_0_i_fu_2913_p2                |       and|   0|  0|    2|           1|           1|
    |neg_src_0_i_fu_3205_p2           |       and|   0|  0|    2|           1|           1|
    |phi_ln352_fu_3493_p2             |       and|   0|  0|    2|           1|           1|
    |ashr_ln238_fu_2803_p2            |      ashr|   0|  0|  161|          54|          54|
    |icmp_ln211_fu_1274_p2            |      icmp|   0|  0|   39|          32|           1|
    |icmp_ln218_fu_1280_p2            |      icmp|   0|  0|   39|          32|           1|
    |icmp_ln229_1_fu_2011_p2          |      icmp|   0|  0|   39|          32|           1|
    |icmp_ln229_fu_1990_p2            |      icmp|   0|  0|   39|          32|          32|
    |icmp_ln238_10_fu_2750_p2         |      icmp|   0|  0|   12|          12|           6|
    |icmp_ln238_11_fu_2764_p2         |      icmp|   0|  0|   12|          12|           6|
    |icmp_ln238_12_fu_3047_p2         |      icmp|   0|  0|   12|          12|           6|
    |icmp_ln238_13_fu_3052_p2         |      icmp|   0|  0|   12|          12|           6|
    |icmp_ln238_14_fu_3057_p2         |      icmp|   0|  0|   61|          54|          54|
    |icmp_ln238_15_fu_3098_p2         |      icmp|   0|  0|   61|          54|           1|
    |icmp_ln238_16_fu_3109_p2         |      icmp|   0|  0|   12|          12|           6|
    |icmp_ln238_1_fu_2664_p2          |      icmp|   0|  0|   12|          12|           5|
    |icmp_ln238_2_fu_2783_p2          |      icmp|   0|  0|   12|          12|           5|
    |icmp_ln238_3_fu_2788_p2          |      icmp|   0|  0|   12|          11|           6|
    |icmp_ln238_4_fu_2698_p2          |      icmp|   0|  0|   12|          12|           6|
    |icmp_ln238_5_fu_2936_p2          |      icmp|   0|  0|   12|          11|           5|
    |icmp_ln238_6_fu_2825_p2          |      icmp|   0|  0|   12|          12|           5|
    |icmp_ln238_7_fu_2728_p2          |      icmp|   0|  0|   12|          12|           6|
    |icmp_ln238_8_fu_2851_p2          |      icmp|   0|  0|   61|          54|           1|
    |icmp_ln238_9_fu_2902_p2          |      icmp|   0|  0|   12|          11|           1|
    |icmp_ln238_fu_2645_p2            |      icmp|   0|  0|   70|          63|           1|
    |icmp_ln352_1_fu_3467_p2          |      icmp|   0|  0|   13|           5|           1|
    |icmp_ln352_2_fu_3487_p2          |      icmp|   0|  0|   39|          32|           1|
    |icmp_ln352_3_fu_3535_p2          |      icmp|   0|  0|   14|           6|           1|
    |icmp_ln352_fu_3393_p2            |      icmp|   0|  0|   39|          32|           1|
    |icmp_ln359_fu_2001_p2            |      icmp|   0|  0|   39|          32|          32|
    |lshr_ln238_1_fu_2930_p2          |      lshr|   0|  0|  161|           2|          54|
    |lshr_ln238_2_fu_2840_p2          |      lshr|   0|  0|  161|           2|          54|
    |lshr_ln238_fu_2925_p2            |      lshr|   0|  0|  161|          54|          54|
    |lshr_ln352_2_fu_3476_p2          |      lshr|   0|  0|  100|           2|          32|
    |lshr_ln352_fu_3554_p2            |      lshr|   0|  0|  182|          64|          64|
    |deleted_ones_0_i_fu_3169_p2      |        or|   0|  0|    2|           1|           1|
    |or_ln229_fu_2016_p2              |        or|   0|  0|    2|           1|           1|
    |or_ln238_1_fu_3145_p2            |        or|   0|  0|    2|           1|           1|
    |or_ln238_2_fu_3236_p2            |        or|   0|  0|    2|           1|           1|
    |or_ln238_3_fu_3268_p2            |        or|   0|  0|    2|           1|           1|
    |or_ln238_fu_2867_p2              |        or|   0|  0|    2|           1|           1|
    |or_ln352_fu_3526_p2              |        or|   0|  0|    2|           1|           1|
    |Range1_all_ones_2_i_fu_3129_p3   |    select|   0|  0|    2|           1|           1|
    |Range1_all_zeros_2_i_fu_3137_p3  |    select|   0|  0|    2|           1|           1|
    |Range2_all_ones_1_i_fu_3074_p3   |    select|   0|  0|    2|           1|           1|
    |cond190_i_fu_3156_p3             |    select|   0|  0|    2|           1|           1|
    |cond45_i_i_fu_3579_p3            |    select|   0|  0|   64|           1|          64|
    |cond63_i_fu_2820_p3              |    select|   0|  0|    2|           1|           1|
    |empty_51_fu_3661_p3              |    select|   0|  0|   32|           1|           1|
    |ref_tmp_i_i_fu_3003_p6           |    select|   0|  0|   24|           1|          24|
    |select_ln218_10_fu_1532_p3       |    select|   0|  0|   24|           1|          24|
    |select_ln218_11_fu_1540_p3       |    select|   0|  0|   24|           1|          24|
    |select_ln218_12_fu_1548_p3       |    select|   0|  0|   24|           1|          24|
    |select_ln218_13_fu_1556_p3       |    select|   0|  0|   24|           1|          24|
    |select_ln218_14_fu_1564_p3       |    select|   0|  0|   24|           1|          24|
    |select_ln218_15_fu_1572_p3       |    select|   0|  0|   24|           1|          24|
    |select_ln218_16_fu_1580_p3       |    select|   0|  0|   24|           1|          24|
    |select_ln218_17_fu_1588_p3       |    select|   0|  0|   24|           1|          24|
    |select_ln218_18_fu_1596_p3       |    select|   0|  0|   24|           1|          24|
    |select_ln218_19_fu_1604_p3       |    select|   0|  0|   24|           1|          24|
    |select_ln218_1_fu_1460_p3        |    select|   0|  0|   24|           1|          24|
    |select_ln218_20_fu_1612_p3       |    select|   0|  0|   24|           1|          24|
    |select_ln218_21_fu_1620_p3       |    select|   0|  0|   24|           1|          24|
    |select_ln218_22_fu_1628_p3       |    select|   0|  0|   24|           1|          24|
    |select_ln218_23_fu_1636_p3       |    select|   0|  0|   24|           1|          24|
    |select_ln218_24_fu_1644_p3       |    select|   0|  0|   24|           1|          24|
    |select_ln218_25_fu_1652_p3       |    select|   0|  0|   24|           1|          24|
    |select_ln218_26_fu_1660_p3       |    select|   0|  0|   24|           1|          24|
    |select_ln218_27_fu_1668_p3       |    select|   0|  0|   24|           1|          24|
    |select_ln218_28_fu_1676_p3       |    select|   0|  0|   24|           1|          24|
    |select_ln218_29_fu_1684_p3       |    select|   0|  0|   24|           1|          24|
    |select_ln218_2_fu_1468_p3        |    select|   0|  0|   24|           1|          24|
    |select_ln218_30_fu_1692_p3       |    select|   0|  0|   24|           1|          24|
    |select_ln218_31_fu_1700_p3       |    select|   0|  0|   24|           1|          24|
    |select_ln218_32_fu_1708_p3       |    select|   0|  0|   24|           1|          24|
    |select_ln218_33_fu_1716_p3       |    select|   0|  0|   24|           1|          24|
    |select_ln218_34_fu_1724_p3       |    select|   0|  0|   24|           1|          24|
    |select_ln218_35_fu_1732_p3       |    select|   0|  0|   24|           1|          24|
    |select_ln218_36_fu_1740_p3       |    select|   0|  0|   24|           1|          24|
    |select_ln218_37_fu_1748_p3       |    select|   0|  0|   24|           1|          24|
    |select_ln218_38_fu_1756_p3       |    select|   0|  0|   24|           1|          24|
    |select_ln218_39_fu_1764_p3       |    select|   0|  0|   24|           1|          24|
    |select_ln218_3_fu_1476_p3        |    select|   0|  0|   24|           1|          24|
    |select_ln218_4_fu_1484_p3        |    select|   0|  0|   24|           1|          24|
    |select_ln218_5_fu_1492_p3        |    select|   0|  0|   24|           1|          24|
    |select_ln218_6_fu_1500_p3        |    select|   0|  0|   24|           1|          24|
    |select_ln218_7_fu_1508_p3        |    select|   0|  0|   24|           1|          24|
    |select_ln218_8_fu_1516_p3        |    select|   0|  0|   24|           1|          24|
    |select_ln218_9_fu_1524_p3        |    select|   0|  0|   24|           1|          24|
    |select_ln218_fu_1452_p3          |    select|   0|  0|   24|           1|          24|
    |select_ln229_10_fu_2101_p3       |    select|   0|  0|   24|           1|          24|
    |select_ln229_11_fu_2109_p3       |    select|   0|  0|   24|           1|          24|
    |select_ln229_12_fu_2117_p3       |    select|   0|  0|   24|           1|          24|
    |select_ln229_13_fu_2125_p3       |    select|   0|  0|   24|           1|          24|
    |select_ln229_14_fu_2133_p3       |    select|   0|  0|   24|           1|          24|
    |select_ln229_15_fu_2141_p3       |    select|   0|  0|   24|           1|          24|
    |select_ln229_16_fu_2149_p3       |    select|   0|  0|   24|           1|          24|
    |select_ln229_17_fu_2157_p3       |    select|   0|  0|   24|           1|          24|
    |select_ln229_18_fu_2165_p3       |    select|   0|  0|   24|           1|          24|
    |select_ln229_19_fu_2173_p3       |    select|   0|  0|   24|           1|          24|
    |select_ln229_1_fu_2029_p3        |    select|   0|  0|   24|           1|          24|
    |select_ln229_20_fu_2181_p3       |    select|   0|  0|   24|           1|          24|
    |select_ln229_21_fu_2189_p3       |    select|   0|  0|   24|           1|          24|
    |select_ln229_22_fu_2197_p3       |    select|   0|  0|   24|           1|          24|
    |select_ln229_23_fu_2205_p3       |    select|   0|  0|   24|           1|          24|
    |select_ln229_24_fu_2213_p3       |    select|   0|  0|   24|           1|          24|
    |select_ln229_25_fu_2221_p3       |    select|   0|  0|   24|           1|          24|
    |select_ln229_26_fu_2229_p3       |    select|   0|  0|   24|           1|          24|
    |select_ln229_27_fu_2237_p3       |    select|   0|  0|   24|           1|          24|
    |select_ln229_28_fu_2245_p3       |    select|   0|  0|   24|           1|          24|
    |select_ln229_29_fu_2253_p3       |    select|   0|  0|   24|           1|          24|
    |select_ln229_2_fu_2037_p3        |    select|   0|  0|   24|           1|          24|
    |select_ln229_30_fu_2261_p3       |    select|   0|  0|   24|           1|          24|
    |select_ln229_31_fu_2269_p3       |    select|   0|  0|   24|           1|          24|
    |select_ln229_32_fu_2277_p3       |    select|   0|  0|   24|           1|          24|
    |select_ln229_33_fu_2285_p3       |    select|   0|  0|   24|           1|          24|
    |select_ln229_34_fu_2293_p3       |    select|   0|  0|   24|           1|          24|
    |select_ln229_35_fu_2301_p3       |    select|   0|  0|   24|           1|          24|
    |select_ln229_36_fu_2309_p3       |    select|   0|  0|   24|           1|          24|
    |select_ln229_37_fu_2317_p3       |    select|   0|  0|   24|           1|          24|
    |select_ln229_38_fu_2325_p3       |    select|   0|  0|   24|           1|          24|
    |select_ln229_39_fu_2333_p3       |    select|   0|  0|   24|           1|          24|
    |select_ln229_3_fu_2045_p3        |    select|   0|  0|   24|           1|          24|
    |select_ln229_4_fu_2053_p3        |    select|   0|  0|   24|           1|          24|
    |select_ln229_5_fu_2061_p3        |    select|   0|  0|   24|           1|          24|
    |select_ln229_6_fu_2069_p3        |    select|   0|  0|   24|           1|          24|
    |select_ln229_7_fu_2077_p3        |    select|   0|  0|   24|           1|          24|
    |select_ln229_8_fu_2085_p3        |    select|   0|  0|   24|           1|          24|
    |select_ln229_9_fu_2093_p3        |    select|   0|  0|   24|           1|          24|
    |select_ln229_fu_2021_p3          |    select|   0|  0|   24|           1|          24|
    |select_ln238_10_fu_2879_p3       |    select|   0|  0|    2|           1|           2|
    |select_ln238_1_fu_2686_p3        |    select|   0|  0|   11|           1|          11|
    |select_ln238_2_fu_2812_p3        |    select|   0|  0|   24|           1|          24|
    |select_ln238_4_fu_2793_p3        |    select|   0|  0|    2|           1|           2|
    |select_ln238_5_fu_3179_p3        |    select|   0|  0|    2|           1|           1|
    |select_ln238_7_fu_3114_p3        |    select|   0|  0|    2|           1|           1|
    |select_ln238_8_fu_3121_p3        |    select|   0|  0|    2|           1|           1|
    |select_ln238_9_fu_2830_p3        |    select|   0|  0|    6|           1|           1|
    |select_ln238_fu_2638_p3          |    select|   0|  0|   54|           1|          54|
    |select_ln344_fu_3377_p3          |    select|   0|  0|   33|           1|          31|
    |select_ln352_1_fu_3615_p3        |    select|   0|  0|    7|           1|           7|
    |select_ln352_fu_3413_p3          |    select|   0|  0|   32|           1|          32|
    |x_fu_3305_p4                     |    select|   0|  0|   25|           1|          23|
    |y_9_fu_3385_p3                   |    select|   0|  0|   32|           1|          32|
    |shl_ln238_fu_2944_p2             |       shl|   0|  0|   67|          24|          24|
    |shl_ln352_fu_3573_p2             |       shl|   0|  0|  182|          64|          64|
    |neg_src_0_i_fu_3205_p4           |       xor|   0|  0|    2|           2|           1|
    |not_icmp_ln238_10385_fu_3164_p2  |       xor|   0|  0|    2|           1|           2|
    |xor_ln218_fu_1446_p2             |       xor|   0|  0|    2|           1|           2|
    |xor_ln238_1_fu_3093_p2           |       xor|   0|  0|    2|           1|           2|
    |xor_ln238_2_fu_2986_p2           |       xor|   0|  0|    2|           1|           2|
    |xor_ln238_4_fu_3225_p2           |       xor|   0|  0|    2|           1|           2|
    |xor_ln238_5_fu_3241_p2           |       xor|   0|  0|    2|           1|           2|
    |xor_ln238_6_fu_3256_p2           |       xor|   0|  0|    2|           2|           1|
    |xor_ln238_7_fu_3282_p2           |       xor|   0|  0|    2|           1|           2|
    |xor_ln238_8_fu_3042_p2           |       xor|   0|  0|    2|           1|           2|
    |xor_ln238_9_fu_3068_p2           |       xor|   0|  0|    2|           1|           2|
    |xor_ln238_fu_2980_p2             |       xor|   0|  0|    2|           1|           2|
    |xor_ln344_1_fu_3371_p2           |       xor|   0|  0|    2|           1|           1|
    |xor_ln344_fu_3359_p2             |       xor|   0|  0|    2|           1|           2|
    |xor_ln352_fu_3507_p2             |       xor|   0|  0|    2|           1|           2|
    +---------------------------------+----------+----+---+-----+------------+------------+
    |Total                            |          |   0|  0| 4885|        1502|        3295|
    +---------------------------------+----------+----+---+-----+------------+------------+

    * Multiplexer: 
    +----------------------------+----+-----------+-----+-----------+
    |            Name            | LUT| Input Size| Bits| Total Bits|
    +----------------------------+----+-----------+-----+-----------+
    |ap_NS_fsm                   |  65|         16|    1|         16|
    |audio_in_TDATA_blk_n        |   9|          2|    1|          2|
    |audio_out_TDATA_blk_n       |   9|          2|    1|          2|
    |h_new_0_1_lcssa120_fu_594   |   9|          2|   24|         48|
    |h_new_10_1_lcssa130_fu_634  |   9|          2|   24|         48|
    |h_new_11_1_lcssa131_fu_638  |   9|          2|   24|         48|
    |h_new_12_1_lcssa132_fu_642  |   9|          2|   24|         48|
    |h_new_13_1_lcssa133_fu_646  |   9|          2|   24|         48|
    |h_new_14_1_lcssa134_fu_650  |   9|          2|   24|         48|
    |h_new_15_1_lcssa135_fu_654  |   9|          2|   24|         48|
    |h_new_16_1_lcssa136_fu_658  |   9|          2|   24|         48|
    |h_new_17_1_lcssa137_fu_662  |   9|          2|   24|         48|
    |h_new_18_1_lcssa138_fu_666  |   9|          2|   24|         48|
    |h_new_19_1_lcssa139_fu_670  |   9|          2|   24|         48|
    |h_new_1_1_lcssa121_fu_598   |   9|          2|   24|         48|
    |h_new_20_1_lcssa140_fu_674  |   9|          2|   24|         48|
    |h_new_21_1_lcssa141_fu_678  |   9|          2|   24|         48|
    |h_new_22_1_lcssa142_fu_682  |   9|          2|   24|         48|
    |h_new_23_1_lcssa143_fu_686  |   9|          2|   24|         48|
    |h_new_24_1_lcssa144_fu_690  |   9|          2|   24|         48|
    |h_new_25_1_lcssa145_fu_694  |   9|          2|   24|         48|
    |h_new_26_1_lcssa146_fu_698  |   9|          2|   24|         48|
    |h_new_27_1_lcssa147_fu_702  |   9|          2|   24|         48|
    |h_new_28_1_lcssa148_fu_706  |   9|          2|   24|         48|
    |h_new_29_1_lcssa149_fu_710  |   9|          2|   24|         48|
    |h_new_2_1_lcssa122_fu_602   |   9|          2|   24|         48|
    |h_new_30_1_lcssa150_fu_714  |   9|          2|   24|         48|
    |h_new_31_1_lcssa151_fu_718  |   9|          2|   24|         48|
    |h_new_32_1_lcssa152_fu_722  |   9|          2|   24|         48|
    |h_new_33_1_lcssa153_fu_726  |   9|          2|   24|         48|
    |h_new_34_1_lcssa154_fu_730  |   9|          2|   24|         48|
    |h_new_35_1_lcssa155_fu_734  |   9|          2|   24|         48|
    |h_new_36_1_lcssa156_fu_738  |   9|          2|   24|         48|
    |h_new_37_1_lcssa157_fu_742  |   9|          2|   24|         48|
    |h_new_38_1_lcssa158_fu_746  |   9|          2|   24|         48|
    |h_new_39_1_lcssa159_fu_750  |   9|          2|   24|         48|
    |h_new_3_1_lcssa123_fu_606   |   9|          2|   24|         48|
    |h_new_4_1_lcssa124_fu_610   |   9|          2|   24|         48|
    |h_new_5_1_lcssa125_fu_614   |   9|          2|   24|         48|
    |h_new_6_1_lcssa126_fu_618   |   9|          2|   24|         48|
    |h_new_7_1_lcssa127_fu_622   |   9|          2|   24|         48|
    |h_new_8_1_lcssa128_fu_626   |   9|          2|   24|         48|
    |h_new_9_1_lcssa129_fu_630   |   9|          2|   24|         48|
    |n_fu_590                    |   9|          2|   31|         62|
    +----------------------------+----+-----------+-----+-----------+
    |Total                       | 452|        102|  994|       2002|
    +----------------------------+----+-----------+-----+-----------+

    * Register: 
    +-----------------------------------------------------+----+----+-----+-----------+
    |                         Name                        | FF | LUT| Bits| Const Bits|
    +-----------------------------------------------------+----+----+-----+-----------+
    |Range1_all_ones_2_i_reg_4376                         |   1|   0|    1|          0|
    |Range1_all_zeros_2_i_reg_4382                        |   1|   0|    1|          0|
    |add_ln238_7_reg_4132                                 |  12|   0|   12|          0|
    |add_ln359_reg_3976                                   |  32|   0|   32|          0|
    |and_ln238_reg_4122                                   |   1|   0|    1|          0|
    |ap_CS_fsm                                            |  15|   0|   15|          0|
    |carry_1_i_reg_4363                                   |   1|   0|    1|          0|
    |deleted_ones_0_i_reg_4392                            |   1|   0|    1|          0|
    |empty_51_reg_4458                                    |  32|   0|   32|          0|
    |grp_gru_va_Pipeline_HIDDEN_LOOP_fu_802_ap_start_reg  |   1|   0|    1|          0|
    |h_new_0_1_lcssa120_fu_594                            |  24|   0|   24|          0|
    |h_new_0_1_lcssa120_load_reg_4158                     |  24|   0|   24|          0|
    |h_new_10_1_lcssa130_fu_634                           |  24|   0|   24|          0|
    |h_new_10_1_lcssa130_load_reg_4208                    |  24|   0|   24|          0|
    |h_new_11_1_lcssa131_fu_638                           |  24|   0|   24|          0|
    |h_new_11_1_lcssa131_load_reg_4213                    |  24|   0|   24|          0|
    |h_new_12_1_lcssa132_fu_642                           |  24|   0|   24|          0|
    |h_new_12_1_lcssa132_load_reg_4218                    |  24|   0|   24|          0|
    |h_new_13_1_lcssa133_fu_646                           |  24|   0|   24|          0|
    |h_new_13_1_lcssa133_load_reg_4223                    |  24|   0|   24|          0|
    |h_new_14_1_lcssa134_fu_650                           |  24|   0|   24|          0|
    |h_new_14_1_lcssa134_load_reg_4228                    |  24|   0|   24|          0|
    |h_new_15_1_lcssa135_fu_654                           |  24|   0|   24|          0|
    |h_new_15_1_lcssa135_load_reg_4233                    |  24|   0|   24|          0|
    |h_new_16_1_lcssa136_fu_658                           |  24|   0|   24|          0|
    |h_new_16_1_lcssa136_load_reg_4238                    |  24|   0|   24|          0|
    |h_new_17_1_lcssa137_fu_662                           |  24|   0|   24|          0|
    |h_new_17_1_lcssa137_load_reg_4243                    |  24|   0|   24|          0|
    |h_new_18_1_lcssa138_fu_666                           |  24|   0|   24|          0|
    |h_new_18_1_lcssa138_load_reg_4248                    |  24|   0|   24|          0|
    |h_new_19_1_lcssa139_fu_670                           |  24|   0|   24|          0|
    |h_new_19_1_lcssa139_load_reg_4253                    |  24|   0|   24|          0|
    |h_new_1_1_lcssa121_fu_598                            |  24|   0|   24|          0|
    |h_new_1_1_lcssa121_load_reg_4163                     |  24|   0|   24|          0|
    |h_new_20_1_lcssa140_fu_674                           |  24|   0|   24|          0|
    |h_new_20_1_lcssa140_load_reg_4258                    |  24|   0|   24|          0|
    |h_new_21_1_lcssa141_fu_678                           |  24|   0|   24|          0|
    |h_new_21_1_lcssa141_load_reg_4263                    |  24|   0|   24|          0|
    |h_new_22_1_lcssa142_fu_682                           |  24|   0|   24|          0|
    |h_new_22_1_lcssa142_load_reg_4268                    |  24|   0|   24|          0|
    |h_new_23_1_lcssa143_fu_686                           |  24|   0|   24|          0|
    |h_new_23_1_lcssa143_load_reg_4273                    |  24|   0|   24|          0|
    |h_new_24_1_lcssa144_fu_690                           |  24|   0|   24|          0|
    |h_new_24_1_lcssa144_load_reg_4278                    |  24|   0|   24|          0|
    |h_new_25_1_lcssa145_fu_694                           |  24|   0|   24|          0|
    |h_new_25_1_lcssa145_load_reg_4283                    |  24|   0|   24|          0|
    |h_new_26_1_lcssa146_fu_698                           |  24|   0|   24|          0|
    |h_new_26_1_lcssa146_load_reg_4288                    |  24|   0|   24|          0|
    |h_new_27_1_lcssa147_fu_702                           |  24|   0|   24|          0|
    |h_new_27_1_lcssa147_load_reg_4293                    |  24|   0|   24|          0|
    |h_new_28_1_lcssa148_fu_706                           |  24|   0|   24|          0|
    |h_new_28_1_lcssa148_load_reg_4298                    |  24|   0|   24|          0|
    |h_new_29_1_lcssa149_fu_710                           |  24|   0|   24|          0|
    |h_new_29_1_lcssa149_load_reg_4303                    |  24|   0|   24|          0|
    |h_new_2_1_lcssa122_fu_602                            |  24|   0|   24|          0|
    |h_new_2_1_lcssa122_load_reg_4168                     |  24|   0|   24|          0|
    |h_new_30_1_lcssa150_fu_714                           |  24|   0|   24|          0|
    |h_new_30_1_lcssa150_load_reg_4308                    |  24|   0|   24|          0|
    |h_new_31_1_lcssa151_fu_718                           |  24|   0|   24|          0|
    |h_new_31_1_lcssa151_load_reg_4313                    |  24|   0|   24|          0|
    |h_new_32_1_lcssa152_fu_722                           |  24|   0|   24|          0|
    |h_new_32_1_lcssa152_load_reg_4318                    |  24|   0|   24|          0|
    |h_new_33_1_lcssa153_fu_726                           |  24|   0|   24|          0|
    |h_new_33_1_lcssa153_load_reg_4323                    |  24|   0|   24|          0|
    |h_new_34_1_lcssa154_fu_730                           |  24|   0|   24|          0|
    |h_new_34_1_lcssa154_load_reg_4328                    |  24|   0|   24|          0|
    |h_new_35_1_lcssa155_fu_734                           |  24|   0|   24|          0|
    |h_new_35_1_lcssa155_load_reg_4333                    |  24|   0|   24|          0|
    |h_new_36_1_lcssa156_fu_738                           |  24|   0|   24|          0|
    |h_new_36_1_lcssa156_load_reg_4338                    |  24|   0|   24|          0|
    |h_new_37_1_lcssa157_fu_742                           |  24|   0|   24|          0|
    |h_new_37_1_lcssa157_load_reg_4343                    |  24|   0|   24|          0|
    |h_new_38_1_lcssa158_fu_746                           |  24|   0|   24|          0|
    |h_new_38_1_lcssa158_load_reg_4348                    |  24|   0|   24|          0|
    |h_new_39_1_lcssa159_fu_750                           |  24|   0|   24|          0|
    |h_new_39_1_lcssa159_load_reg_4353                    |  24|   0|   24|          0|
    |h_new_3_1_lcssa123_fu_606                            |  24|   0|   24|          0|
    |h_new_3_1_lcssa123_load_reg_4173                     |  24|   0|   24|          0|
    |h_new_4_1_lcssa124_fu_610                            |  24|   0|   24|          0|
    |h_new_4_1_lcssa124_load_reg_4178                     |  24|   0|   24|          0|
    |h_new_5_1_lcssa125_fu_614                            |  24|   0|   24|          0|
    |h_new_5_1_lcssa125_load_reg_4183                     |  24|   0|   24|          0|
    |h_new_6_1_lcssa126_fu_618                            |  24|   0|   24|          0|
    |h_new_6_1_lcssa126_load_reg_4188                     |  24|   0|   24|          0|
    |h_new_7_1_lcssa127_fu_622                            |  24|   0|   24|          0|
    |h_new_7_1_lcssa127_load_reg_4193                     |  24|   0|   24|          0|
    |h_new_8_1_lcssa128_fu_626                            |  24|   0|   24|          0|
    |h_new_8_1_lcssa128_load_reg_4198                     |  24|   0|   24|          0|
    |h_new_9_1_lcssa129_fu_630                            |  24|   0|   24|          0|
    |h_new_9_1_lcssa129_load_reg_4203                     |  24|   0|   24|          0|
    |h_state_0                                            |  24|   0|   24|          0|
    |h_state_1                                            |  24|   0|   24|          0|
    |h_state_10                                           |  24|   0|   24|          0|
    |h_state_11                                           |  24|   0|   24|          0|
    |h_state_12                                           |  24|   0|   24|          0|
    |h_state_13                                           |  24|   0|   24|          0|
    |h_state_14                                           |  24|   0|   24|          0|
    |h_state_15                                           |  24|   0|   24|          0|
    |h_state_16                                           |  24|   0|   24|          0|
    |h_state_17                                           |  24|   0|   24|          0|
    |h_state_18                                           |  24|   0|   24|          0|
    |h_state_19                                           |  24|   0|   24|          0|
    |h_state_2                                            |  24|   0|   24|          0|
    |h_state_20                                           |  24|   0|   24|          0|
    |h_state_21                                           |  24|   0|   24|          0|
    |h_state_22                                           |  24|   0|   24|          0|
    |h_state_23                                           |  24|   0|   24|          0|
    |h_state_24                                           |  24|   0|   24|          0|
    |h_state_25                                           |  24|   0|   24|          0|
    |h_state_26                                           |  24|   0|   24|          0|
    |h_state_27                                           |  24|   0|   24|          0|
    |h_state_28                                           |  24|   0|   24|          0|
    |h_state_29                                           |  24|   0|   24|          0|
    |h_state_3                                            |  24|   0|   24|          0|
    |h_state_30                                           |  24|   0|   24|          0|
    |h_state_31                                           |  24|   0|   24|          0|
    |h_state_32                                           |  24|   0|   24|          0|
    |h_state_33                                           |  24|   0|   24|          0|
    |h_state_34                                           |  24|   0|   24|          0|
    |h_state_35                                           |  24|   0|   24|          0|
    |h_state_36                                           |  24|   0|   24|          0|
    |h_state_37                                           |  24|   0|   24|          0|
    |h_state_38                                           |  24|   0|   24|          0|
    |h_state_39                                           |  24|   0|   24|          0|
    |h_state_4                                            |  24|   0|   24|          0|
    |h_state_5                                            |  24|   0|   24|          0|
    |h_state_6                                            |  24|   0|   24|          0|
    |h_state_7                                            |  24|   0|   24|          0|
    |h_state_8                                            |  24|   0|   24|          0|
    |h_state_9                                            |  24|   0|   24|          0|
    |icmp_ln211_reg_3680                                  |   1|   0|    1|          0|
    |icmp_ln238_10_reg_4087                               |   1|   0|    1|          0|
    |icmp_ln238_11_reg_4100                               |   1|   0|    1|          0|
    |icmp_ln238_1_reg_4047                                |   1|   0|    1|          0|
    |icmp_ln238_2_reg_4110                                |   1|   0|    1|          0|
    |icmp_ln238_4_reg_4067                                |   1|   0|    1|          0|
    |icmp_ln238_7_reg_4077                                |   1|   0|    1|          0|
    |icmp_ln238_9_reg_4127                                |   1|   0|    1|          0|
    |icmp_ln238_reg_4034                                  |   1|   0|    1|          0|
    |icmp_ln352_3_reg_4443                                |   1|   0|    1|          0|
    |icmp_ln352_reg_4403                                  |   1|   0|    1|          0|
    |icmp_ln359_reg_3984                                  |   1|   0|    1|          0|
    |lD_0_i_reg_4140                                      |   1|   0|    1|          0|
    |lshr_ln238_1_reg_4153                                |  54|   0|   54|          0|
    |lshr_ln238_reg_4147                                  |  54|   0|   54|          0|
    |lshr_ln352_reg_4448                                  |  64|   0|   64|          0|
    |n_fu_590                                             |  31|   0|   31|          0|
    |n_samples_read_reg_3668                              |  32|   0|   32|          0|
    |not_icmp_ln238_10385_reg_4387                        |   1|   0|    1|          0|
    |or_ln352_reg_4438                                    |   1|   0|    1|          0|
    |ref_tmp_i_i_reg_4358                                 |  24|   0|   24|          0|
    |select_ln238_1_reg_4053                              |  11|   0|   11|          0|
    |select_ln238_2_reg_4116                              |  24|   0|   24|          0|
    |select_ln238_reg_4027                                |  54|   0|   54|          0|
    |select_ln352_reg_4413                                |  32|   0|   32|          0|
    |shl_ln352_reg_4453                                   |  64|   0|   64|          0|
    |sub_ln238_1_reg_4040                                 |  12|   0|   12|          0|
    |sub_ln238_3_reg_4082                                 |   6|   0|    6|          0|
    |sub_ln352_1_reg_4426                                 |   6|   0|    6|          0|
    |sub_ln352_4_reg_4433                                 |   5|   0|    5|          0|
    |tmp_333_reg_4072                                     |   1|   0|    1|          0|
    |tmp_337_reg_4369                                     |   1|   0|    1|          0|
    |tmp_338_reg_4094                                     |   1|   0|    1|          0|
    |tmp_342_reg_4408                                     |   1|   0|    1|          0|
    |tmp_reg_4002                                         |   1|   0|    1|          0|
    |tmp_s_reg_4012                                       |  11|   0|   11|          0|
    |tobool_i_reg_4105                                    |   1|   0|    1|          0|
    |trunc_ln238_1_reg_4017                               |  52|   0|   52|          0|
    |trunc_ln238_5_reg_4061                               |  24|   0|   24|          0|
    |trunc_ln238_reg_3997                                 |  63|   0|   63|          0|
    |trunc_ln352_reg_4421                                 |   6|   0|    6|          0|
    |x_reg_4397                                           |  24|   0|   24|          0|
    |xor_ln218_reg_3971                                   |   1|   0|    1|          0|
    |zext_ln238_reg_4022                                  |  11|   0|   12|          1|
    +-----------------------------------------------------+----+----+-----+-----------+
    |Total                                                |3663|   0| 3664|          1|
    +-----------------------------------------------------+----+----+-----+-----------+



================================================================
== Interface
================================================================
* Summary: 
+----------------------+-----+-----+------------+--------------------+--------------+
|       RTL Ports      | Dir | Bits|  Protocol  |    Source Object   |    C Type    |
+----------------------+-----+-----+------------+--------------------+--------------+
|s_axi_CTRL_AWVALID    |   in|    1|       s_axi|                CTRL|        scalar|
|s_axi_CTRL_AWREADY    |  out|    1|       s_axi|                CTRL|        scalar|
|s_axi_CTRL_AWADDR     |   in|    6|       s_axi|                CTRL|        scalar|
|s_axi_CTRL_WVALID     |   in|    1|       s_axi|                CTRL|        scalar|
|s_axi_CTRL_WREADY     |  out|    1|       s_axi|                CTRL|        scalar|
|s_axi_CTRL_WDATA      |   in|   32|       s_axi|                CTRL|        scalar|
|s_axi_CTRL_WSTRB      |   in|    4|       s_axi|                CTRL|        scalar|
|s_axi_CTRL_ARVALID    |   in|    1|       s_axi|                CTRL|        scalar|
|s_axi_CTRL_ARREADY    |  out|    1|       s_axi|                CTRL|        scalar|
|s_axi_CTRL_ARADDR     |   in|    6|       s_axi|                CTRL|        scalar|
|s_axi_CTRL_RVALID     |  out|    1|       s_axi|                CTRL|        scalar|
|s_axi_CTRL_RREADY     |   in|    1|       s_axi|                CTRL|        scalar|
|s_axi_CTRL_RDATA      |  out|   32|       s_axi|                CTRL|        scalar|
|s_axi_CTRL_RRESP      |  out|    2|       s_axi|                CTRL|        scalar|
|s_axi_CTRL_BVALID     |  out|    1|       s_axi|                CTRL|        scalar|
|s_axi_CTRL_BREADY     |   in|    1|       s_axi|                CTRL|        scalar|
|s_axi_CTRL_BRESP      |  out|    2|       s_axi|                CTRL|        scalar|
|ap_clk                |   in|    1|  ap_ctrl_hs|              gru_va|  return value|
|ap_rst_n              |   in|    1|  ap_ctrl_hs|              gru_va|  return value|
|interrupt             |  out|    1|  ap_ctrl_hs|              gru_va|  return value|
|m_axi_gmem0_AWVALID   |  out|    1|       m_axi|               gmem0|       pointer|
|m_axi_gmem0_AWREADY   |   in|    1|       m_axi|               gmem0|       pointer|
|m_axi_gmem0_AWADDR    |  out|   64|       m_axi|               gmem0|       pointer|
|m_axi_gmem0_AWID      |  out|    1|       m_axi|               gmem0|       pointer|
|m_axi_gmem0_AWLEN     |  out|    8|       m_axi|               gmem0|       pointer|
|m_axi_gmem0_AWSIZE    |  out|    3|       m_axi|               gmem0|       pointer|
|m_axi_gmem0_AWBURST   |  out|    2|       m_axi|               gmem0|       pointer|
|m_axi_gmem0_AWLOCK    |  out|    2|       m_axi|               gmem0|       pointer|
|m_axi_gmem0_AWCACHE   |  out|    4|       m_axi|               gmem0|       pointer|
|m_axi_gmem0_AWPROT    |  out|    3|       m_axi|               gmem0|       pointer|
|m_axi_gmem0_AWQOS     |  out|    4|       m_axi|               gmem0|       pointer|
|m_axi_gmem0_AWREGION  |  out|    4|       m_axi|               gmem0|       pointer|
|m_axi_gmem0_AWUSER    |  out|    1|       m_axi|               gmem0|       pointer|
|m_axi_gmem0_WVALID    |  out|    1|       m_axi|               gmem0|       pointer|
|m_axi_gmem0_WREADY    |   in|    1|       m_axi|               gmem0|       pointer|
|m_axi_gmem0_WDATA     |  out|   32|       m_axi|               gmem0|       pointer|
|m_axi_gmem0_WSTRB     |  out|    4|       m_axi|               gmem0|       pointer|
|m_axi_gmem0_WLAST     |  out|    1|       m_axi|               gmem0|       pointer|
|m_axi_gmem0_WID       |  out|    1|       m_axi|               gmem0|       pointer|
|m_axi_gmem0_WUSER     |  out|    1|       m_axi|               gmem0|       pointer|
|m_axi_gmem0_ARVALID   |  out|    1|       m_axi|               gmem0|       pointer|
|m_axi_gmem0_ARREADY   |   in|    1|       m_axi|               gmem0|       pointer|
|m_axi_gmem0_ARADDR    |  out|   64|       m_axi|               gmem0|       pointer|
|m_axi_gmem0_ARID      |  out|    1|       m_axi|               gmem0|       pointer|
|m_axi_gmem0_ARLEN     |  out|    8|       m_axi|               gmem0|       pointer|
|m_axi_gmem0_ARSIZE    |  out|    3|       m_axi|               gmem0|       pointer|
|m_axi_gmem0_ARBURST   |  out|    2|       m_axi|               gmem0|       pointer|
|m_axi_gmem0_ARLOCK    |  out|    2|       m_axi|               gmem0|       pointer|
|m_axi_gmem0_ARCACHE   |  out|    4|       m_axi|               gmem0|       pointer|
|m_axi_gmem0_ARPROT    |  out|    3|       m_axi|               gmem0|       pointer|
|m_axi_gmem0_ARQOS     |  out|    4|       m_axi|               gmem0|       pointer|
|m_axi_gmem0_ARREGION  |  out|    4|       m_axi|               gmem0|       pointer|
|m_axi_gmem0_ARUSER    |  out|    1|       m_axi|               gmem0|       pointer|
|m_axi_gmem0_RVALID    |   in|    1|       m_axi|               gmem0|       pointer|
|m_axi_gmem0_RREADY    |  out|    1|       m_axi|               gmem0|       pointer|
|m_axi_gmem0_RDATA     |   in|   32|       m_axi|               gmem0|       pointer|
|m_axi_gmem0_RLAST     |   in|    1|       m_axi|               gmem0|       pointer|
|m_axi_gmem0_RID       |   in|    1|       m_axi|               gmem0|       pointer|
|m_axi_gmem0_RUSER     |   in|    1|       m_axi|               gmem0|       pointer|
|m_axi_gmem0_RRESP     |   in|    2|       m_axi|               gmem0|       pointer|
|m_axi_gmem0_BVALID    |   in|    1|       m_axi|               gmem0|       pointer|
|m_axi_gmem0_BREADY    |  out|    1|       m_axi|               gmem0|       pointer|
|m_axi_gmem0_BRESP     |   in|    2|       m_axi|               gmem0|       pointer|
|m_axi_gmem0_BID       |   in|    1|       m_axi|               gmem0|       pointer|
|m_axi_gmem0_BUSER     |   in|    1|       m_axi|               gmem0|       pointer|
|audio_in_TDATA        |   in|   32|        axis|   audio_in_V_data_V|       pointer|
|audio_in_TVALID       |   in|    1|        axis|   audio_in_V_last_V|       pointer|
|audio_in_TREADY       |  out|    1|        axis|   audio_in_V_last_V|       pointer|
|audio_in_TLAST        |   in|    1|        axis|   audio_in_V_last_V|       pointer|
|audio_in_TKEEP        |   in|    4|        axis|   audio_in_V_keep_V|       pointer|
|audio_in_TSTRB        |   in|    4|        axis|   audio_in_V_strb_V|       pointer|
|audio_out_TDATA       |  out|   32|        axis|  audio_out_V_data_V|       pointer|
|audio_out_TVALID      |  out|    1|        axis|  audio_out_V_last_V|       pointer|
|audio_out_TREADY      |   in|    1|        axis|  audio_out_V_last_V|       pointer|
|audio_out_TLAST       |  out|    1|        axis|  audio_out_V_last_V|       pointer|
|audio_out_TKEEP       |  out|    4|        axis|  audio_out_V_keep_V|       pointer|
|audio_out_TSTRB       |  out|    4|        axis|  audio_out_V_strb_V|       pointer|
+----------------------+-----+-----+------------+--------------------+--------------+

