================================================================
== Design Size Report
================================================================

* Total Instructions per Compilation Phase
+---------------+----------------------------+--------------+----------------------------------------------------------------------------------------+
| Phase         | Step                       | Instructions | Description                                                                            |
+---------------+----------------------------+--------------+----------------------------------------------------------------------------------------+
| Compile/Link  |                            | 25,231       | After all functions are compiled and linked into a single design                       |
|               |                            |              |                                                                                        |
| Unroll/Inline |                            |              | After user unroll and inline pragmas are applied                                       |
|               | (1) unroll                 | 21,296       | user unroll pragmas are applied                                                        |
|               | (2) simplification         |  9,569       | simplification of applied user unroll pragmas                                          |
|               | (3) inline                 |  9,269       | user inline pragmas are applied                                                        |
|               | (4) simplification         |  9,178       | simplification of applied user inline pragmas                                          |
|               |                            |              |                                                                                        |
| Array/Struct  |                            |              | After user array partition and struct aggregate/disaggregate pragmas are applied       |
|               | (1) array partition        | 14,796       | user array partition pragmas are applied                                               |
|               | (2) simplification         |  9,955       | simplification of applied user array partition & struct aggregate/disaggregate pragmas |
|               | (3) aggregate/disaggregate |  9,955       | user struct aggregate/disaggregate pragmas are applied                                 |
|               | (4) array reshape          |  9,955       | apply array reshape pragmas                                                            |
|               | (5) access patterns        | 10,566       | array access pattern optmizations                                                      |
|               |                            |              |                                                                                        |
| Performance   |                            |              | After transformations are applied to meet performance pragma targets                   |
|               | (1) loop simplification    | 10,082       | loop and instruction simplification                                                    |
|               | (2) parallelization        |  9,844       | loops are unrolled or pipelined to meet performance targets                            |
|               | (3) array partition        |  9,817       | arrays are partitioned to meet performance targets                                     |
|               | (4) simplification         |  9,817       | simplification of design after performance transformations                             |
|               |                            |              |                                                                                        |
| HW Transforms |                            |              | After hardware transfomations                                                          |
|               | (1) lowering               |  9,813       | initial conversion to HW specific instructions                                         |
|               | (2) optimizations          |  9,473       | high level synthesis optimizations                                                     |
+---------------+----------------------------+--------------+----------------------------------------------------------------------------------------+

* Instructions per Function for each Compilation Phase
+---------------------+-------------------------------+------------------+------------------+------------------+------------------+------------------+
| Function            | Location                      | Compile/Link     | Unroll/Inline    | Array/Struct     | Performance      | HW Transforms    |
+---------------------+-------------------------------+------------------+------------------+------------------+------------------+------------------+
| + gru_va            | gru_va_col_fused_mac3.cpp:187 | 25,231           | 9,178            | 10,566           | 9,817            | 9,473            |
|    mac3             | gru_va_col_fused_mac3.cpp:64  | 1,636            | 5,000 (40 calls) | 5,000 (40 calls) | 5,000 (40 calls) | 5,040 (40 calls) |
|  + sigmoid_fx       | gru_va_col_fused_mac3.cpp:178 | 12,516 (2 calls) |                  |                  |                  |                  |
|     tanh_fx         | gru_va_col_fused_mac3.cpp:146 | 6,472 (2 calls)  |                  |                  |                  |                  |
|    tanh_fx          | gru_va_col_fused_mac3.cpp:146 | 3,236            |                  |                  |                  |                  |
|    gru_load_weights | gru_load.cpp:12               |     1            |                  |                  |                  |                  |
+---------------------+-------------------------------+------------------+------------------+------------------+------------------+------------------+

* Design Size Message Settings
+---------------------------------------------+--------+------------------------------------------------------------------+
| Message Setting                             | Value  | Description                                                      |
+---------------------------------------------+--------+------------------------------------------------------------------+
| config_compile -design_size_maximum_warning | 100000 | Show a warning when total design instructions exceeds this value |
+---------------------------------------------+--------+------------------------------------------------------------------+


