

================================================================
== Vitis HLS Report for 'gru_va'
================================================================
* Date:           Sat Aug  8 15:53:33 2026

* Version:        2025.2 (Build 6295257 on Nov 14 2025)
* Project:        b_gt_mod
* Solution:       sol_gt_mod_w12 (Vivado IP Flow Target)
* Product family: zynq
* Target device:  xc7z020-clg400-1


================================================================
== Performance Estimates
================================================================
+ Timing: 
    * Summary: 
    +--------+----------+----------+------------+
    |  Clock |  Target  | Estimated| Uncertainty|
    +--------+----------+----------+------------+
    |ap_clk  |  10.00 ns|  7.219 ns|     2.70 ns|
    +--------+----------+----------+------------+

+ Latency: 
    * Summary: 
    +---------+---------+----------+----------+-----+-----+---------+
    |  Latency (cycles) |  Latency (absolute) |  Interval | Pipeline|
    |   min   |   max   |    min   |    max   | min | max |   Type  |
    +---------+---------+----------+----------+-----+-----+---------+
    |        ?|        ?|         ?|         ?|    ?|    ?|       no|
    +---------+---------+----------+----------+-----+-----+---------+

    + Detail: 
        * Instance: 
        +----------------------------------------+-----------------------------+---------+---------+----------+----------+-----+-----+-------------------+
        |                                        |                             |  Latency (cycles) |  Latency (absolute) |  Interval |      Pipeline     |
        |                Instance                |            Module           |   min   |   max   |    min   |    max   | min | max |        Type       |
        +----------------------------------------+-----------------------------+---------+---------+----------+----------+-----+-----+-------------------+
        |grp_gru_va_Pipeline_HIDDEN_LOOP_fu_798  |gru_va_Pipeline_HIDDEN_LOOP  |      129|      129|  1.290 us|  1.290 us|    0|    0|  loop pipeline stp|
        +----------------------------------------+-----------------------------+---------+---------+----------+----------+-----+-----+-------------------+

        * Loop: 
        +---------------+---------+---------+----------+-----------+-----------+------+----------+
        |               |  Latency (cycles) | Iteration|  Initiation Interval  | Trip |          |
        |   Loop Name   |   min   |   max   |  Latency |  achieved |   target  | Count| Pipelined|
        +---------------+---------+---------+----------+-----------+-----------+------+----------+
        |- SAMPLE_LOOP  |        ?|        ?|       143|          -|          -|     ?|        no|
        +---------------+---------+---------+----------+-----------+-----------+------+----------+



================================================================
== Utilization Estimates
================================================================
* Summary: 
+-----------------+---------+-----+--------+-------+-----+
|       Name      | BRAM_18K| DSP |   FF   |  LUT  | URAM|
+-----------------+---------+-----+--------+-------+-----+
|DSP              |        -|    -|       -|      -|    -|
|Expression       |        -|    -|       0|   3829|    -|
|FIFO             |        -|    -|       -|      -|    -|
|Instance         |        4|   72|   17522|  28037|    -|
|Memory           |        -|    -|       -|      -|    -|
|Multiplexer      |        -|    -|       0|    452|    -|
|Register         |        -|    -|    2184|      -|    -|
+-----------------+---------+-----+--------+-------+-----+
|Total            |        4|   72|   19706|  32318|    0|
+-----------------+---------+-----+--------+-------+-----+
|Available        |      280|  220|  106400|  53200|    0|
+-----------------+---------+-----+--------+-------+-----+
|Utilization (%)  |        1|   32|      18|     60|    0|
+-----------------+---------+-----+--------+-------+-----+

+ Detail: 
    * Instance: 
    +----------------------------------------+------------------------------+---------+----+-------+-------+-----+
    |                Instance                |            Module            | BRAM_18K| DSP|   FF  |  LUT  | URAM|
    +----------------------------------------+------------------------------+---------+----+-------+-------+-----+
    |CTRL_s_axi_U                            |CTRL_s_axi                    |        0|   0|    220|    360|    0|
    |bitselect_1ns_32ns_5ns_1_1_1_U260       |bitselect_1ns_32ns_5ns_1_1_1  |        0|   0|      0|      9|    0|
    |bitselect_1ns_54ns_6ns_1_1_1_U254       |bitselect_1ns_54ns_6ns_1_1_1  |        0|   0|      0|     17|    0|
    |bitselect_1ns_54ns_6ns_1_1_1_U255       |bitselect_1ns_54ns_6ns_1_1_1  |        0|   0|      0|     17|    0|
    |ctlz_32_32_1_1_U259                     |ctlz_32_32_1_1                |        0|   0|      0|     44|    0|
    |fpext_32ns_64_2_no_dsp_1_U253           |fpext_32ns_64_2_no_dsp_1      |        0|   0|      0|      0|    0|
    |grp_gru_va_Pipeline_HIDDEN_LOOP_fu_798  |gru_va_Pipeline_HIDDEN_LOOP   |        4|  72|  17302|  27563|    0|
    |sparsemux_7_2_12_1_1_U256               |sparsemux_7_2_12_1_1          |        0|   0|      0|      9|    0|
    |sparsemux_7_2_12_1_1_U258               |sparsemux_7_2_12_1_1          |        0|   0|      0|      9|    0|
    |sparsemux_7_2_1_1_1_U257                |sparsemux_7_2_1_1_1           |        0|   0|      0|      9|    0|
    +----------------------------------------+------------------------------+---------+----+-------+-------+-----+
    |Total                                   |                              |        4|  72|  17522|  28037|    0|
    +----------------------------------------+------------------------------+---------+----+-------+-------+-----+

    * DSP: 
    N/A

    * Memory: 
    N/A

    * FIFO: 
    N/A

    * Expression: 
    +---------------------------------+----------+----+---+-----+------------+------------+
    |          Variable Name          | Operation| DSP| FF| LUT | Bitwidth P0| Bitwidth P1|
    +---------------------------------+----------+----+---+-----+------------+------------+
    |add_ln238_1_fu_2666_p2           |         +|   0|  0|   12|          12|           5|
    |add_ln238_3_fu_2714_p2           |         +|   0|  0|   12|          12|           5|
    |add_ln238_4_fu_2963_p2           |         +|   0|  0|   12|          12|          12|
    |add_ln238_5_fu_2903_p2           |         +|   0|  0|   12|          12|          12|
    |add_ln238_6_fu_2736_p2           |         +|   0|  0|   12|          12|           2|
    |add_ln238_7_fu_2925_p2           |         +|   0|  0|   12|          12|           2|
    |add_ln238_fu_2774_p2             |         +|   0|  0|   12|          12|          11|
    |add_ln344_fu_3334_p2             |         +|   0|  0|   40|          33|          17|
    |add_ln352_1_fu_3542_p2           |         +|   0|  0|   14|           6|           6|
    |add_ln352_2_fu_3588_p2           |         +|   0|  0|   71|          64|          64|
    |add_ln352_3_fu_3633_p2           |         +|   0|  0|   15|           8|           8|
    |add_ln352_fu_3449_p2             |         +|   0|  0|   14|           6|           6|
    |add_ln359_fu_1768_p2             |         +|   0|  0|   39|          32|           2|
    |n_2_fu_1991_p2                   |         +|   0|  0|   38|          31|           1|
    |tmp_326_fu_2706_p2               |         +|   0|  0|   14|           6|           5|
    |sub_ln238_1_fu_2646_p2           |         -|   0|  0|   12|          11|          12|
    |sub_ln238_2_fu_2676_p2           |         -|   0|  0|   12|           4|          11|
    |sub_ln238_3_fu_2730_p2           |         -|   0|  0|   14|           5|           6|
    |sub_ln238_fu_2628_p2             |         -|   0|  0|   61|           1|          54|
    |sub_ln352_1_fu_3433_p2           |         -|   0|  0|   14|           7|           6|
    |sub_ln352_2_fu_3561_p2           |         -|   0|  0|   14|           5|           6|
    |sub_ln352_3_fu_3624_p2           |         -|   0|  0|   14|           4|           6|
    |sub_ln352_4_fu_3443_p2           |         -|   0|  0|   13|           4|           5|
    |sub_ln352_fu_3408_p2             |         -|   0|  0|   39|           1|          32|
    |pi_assign_fu_3646_p5             |      1003|   0|  0|    2|          64|           9|
    |and_ln238_10_fu_3267_p2          |       and|   0|  0|    2|           1|           1|
    |and_ln238_11_fu_3017_p2          |       and|   0|  0|    2|           1|           1|
    |and_ln238_12_fu_3195_p2          |       and|   0|  0|    2|           1|           1|
    |and_ln238_13_fu_3233_p2          |       and|   0|  0|    2|           1|           1|
    |and_ln238_14_fu_3288_p2          |       and|   0|  0|    2|           1|           1|
    |and_ln238_15_fu_3294_p2          |       and|   0|  0|    2|           1|           1|
    |and_ln238_16_fu_2863_p2          |       and|   0|  0|   54|          54|          54|
    |and_ln238_1_fu_2987_p2           |       and|   0|  0|    2|           1|           1|
    |and_ln238_3_fu_3082_p2           |       and|   0|  0|    2|           1|           1|
    |and_ln238_4_fu_3088_p2           |       and|   0|  0|    2|           1|           1|
    |and_ln238_5_fu_3103_p2           |       and|   0|  0|    2|           1|           1|
    |and_ln238_6_fu_3158_p2           |       and|   0|  0|    2|           1|           1|
    |and_ln238_7_fu_3172_p2           |       and|   0|  0|    2|           1|           1|
    |and_ln238_8_fu_3249_p2           |       and|   0|  0|    2|           1|           1|
    |and_ln238_9_fu_3255_p2           |       and|   0|  0|    2|           1|           1|
    |and_ln238_fu_2890_p2             |       and|   0|  0|    2|           1|           1|
    |and_ln344_fu_3366_p2             |       and|   0|  0|    2|           1|           1|
    |and_ln352_1_fu_3483_p2           |       and|   0|  0|   32|          32|          32|
    |and_ln352_fu_3521_p2             |       and|   0|  0|    2|           1|           1|
    |carry_1_i_fu_3023_p2             |       and|   0|  0|    2|           1|           1|
    |cond85_i_fu_2874_p2              |       and|   0|  0|    2|           1|           1|
    |lD_0_i_fu_2930_p2                |       and|   0|  0|    2|           1|           1|
    |neg_src_0_i_fu_3207_p2           |       and|   0|  0|    2|           1|           1|
    |phi_ln352_fu_3494_p2             |       and|   0|  0|    2|           1|           1|
    |ashr_ln238_fu_2799_p2            |      ashr|   0|  0|  161|          54|          54|
    |icmp_ln211_fu_1270_p2            |      icmp|   0|  0|   39|          32|           1|
    |icmp_ln218_fu_1276_p2            |      icmp|   0|  0|   39|          32|           1|
    |icmp_ln229_1_fu_2007_p2          |      icmp|   0|  0|   39|          32|           1|
    |icmp_ln229_fu_1986_p2            |      icmp|   0|  0|   39|          32|          32|
    |icmp_ln238_10_fu_2746_p2         |      icmp|   0|  0|   12|          12|           6|
    |icmp_ln238_11_fu_2760_p2         |      icmp|   0|  0|   12|          12|           6|
    |icmp_ln238_12_fu_3042_p2         |      icmp|   0|  0|   12|          12|           6|
    |icmp_ln238_13_fu_3047_p2         |      icmp|   0|  0|   12|          12|           6|
    |icmp_ln238_14_fu_3057_p2         |      icmp|   0|  0|   61|          54|          54|
    |icmp_ln238_15_fu_3098_p2         |      icmp|   0|  0|   61|          54|           1|
    |icmp_ln238_16_fu_3109_p2         |      icmp|   0|  0|   12|          12|           6|
    |icmp_ln238_1_fu_2660_p2          |      icmp|   0|  0|   12|          12|           4|
    |icmp_ln238_2_fu_2779_p2          |      icmp|   0|  0|   12|          12|           4|
    |icmp_ln238_3_fu_2784_p2          |      icmp|   0|  0|   12|          11|           6|
    |icmp_ln238_4_fu_2694_p2          |      icmp|   0|  0|   12|          12|           6|
    |icmp_ln238_5_fu_2816_p2          |      icmp|   0|  0|   12|          11|           4|
    |icmp_ln238_6_fu_2842_p2          |      icmp|   0|  0|   12|          12|           4|
    |icmp_ln238_7_fu_2724_p2          |      icmp|   0|  0|   12|          12|           6|
    |icmp_ln238_8_fu_2868_p2          |      icmp|   0|  0|   61|          54|           1|
    |icmp_ln238_9_fu_2919_p2          |      icmp|   0|  0|   12|          11|           1|
    |icmp_ln238_fu_2641_p2            |      icmp|   0|  0|   70|          63|           1|
    |icmp_ln352_1_fu_3468_p2          |      icmp|   0|  0|   13|           5|           1|
    |icmp_ln352_2_fu_3488_p2          |      icmp|   0|  0|   39|          32|           1|
    |icmp_ln352_3_fu_3536_p2          |      icmp|   0|  0|   14|           6|           1|
    |icmp_ln352_fu_3394_p2            |      icmp|   0|  0|   39|          32|           1|
    |icmp_ln359_fu_1997_p2            |      icmp|   0|  0|   39|          32|          32|
    |lshr_ln238_1_fu_2947_p2          |      lshr|   0|  0|  161|           2|          54|
    |lshr_ln238_2_fu_2857_p2          |      lshr|   0|  0|  161|           2|          54|
    |lshr_ln238_fu_2942_p2            |      lshr|   0|  0|  161|          54|          54|
    |lshr_ln352_2_fu_3477_p2          |      lshr|   0|  0|  100|           2|          32|
    |lshr_ln352_fu_3555_p2            |      lshr|   0|  0|  182|          64|          64|
    |deleted_ones_0_i_fu_3189_p2      |        or|   0|  0|    2|           1|           1|
    |or_ln229_fu_2012_p2              |        or|   0|  0|    2|           1|           1|
    |or_ln238_1_fu_3153_p2            |        or|   0|  0|    2|           1|           1|
    |or_ln238_2_fu_3238_p2            |        or|   0|  0|    2|           1|           1|
    |or_ln238_3_fu_3271_p2            |        or|   0|  0|    2|           1|           1|
    |or_ln238_fu_2884_p2              |        or|   0|  0|    2|           1|           1|
    |or_ln352_fu_3527_p2              |        or|   0|  0|    2|           1|           1|
    |Range1_all_ones_2_i_fu_3129_p3   |    select|   0|  0|    2|           1|           1|
    |Range1_all_zeros_2_i_fu_3137_p3  |    select|   0|  0|    2|           1|           1|
    |Range2_all_ones_1_i_fu_3074_p3   |    select|   0|  0|    2|           1|           1|
    |cond190_i_fu_3164_p3             |    select|   0|  0|    2|           1|           1|
    |cond45_i_i_fu_3580_p3            |    select|   0|  0|   64|           1|          64|
    |cond63_i_fu_2837_p3              |    select|   0|  0|    2|           1|           1|
    |empty_41_fu_3662_p3              |    select|   0|  0|   32|           1|           1|
    |select_ln218_10_fu_1528_p3       |    select|   0|  0|   12|           1|          12|
    |select_ln218_11_fu_1536_p3       |    select|   0|  0|   12|           1|          12|
    |select_ln218_12_fu_1544_p3       |    select|   0|  0|   12|           1|          12|
    |select_ln218_13_fu_1552_p3       |    select|   0|  0|   12|           1|          12|
    |select_ln218_14_fu_1560_p3       |    select|   0|  0|   12|           1|          12|
    |select_ln218_15_fu_1568_p3       |    select|   0|  0|   12|           1|          12|
    |select_ln218_16_fu_1576_p3       |    select|   0|  0|   12|           1|          12|
    |select_ln218_17_fu_1584_p3       |    select|   0|  0|   12|           1|          12|
    |select_ln218_18_fu_1592_p3       |    select|   0|  0|   12|           1|          12|
    |select_ln218_19_fu_1600_p3       |    select|   0|  0|   12|           1|          12|
    |select_ln218_1_fu_1456_p3        |    select|   0|  0|   12|           1|          12|
    |select_ln218_20_fu_1608_p3       |    select|   0|  0|   12|           1|          12|
    |select_ln218_21_fu_1616_p3       |    select|   0|  0|   12|           1|          12|
    |select_ln218_22_fu_1624_p3       |    select|   0|  0|   12|           1|          12|
    |select_ln218_23_fu_1632_p3       |    select|   0|  0|   12|           1|          12|
    |select_ln218_24_fu_1640_p3       |    select|   0|  0|   12|           1|          12|
    |select_ln218_25_fu_1648_p3       |    select|   0|  0|   12|           1|          12|
    |select_ln218_26_fu_1656_p3       |    select|   0|  0|   12|           1|          12|
    |select_ln218_27_fu_1664_p3       |    select|   0|  0|   12|           1|          12|
    |select_ln218_28_fu_1672_p3       |    select|   0|  0|   12|           1|          12|
    |select_ln218_29_fu_1680_p3       |    select|   0|  0|   12|           1|          12|
    |select_ln218_2_fu_1464_p3        |    select|   0|  0|   12|           1|          12|
    |select_ln218_30_fu_1688_p3       |    select|   0|  0|   12|           1|          12|
    |select_ln218_31_fu_1696_p3       |    select|   0|  0|   12|           1|          12|
    |select_ln218_32_fu_1704_p3       |    select|   0|  0|   12|           1|          12|
    |select_ln218_33_fu_1712_p3       |    select|   0|  0|   12|           1|          12|
    |select_ln218_34_fu_1720_p3       |    select|   0|  0|   12|           1|          12|
    |select_ln218_35_fu_1728_p3       |    select|   0|  0|   12|           1|          12|
    |select_ln218_36_fu_1736_p3       |    select|   0|  0|   12|           1|          12|
    |select_ln218_37_fu_1744_p3       |    select|   0|  0|   12|           1|          12|
    |select_ln218_38_fu_1752_p3       |    select|   0|  0|   12|           1|          12|
    |select_ln218_39_fu_1760_p3       |    select|   0|  0|   12|           1|          12|
    |select_ln218_3_fu_1472_p3        |    select|   0|  0|   12|           1|          12|
    |select_ln218_4_fu_1480_p3        |    select|   0|  0|   12|           1|          12|
    |select_ln218_5_fu_1488_p3        |    select|   0|  0|   12|           1|          12|
    |select_ln218_6_fu_1496_p3        |    select|   0|  0|   12|           1|          12|
    |select_ln218_7_fu_1504_p3        |    select|   0|  0|   12|           1|          12|
    |select_ln218_8_fu_1512_p3        |    select|   0|  0|   12|           1|          12|
    |select_ln218_9_fu_1520_p3        |    select|   0|  0|   12|           1|          12|
    |select_ln218_fu_1448_p3          |    select|   0|  0|   12|           1|          12|
    |select_ln229_10_fu_2097_p3       |    select|   0|  0|   12|           1|          12|
    |select_ln229_11_fu_2105_p3       |    select|   0|  0|   12|           1|          12|
    |select_ln229_12_fu_2113_p3       |    select|   0|  0|   12|           1|          12|
    |select_ln229_13_fu_2121_p3       |    select|   0|  0|   12|           1|          12|
    |select_ln229_14_fu_2129_p3       |    select|   0|  0|   12|           1|          12|
    |select_ln229_15_fu_2137_p3       |    select|   0|  0|   12|           1|          12|
    |select_ln229_16_fu_2145_p3       |    select|   0|  0|   12|           1|          12|
    |select_ln229_17_fu_2153_p3       |    select|   0|  0|   12|           1|          12|
    |select_ln229_18_fu_2161_p3       |    select|   0|  0|   12|           1|          12|
    |select_ln229_19_fu_2169_p3       |    select|   0|  0|   12|           1|          12|
    |select_ln229_1_fu_2025_p3        |    select|   0|  0|   12|           1|          12|
    |select_ln229_20_fu_2177_p3       |    select|   0|  0|   12|           1|          12|
    |select_ln229_21_fu_2185_p3       |    select|   0|  0|   12|           1|          12|
    |select_ln229_22_fu_2193_p3       |    select|   0|  0|   12|           1|          12|
    |select_ln229_23_fu_2201_p3       |    select|   0|  0|   12|           1|          12|
    |select_ln229_24_fu_2209_p3       |    select|   0|  0|   12|           1|          12|
    |select_ln229_25_fu_2217_p3       |    select|   0|  0|   12|           1|          12|
    |select_ln229_26_fu_2225_p3       |    select|   0|  0|   12|           1|          12|
    |select_ln229_27_fu_2233_p3       |    select|   0|  0|   12|           1|          12|
    |select_ln229_28_fu_2241_p3       |    select|   0|  0|   12|           1|          12|
    |select_ln229_29_fu_2249_p3       |    select|   0|  0|   12|           1|          12|
    |select_ln229_2_fu_2033_p3        |    select|   0|  0|   12|           1|          12|
    |select_ln229_30_fu_2257_p3       |    select|   0|  0|   12|           1|          12|
    |select_ln229_31_fu_2265_p3       |    select|   0|  0|   12|           1|          12|
    |select_ln229_32_fu_2273_p3       |    select|   0|  0|   12|           1|          12|
    |select_ln229_33_fu_2281_p3       |    select|   0|  0|   12|           1|          12|
    |select_ln229_34_fu_2289_p3       |    select|   0|  0|   12|           1|          12|
    |select_ln229_35_fu_2297_p3       |    select|   0|  0|   12|           1|          12|
    |select_ln229_36_fu_2305_p3       |    select|   0|  0|   12|           1|          12|
    |select_ln229_37_fu_2313_p3       |    select|   0|  0|   12|           1|          12|
    |select_ln229_38_fu_2321_p3       |    select|   0|  0|   12|           1|          12|
    |select_ln229_39_fu_2329_p3       |    select|   0|  0|   12|           1|          12|
    |select_ln229_3_fu_2041_p3        |    select|   0|  0|   12|           1|          12|
    |select_ln229_4_fu_2049_p3        |    select|   0|  0|   12|           1|          12|
    |select_ln229_5_fu_2057_p3        |    select|   0|  0|   12|           1|          12|
    |select_ln229_6_fu_2065_p3        |    select|   0|  0|   12|           1|          12|
    |select_ln229_7_fu_2073_p3        |    select|   0|  0|   12|           1|          12|
    |select_ln229_8_fu_2081_p3        |    select|   0|  0|   12|           1|          12|
    |select_ln229_9_fu_2089_p3        |    select|   0|  0|   12|           1|          12|
    |select_ln229_fu_2017_p3          |    select|   0|  0|   12|           1|          12|
    |select_ln238_10_fu_2896_p3       |    select|   0|  0|    2|           1|           2|
    |select_ln238_1_fu_2682_p3        |    select|   0|  0|   11|           1|          11|
    |select_ln238_2_fu_2808_p3        |    select|   0|  0|   12|           1|          12|
    |select_ln238_3_fu_2829_p3        |    select|   0|  0|   12|           1|          12|
    |select_ln238_4_fu_2789_p3        |    select|   0|  0|    2|           1|           2|
    |select_ln238_5_fu_3145_p3        |    select|   0|  0|    2|           1|           1|
    |select_ln238_7_fu_3114_p3        |    select|   0|  0|    2|           1|           1|
    |select_ln238_8_fu_3121_p3        |    select|   0|  0|    2|           1|           1|
    |select_ln238_9_fu_2847_p3        |    select|   0|  0|    6|           1|           1|
    |select_ln238_fu_2634_p3          |    select|   0|  0|   54|           1|          54|
    |select_ln344_fu_3378_p3          |    select|   0|  0|   33|           1|          31|
    |select_ln352_1_fu_3616_p3        |    select|   0|  0|    7|           1|           7|
    |select_ln352_fu_3414_p3          |    select|   0|  0|   32|           1|          32|
    |x_fu_3306_p4                     |    select|   0|  0|   13|           1|          11|
    |y_9_fu_3386_p3                   |    select|   0|  0|   32|           1|          32|
    |shl_ln238_fu_2824_p2             |       shl|   0|  0|   26|          12|          12|
    |shl_ln352_fu_3574_p2             |       shl|   0|  0|  182|          64|          64|
    |neg_src_0_i_fu_3207_p4           |       xor|   0|  0|    2|           2|           1|
    |not_icmp_ln238_10362_fu_3184_p2  |       xor|   0|  0|    2|           1|           2|
    |xor_ln218_fu_1442_p2             |       xor|   0|  0|    2|           1|           2|
    |xor_ln238_1_fu_3093_p2           |       xor|   0|  0|    2|           1|           2|
    |xor_ln238_2_fu_2982_p2           |       xor|   0|  0|    2|           1|           2|
    |xor_ln238_4_fu_3227_p2           |       xor|   0|  0|    2|           1|           2|
    |xor_ln238_5_fu_3244_p2           |       xor|   0|  0|    2|           1|           2|
    |xor_ln238_6_fu_3261_p2           |       xor|   0|  0|    2|           2|           1|
    |xor_ln238_7_fu_3283_p2           |       xor|   0|  0|    2|           1|           2|
    |xor_ln238_8_fu_3037_p2           |       xor|   0|  0|    2|           1|           2|
    |xor_ln238_9_fu_3068_p2           |       xor|   0|  0|    2|           1|           2|
    |xor_ln238_fu_2976_p2             |       xor|   0|  0|    2|           1|           2|
    |xor_ln344_1_fu_3372_p2           |       xor|   0|  0|    2|           1|           1|
    |xor_ln344_fu_3360_p2             |       xor|   0|  0|    2|           1|           2|
    |xor_ln352_fu_3508_p2             |       xor|   0|  0|    2|           1|           2|
    +---------------------------------+----------+----+---+-----+------------+------------+
    |Total                            |          |   0|  0| 3829|        1477|        2268|
    +---------------------------------+----------+----+---+-----+------------+------------+

    * Multiplexer: 
    +----------------------------+----+-----------+-----+-----------+
    |            Name            | LUT| Input Size| Bits| Total Bits|
    +----------------------------+----+-----------+-----+-----------+
    |ap_NS_fsm                   |  65|         16|    1|         16|
    |audio_in_TDATA_blk_n        |   9|          2|    1|          2|
    |audio_out_TDATA_blk_n       |   9|          2|    1|          2|
    |h_new_0_1_lcssa120_fu_590   |   9|          2|   12|         24|
    |h_new_10_1_lcssa130_fu_630  |   9|          2|   12|         24|
    |h_new_11_1_lcssa131_fu_634  |   9|          2|   12|         24|
    |h_new_12_1_lcssa132_fu_638  |   9|          2|   12|         24|
    |h_new_13_1_lcssa133_fu_642  |   9|          2|   12|         24|
    |h_new_14_1_lcssa134_fu_646  |   9|          2|   12|         24|
    |h_new_15_1_lcssa135_fu_650  |   9|          2|   12|         24|
    |h_new_16_1_lcssa136_fu_654  |   9|          2|   12|         24|
    |h_new_17_1_lcssa137_fu_658  |   9|          2|   12|         24|
    |h_new_18_1_lcssa138_fu_662  |   9|          2|   12|         24|
    |h_new_19_1_lcssa139_fu_666  |   9|          2|   12|         24|
    |h_new_1_1_lcssa121_fu_594   |   9|          2|   12|         24|
    |h_new_20_1_lcssa140_fu_670  |   9|          2|   12|         24|
    |h_new_21_1_lcssa141_fu_674  |   9|          2|   12|         24|
    |h_new_22_1_lcssa142_fu_678  |   9|          2|   12|         24|
    |h_new_23_1_lcssa143_fu_682  |   9|          2|   12|         24|
    |h_new_24_1_lcssa144_fu_686  |   9|          2|   12|         24|
    |h_new_25_1_lcssa145_fu_690  |   9|          2|   12|         24|
    |h_new_26_1_lcssa146_fu_694  |   9|          2|   12|         24|
    |h_new_27_1_lcssa147_fu_698  |   9|          2|   12|         24|
    |h_new_28_1_lcssa148_fu_702  |   9|          2|   12|         24|
    |h_new_29_1_lcssa149_fu_706  |   9|          2|   12|         24|
    |h_new_2_1_lcssa122_fu_598   |   9|          2|   12|         24|
    |h_new_30_1_lcssa150_fu_710  |   9|          2|   12|         24|
    |h_new_31_1_lcssa151_fu_714  |   9|          2|   12|         24|
    |h_new_32_1_lcssa152_fu_718  |   9|          2|   12|         24|
    |h_new_33_1_lcssa153_fu_722  |   9|          2|   12|         24|
    |h_new_34_1_lcssa154_fu_726  |   9|          2|   12|         24|
    |h_new_35_1_lcssa155_fu_730  |   9|          2|   12|         24|
    |h_new_36_1_lcssa156_fu_734  |   9|          2|   12|         24|
    |h_new_37_1_lcssa157_fu_738  |   9|          2|   12|         24|
    |h_new_38_1_lcssa158_fu_742  |   9|          2|   12|         24|
    |h_new_39_1_lcssa159_fu_746  |   9|          2|   12|         24|
    |h_new_3_1_lcssa123_fu_602   |   9|          2|   12|         24|
    |h_new_4_1_lcssa124_fu_606   |   9|          2|   12|         24|
    |h_new_5_1_lcssa125_fu_610   |   9|          2|   12|         24|
    |h_new_6_1_lcssa126_fu_614   |   9|          2|   12|         24|
    |h_new_7_1_lcssa127_fu_618   |   9|          2|   12|         24|
    |h_new_8_1_lcssa128_fu_622   |   9|          2|   12|         24|
    |h_new_9_1_lcssa129_fu_626   |   9|          2|   12|         24|
    |n_fu_586                    |   9|          2|   31|         62|
    +----------------------------+----+-----------+-----+-----------+
    |Total                       | 452|        102|  514|       1042|
    +----------------------------+----+-----------+-----+-----------+

    * Register: 
    +-----------------------------------------------------+----+----+-----+-----------+
    |                         Name                        | FF | LUT| Bits| Const Bits|
    +-----------------------------------------------------+----+----+-----+-----------+
    |add_ln238_7_reg_4138                                 |  12|   0|   12|          0|
    |add_ln359_reg_3977                                   |  32|   0|   32|          0|
    |and_ln238_8_reg_4374                                 |   1|   0|    1|          0|
    |and_ln238_reg_4128                                   |   1|   0|    1|          0|
    |ap_CS_fsm                                            |  15|   0|   15|          0|
    |empty_41_reg_4446                                    |  32|   0|   32|          0|
    |grp_gru_va_Pipeline_HIDDEN_LOOP_fu_798_ap_start_reg  |   1|   0|    1|          0|
    |h_new_0_1_lcssa120_fu_590                            |  12|   0|   12|          0|
    |h_new_0_1_lcssa120_load_reg_4164                     |  12|   0|   12|          0|
    |h_new_10_1_lcssa130_fu_630                           |  12|   0|   12|          0|
    |h_new_10_1_lcssa130_load_reg_4214                    |  12|   0|   12|          0|
    |h_new_11_1_lcssa131_fu_634                           |  12|   0|   12|          0|
    |h_new_11_1_lcssa131_load_reg_4219                    |  12|   0|   12|          0|
    |h_new_12_1_lcssa132_fu_638                           |  12|   0|   12|          0|
    |h_new_12_1_lcssa132_load_reg_4224                    |  12|   0|   12|          0|
    |h_new_13_1_lcssa133_fu_642                           |  12|   0|   12|          0|
    |h_new_13_1_lcssa133_load_reg_4229                    |  12|   0|   12|          0|
    |h_new_14_1_lcssa134_fu_646                           |  12|   0|   12|          0|
    |h_new_14_1_lcssa134_load_reg_4234                    |  12|   0|   12|          0|
    |h_new_15_1_lcssa135_fu_650                           |  12|   0|   12|          0|
    |h_new_15_1_lcssa135_load_reg_4239                    |  12|   0|   12|          0|
    |h_new_16_1_lcssa136_fu_654                           |  12|   0|   12|          0|
    |h_new_16_1_lcssa136_load_reg_4244                    |  12|   0|   12|          0|
    |h_new_17_1_lcssa137_fu_658                           |  12|   0|   12|          0|
    |h_new_17_1_lcssa137_load_reg_4249                    |  12|   0|   12|          0|
    |h_new_18_1_lcssa138_fu_662                           |  12|   0|   12|          0|
    |h_new_18_1_lcssa138_load_reg_4254                    |  12|   0|   12|          0|
    |h_new_19_1_lcssa139_fu_666                           |  12|   0|   12|          0|
    |h_new_19_1_lcssa139_load_reg_4259                    |  12|   0|   12|          0|
    |h_new_1_1_lcssa121_fu_594                            |  12|   0|   12|          0|
    |h_new_1_1_lcssa121_load_reg_4169                     |  12|   0|   12|          0|
    |h_new_20_1_lcssa140_fu_670                           |  12|   0|   12|          0|
    |h_new_20_1_lcssa140_load_reg_4264                    |  12|   0|   12|          0|
    |h_new_21_1_lcssa141_fu_674                           |  12|   0|   12|          0|
    |h_new_21_1_lcssa141_load_reg_4269                    |  12|   0|   12|          0|
    |h_new_22_1_lcssa142_fu_678                           |  12|   0|   12|          0|
    |h_new_22_1_lcssa142_load_reg_4274                    |  12|   0|   12|          0|
    |h_new_23_1_lcssa143_fu_682                           |  12|   0|   12|          0|
    |h_new_23_1_lcssa143_load_reg_4279                    |  12|   0|   12|          0|
    |h_new_24_1_lcssa144_fu_686                           |  12|   0|   12|          0|
    |h_new_24_1_lcssa144_load_reg_4284                    |  12|   0|   12|          0|
    |h_new_25_1_lcssa145_fu_690                           |  12|   0|   12|          0|
    |h_new_25_1_lcssa145_load_reg_4289                    |  12|   0|   12|          0|
    |h_new_26_1_lcssa146_fu_694                           |  12|   0|   12|          0|
    |h_new_26_1_lcssa146_load_reg_4294                    |  12|   0|   12|          0|
    |h_new_27_1_lcssa147_fu_698                           |  12|   0|   12|          0|
    |h_new_27_1_lcssa147_load_reg_4299                    |  12|   0|   12|          0|
    |h_new_28_1_lcssa148_fu_702                           |  12|   0|   12|          0|
    |h_new_28_1_lcssa148_load_reg_4304                    |  12|   0|   12|          0|
    |h_new_29_1_lcssa149_fu_706                           |  12|   0|   12|          0|
    |h_new_29_1_lcssa149_load_reg_4309                    |  12|   0|   12|          0|
    |h_new_2_1_lcssa122_fu_598                            |  12|   0|   12|          0|
    |h_new_2_1_lcssa122_load_reg_4174                     |  12|   0|   12|          0|
    |h_new_30_1_lcssa150_fu_710                           |  12|   0|   12|          0|
    |h_new_30_1_lcssa150_load_reg_4314                    |  12|   0|   12|          0|
    |h_new_31_1_lcssa151_fu_714                           |  12|   0|   12|          0|
    |h_new_31_1_lcssa151_load_reg_4319                    |  12|   0|   12|          0|
    |h_new_32_1_lcssa152_fu_718                           |  12|   0|   12|          0|
    |h_new_32_1_lcssa152_load_reg_4324                    |  12|   0|   12|          0|
    |h_new_33_1_lcssa153_fu_722                           |  12|   0|   12|          0|
    |h_new_33_1_lcssa153_load_reg_4329                    |  12|   0|   12|          0|
    |h_new_34_1_lcssa154_fu_726                           |  12|   0|   12|          0|
    |h_new_34_1_lcssa154_load_reg_4334                    |  12|   0|   12|          0|
    |h_new_35_1_lcssa155_fu_730                           |  12|   0|   12|          0|
    |h_new_35_1_lcssa155_load_reg_4339                    |  12|   0|   12|          0|
    |h_new_36_1_lcssa156_fu_734                           |  12|   0|   12|          0|
    |h_new_36_1_lcssa156_load_reg_4344                    |  12|   0|   12|          0|
    |h_new_37_1_lcssa157_fu_738                           |  12|   0|   12|          0|
    |h_new_37_1_lcssa157_load_reg_4349                    |  12|   0|   12|          0|
    |h_new_38_1_lcssa158_fu_742                           |  12|   0|   12|          0|
    |h_new_38_1_lcssa158_load_reg_4354                    |  12|   0|   12|          0|
    |h_new_39_1_lcssa159_fu_746                           |  12|   0|   12|          0|
    |h_new_39_1_lcssa159_load_reg_4359                    |  12|   0|   12|          0|
    |h_new_3_1_lcssa123_fu_602                            |  12|   0|   12|          0|
    |h_new_3_1_lcssa123_load_reg_4179                     |  12|   0|   12|          0|
    |h_new_4_1_lcssa124_fu_606                            |  12|   0|   12|          0|
    |h_new_4_1_lcssa124_load_reg_4184                     |  12|   0|   12|          0|
    |h_new_5_1_lcssa125_fu_610                            |  12|   0|   12|          0|
    |h_new_5_1_lcssa125_load_reg_4189                     |  12|   0|   12|          0|
    |h_new_6_1_lcssa126_fu_614                            |  12|   0|   12|          0|
    |h_new_6_1_lcssa126_load_reg_4194                     |  12|   0|   12|          0|
    |h_new_7_1_lcssa127_fu_618                            |  12|   0|   12|          0|
    |h_new_7_1_lcssa127_load_reg_4199                     |  12|   0|   12|          0|
    |h_new_8_1_lcssa128_fu_622                            |  12|   0|   12|          0|
    |h_new_8_1_lcssa128_load_reg_4204                     |  12|   0|   12|          0|
    |h_new_9_1_lcssa129_fu_626                            |  12|   0|   12|          0|
    |h_new_9_1_lcssa129_load_reg_4209                     |  12|   0|   12|          0|
    |h_state_0                                            |  12|   0|   12|          0|
    |h_state_1                                            |  12|   0|   12|          0|
    |h_state_10                                           |  12|   0|   12|          0|
    |h_state_11                                           |  12|   0|   12|          0|
    |h_state_12                                           |  12|   0|   12|          0|
    |h_state_13                                           |  12|   0|   12|          0|
    |h_state_14                                           |  12|   0|   12|          0|
    |h_state_15                                           |  12|   0|   12|          0|
    |h_state_16                                           |  12|   0|   12|          0|
    |h_state_17                                           |  12|   0|   12|          0|
    |h_state_18                                           |  12|   0|   12|          0|
    |h_state_19                                           |  12|   0|   12|          0|
    |h_state_2                                            |  12|   0|   12|          0|
    |h_state_20                                           |  12|   0|   12|          0|
    |h_state_21                                           |  12|   0|   12|          0|
    |h_state_22                                           |  12|   0|   12|          0|
    |h_state_23                                           |  12|   0|   12|          0|
    |h_state_24                                           |  12|   0|   12|          0|
    |h_state_25                                           |  12|   0|   12|          0|
    |h_state_26                                           |  12|   0|   12|          0|
    |h_state_27                                           |  12|   0|   12|          0|
    |h_state_28                                           |  12|   0|   12|          0|
    |h_state_29                                           |  12|   0|   12|          0|
    |h_state_3                                            |  12|   0|   12|          0|
    |h_state_30                                           |  12|   0|   12|          0|
    |h_state_31                                           |  12|   0|   12|          0|
    |h_state_32                                           |  12|   0|   12|          0|
    |h_state_33                                           |  12|   0|   12|          0|
    |h_state_34                                           |  12|   0|   12|          0|
    |h_state_35                                           |  12|   0|   12|          0|
    |h_state_36                                           |  12|   0|   12|          0|
    |h_state_37                                           |  12|   0|   12|          0|
    |h_state_38                                           |  12|   0|   12|          0|
    |h_state_39                                           |  12|   0|   12|          0|
    |h_state_4                                            |  12|   0|   12|          0|
    |h_state_5                                            |  12|   0|   12|          0|
    |h_state_6                                            |  12|   0|   12|          0|
    |h_state_7                                            |  12|   0|   12|          0|
    |h_state_8                                            |  12|   0|   12|          0|
    |h_state_9                                            |  12|   0|   12|          0|
    |icmp_ln211_reg_3681                                  |   1|   0|    1|          0|
    |icmp_ln238_10_reg_4088                               |   1|   0|    1|          0|
    |icmp_ln238_11_reg_4101                               |   1|   0|    1|          0|
    |icmp_ln238_1_reg_4048                                |   1|   0|    1|          0|
    |icmp_ln238_2_reg_4111                                |   1|   0|    1|          0|
    |icmp_ln238_4_reg_4068                                |   1|   0|    1|          0|
    |icmp_ln238_7_reg_4078                                |   1|   0|    1|          0|
    |icmp_ln238_9_reg_4133                                |   1|   0|    1|          0|
    |icmp_ln238_reg_4035                                  |   1|   0|    1|          0|
    |icmp_ln352_3_reg_4431                                |   1|   0|    1|          0|
    |icmp_ln352_reg_4391                                  |   1|   0|    1|          0|
    |icmp_ln359_reg_3985                                  |   1|   0|    1|          0|
    |lD_0_i_reg_4146                                      |   1|   0|    1|          0|
    |lshr_ln238_1_reg_4159                                |  54|   0|   54|          0|
    |lshr_ln238_reg_4153                                  |  54|   0|   54|          0|
    |lshr_ln352_reg_4436                                  |  64|   0|   64|          0|
    |n_fu_586                                             |  31|   0|   31|          0|
    |n_samples_read_reg_3669                              |  32|   0|   32|          0|
    |neg_src_0_i_reg_4369                                 |   1|   0|    1|          0|
    |or_ln352_reg_4426                                    |   1|   0|    1|          0|
    |ref_tmp_i_i_reg_4364                                 |  12|   0|   12|          0|
    |select_ln238_1_reg_4054                              |  11|   0|   11|          0|
    |select_ln238_2_reg_4117                              |  12|   0|   12|          0|
    |select_ln238_3_reg_4123                              |  12|   0|   12|          0|
    |select_ln238_reg_4028                                |  54|   0|   54|          0|
    |select_ln352_reg_4401                                |  32|   0|   32|          0|
    |shl_ln352_reg_4441                                   |  64|   0|   64|          0|
    |sub_ln238_1_reg_4041                                 |  12|   0|   12|          0|
    |sub_ln238_3_reg_4083                                 |   6|   0|    6|          0|
    |sub_ln352_1_reg_4414                                 |   6|   0|    6|          0|
    |sub_ln352_4_reg_4421                                 |   5|   0|    5|          0|
    |tmp_326_reg_4073                                     |   1|   0|    1|          0|
    |tmp_331_reg_4095                                     |   1|   0|    1|          0|
    |tmp_335_reg_4396                                     |   1|   0|    1|          0|
    |tmp_6_reg_4013                                       |  11|   0|   11|          0|
    |tmp_reg_4003                                         |   1|   0|    1|          0|
    |tobool_i_reg_4106                                    |   1|   0|    1|          0|
    |trunc_ln238_1_reg_4018                               |  52|   0|   52|          0|
    |trunc_ln238_5_reg_4062                               |  12|   0|   12|          0|
    |trunc_ln238_reg_3998                                 |  63|   0|   63|          0|
    |trunc_ln352_reg_4409                                 |   6|   0|    6|          0|
    |x_reg_4385                                           |  12|   0|   12|          0|
    |xor_ln218_reg_3972                                   |   1|   0|    1|          0|
    |xor_ln238_6_reg_4380                                 |   1|   0|    1|          0|
    |zext_ln238_reg_4023                                  |  11|   0|   12|          1|
    +-----------------------------------------------------+----+----+-----+-----------+
    |Total                                                |2184|   0| 2185|          1|
    +-----------------------------------------------------+----+----+-----+-----------+



================================================================
== Interface
================================================================
* Summary: 
+----------------------+-----+-----+------------+--------------------+--------------+
|       RTL Ports      | Dir | Bits|  Protocol  |    Source Object   |    C Type    |
+----------------------+-----+-----+------------+--------------------+--------------+
|s_axi_CTRL_AWVALID    |   in|    1|       s_axi|                CTRL|        scalar|
|s_axi_CTRL_AWREADY    |  out|    1|       s_axi|                CTRL|        scalar|
|s_axi_CTRL_AWADDR     |   in|    6|       s_axi|                CTRL|        scalar|
|s_axi_CTRL_WVALID     |   in|    1|       s_axi|                CTRL|        scalar|
|s_axi_CTRL_WREADY     |  out|    1|       s_axi|                CTRL|        scalar|
|s_axi_CTRL_WDATA      |   in|   32|       s_axi|                CTRL|        scalar|
|s_axi_CTRL_WSTRB      |   in|    4|       s_axi|                CTRL|        scalar|
|s_axi_CTRL_ARVALID    |   in|    1|       s_axi|                CTRL|        scalar|
|s_axi_CTRL_ARREADY    |  out|    1|       s_axi|                CTRL|        scalar|
|s_axi_CTRL_ARADDR     |   in|    6|       s_axi|                CTRL|        scalar|
|s_axi_CTRL_RVALID     |  out|    1|       s_axi|                CTRL|        scalar|
|s_axi_CTRL_RREADY     |   in|    1|       s_axi|                CTRL|        scalar|
|s_axi_CTRL_RDATA      |  out|   32|       s_axi|                CTRL|        scalar|
|s_axi_CTRL_RRESP      |  out|    2|       s_axi|                CTRL|        scalar|
|s_axi_CTRL_BVALID     |  out|    1|       s_axi|                CTRL|        scalar|
|s_axi_CTRL_BREADY     |   in|    1|       s_axi|                CTRL|        scalar|
|s_axi_CTRL_BRESP      |  out|    2|       s_axi|                CTRL|        scalar|
|ap_clk                |   in|    1|  ap_ctrl_hs|              gru_va|  return value|
|ap_rst_n              |   in|    1|  ap_ctrl_hs|              gru_va|  return value|
|interrupt             |  out|    1|  ap_ctrl_hs|              gru_va|  return value|
|m_axi_gmem0_AWVALID   |  out|    1|       m_axi|               gmem0|       pointer|
|m_axi_gmem0_AWREADY   |   in|    1|       m_axi|               gmem0|       pointer|
|m_axi_gmem0_AWADDR    |  out|   64|       m_axi|               gmem0|       pointer|
|m_axi_gmem0_AWID      |  out|    1|       m_axi|               gmem0|       pointer|
|m_axi_gmem0_AWLEN     |  out|    8|       m_axi|               gmem0|       pointer|
|m_axi_gmem0_AWSIZE    |  out|    3|       m_axi|               gmem0|       pointer|
|m_axi_gmem0_AWBURST   |  out|    2|       m_axi|               gmem0|       pointer|
|m_axi_gmem0_AWLOCK    |  out|    2|       m_axi|               gmem0|       pointer|
|m_axi_gmem0_AWCACHE   |  out|    4|       m_axi|               gmem0|       pointer|
|m_axi_gmem0_AWPROT    |  out|    3|       m_axi|               gmem0|       pointer|
|m_axi_gmem0_AWQOS     |  out|    4|       m_axi|               gmem0|       pointer|
|m_axi_gmem0_AWREGION  |  out|    4|       m_axi|               gmem0|       pointer|
|m_axi_gmem0_AWUSER    |  out|    1|       m_axi|               gmem0|       pointer|
|m_axi_gmem0_WVALID    |  out|    1|       m_axi|               gmem0|       pointer|
|m_axi_gmem0_WREADY    |   in|    1|       m_axi|               gmem0|       pointer|
|m_axi_gmem0_WDATA     |  out|   32|       m_axi|               gmem0|       pointer|
|m_axi_gmem0_WSTRB     |  out|    4|       m_axi|               gmem0|       pointer|
|m_axi_gmem0_WLAST     |  out|    1|       m_axi|               gmem0|       pointer|
|m_axi_gmem0_WID       |  out|    1|       m_axi|               gmem0|       pointer|
|m_axi_gmem0_WUSER     |  out|    1|       m_axi|               gmem0|       pointer|
|m_axi_gmem0_ARVALID   |  out|    1|       m_axi|               gmem0|       pointer|
|m_axi_gmem0_ARREADY   |   in|    1|       m_axi|               gmem0|       pointer|
|m_axi_gmem0_ARADDR    |  out|   64|       m_axi|               gmem0|       pointer|
|m_axi_gmem0_ARID      |  out|    1|       m_axi|               gmem0|       pointer|
|m_axi_gmem0_ARLEN     |  out|    8|       m_axi|               gmem0|       pointer|
|m_axi_gmem0_ARSIZE    |  out|    3|       m_axi|               gmem0|       pointer|
|m_axi_gmem0_ARBURST   |  out|    2|       m_axi|               gmem0|       pointer|
|m_axi_gmem0_ARLOCK    |  out|    2|       m_axi|               gmem0|       pointer|
|m_axi_gmem0_ARCACHE   |  out|    4|       m_axi|               gmem0|       pointer|
|m_axi_gmem0_ARPROT    |  out|    3|       m_axi|               gmem0|       pointer|
|m_axi_gmem0_ARQOS     |  out|    4|       m_axi|               gmem0|       pointer|
|m_axi_gmem0_ARREGION  |  out|    4|       m_axi|               gmem0|       pointer|
|m_axi_gmem0_ARUSER    |  out|    1|       m_axi|               gmem0|       pointer|
|m_axi_gmem0_RVALID    |   in|    1|       m_axi|               gmem0|       pointer|
|m_axi_gmem0_RREADY    |  out|    1|       m_axi|               gmem0|       pointer|
|m_axi_gmem0_RDATA     |   in|   32|       m_axi|               gmem0|       pointer|
|m_axi_gmem0_RLAST     |   in|    1|       m_axi|               gmem0|       pointer|
|m_axi_gmem0_RID       |   in|    1|       m_axi|               gmem0|       pointer|
|m_axi_gmem0_RUSER     |   in|    1|       m_axi|               gmem0|       pointer|
|m_axi_gmem0_RRESP     |   in|    2|       m_axi|               gmem0|       pointer|
|m_axi_gmem0_BVALID    |   in|    1|       m_axi|               gmem0|       pointer|
|m_axi_gmem0_BREADY    |  out|    1|       m_axi|               gmem0|       pointer|
|m_axi_gmem0_BRESP     |   in|    2|       m_axi|               gmem0|       pointer|
|m_axi_gmem0_BID       |   in|    1|       m_axi|               gmem0|       pointer|
|m_axi_gmem0_BUSER     |   in|    1|       m_axi|               gmem0|       pointer|
|audio_in_TDATA        |   in|   32|        axis|   audio_in_V_data_V|       pointer|
|audio_in_TVALID       |   in|    1|        axis|   audio_in_V_last_V|       pointer|
|audio_in_TREADY       |  out|    1|        axis|   audio_in_V_last_V|       pointer|
|audio_in_TLAST        |   in|    1|        axis|   audio_in_V_last_V|       pointer|
|audio_in_TKEEP        |   in|    4|        axis|   audio_in_V_keep_V|       pointer|
|audio_in_TSTRB        |   in|    4|        axis|   audio_in_V_strb_V|       pointer|
|audio_out_TDATA       |  out|   32|        axis|  audio_out_V_data_V|       pointer|
|audio_out_TVALID      |  out|    1|        axis|  audio_out_V_last_V|       pointer|
|audio_out_TREADY      |   in|    1|        axis|  audio_out_V_last_V|       pointer|
|audio_out_TLAST       |  out|    1|        axis|  audio_out_V_last_V|       pointer|
|audio_out_TKEEP       |  out|    4|        axis|  audio_out_V_keep_V|       pointer|
|audio_out_TSTRB       |  out|    4|        axis|  audio_out_V_strb_V|       pointer|
+----------------------+-----+-----+------------+--------------------+--------------+

