

================================================================
== Vitis HLS Report for 'gru_va'
================================================================
* Date:           Sat Aug  8 16:23:42 2026

* Version:        2025.2 (Build 6295257 on Nov 14 2025)
* Project:        b_gt_max
* Solution:       sol_gt_max_w8 (Vivado IP Flow Target)
* Product family: zynq
* Target device:  xc7z020-clg400-1


================================================================
== Performance Estimates
================================================================
+ Timing: 
    * Summary: 
    +--------+----------+----------+------------+
    |  Clock |  Target  | Estimated| Uncertainty|
    +--------+----------+----------+------------+
    |ap_clk  |  10.00 ns|  7.242 ns|     2.70 ns|
    +--------+----------+----------+------------+

+ Latency: 
    * Summary: 
    +---------+---------+----------+----------+-----+-----+---------+
    |  Latency (cycles) |  Latency (absolute) |  Interval | Pipeline|
    |   min   |   max   |    min   |    max   | min | max |   Type  |
    +---------+---------+----------+----------+-----+-----+---------+
    |        ?|        ?|         ?|         ?|    ?|    ?|       no|
    +---------+---------+----------+----------+-----+-----+---------+

    + Detail: 
        * Instance: 
        +----------------------------------------+-----------------------------+---------+---------+----------+----------+-----+-----+-------------------+
        |                                        |                             |  Latency (cycles) |  Latency (absolute) |  Interval |      Pipeline     |
        |                Instance                |            Module           |   min   |   max   |    min   |    max   | min | max |        Type       |
        +----------------------------------------+-----------------------------+---------+---------+----------+----------+-----+-----+-------------------+
        |grp_gru_va_Pipeline_HIDDEN_LOOP_fu_798  |gru_va_Pipeline_HIDDEN_LOOP  |      130|      130|  1.300 us|  1.300 us|    0|    0|  loop pipeline stp|
        +----------------------------------------+-----------------------------+---------+---------+----------+----------+-----+-----+-------------------+

        * Loop: 
        +---------------+---------+---------+----------+-----------+-----------+------+----------+
        |               |  Latency (cycles) | Iteration|  Initiation Interval  | Trip |          |
        |   Loop Name   |   min   |   max   |  Latency |  achieved |   target  | Count| Pipelined|
        +---------------+---------+---------+----------+-----------+-----------+------+----------+
        |- SAMPLE_LOOP  |        ?|        ?|       144|          -|          -|     ?|        no|
        +---------------+---------+---------+----------+-----------+-----------+------+----------+



================================================================
== Utilization Estimates
================================================================
* Summary: 
+-----------------+---------+-----+--------+-------+-----+
|       Name      | BRAM_18K| DSP |   FF   |  LUT  | URAM|
+-----------------+---------+-----+--------+-------+-----+
|DSP              |        -|    -|       -|      -|    -|
|Expression       |        -|    -|       0|   3385|    -|
|FIFO             |        -|    -|       -|      -|    -|
|Instance         |        2|   11|   16271|  30172|    -|
|Memory           |        -|    -|       -|      -|    -|
|Multiplexer      |        -|    -|       0|    452|    -|
|Register         |        -|    -|    1694|      -|    -|
+-----------------+---------+-----+--------+-------+-----+
|Total            |        2|   11|   17965|  34009|    0|
+-----------------+---------+-----+--------+-------+-----+
|Available        |      280|  220|  106400|  53200|    0|
+-----------------+---------+-----+--------+-------+-----+
|Utilization (%)  |       ~0|    5|      16|     63|    0|
+-----------------+---------+-----+--------+-------+-----+

+ Detail: 
    * Instance: 
    +----------------------------------------+------------------------------+---------+----+-------+-------+-----+
    |                Instance                |            Module            | BRAM_18K| DSP|   FF  |  LUT  | URAM|
    +----------------------------------------+------------------------------+---------+----+-------+-------+-----+
    |CTRL_s_axi_U                            |CTRL_s_axi                    |        0|   0|    220|    360|    0|
    |bitselect_1ns_32ns_5ns_1_1_1_U261       |bitselect_1ns_32ns_5ns_1_1_1  |        0|   0|      0|      9|    0|
    |bitselect_1ns_54ns_6ns_1_1_1_U255       |bitselect_1ns_54ns_6ns_1_1_1  |        0|   0|      0|     17|    0|
    |bitselect_1ns_54ns_6ns_1_1_1_U256       |bitselect_1ns_54ns_6ns_1_1_1  |        0|   0|      0|     17|    0|
    |ctlz_32_32_1_1_U260                     |ctlz_32_32_1_1                |        0|   0|      0|     44|    0|
    |fpext_32ns_64_2_no_dsp_1_U254           |fpext_32ns_64_2_no_dsp_1      |        0|   0|      0|      0|    0|
    |grp_gru_va_Pipeline_HIDDEN_LOOP_fu_798  |gru_va_Pipeline_HIDDEN_LOOP   |        2|  11|  16051|  29698|    0|
    |sparsemux_7_2_1_1_1_U258                |sparsemux_7_2_1_1_1           |        0|   0|      0|      9|    0|
    |sparsemux_7_2_8_1_1_U257                |sparsemux_7_2_8_1_1           |        0|   0|      0|      9|    0|
    |sparsemux_7_2_8_1_1_U259                |sparsemux_7_2_8_1_1           |        0|   0|      0|      9|    0|
    +----------------------------------------+------------------------------+---------+----+-------+-------+-----+
    |Total                                   |                              |        2|  11|  16271|  30172|    0|
    +----------------------------------------+------------------------------+---------+----+-------+-------+-----+

    * DSP: 
    N/A

    * Memory: 
    N/A

    * FIFO: 
    N/A

    * Expression: 
    +---------------------------------+----------+----+---+-----+------------+------------+
    |          Variable Name          | Operation| DSP| FF| LUT | Bitwidth P0| Bitwidth P1|
    +---------------------------------+----------+----+---+-----+------------+------------+
    |add_ln238_1_fu_2666_p2           |         +|   0|  0|   12|          12|           4|
    |add_ln238_3_fu_2750_p2           |         +|   0|  0|   12|          12|           5|
    |add_ln238_4_fu_2983_p2           |         +|   0|  0|   15|           8|           8|
    |add_ln238_5_fu_2923_p2           |         +|   0|  0|   12|          12|          12|
    |add_ln238_6_fu_2772_p2           |         +|   0|  0|   12|          12|           2|
    |add_ln238_7_fu_2945_p2           |         +|   0|  0|   12|          12|           2|
    |add_ln238_fu_2810_p2             |         +|   0|  0|   12|          12|          11|
    |add_ln352_1_fu_3498_p2           |         +|   0|  0|   14|           6|           6|
    |add_ln352_2_fu_3544_p2           |         +|   0|  0|   71|          64|          64|
    |add_ln352_3_fu_3589_p2           |         +|   0|  0|   15|           8|           8|
    |add_ln352_fu_3405_p2             |         +|   0|  0|   14|           6|           6|
    |add_ln359_fu_1768_p2             |         +|   0|  0|   39|          32|           2|
    |n_2_fu_1991_p2                   |         +|   0|  0|   38|          31|           1|
    |tmp_327_fu_2726_p2               |         +|   0|  0|   14|           6|           4|
    |sub_ln238_1_fu_2646_p2           |         -|   0|  0|   12|          11|          12|
    |sub_ln238_2_fu_2676_p2           |         -|   0|  0|   12|           3|          11|
    |sub_ln238_3_fu_2766_p2           |         -|   0|  0|   14|           5|           6|
    |sub_ln238_fu_2628_p2             |         -|   0|  0|   61|           1|          54|
    |sub_ln352_1_fu_3389_p2           |         -|   0|  0|   14|           7|           6|
    |sub_ln352_2_fu_3517_p2           |         -|   0|  0|   14|           5|           6|
    |sub_ln352_3_fu_3580_p2           |         -|   0|  0|   14|           4|           6|
    |sub_ln352_4_fu_3399_p2           |         -|   0|  0|   13|           4|           5|
    |sub_ln352_fu_3364_p2             |         -|   0|  0|   39|           1|          32|
    |pi_assign_fu_3602_p5             |      1003|   0|  0|    2|          64|           9|
    |and_ln238_10_fu_3287_p2          |       and|   0|  0|    2|           1|           1|
    |and_ln238_11_fu_3037_p2          |       and|   0|  0|    2|           1|           1|
    |and_ln238_12_fu_3215_p2          |       and|   0|  0|    2|           1|           1|
    |and_ln238_13_fu_3253_p2          |       and|   0|  0|    2|           1|           1|
    |and_ln238_14_fu_3308_p2          |       and|   0|  0|    2|           1|           1|
    |and_ln238_15_fu_3314_p2          |       and|   0|  0|    2|           1|           1|
    |and_ln238_16_fu_2884_p2          |       and|   0|  0|   54|          54|          54|
    |and_ln238_1_fu_3007_p2           |       and|   0|  0|    2|           1|           1|
    |and_ln238_3_fu_3102_p2           |       and|   0|  0|    2|           1|           1|
    |and_ln238_4_fu_3108_p2           |       and|   0|  0|    2|           1|           1|
    |and_ln238_5_fu_3123_p2           |       and|   0|  0|    2|           1|           1|
    |and_ln238_6_fu_3178_p2           |       and|   0|  0|    2|           1|           1|
    |and_ln238_7_fu_3192_p2           |       and|   0|  0|    2|           1|           1|
    |and_ln238_8_fu_3269_p2           |       and|   0|  0|    2|           1|           1|
    |and_ln238_9_fu_3275_p2           |       and|   0|  0|    2|           1|           1|
    |and_ln238_fu_2910_p2             |       and|   0|  0|    2|           1|           1|
    |and_ln352_1_fu_3439_p2           |       and|   0|  0|   32|          32|          32|
    |and_ln352_fu_3477_p2             |       and|   0|  0|    2|           1|           1|
    |carry_1_i_fu_3043_p2             |       and|   0|  0|    2|           1|           1|
    |cond85_i_fu_2895_p2              |       and|   0|  0|    2|           1|           1|
    |lD_0_i_fu_2950_p2                |       and|   0|  0|    2|           1|           1|
    |neg_src_0_i_fu_3227_p2           |       and|   0|  0|    2|           1|           1|
    |phi_ln352_fu_3450_p2             |       and|   0|  0|    2|           1|           1|
    |ashr_ln238_fu_2835_p2            |      ashr|   0|  0|  161|          54|          54|
    |icmp_ln211_fu_1270_p2            |      icmp|   0|  0|   39|          32|           1|
    |icmp_ln218_fu_1276_p2            |      icmp|   0|  0|   39|          32|           1|
    |icmp_ln229_1_fu_2007_p2          |      icmp|   0|  0|   39|          32|           1|
    |icmp_ln229_fu_1986_p2            |      icmp|   0|  0|   39|          32|          32|
    |icmp_ln238_10_fu_2782_p2         |      icmp|   0|  0|   12|          12|           6|
    |icmp_ln238_11_fu_2796_p2         |      icmp|   0|  0|   12|          12|           6|
    |icmp_ln238_12_fu_3062_p2         |      icmp|   0|  0|   12|          12|           6|
    |icmp_ln238_13_fu_3067_p2         |      icmp|   0|  0|   12|          12|           6|
    |icmp_ln238_14_fu_3077_p2         |      icmp|   0|  0|   61|          54|          54|
    |icmp_ln238_15_fu_3118_p2         |      icmp|   0|  0|   61|          54|           1|
    |icmp_ln238_16_fu_3129_p2         |      icmp|   0|  0|   12|          12|           6|
    |icmp_ln238_1_fu_2660_p2          |      icmp|   0|  0|   12|          12|           3|
    |icmp_ln238_2_fu_2815_p2          |      icmp|   0|  0|   12|          12|           3|
    |icmp_ln238_3_fu_2820_p2          |      icmp|   0|  0|   12|          11|           6|
    |icmp_ln238_4_fu_2694_p2          |      icmp|   0|  0|   12|          12|           6|
    |icmp_ln238_5_fu_2710_p2          |      icmp|   0|  0|   15|           8|           1|
    |icmp_ln238_6_fu_2744_p2          |      icmp|   0|  0|   14|           9|           1|
    |icmp_ln238_7_fu_2760_p2          |      icmp|   0|  0|   12|          12|           6|
    |icmp_ln238_8_fu_2889_p2          |      icmp|   0|  0|   61|          54|           1|
    |icmp_ln238_9_fu_2939_p2          |      icmp|   0|  0|   12|          11|           1|
    |icmp_ln238_fu_2641_p2            |      icmp|   0|  0|   70|          63|           1|
    |icmp_ln352_1_fu_3424_p2          |      icmp|   0|  0|   13|           5|           1|
    |icmp_ln352_2_fu_3444_p2          |      icmp|   0|  0|   39|          32|           1|
    |icmp_ln352_3_fu_3492_p2          |      icmp|   0|  0|   14|           6|           1|
    |icmp_ln352_fu_3358_p2            |      icmp|   0|  0|   39|          32|           1|
    |icmp_ln359_fu_1997_p2            |      icmp|   0|  0|   39|          32|          32|
    |lshr_ln238_1_fu_2967_p2          |      lshr|   0|  0|  161|           2|          54|
    |lshr_ln238_2_fu_2878_p2          |      lshr|   0|  0|  161|           2|          54|
    |lshr_ln238_fu_2962_p2            |      lshr|   0|  0|  161|          54|          54|
    |lshr_ln352_2_fu_3433_p2          |      lshr|   0|  0|  100|           2|          32|
    |lshr_ln352_fu_3511_p2            |      lshr|   0|  0|  182|          64|          64|
    |deleted_ones_0_i_fu_3209_p2      |        or|   0|  0|    2|           1|           1|
    |or_ln229_fu_2012_p2              |        or|   0|  0|    2|           1|           1|
    |or_ln238_1_fu_3173_p2            |        or|   0|  0|    2|           1|           1|
    |or_ln238_2_fu_3258_p2            |        or|   0|  0|    2|           1|           1|
    |or_ln238_3_fu_3291_p2            |        or|   0|  0|    2|           1|           1|
    |or_ln238_fu_2904_p2              |        or|   0|  0|    2|           1|           1|
    |or_ln352_fu_3483_p2              |        or|   0|  0|    2|           1|           1|
    |Range1_all_ones_2_i_fu_3149_p3   |    select|   0|  0|    2|           1|           1|
    |Range1_all_zeros_2_i_fu_3157_p3  |    select|   0|  0|    2|           1|           1|
    |Range2_all_ones_1_i_fu_3094_p3   |    select|   0|  0|    2|           1|           1|
    |cond190_i_fu_3184_p3             |    select|   0|  0|    2|           1|           1|
    |cond45_i_i_fu_3536_p3            |    select|   0|  0|   64|           1|          64|
    |cond63_i_fu_2863_p3              |    select|   0|  0|    2|           1|           1|
    |empty_43_fu_3618_p3              |    select|   0|  0|   32|           1|           1|
    |select_ln218_10_fu_1528_p3       |    select|   0|  0|    8|           1|           8|
    |select_ln218_11_fu_1536_p3       |    select|   0|  0|    8|           1|           8|
    |select_ln218_12_fu_1544_p3       |    select|   0|  0|    8|           1|           8|
    |select_ln218_13_fu_1552_p3       |    select|   0|  0|    8|           1|           8|
    |select_ln218_14_fu_1560_p3       |    select|   0|  0|    8|           1|           8|
    |select_ln218_15_fu_1568_p3       |    select|   0|  0|    8|           1|           8|
    |select_ln218_16_fu_1576_p3       |    select|   0|  0|    8|           1|           8|
    |select_ln218_17_fu_1584_p3       |    select|   0|  0|    8|           1|           8|
    |select_ln218_18_fu_1592_p3       |    select|   0|  0|    8|           1|           8|
    |select_ln218_19_fu_1600_p3       |    select|   0|  0|    8|           1|           8|
    |select_ln218_1_fu_1456_p3        |    select|   0|  0|    8|           1|           8|
    |select_ln218_20_fu_1608_p3       |    select|   0|  0|    8|           1|           8|
    |select_ln218_21_fu_1616_p3       |    select|   0|  0|    8|           1|           8|
    |select_ln218_22_fu_1624_p3       |    select|   0|  0|    8|           1|           8|
    |select_ln218_23_fu_1632_p3       |    select|   0|  0|    8|           1|           8|
    |select_ln218_24_fu_1640_p3       |    select|   0|  0|    8|           1|           8|
    |select_ln218_25_fu_1648_p3       |    select|   0|  0|    8|           1|           8|
    |select_ln218_26_fu_1656_p3       |    select|   0|  0|    8|           1|           8|
    |select_ln218_27_fu_1664_p3       |    select|   0|  0|    8|           1|           8|
    |select_ln218_28_fu_1672_p3       |    select|   0|  0|    8|           1|           8|
    |select_ln218_29_fu_1680_p3       |    select|   0|  0|    8|           1|           8|
    |select_ln218_2_fu_1464_p3        |    select|   0|  0|    8|           1|           8|
    |select_ln218_30_fu_1688_p3       |    select|   0|  0|    8|           1|           8|
    |select_ln218_31_fu_1696_p3       |    select|   0|  0|    8|           1|           8|
    |select_ln218_32_fu_1704_p3       |    select|   0|  0|    8|           1|           8|
    |select_ln218_33_fu_1712_p3       |    select|   0|  0|    8|           1|           8|
    |select_ln218_34_fu_1720_p3       |    select|   0|  0|    8|           1|           8|
    |select_ln218_35_fu_1728_p3       |    select|   0|  0|    8|           1|           8|
    |select_ln218_36_fu_1736_p3       |    select|   0|  0|    8|           1|           8|
    |select_ln218_37_fu_1744_p3       |    select|   0|  0|    8|           1|           8|
    |select_ln218_38_fu_1752_p3       |    select|   0|  0|    8|           1|           8|
    |select_ln218_39_fu_1760_p3       |    select|   0|  0|    8|           1|           8|
    |select_ln218_3_fu_1472_p3        |    select|   0|  0|    8|           1|           8|
    |select_ln218_4_fu_1480_p3        |    select|   0|  0|    8|           1|           8|
    |select_ln218_5_fu_1488_p3        |    select|   0|  0|    8|           1|           8|
    |select_ln218_6_fu_1496_p3        |    select|   0|  0|    8|           1|           8|
    |select_ln218_7_fu_1504_p3        |    select|   0|  0|    8|           1|           8|
    |select_ln218_8_fu_1512_p3        |    select|   0|  0|    8|           1|           8|
    |select_ln218_9_fu_1520_p3        |    select|   0|  0|    8|           1|           8|
    |select_ln218_fu_1448_p3          |    select|   0|  0|    8|           1|           8|
    |select_ln229_10_fu_2097_p3       |    select|   0|  0|    8|           1|           8|
    |select_ln229_11_fu_2105_p3       |    select|   0|  0|    8|           1|           8|
    |select_ln229_12_fu_2113_p3       |    select|   0|  0|    8|           1|           8|
    |select_ln229_13_fu_2121_p3       |    select|   0|  0|    8|           1|           8|
    |select_ln229_14_fu_2129_p3       |    select|   0|  0|    8|           1|           8|
    |select_ln229_15_fu_2137_p3       |    select|   0|  0|    8|           1|           8|
    |select_ln229_16_fu_2145_p3       |    select|   0|  0|    8|           1|           8|
    |select_ln229_17_fu_2153_p3       |    select|   0|  0|    8|           1|           8|
    |select_ln229_18_fu_2161_p3       |    select|   0|  0|    8|           1|           8|
    |select_ln229_19_fu_2169_p3       |    select|   0|  0|    8|           1|           8|
    |select_ln229_1_fu_2025_p3        |    select|   0|  0|    8|           1|           8|
    |select_ln229_20_fu_2177_p3       |    select|   0|  0|    8|           1|           8|
    |select_ln229_21_fu_2185_p3       |    select|   0|  0|    8|           1|           8|
    |select_ln229_22_fu_2193_p3       |    select|   0|  0|    8|           1|           8|
    |select_ln229_23_fu_2201_p3       |    select|   0|  0|    8|           1|           8|
    |select_ln229_24_fu_2209_p3       |    select|   0|  0|    8|           1|           8|
    |select_ln229_25_fu_2217_p3       |    select|   0|  0|    8|           1|           8|
    |select_ln229_26_fu_2225_p3       |    select|   0|  0|    8|           1|           8|
    |select_ln229_27_fu_2233_p3       |    select|   0|  0|    8|           1|           8|
    |select_ln229_28_fu_2241_p3       |    select|   0|  0|    8|           1|           8|
    |select_ln229_29_fu_2249_p3       |    select|   0|  0|    8|           1|           8|
    |select_ln229_2_fu_2033_p3        |    select|   0|  0|    8|           1|           8|
    |select_ln229_30_fu_2257_p3       |    select|   0|  0|    8|           1|           8|
    |select_ln229_31_fu_2265_p3       |    select|   0|  0|    8|           1|           8|
    |select_ln229_32_fu_2273_p3       |    select|   0|  0|    8|           1|           8|
    |select_ln229_33_fu_2281_p3       |    select|   0|  0|    8|           1|           8|
    |select_ln229_34_fu_2289_p3       |    select|   0|  0|    8|           1|           8|
    |select_ln229_35_fu_2297_p3       |    select|   0|  0|    8|           1|           8|
    |select_ln229_36_fu_2305_p3       |    select|   0|  0|    8|           1|           8|
    |select_ln229_37_fu_2313_p3       |    select|   0|  0|    8|           1|           8|
    |select_ln229_38_fu_2321_p3       |    select|   0|  0|    8|           1|           8|
    |select_ln229_39_fu_2329_p3       |    select|   0|  0|    8|           1|           8|
    |select_ln229_3_fu_2041_p3        |    select|   0|  0|    8|           1|           8|
    |select_ln229_4_fu_2049_p3        |    select|   0|  0|    8|           1|           8|
    |select_ln229_5_fu_2057_p3        |    select|   0|  0|    8|           1|           8|
    |select_ln229_6_fu_2065_p3        |    select|   0|  0|    8|           1|           8|
    |select_ln229_7_fu_2073_p3        |    select|   0|  0|    8|           1|           8|
    |select_ln229_8_fu_2081_p3        |    select|   0|  0|    8|           1|           8|
    |select_ln229_9_fu_2089_p3        |    select|   0|  0|    8|           1|           8|
    |select_ln229_fu_2017_p3          |    select|   0|  0|    8|           1|           8|
    |select_ln238_10_fu_2916_p3       |    select|   0|  0|    2|           1|           2|
    |select_ln238_1_fu_2682_p3        |    select|   0|  0|   11|           1|          11|
    |select_ln238_2_fu_2844_p3        |    select|   0|  0|    8|           1|           8|
    |select_ln238_3_fu_2856_p3        |    select|   0|  0|    8|           1|           8|
    |select_ln238_4_fu_2825_p3        |    select|   0|  0|    2|           1|           2|
    |select_ln238_5_fu_3165_p3        |    select|   0|  0|    2|           1|           1|
    |select_ln238_7_fu_3134_p3        |    select|   0|  0|    2|           1|           1|
    |select_ln238_8_fu_3141_p3        |    select|   0|  0|    2|           1|           1|
    |select_ln238_9_fu_2868_p3        |    select|   0|  0|    6|           1|           1|
    |select_ln238_fu_2634_p3          |    select|   0|  0|   54|           1|          54|
    |select_ln352_1_fu_3572_p3        |    select|   0|  0|    7|           1|           7|
    |select_ln352_fu_3370_p3          |    select|   0|  0|   32|           1|          32|
    |x_fu_3326_p4                     |    select|   0|  0|    9|           1|           7|
    |shl_ln238_fu_2852_p2             |       shl|   0|  0|   17|           8|           8|
    |shl_ln352_fu_3530_p2             |       shl|   0|  0|  182|          64|          64|
    |neg_src_0_i_fu_3227_p4           |       xor|   0|  0|    2|           2|           1|
    |not_icmp_ln238_10364_fu_3204_p2  |       xor|   0|  0|    2|           1|           2|
    |xor_ln218_fu_1442_p2             |       xor|   0|  0|    2|           1|           2|
    |xor_ln238_1_fu_3113_p2           |       xor|   0|  0|    2|           1|           2|
    |xor_ln238_2_fu_3002_p2           |       xor|   0|  0|    2|           1|           2|
    |xor_ln238_4_fu_3247_p2           |       xor|   0|  0|    2|           1|           2|
    |xor_ln238_5_fu_3264_p2           |       xor|   0|  0|    2|           1|           2|
    |xor_ln238_6_fu_3281_p2           |       xor|   0|  0|    2|           2|           1|
    |xor_ln238_7_fu_3303_p2           |       xor|   0|  0|    2|           1|           2|
    |xor_ln238_8_fu_3057_p2           |       xor|   0|  0|    2|           1|           2|
    |xor_ln238_9_fu_3088_p2           |       xor|   0|  0|    2|           1|           2|
    |xor_ln238_fu_2996_p2             |       xor|   0|  0|    2|           1|           2|
    |xor_ln352_fu_3464_p2             |       xor|   0|  0|    2|           1|           2|
    +---------------------------------+----------+----+---+-----+------------+------------+
    |Total                            |          |   0|  0| 3385|        1424|        1834|
    +---------------------------------+----------+----+---+-----+------------+------------+

    * Multiplexer: 
    +----------------------------+----+-----------+-----+-----------+
    |            Name            | LUT| Input Size| Bits| Total Bits|
    +----------------------------+----+-----------+-----+-----------+
    |ap_NS_fsm                   |  65|         16|    1|         16|
    |audio_in_TDATA_blk_n        |   9|          2|    1|          2|
    |audio_out_TDATA_blk_n       |   9|          2|    1|          2|
    |h_new_0_1_lcssa120_fu_590   |   9|          2|    8|         16|
    |h_new_10_1_lcssa130_fu_630  |   9|          2|    8|         16|
    |h_new_11_1_lcssa131_fu_634  |   9|          2|    8|         16|
    |h_new_12_1_lcssa132_fu_638  |   9|          2|    8|         16|
    |h_new_13_1_lcssa133_fu_642  |   9|          2|    8|         16|
    |h_new_14_1_lcssa134_fu_646  |   9|          2|    8|         16|
    |h_new_15_1_lcssa135_fu_650  |   9|          2|    8|         16|
    |h_new_16_1_lcssa136_fu_654  |   9|          2|    8|         16|
    |h_new_17_1_lcssa137_fu_658  |   9|          2|    8|         16|
    |h_new_18_1_lcssa138_fu_662  |   9|          2|    8|         16|
    |h_new_19_1_lcssa139_fu_666  |   9|          2|    8|         16|
    |h_new_1_1_lcssa121_fu_594   |   9|          2|    8|         16|
    |h_new_20_1_lcssa140_fu_670  |   9|          2|    8|         16|
    |h_new_21_1_lcssa141_fu_674  |   9|          2|    8|         16|
    |h_new_22_1_lcssa142_fu_678  |   9|          2|    8|         16|
    |h_new_23_1_lcssa143_fu_682  |   9|          2|    8|         16|
    |h_new_24_1_lcssa144_fu_686  |   9|          2|    8|         16|
    |h_new_25_1_lcssa145_fu_690  |   9|          2|    8|         16|
    |h_new_26_1_lcssa146_fu_694  |   9|          2|    8|         16|
    |h_new_27_1_lcssa147_fu_698  |   9|          2|    8|         16|
    |h_new_28_1_lcssa148_fu_702  |   9|          2|    8|         16|
    |h_new_29_1_lcssa149_fu_706  |   9|          2|    8|         16|
    |h_new_2_1_lcssa122_fu_598   |   9|          2|    8|         16|
    |h_new_30_1_lcssa150_fu_710  |   9|          2|    8|         16|
    |h_new_31_1_lcssa151_fu_714  |   9|          2|    8|         16|
    |h_new_32_1_lcssa152_fu_718  |   9|          2|    8|         16|
    |h_new_33_1_lcssa153_fu_722  |   9|          2|    8|         16|
    |h_new_34_1_lcssa154_fu_726  |   9|          2|    8|         16|
    |h_new_35_1_lcssa155_fu_730  |   9|          2|    8|         16|
    |h_new_36_1_lcssa156_fu_734  |   9|          2|    8|         16|
    |h_new_37_1_lcssa157_fu_738  |   9|          2|    8|         16|
    |h_new_38_1_lcssa158_fu_742  |   9|          2|    8|         16|
    |h_new_39_1_lcssa159_fu_746  |   9|          2|    8|         16|
    |h_new_3_1_lcssa123_fu_602   |   9|          2|    8|         16|
    |h_new_4_1_lcssa124_fu_606   |   9|          2|    8|         16|
    |h_new_5_1_lcssa125_fu_610   |   9|          2|    8|         16|
    |h_new_6_1_lcssa126_fu_614   |   9|          2|    8|         16|
    |h_new_7_1_lcssa127_fu_618   |   9|          2|    8|         16|
    |h_new_8_1_lcssa128_fu_622   |   9|          2|    8|         16|
    |h_new_9_1_lcssa129_fu_626   |   9|          2|    8|         16|
    |n_fu_586                    |   9|          2|   31|         62|
    +----------------------------+----+-----------+-----+-----------+
    |Total                       | 452|        102|  354|        722|
    +----------------------------+----+-----------+-----+-----------+

    * Register: 
    +-----------------------------------------------------+----+----+-----+-----------+
    |                         Name                        | FF | LUT| Bits| Const Bits|
    +-----------------------------------------------------+----+----+-----+-----------+
    |add_ln238_7_reg_4106                                 |  12|   0|   12|          0|
    |add_ln359_reg_3933                                   |  32|   0|   32|          0|
    |and_ln238_8_reg_4342                                 |   1|   0|    1|          0|
    |and_ln238_reg_4096                                   |   1|   0|    1|          0|
    |ap_CS_fsm                                            |  15|   0|   15|          0|
    |empty_43_reg_4414                                    |  32|   0|   32|          0|
    |grp_gru_va_Pipeline_HIDDEN_LOOP_fu_798_ap_start_reg  |   1|   0|    1|          0|
    |h_new_0_1_lcssa120_fu_590                            |   8|   0|    8|          0|
    |h_new_0_1_lcssa120_load_reg_4132                     |   8|   0|    8|          0|
    |h_new_10_1_lcssa130_fu_630                           |   8|   0|    8|          0|
    |h_new_10_1_lcssa130_load_reg_4182                    |   8|   0|    8|          0|
    |h_new_11_1_lcssa131_fu_634                           |   8|   0|    8|          0|
    |h_new_11_1_lcssa131_load_reg_4187                    |   8|   0|    8|          0|
    |h_new_12_1_lcssa132_fu_638                           |   8|   0|    8|          0|
    |h_new_12_1_lcssa132_load_reg_4192                    |   8|   0|    8|          0|
    |h_new_13_1_lcssa133_fu_642                           |   8|   0|    8|          0|
    |h_new_13_1_lcssa133_load_reg_4197                    |   8|   0|    8|          0|
    |h_new_14_1_lcssa134_fu_646                           |   8|   0|    8|          0|
    |h_new_14_1_lcssa134_load_reg_4202                    |   8|   0|    8|          0|
    |h_new_15_1_lcssa135_fu_650                           |   8|   0|    8|          0|
    |h_new_15_1_lcssa135_load_reg_4207                    |   8|   0|    8|          0|
    |h_new_16_1_lcssa136_fu_654                           |   8|   0|    8|          0|
    |h_new_16_1_lcssa136_load_reg_4212                    |   8|   0|    8|          0|
    |h_new_17_1_lcssa137_fu_658                           |   8|   0|    8|          0|
    |h_new_17_1_lcssa137_load_reg_4217                    |   8|   0|    8|          0|
    |h_new_18_1_lcssa138_fu_662                           |   8|   0|    8|          0|
    |h_new_18_1_lcssa138_load_reg_4222                    |   8|   0|    8|          0|
    |h_new_19_1_lcssa139_fu_666                           |   8|   0|    8|          0|
    |h_new_19_1_lcssa139_load_reg_4227                    |   8|   0|    8|          0|
    |h_new_1_1_lcssa121_fu_594                            |   8|   0|    8|          0|
    |h_new_1_1_lcssa121_load_reg_4137                     |   8|   0|    8|          0|
    |h_new_20_1_lcssa140_fu_670                           |   8|   0|    8|          0|
    |h_new_20_1_lcssa140_load_reg_4232                    |   8|   0|    8|          0|
    |h_new_21_1_lcssa141_fu_674                           |   8|   0|    8|          0|
    |h_new_21_1_lcssa141_load_reg_4237                    |   8|   0|    8|          0|
    |h_new_22_1_lcssa142_fu_678                           |   8|   0|    8|          0|
    |h_new_22_1_lcssa142_load_reg_4242                    |   8|   0|    8|          0|
    |h_new_23_1_lcssa143_fu_682                           |   8|   0|    8|          0|
    |h_new_23_1_lcssa143_load_reg_4247                    |   8|   0|    8|          0|
    |h_new_24_1_lcssa144_fu_686                           |   8|   0|    8|          0|
    |h_new_24_1_lcssa144_load_reg_4252                    |   8|   0|    8|          0|
    |h_new_25_1_lcssa145_fu_690                           |   8|   0|    8|          0|
    |h_new_25_1_lcssa145_load_reg_4257                    |   8|   0|    8|          0|
    |h_new_26_1_lcssa146_fu_694                           |   8|   0|    8|          0|
    |h_new_26_1_lcssa146_load_reg_4262                    |   8|   0|    8|          0|
    |h_new_27_1_lcssa147_fu_698                           |   8|   0|    8|          0|
    |h_new_27_1_lcssa147_load_reg_4267                    |   8|   0|    8|          0|
    |h_new_28_1_lcssa148_fu_702                           |   8|   0|    8|          0|
    |h_new_28_1_lcssa148_load_reg_4272                    |   8|   0|    8|          0|
    |h_new_29_1_lcssa149_fu_706                           |   8|   0|    8|          0|
    |h_new_29_1_lcssa149_load_reg_4277                    |   8|   0|    8|          0|
    |h_new_2_1_lcssa122_fu_598                            |   8|   0|    8|          0|
    |h_new_2_1_lcssa122_load_reg_4142                     |   8|   0|    8|          0|
    |h_new_30_1_lcssa150_fu_710                           |   8|   0|    8|          0|
    |h_new_30_1_lcssa150_load_reg_4282                    |   8|   0|    8|          0|
    |h_new_31_1_lcssa151_fu_714                           |   8|   0|    8|          0|
    |h_new_31_1_lcssa151_load_reg_4287                    |   8|   0|    8|          0|
    |h_new_32_1_lcssa152_fu_718                           |   8|   0|    8|          0|
    |h_new_32_1_lcssa152_load_reg_4292                    |   8|   0|    8|          0|
    |h_new_33_1_lcssa153_fu_722                           |   8|   0|    8|          0|
    |h_new_33_1_lcssa153_load_reg_4297                    |   8|   0|    8|          0|
    |h_new_34_1_lcssa154_fu_726                           |   8|   0|    8|          0|
    |h_new_34_1_lcssa154_load_reg_4302                    |   8|   0|    8|          0|
    |h_new_35_1_lcssa155_fu_730                           |   8|   0|    8|          0|
    |h_new_35_1_lcssa155_load_reg_4307                    |   8|   0|    8|          0|
    |h_new_36_1_lcssa156_fu_734                           |   8|   0|    8|          0|
    |h_new_36_1_lcssa156_load_reg_4312                    |   8|   0|    8|          0|
    |h_new_37_1_lcssa157_fu_738                           |   8|   0|    8|          0|
    |h_new_37_1_lcssa157_load_reg_4317                    |   8|   0|    8|          0|
    |h_new_38_1_lcssa158_fu_742                           |   8|   0|    8|          0|
    |h_new_38_1_lcssa158_load_reg_4322                    |   8|   0|    8|          0|
    |h_new_39_1_lcssa159_fu_746                           |   8|   0|    8|          0|
    |h_new_39_1_lcssa159_load_reg_4327                    |   8|   0|    8|          0|
    |h_new_3_1_lcssa123_fu_602                            |   8|   0|    8|          0|
    |h_new_3_1_lcssa123_load_reg_4147                     |   8|   0|    8|          0|
    |h_new_4_1_lcssa124_fu_606                            |   8|   0|    8|          0|
    |h_new_4_1_lcssa124_load_reg_4152                     |   8|   0|    8|          0|
    |h_new_5_1_lcssa125_fu_610                            |   8|   0|    8|          0|
    |h_new_5_1_lcssa125_load_reg_4157                     |   8|   0|    8|          0|
    |h_new_6_1_lcssa126_fu_614                            |   8|   0|    8|          0|
    |h_new_6_1_lcssa126_load_reg_4162                     |   8|   0|    8|          0|
    |h_new_7_1_lcssa127_fu_618                            |   8|   0|    8|          0|
    |h_new_7_1_lcssa127_load_reg_4167                     |   8|   0|    8|          0|
    |h_new_8_1_lcssa128_fu_622                            |   8|   0|    8|          0|
    |h_new_8_1_lcssa128_load_reg_4172                     |   8|   0|    8|          0|
    |h_new_9_1_lcssa129_fu_626                            |   8|   0|    8|          0|
    |h_new_9_1_lcssa129_load_reg_4177                     |   8|   0|    8|          0|
    |h_state_0                                            |   8|   0|    8|          0|
    |h_state_1                                            |   8|   0|    8|          0|
    |h_state_10                                           |   8|   0|    8|          0|
    |h_state_11                                           |   8|   0|    8|          0|
    |h_state_12                                           |   8|   0|    8|          0|
    |h_state_13                                           |   8|   0|    8|          0|
    |h_state_14                                           |   8|   0|    8|          0|
    |h_state_15                                           |   8|   0|    8|          0|
    |h_state_16                                           |   8|   0|    8|          0|
    |h_state_17                                           |   8|   0|    8|          0|
    |h_state_18                                           |   8|   0|    8|          0|
    |h_state_19                                           |   8|   0|    8|          0|
    |h_state_2                                            |   8|   0|    8|          0|
    |h_state_20                                           |   8|   0|    8|          0|
    |h_state_21                                           |   8|   0|    8|          0|
    |h_state_22                                           |   8|   0|    8|          0|
    |h_state_23                                           |   8|   0|    8|          0|
    |h_state_24                                           |   8|   0|    8|          0|
    |h_state_25                                           |   8|   0|    8|          0|
    |h_state_26                                           |   8|   0|    8|          0|
    |h_state_27                                           |   8|   0|    8|          0|
    |h_state_28                                           |   8|   0|    8|          0|
    |h_state_29                                           |   8|   0|    8|          0|
    |h_state_3                                            |   8|   0|    8|          0|
    |h_state_30                                           |   8|   0|    8|          0|
    |h_state_31                                           |   8|   0|    8|          0|
    |h_state_32                                           |   8|   0|    8|          0|
    |h_state_33                                           |   8|   0|    8|          0|
    |h_state_34                                           |   8|   0|    8|          0|
    |h_state_35                                           |   8|   0|    8|          0|
    |h_state_36                                           |   8|   0|    8|          0|
    |h_state_37                                           |   8|   0|    8|          0|
    |h_state_38                                           |   8|   0|    8|          0|
    |h_state_39                                           |   8|   0|    8|          0|
    |h_state_4                                            |   8|   0|    8|          0|
    |h_state_5                                            |   8|   0|    8|          0|
    |h_state_6                                            |   8|   0|    8|          0|
    |h_state_7                                            |   8|   0|    8|          0|
    |h_state_8                                            |   8|   0|    8|          0|
    |h_state_9                                            |   8|   0|    8|          0|
    |icmp_ln211_reg_3637                                  |   1|   0|    1|          0|
    |icmp_ln238_10_reg_4056                               |   1|   0|    1|          0|
    |icmp_ln238_11_reg_4069                               |   1|   0|    1|          0|
    |icmp_ln238_1_reg_4003                                |   1|   0|    1|          0|
    |icmp_ln238_2_reg_4079                                |   1|   0|    1|          0|
    |icmp_ln238_4_reg_4021                                |   1|   0|    1|          0|
    |icmp_ln238_5_reg_4026                                |   1|   0|    1|          0|
    |icmp_ln238_6_reg_4041                                |   1|   0|    1|          0|
    |icmp_ln238_7_reg_4046                                |   1|   0|    1|          0|
    |icmp_ln238_9_reg_4101                                |   1|   0|    1|          0|
    |icmp_ln238_reg_3991                                  |   1|   0|    1|          0|
    |icmp_ln352_3_reg_4399                                |   1|   0|    1|          0|
    |icmp_ln352_reg_4364                                  |   1|   0|    1|          0|
    |icmp_ln359_reg_3941                                  |   1|   0|    1|          0|
    |lD_0_i_reg_4114                                      |   1|   0|    1|          0|
    |lshr_ln238_1_reg_4127                                |  54|   0|   54|          0|
    |lshr_ln238_reg_4121                                  |  54|   0|   54|          0|
    |lshr_ln352_reg_4404                                  |  64|   0|   64|          0|
    |n_fu_586                                             |  31|   0|   31|          0|
    |n_samples_read_reg_3625                              |  32|   0|   32|          0|
    |neg_src_0_i_reg_4337                                 |   1|   0|    1|          0|
    |or_ln352_reg_4394                                    |   1|   0|    1|          0|
    |ref_tmp_i_i_reg_4332                                 |   8|   0|    8|          0|
    |select_ln238_1_reg_4009                              |  11|   0|   11|          0|
    |select_ln238_1cast_reg_4031                          |   8|   0|    8|          0|
    |select_ln238_2_reg_4085                              |   8|   0|    8|          0|
    |select_ln238_3_reg_4091                              |   8|   0|    8|          0|
    |select_ln238_reg_3984                                |  54|   0|   54|          0|
    |select_ln352_reg_4369                                |  32|   0|   32|          0|
    |shl_ln352_reg_4409                                   |  64|   0|   64|          0|
    |sub_ln238_1_reg_3997                                 |  12|   0|   12|          0|
    |sub_ln238_3_reg_4051                                 |   6|   0|    6|          0|
    |sub_ln352_1_reg_4382                                 |   6|   0|    6|          0|
    |sub_ln352_4_reg_4389                                 |   5|   0|    5|          0|
    |tmp_327_reg_4036                                     |   1|   0|    1|          0|
    |tmp_333_reg_4063                                     |   1|   0|    1|          0|
    |tmp_335_reg_4359                                     |   1|   0|    1|          0|
    |tmp_6_reg_3969                                       |  11|   0|   11|          0|
    |tmp_reg_3959                                         |   1|   0|    1|          0|
    |tobool_i_reg_4074                                    |   1|   0|    1|          0|
    |trunc_ln238_1_reg_3974                               |  52|   0|   52|          0|
    |trunc_ln238_5_reg_4015                               |   8|   0|    8|          0|
    |trunc_ln238_reg_3954                                 |  63|   0|   63|          0|
    |trunc_ln352_reg_4377                                 |   6|   0|    6|          0|
    |x_reg_4353                                           |   8|   0|    8|          0|
    |xor_ln218_reg_3928                                   |   1|   0|    1|          0|
    |xor_ln238_6_reg_4348                                 |   1|   0|    1|          0|
    |zext_ln238_reg_3979                                  |  11|   0|   12|          1|
    +-----------------------------------------------------+----+----+-----+-----------+
    |Total                                                |1694|   0| 1695|          1|
    +-----------------------------------------------------+----+----+-----+-----------+



================================================================
== Interface
================================================================
* Summary: 
+----------------------+-----+-----+------------+--------------------+--------------+
|       RTL Ports      | Dir | Bits|  Protocol  |    Source Object   |    C Type    |
+----------------------+-----+-----+------------+--------------------+--------------+
|s_axi_CTRL_AWVALID    |   in|    1|       s_axi|                CTRL|        scalar|
|s_axi_CTRL_AWREADY    |  out|    1|       s_axi|                CTRL|        scalar|
|s_axi_CTRL_AWADDR     |   in|    6|       s_axi|                CTRL|        scalar|
|s_axi_CTRL_WVALID     |   in|    1|       s_axi|                CTRL|        scalar|
|s_axi_CTRL_WREADY     |  out|    1|       s_axi|                CTRL|        scalar|
|s_axi_CTRL_WDATA      |   in|   32|       s_axi|                CTRL|        scalar|
|s_axi_CTRL_WSTRB      |   in|    4|       s_axi|                CTRL|        scalar|
|s_axi_CTRL_ARVALID    |   in|    1|       s_axi|                CTRL|        scalar|
|s_axi_CTRL_ARREADY    |  out|    1|       s_axi|                CTRL|        scalar|
|s_axi_CTRL_ARADDR     |   in|    6|       s_axi|                CTRL|        scalar|
|s_axi_CTRL_RVALID     |  out|    1|       s_axi|                CTRL|        scalar|
|s_axi_CTRL_RREADY     |   in|    1|       s_axi|                CTRL|        scalar|
|s_axi_CTRL_RDATA      |  out|   32|       s_axi|                CTRL|        scalar|
|s_axi_CTRL_RRESP      |  out|    2|       s_axi|                CTRL|        scalar|
|s_axi_CTRL_BVALID     |  out|    1|       s_axi|                CTRL|        scalar|
|s_axi_CTRL_BREADY     |   in|    1|       s_axi|                CTRL|        scalar|
|s_axi_CTRL_BRESP      |  out|    2|       s_axi|                CTRL|        scalar|
|ap_clk                |   in|    1|  ap_ctrl_hs|              gru_va|  return value|
|ap_rst_n              |   in|    1|  ap_ctrl_hs|              gru_va|  return value|
|interrupt             |  out|    1|  ap_ctrl_hs|              gru_va|  return value|
|m_axi_gmem0_AWVALID   |  out|    1|       m_axi|               gmem0|       pointer|
|m_axi_gmem0_AWREADY   |   in|    1|       m_axi|               gmem0|       pointer|
|m_axi_gmem0_AWADDR    |  out|   64|       m_axi|               gmem0|       pointer|
|m_axi_gmem0_AWID      |  out|    1|       m_axi|               gmem0|       pointer|
|m_axi_gmem0_AWLEN     |  out|    8|       m_axi|               gmem0|       pointer|
|m_axi_gmem0_AWSIZE    |  out|    3|       m_axi|               gmem0|       pointer|
|m_axi_gmem0_AWBURST   |  out|    2|       m_axi|               gmem0|       pointer|
|m_axi_gmem0_AWLOCK    |  out|    2|       m_axi|               gmem0|       pointer|
|m_axi_gmem0_AWCACHE   |  out|    4|       m_axi|               gmem0|       pointer|
|m_axi_gmem0_AWPROT    |  out|    3|       m_axi|               gmem0|       pointer|
|m_axi_gmem0_AWQOS     |  out|    4|       m_axi|               gmem0|       pointer|
|m_axi_gmem0_AWREGION  |  out|    4|       m_axi|               gmem0|       pointer|
|m_axi_gmem0_AWUSER    |  out|    1|       m_axi|               gmem0|       pointer|
|m_axi_gmem0_WVALID    |  out|    1|       m_axi|               gmem0|       pointer|
|m_axi_gmem0_WREADY    |   in|    1|       m_axi|               gmem0|       pointer|
|m_axi_gmem0_WDATA     |  out|   32|       m_axi|               gmem0|       pointer|
|m_axi_gmem0_WSTRB     |  out|    4|       m_axi|               gmem0|       pointer|
|m_axi_gmem0_WLAST     |  out|    1|       m_axi|               gmem0|       pointer|
|m_axi_gmem0_WID       |  out|    1|       m_axi|               gmem0|       pointer|
|m_axi_gmem0_WUSER     |  out|    1|       m_axi|               gmem0|       pointer|
|m_axi_gmem0_ARVALID   |  out|    1|       m_axi|               gmem0|       pointer|
|m_axi_gmem0_ARREADY   |   in|    1|       m_axi|               gmem0|       pointer|
|m_axi_gmem0_ARADDR    |  out|   64|       m_axi|               gmem0|       pointer|
|m_axi_gmem0_ARID      |  out|    1|       m_axi|               gmem0|       pointer|
|m_axi_gmem0_ARLEN     |  out|    8|       m_axi|               gmem0|       pointer|
|m_axi_gmem0_ARSIZE    |  out|    3|       m_axi|               gmem0|       pointer|
|m_axi_gmem0_ARBURST   |  out|    2|       m_axi|               gmem0|       pointer|
|m_axi_gmem0_ARLOCK    |  out|    2|       m_axi|               gmem0|       pointer|
|m_axi_gmem0_ARCACHE   |  out|    4|       m_axi|               gmem0|       pointer|
|m_axi_gmem0_ARPROT    |  out|    3|       m_axi|               gmem0|       pointer|
|m_axi_gmem0_ARQOS     |  out|    4|       m_axi|               gmem0|       pointer|
|m_axi_gmem0_ARREGION  |  out|    4|       m_axi|               gmem0|       pointer|
|m_axi_gmem0_ARUSER    |  out|    1|       m_axi|               gmem0|       pointer|
|m_axi_gmem0_RVALID    |   in|    1|       m_axi|               gmem0|       pointer|
|m_axi_gmem0_RREADY    |  out|    1|       m_axi|               gmem0|       pointer|
|m_axi_gmem0_RDATA     |   in|   32|       m_axi|               gmem0|       pointer|
|m_axi_gmem0_RLAST     |   in|    1|       m_axi|               gmem0|       pointer|
|m_axi_gmem0_RID       |   in|    1|       m_axi|               gmem0|       pointer|
|m_axi_gmem0_RUSER     |   in|    1|       m_axi|               gmem0|       pointer|
|m_axi_gmem0_RRESP     |   in|    2|       m_axi|               gmem0|       pointer|
|m_axi_gmem0_BVALID    |   in|    1|       m_axi|               gmem0|       pointer|
|m_axi_gmem0_BREADY    |  out|    1|       m_axi|               gmem0|       pointer|
|m_axi_gmem0_BRESP     |   in|    2|       m_axi|               gmem0|       pointer|
|m_axi_gmem0_BID       |   in|    1|       m_axi|               gmem0|       pointer|
|m_axi_gmem0_BUSER     |   in|    1|       m_axi|               gmem0|       pointer|
|audio_in_TDATA        |   in|   32|        axis|   audio_in_V_data_V|       pointer|
|audio_in_TVALID       |   in|    1|        axis|   audio_in_V_last_V|       pointer|
|audio_in_TREADY       |  out|    1|        axis|   audio_in_V_last_V|       pointer|
|audio_in_TLAST        |   in|    1|        axis|   audio_in_V_last_V|       pointer|
|audio_in_TKEEP        |   in|    4|        axis|   audio_in_V_keep_V|       pointer|
|audio_in_TSTRB        |   in|    4|        axis|   audio_in_V_strb_V|       pointer|
|audio_out_TDATA       |  out|   32|        axis|  audio_out_V_data_V|       pointer|
|audio_out_TVALID      |  out|    1|        axis|  audio_out_V_last_V|       pointer|
|audio_out_TREADY      |   in|    1|        axis|  audio_out_V_last_V|       pointer|
|audio_out_TLAST       |  out|    1|        axis|  audio_out_V_last_V|       pointer|
|audio_out_TKEEP       |  out|    4|        axis|  audio_out_V_keep_V|       pointer|
|audio_out_TSTRB       |  out|    4|        axis|  audio_out_V_strb_V|       pointer|
+----------------------+-----+-----+------------+--------------------+--------------+

