

================================================================
== Vitis HLS Report for 'gru_va'
================================================================
* Date:           Sat Aug  8 16:22:15 2026

* Version:        2025.2 (Build 6295257 on Nov 14 2025)
* Project:        b_gt_max
* Solution:       sol_gt_max_w9 (Vivado IP Flow Target)
* Product family: zynq
* Target device:  xc7z020-clg400-1


================================================================
== Performance Estimates
================================================================
+ Timing: 
    * Summary: 
    +--------+----------+----------+------------+
    |  Clock |  Target  | Estimated| Uncertainty|
    +--------+----------+----------+------------+
    |ap_clk  |  10.00 ns|  7.219 ns|     2.70 ns|
    +--------+----------+----------+------------+

+ Latency: 
    * Summary: 
    +---------+---------+----------+----------+-----+-----+---------+
    |  Latency (cycles) |  Latency (absolute) |  Interval | Pipeline|
    |   min   |   max   |    min   |    max   | min | max |   Type  |
    +---------+---------+----------+----------+-----+-----+---------+
    |        ?|        ?|         ?|         ?|    ?|    ?|       no|
    +---------+---------+----------+----------+-----+-----+---------+

    + Detail: 
        * Instance: 
        +----------------------------------------+-----------------------------+---------+---------+----------+----------+-----+-----+-------------------+
        |                                        |                             |  Latency (cycles) |  Latency (absolute) |  Interval |      Pipeline     |
        |                Instance                |            Module           |   min   |   max   |    min   |    max   | min | max |        Type       |
        +----------------------------------------+-----------------------------+---------+---------+----------+----------+-----+-----+-------------------+
        |grp_gru_va_Pipeline_HIDDEN_LOOP_fu_808  |gru_va_Pipeline_HIDDEN_LOOP  |      129|      129|  1.290 us|  1.290 us|    0|    0|  loop pipeline stp|
        +----------------------------------------+-----------------------------+---------+---------+----------+----------+-----+-----+-------------------+

        * Loop: 
        +---------------+---------+---------+----------+-----------+-----------+------+----------+
        |               |  Latency (cycles) | Iteration|  Initiation Interval  | Trip |          |
        |   Loop Name   |   min   |   max   |  Latency |  achieved |   target  | Count| Pipelined|
        +---------------+---------+---------+----------+-----------+-----------+------+----------+
        |- SAMPLE_LOOP  |        ?|        ?|       143|          -|          -|     ?|        no|
        +---------------+---------+---------+----------+-----------+-----------+------+----------+



================================================================
== Utilization Estimates
================================================================
* Summary: 
+-----------------+---------+-----+--------+-------+-----+
|       Name      | BRAM_18K| DSP |   FF   |  LUT  | URAM|
+-----------------+---------+-----+--------+-------+-----+
|DSP              |        -|    -|       -|      -|    -|
|Expression       |        -|    -|       0|   3577|    -|
|FIFO             |        -|    -|       -|      -|    -|
|Instance         |        2|   11|   16463|  30609|    -|
|Memory           |        -|    -|       -|      -|    -|
|Multiplexer      |        -|    -|       0|    452|    -|
|Register         |        -|    -|    1818|      -|    -|
+-----------------+---------+-----+--------+-------+-----+
|Total            |        2|   11|   18281|  34638|    0|
+-----------------+---------+-----+--------+-------+-----+
|Available        |      280|  220|  106400|  53200|    0|
+-----------------+---------+-----+--------+-------+-----+
|Utilization (%)  |       ~0|    5|      17|     65|    0|
+-----------------+---------+-----+--------+-------+-----+

+ Detail: 
    * Instance: 
    +----------------------------------------+------------------------------+---------+----+-------+-------+-----+
    |                Instance                |            Module            | BRAM_18K| DSP|   FF  |  LUT  | URAM|
    +----------------------------------------+------------------------------+---------+----+-------+-------+-----+
    |CTRL_s_axi_U                            |CTRL_s_axi                    |        0|   0|    220|    360|    0|
    |bitselect_1ns_32ns_5ns_1_1_1_U261       |bitselect_1ns_32ns_5ns_1_1_1  |        0|   0|      0|      9|    0|
    |bitselect_1ns_54ns_6ns_1_1_1_U255       |bitselect_1ns_54ns_6ns_1_1_1  |        0|   0|      0|     17|    0|
    |bitselect_1ns_54ns_6ns_1_1_1_U256       |bitselect_1ns_54ns_6ns_1_1_1  |        0|   0|      0|     17|    0|
    |ctlz_32_32_1_1_U260                     |ctlz_32_32_1_1                |        0|   0|      0|     44|    0|
    |fpext_32ns_64_2_no_dsp_1_U254           |fpext_32ns_64_2_no_dsp_1      |        0|   0|      0|      0|    0|
    |grp_gru_va_Pipeline_HIDDEN_LOOP_fu_808  |gru_va_Pipeline_HIDDEN_LOOP   |        2|  11|  16243|  30135|    0|
    |sparsemux_7_2_1_1_1_U258                |sparsemux_7_2_1_1_1           |        0|   0|      0|      9|    0|
    |sparsemux_7_2_9_1_1_U257                |sparsemux_7_2_9_1_1           |        0|   0|      0|      9|    0|
    |sparsemux_7_2_9_1_1_U259                |sparsemux_7_2_9_1_1           |        0|   0|      0|      9|    0|
    +----------------------------------------+------------------------------+---------+----+-------+-------+-----+
    |Total                                   |                              |        2|  11|  16463|  30609|    0|
    +----------------------------------------+------------------------------+---------+----+-------+-------+-----+

    * DSP: 
    N/A

    * Memory: 
    N/A

    * FIFO: 
    N/A

    * Expression: 
    +---------------------------------+----------+----+---+-----+------------+------------+
    |          Variable Name          | Operation| DSP| FF| LUT | Bitwidth P0| Bitwidth P1|
    +---------------------------------+----------+----+---+-----+------------+------------+
    |add_ln238_1_fu_2686_p2           |         +|   0|  0|   12|          12|           4|
    |add_ln238_3_fu_2738_p2           |         +|   0|  0|   12|          12|           5|
    |add_ln238_4_fu_2983_p2           |         +|   0|  0|   14|           9|           9|
    |add_ln238_5_fu_2923_p2           |         +|   0|  0|   12|          12|          12|
    |add_ln238_6_fu_2760_p2           |         +|   0|  0|   12|          12|           2|
    |add_ln238_7_fu_2945_p2           |         +|   0|  0|   12|          12|           2|
    |add_ln238_fu_2798_p2             |         +|   0|  0|   12|          12|          11|
    |add_ln344_fu_3354_p2             |         +|   0|  0|   40|          33|          18|
    |add_ln352_1_fu_3562_p2           |         +|   0|  0|   14|           6|           6|
    |add_ln352_2_fu_3608_p2           |         +|   0|  0|   71|          64|          64|
    |add_ln352_3_fu_3653_p2           |         +|   0|  0|   15|           8|           8|
    |add_ln352_fu_3469_p2             |         +|   0|  0|   14|           6|           6|
    |add_ln359_fu_1778_p2             |         +|   0|  0|   39|          32|           2|
    |n_2_fu_2001_p2                   |         +|   0|  0|   38|          31|           1|
    |tmp_327_fu_2730_p2               |         +|   0|  0|   14|           6|           5|
    |sub_ln238_1_fu_2656_p2           |         -|   0|  0|   12|          11|          12|
    |sub_ln238_2_fu_2696_p2           |         -|   0|  0|   12|           3|          11|
    |sub_ln238_3_fu_2754_p2           |         -|   0|  0|   14|           5|           6|
    |sub_ln238_fu_2638_p2             |         -|   0|  0|   61|           1|          54|
    |sub_ln352_1_fu_3453_p2           |         -|   0|  0|   14|           7|           6|
    |sub_ln352_2_fu_3581_p2           |         -|   0|  0|   14|           5|           6|
    |sub_ln352_3_fu_3644_p2           |         -|   0|  0|   14|           4|           6|
    |sub_ln352_4_fu_3463_p2           |         -|   0|  0|   13|           4|           5|
    |sub_ln352_fu_3428_p2             |         -|   0|  0|   39|           1|          32|
    |pi_assign_fu_3666_p5             |      1003|   0|  0|    2|          64|           9|
    |and_ln238_10_fu_3287_p2          |       and|   0|  0|    2|           1|           1|
    |and_ln238_11_fu_3037_p2          |       and|   0|  0|    2|           1|           1|
    |and_ln238_12_fu_3215_p2          |       and|   0|  0|    2|           1|           1|
    |and_ln238_13_fu_3253_p2          |       and|   0|  0|    2|           1|           1|
    |and_ln238_14_fu_3308_p2          |       and|   0|  0|    2|           1|           1|
    |and_ln238_15_fu_3314_p2          |       and|   0|  0|    2|           1|           1|
    |and_ln238_16_fu_2883_p2          |       and|   0|  0|   54|          54|          54|
    |and_ln238_1_fu_3007_p2           |       and|   0|  0|    2|           1|           1|
    |and_ln238_3_fu_3102_p2           |       and|   0|  0|    2|           1|           1|
    |and_ln238_4_fu_3108_p2           |       and|   0|  0|    2|           1|           1|
    |and_ln238_5_fu_3123_p2           |       and|   0|  0|    2|           1|           1|
    |and_ln238_6_fu_3178_p2           |       and|   0|  0|    2|           1|           1|
    |and_ln238_7_fu_3192_p2           |       and|   0|  0|    2|           1|           1|
    |and_ln238_8_fu_3269_p2           |       and|   0|  0|    2|           1|           1|
    |and_ln238_9_fu_3275_p2           |       and|   0|  0|    2|           1|           1|
    |and_ln238_fu_2910_p2             |       and|   0|  0|    2|           1|           1|
    |and_ln344_fu_3386_p2             |       and|   0|  0|    2|           1|           1|
    |and_ln352_1_fu_3503_p2           |       and|   0|  0|   32|          32|          32|
    |and_ln352_fu_3541_p2             |       and|   0|  0|    2|           1|           1|
    |carry_1_i_fu_3043_p2             |       and|   0|  0|    2|           1|           1|
    |cond85_i_fu_2894_p2              |       and|   0|  0|    2|           1|           1|
    |lD_0_i_fu_2950_p2                |       and|   0|  0|    2|           1|           1|
    |neg_src_0_i_fu_3227_p2           |       and|   0|  0|    2|           1|           1|
    |phi_ln352_fu_3514_p2             |       and|   0|  0|    2|           1|           1|
    |ashr_ln238_fu_2823_p2            |      ashr|   0|  0|  161|          54|          54|
    |icmp_ln211_fu_1280_p2            |      icmp|   0|  0|   39|          32|           1|
    |icmp_ln218_fu_1286_p2            |      icmp|   0|  0|   39|          32|           1|
    |icmp_ln229_1_fu_2017_p2          |      icmp|   0|  0|   39|          32|           1|
    |icmp_ln229_fu_1996_p2            |      icmp|   0|  0|   39|          32|          32|
    |icmp_ln238_10_fu_2770_p2         |      icmp|   0|  0|   12|          12|           6|
    |icmp_ln238_11_fu_2784_p2         |      icmp|   0|  0|   12|          12|           6|
    |icmp_ln238_12_fu_3062_p2         |      icmp|   0|  0|   12|          12|           6|
    |icmp_ln238_13_fu_3067_p2         |      icmp|   0|  0|   12|          12|           6|
    |icmp_ln238_14_fu_3077_p2         |      icmp|   0|  0|   61|          54|          54|
    |icmp_ln238_15_fu_3118_p2         |      icmp|   0|  0|   61|          54|           1|
    |icmp_ln238_16_fu_3129_p2         |      icmp|   0|  0|   12|          12|           6|
    |icmp_ln238_1_fu_2680_p2          |      icmp|   0|  0|   14|           9|           1|
    |icmp_ln238_2_fu_2803_p2          |      icmp|   0|  0|   12|          12|           3|
    |icmp_ln238_3_fu_2808_p2          |      icmp|   0|  0|   12|          11|           6|
    |icmp_ln238_4_fu_2714_p2          |      icmp|   0|  0|   12|          12|           6|
    |icmp_ln238_5_fu_2840_p2          |      icmp|   0|  0|   12|          11|           4|
    |icmp_ln238_6_fu_2862_p2          |      icmp|   0|  0|   12|          12|           4|
    |icmp_ln238_7_fu_2748_p2          |      icmp|   0|  0|   12|          12|           6|
    |icmp_ln238_8_fu_2888_p2          |      icmp|   0|  0|   61|          54|           1|
    |icmp_ln238_9_fu_2939_p2          |      icmp|   0|  0|   12|          11|           1|
    |icmp_ln238_fu_2651_p2            |      icmp|   0|  0|   70|          63|           1|
    |icmp_ln352_1_fu_3488_p2          |      icmp|   0|  0|   13|           5|           1|
    |icmp_ln352_2_fu_3508_p2          |      icmp|   0|  0|   39|          32|           1|
    |icmp_ln352_3_fu_3556_p2          |      icmp|   0|  0|   14|           6|           1|
    |icmp_ln352_fu_3414_p2            |      icmp|   0|  0|   39|          32|           1|
    |icmp_ln359_fu_2007_p2            |      icmp|   0|  0|   39|          32|          32|
    |lshr_ln238_1_fu_2967_p2          |      lshr|   0|  0|  161|           2|          54|
    |lshr_ln238_2_fu_2877_p2          |      lshr|   0|  0|  161|           2|          54|
    |lshr_ln238_fu_2962_p2            |      lshr|   0|  0|  161|          54|          54|
    |lshr_ln352_2_fu_3497_p2          |      lshr|   0|  0|  100|           2|          32|
    |lshr_ln352_fu_3575_p2            |      lshr|   0|  0|  182|          64|          64|
    |deleted_ones_0_i_fu_3209_p2      |        or|   0|  0|    2|           1|           1|
    |or_ln229_fu_2022_p2              |        or|   0|  0|    2|           1|           1|
    |or_ln238_1_fu_3173_p2            |        or|   0|  0|    2|           1|           1|
    |or_ln238_2_fu_3258_p2            |        or|   0|  0|    2|           1|           1|
    |or_ln238_3_fu_3291_p2            |        or|   0|  0|    2|           1|           1|
    |or_ln238_fu_2904_p2              |        or|   0|  0|    2|           1|           1|
    |or_ln352_fu_3547_p2              |        or|   0|  0|    2|           1|           1|
    |Range1_all_ones_2_i_fu_3149_p3   |    select|   0|  0|    2|           1|           1|
    |Range1_all_zeros_2_i_fu_3157_p3  |    select|   0|  0|    2|           1|           1|
    |Range2_all_ones_1_i_fu_3094_p3   |    select|   0|  0|    2|           1|           1|
    |cond190_i_fu_3184_p3             |    select|   0|  0|    2|           1|           1|
    |cond45_i_i_fu_3600_p3            |    select|   0|  0|   64|           1|          64|
    |cond63_i_fu_2857_p3              |    select|   0|  0|    2|           1|           1|
    |empty_41_fu_3682_p3              |    select|   0|  0|   32|           1|           1|
    |select_ln218_10_fu_1538_p3       |    select|   0|  0|    9|           1|           9|
    |select_ln218_11_fu_1546_p3       |    select|   0|  0|    9|           1|           9|
    |select_ln218_12_fu_1554_p3       |    select|   0|  0|    9|           1|           9|
    |select_ln218_13_fu_1562_p3       |    select|   0|  0|    9|           1|           9|
    |select_ln218_14_fu_1570_p3       |    select|   0|  0|    9|           1|           9|
    |select_ln218_15_fu_1578_p3       |    select|   0|  0|    9|           1|           9|
    |select_ln218_16_fu_1586_p3       |    select|   0|  0|    9|           1|           9|
    |select_ln218_17_fu_1594_p3       |    select|   0|  0|    9|           1|           9|
    |select_ln218_18_fu_1602_p3       |    select|   0|  0|    9|           1|           9|
    |select_ln218_19_fu_1610_p3       |    select|   0|  0|    9|           1|           9|
    |select_ln218_1_fu_1466_p3        |    select|   0|  0|    9|           1|           9|
    |select_ln218_20_fu_1618_p3       |    select|   0|  0|    9|           1|           9|
    |select_ln218_21_fu_1626_p3       |    select|   0|  0|    9|           1|           9|
    |select_ln218_22_fu_1634_p3       |    select|   0|  0|    9|           1|           9|
    |select_ln218_23_fu_1642_p3       |    select|   0|  0|    9|           1|           9|
    |select_ln218_24_fu_1650_p3       |    select|   0|  0|    9|           1|           9|
    |select_ln218_25_fu_1658_p3       |    select|   0|  0|    9|           1|           9|
    |select_ln218_26_fu_1666_p3       |    select|   0|  0|    9|           1|           9|
    |select_ln218_27_fu_1674_p3       |    select|   0|  0|    9|           1|           9|
    |select_ln218_28_fu_1682_p3       |    select|   0|  0|    9|           1|           9|
    |select_ln218_29_fu_1690_p3       |    select|   0|  0|    9|           1|           9|
    |select_ln218_2_fu_1474_p3        |    select|   0|  0|    9|           1|           9|
    |select_ln218_30_fu_1698_p3       |    select|   0|  0|    9|           1|           9|
    |select_ln218_31_fu_1706_p3       |    select|   0|  0|    9|           1|           9|
    |select_ln218_32_fu_1714_p3       |    select|   0|  0|    9|           1|           9|
    |select_ln218_33_fu_1722_p3       |    select|   0|  0|    9|           1|           9|
    |select_ln218_34_fu_1730_p3       |    select|   0|  0|    9|           1|           9|
    |select_ln218_35_fu_1738_p3       |    select|   0|  0|    9|           1|           9|
    |select_ln218_36_fu_1746_p3       |    select|   0|  0|    9|           1|           9|
    |select_ln218_37_fu_1754_p3       |    select|   0|  0|    9|           1|           9|
    |select_ln218_38_fu_1762_p3       |    select|   0|  0|    9|           1|           9|
    |select_ln218_39_fu_1770_p3       |    select|   0|  0|    9|           1|           9|
    |select_ln218_3_fu_1482_p3        |    select|   0|  0|    9|           1|           9|
    |select_ln218_4_fu_1490_p3        |    select|   0|  0|    9|           1|           9|
    |select_ln218_5_fu_1498_p3        |    select|   0|  0|    9|           1|           9|
    |select_ln218_6_fu_1506_p3        |    select|   0|  0|    9|           1|           9|
    |select_ln218_7_fu_1514_p3        |    select|   0|  0|    9|           1|           9|
    |select_ln218_8_fu_1522_p3        |    select|   0|  0|    9|           1|           9|
    |select_ln218_9_fu_1530_p3        |    select|   0|  0|    9|           1|           9|
    |select_ln218_fu_1458_p3          |    select|   0|  0|    9|           1|           9|
    |select_ln229_10_fu_2107_p3       |    select|   0|  0|    9|           1|           9|
    |select_ln229_11_fu_2115_p3       |    select|   0|  0|    9|           1|           9|
    |select_ln229_12_fu_2123_p3       |    select|   0|  0|    9|           1|           9|
    |select_ln229_13_fu_2131_p3       |    select|   0|  0|    9|           1|           9|
    |select_ln229_14_fu_2139_p3       |    select|   0|  0|    9|           1|           9|
    |select_ln229_15_fu_2147_p3       |    select|   0|  0|    9|           1|           9|
    |select_ln229_16_fu_2155_p3       |    select|   0|  0|    9|           1|           9|
    |select_ln229_17_fu_2163_p3       |    select|   0|  0|    9|           1|           9|
    |select_ln229_18_fu_2171_p3       |    select|   0|  0|    9|           1|           9|
    |select_ln229_19_fu_2179_p3       |    select|   0|  0|    9|           1|           9|
    |select_ln229_1_fu_2035_p3        |    select|   0|  0|    9|           1|           9|
    |select_ln229_20_fu_2187_p3       |    select|   0|  0|    9|           1|           9|
    |select_ln229_21_fu_2195_p3       |    select|   0|  0|    9|           1|           9|
    |select_ln229_22_fu_2203_p3       |    select|   0|  0|    9|           1|           9|
    |select_ln229_23_fu_2211_p3       |    select|   0|  0|    9|           1|           9|
    |select_ln229_24_fu_2219_p3       |    select|   0|  0|    9|           1|           9|
    |select_ln229_25_fu_2227_p3       |    select|   0|  0|    9|           1|           9|
    |select_ln229_26_fu_2235_p3       |    select|   0|  0|    9|           1|           9|
    |select_ln229_27_fu_2243_p3       |    select|   0|  0|    9|           1|           9|
    |select_ln229_28_fu_2251_p3       |    select|   0|  0|    9|           1|           9|
    |select_ln229_29_fu_2259_p3       |    select|   0|  0|    9|           1|           9|
    |select_ln229_2_fu_2043_p3        |    select|   0|  0|    9|           1|           9|
    |select_ln229_30_fu_2267_p3       |    select|   0|  0|    9|           1|           9|
    |select_ln229_31_fu_2275_p3       |    select|   0|  0|    9|           1|           9|
    |select_ln229_32_fu_2283_p3       |    select|   0|  0|    9|           1|           9|
    |select_ln229_33_fu_2291_p3       |    select|   0|  0|    9|           1|           9|
    |select_ln229_34_fu_2299_p3       |    select|   0|  0|    9|           1|           9|
    |select_ln229_35_fu_2307_p3       |    select|   0|  0|    9|           1|           9|
    |select_ln229_36_fu_2315_p3       |    select|   0|  0|    9|           1|           9|
    |select_ln229_37_fu_2323_p3       |    select|   0|  0|    9|           1|           9|
    |select_ln229_38_fu_2331_p3       |    select|   0|  0|    9|           1|           9|
    |select_ln229_39_fu_2339_p3       |    select|   0|  0|    9|           1|           9|
    |select_ln229_3_fu_2051_p3        |    select|   0|  0|    9|           1|           9|
    |select_ln229_4_fu_2059_p3        |    select|   0|  0|    9|           1|           9|
    |select_ln229_5_fu_2067_p3        |    select|   0|  0|    9|           1|           9|
    |select_ln229_6_fu_2075_p3        |    select|   0|  0|    9|           1|           9|
    |select_ln229_7_fu_2083_p3        |    select|   0|  0|    9|           1|           9|
    |select_ln229_8_fu_2091_p3        |    select|   0|  0|    9|           1|           9|
    |select_ln229_9_fu_2099_p3        |    select|   0|  0|    9|           1|           9|
    |select_ln229_fu_2027_p3          |    select|   0|  0|    9|           1|           9|
    |select_ln238_10_fu_2916_p3       |    select|   0|  0|    2|           1|           2|
    |select_ln238_1_fu_2702_p3        |    select|   0|  0|   11|           1|          11|
    |select_ln238_2_fu_2832_p3        |    select|   0|  0|    9|           1|           9|
    |select_ln238_3_fu_2849_p3        |    select|   0|  0|    9|           1|           9|
    |select_ln238_4_fu_2813_p3        |    select|   0|  0|    2|           1|           2|
    |select_ln238_5_fu_3165_p3        |    select|   0|  0|    2|           1|           1|
    |select_ln238_7_fu_3134_p3        |    select|   0|  0|    2|           1|           1|
    |select_ln238_8_fu_3141_p3        |    select|   0|  0|    2|           1|           1|
    |select_ln238_9_fu_2867_p3        |    select|   0|  0|    6|           1|           1|
    |select_ln238_fu_2644_p3          |    select|   0|  0|   54|           1|          54|
    |select_ln344_fu_3398_p3          |    select|   0|  0|   33|           1|          31|
    |select_ln352_1_fu_3636_p3        |    select|   0|  0|    7|           1|           7|
    |select_ln352_fu_3434_p3          |    select|   0|  0|   32|           1|          32|
    |x_fu_3326_p4                     |    select|   0|  0|   10|           1|           8|
    |y_9_fu_3406_p3                   |    select|   0|  0|   32|           1|          32|
    |shl_ln238_fu_2845_p2             |       shl|   0|  0|   19|           9|           9|
    |shl_ln352_fu_3594_p2             |       shl|   0|  0|  182|          64|          64|
    |neg_src_0_i_fu_3227_p4           |       xor|   0|  0|    2|           2|           1|
    |not_icmp_ln238_10364_fu_3204_p2  |       xor|   0|  0|    2|           1|           2|
    |xor_ln218_fu_1452_p2             |       xor|   0|  0|    2|           1|           2|
    |xor_ln238_1_fu_3113_p2           |       xor|   0|  0|    2|           1|           2|
    |xor_ln238_2_fu_3002_p2           |       xor|   0|  0|    2|           1|           2|
    |xor_ln238_4_fu_3247_p2           |       xor|   0|  0|    2|           1|           2|
    |xor_ln238_5_fu_3264_p2           |       xor|   0|  0|    2|           1|           2|
    |xor_ln238_6_fu_3281_p2           |       xor|   0|  0|    2|           2|           1|
    |xor_ln238_7_fu_3303_p2           |       xor|   0|  0|    2|           1|           2|
    |xor_ln238_8_fu_3057_p2           |       xor|   0|  0|    2|           1|           2|
    |xor_ln238_9_fu_3088_p2           |       xor|   0|  0|    2|           1|           2|
    |xor_ln238_fu_2996_p2             |       xor|   0|  0|    2|           1|           2|
    |xor_ln344_1_fu_3392_p2           |       xor|   0|  0|    2|           1|           1|
    |xor_ln344_fu_3380_p2             |       xor|   0|  0|    2|           1|           2|
    |xor_ln352_fu_3528_p2             |       xor|   0|  0|    2|           1|           2|
    +---------------------------------+----------+----+---+-----+------------+------------+
    |Total                            |          |   0|  0| 3577|        1467|        2009|
    +---------------------------------+----------+----+---+-----+------------+------------+

    * Multiplexer: 
    +----------------------------+----+-----------+-----+-----------+
    |            Name            | LUT| Input Size| Bits| Total Bits|
    +----------------------------+----+-----------+-----+-----------+
    |ap_NS_fsm                   |  65|         16|    1|         16|
    |audio_in_TDATA_blk_n        |   9|          2|    1|          2|
    |audio_out_TDATA_blk_n       |   9|          2|    1|          2|
    |h_new_0_1_lcssa120_fu_600   |   9|          2|    9|         18|
    |h_new_10_1_lcssa130_fu_640  |   9|          2|    9|         18|
    |h_new_11_1_lcssa131_fu_644  |   9|          2|    9|         18|
    |h_new_12_1_lcssa132_fu_648  |   9|          2|    9|         18|
    |h_new_13_1_lcssa133_fu_652  |   9|          2|    9|         18|
    |h_new_14_1_lcssa134_fu_656  |   9|          2|    9|         18|
    |h_new_15_1_lcssa135_fu_660  |   9|          2|    9|         18|
    |h_new_16_1_lcssa136_fu_664  |   9|          2|    9|         18|
    |h_new_17_1_lcssa137_fu_668  |   9|          2|    9|         18|
    |h_new_18_1_lcssa138_fu_672  |   9|          2|    9|         18|
    |h_new_19_1_lcssa139_fu_676  |   9|          2|    9|         18|
    |h_new_1_1_lcssa121_fu_604   |   9|          2|    9|         18|
    |h_new_20_1_lcssa140_fu_680  |   9|          2|    9|         18|
    |h_new_21_1_lcssa141_fu_684  |   9|          2|    9|         18|
    |h_new_22_1_lcssa142_fu_688  |   9|          2|    9|         18|
    |h_new_23_1_lcssa143_fu_692  |   9|          2|    9|         18|
    |h_new_24_1_lcssa144_fu_696  |   9|          2|    9|         18|
    |h_new_25_1_lcssa145_fu_700  |   9|          2|    9|         18|
    |h_new_26_1_lcssa146_fu_704  |   9|          2|    9|         18|
    |h_new_27_1_lcssa147_fu_708  |   9|          2|    9|         18|
    |h_new_28_1_lcssa148_fu_712  |   9|          2|    9|         18|
    |h_new_29_1_lcssa149_fu_716  |   9|          2|    9|         18|
    |h_new_2_1_lcssa122_fu_608   |   9|          2|    9|         18|
    |h_new_30_1_lcssa150_fu_720  |   9|          2|    9|         18|
    |h_new_31_1_lcssa151_fu_724  |   9|          2|    9|         18|
    |h_new_32_1_lcssa152_fu_728  |   9|          2|    9|         18|
    |h_new_33_1_lcssa153_fu_732  |   9|          2|    9|         18|
    |h_new_34_1_lcssa154_fu_736  |   9|          2|    9|         18|
    |h_new_35_1_lcssa155_fu_740  |   9|          2|    9|         18|
    |h_new_36_1_lcssa156_fu_744  |   9|          2|    9|         18|
    |h_new_37_1_lcssa157_fu_748  |   9|          2|    9|         18|
    |h_new_38_1_lcssa158_fu_752  |   9|          2|    9|         18|
    |h_new_39_1_lcssa159_fu_756  |   9|          2|    9|         18|
    |h_new_3_1_lcssa123_fu_612   |   9|          2|    9|         18|
    |h_new_4_1_lcssa124_fu_616   |   9|          2|    9|         18|
    |h_new_5_1_lcssa125_fu_620   |   9|          2|    9|         18|
    |h_new_6_1_lcssa126_fu_624   |   9|          2|    9|         18|
    |h_new_7_1_lcssa127_fu_628   |   9|          2|    9|         18|
    |h_new_8_1_lcssa128_fu_632   |   9|          2|    9|         18|
    |h_new_9_1_lcssa129_fu_636   |   9|          2|    9|         18|
    |n_fu_596                    |   9|          2|   31|         62|
    +----------------------------+----+-----------+-----+-----------+
    |Total                       | 452|        102|  394|        802|
    +----------------------------+----+-----------+-----+-----------+

    * Register: 
    +-----------------------------------------------------+----+----+-----+-----------+
    |                         Name                        | FF | LUT| Bits| Const Bits|
    +-----------------------------------------------------+----+----+-----+-----------+
    |add_ln238_7_reg_4162                                 |  12|   0|   12|          0|
    |add_ln359_reg_3997                                   |  32|   0|   32|          0|
    |and_ln238_8_reg_4398                                 |   1|   0|    1|          0|
    |and_ln238_reg_4152                                   |   1|   0|    1|          0|
    |ap_CS_fsm                                            |  15|   0|   15|          0|
    |empty_41_reg_4470                                    |  32|   0|   32|          0|
    |grp_gru_va_Pipeline_HIDDEN_LOOP_fu_808_ap_start_reg  |   1|   0|    1|          0|
    |h_new_0_1_lcssa120_fu_600                            |   9|   0|    9|          0|
    |h_new_0_1_lcssa120_load_reg_4188                     |   9|   0|    9|          0|
    |h_new_10_1_lcssa130_fu_640                           |   9|   0|    9|          0|
    |h_new_10_1_lcssa130_load_reg_4238                    |   9|   0|    9|          0|
    |h_new_11_1_lcssa131_fu_644                           |   9|   0|    9|          0|
    |h_new_11_1_lcssa131_load_reg_4243                    |   9|   0|    9|          0|
    |h_new_12_1_lcssa132_fu_648                           |   9|   0|    9|          0|
    |h_new_12_1_lcssa132_load_reg_4248                    |   9|   0|    9|          0|
    |h_new_13_1_lcssa133_fu_652                           |   9|   0|    9|          0|
    |h_new_13_1_lcssa133_load_reg_4253                    |   9|   0|    9|          0|
    |h_new_14_1_lcssa134_fu_656                           |   9|   0|    9|          0|
    |h_new_14_1_lcssa134_load_reg_4258                    |   9|   0|    9|          0|
    |h_new_15_1_lcssa135_fu_660                           |   9|   0|    9|          0|
    |h_new_15_1_lcssa135_load_reg_4263                    |   9|   0|    9|          0|
    |h_new_16_1_lcssa136_fu_664                           |   9|   0|    9|          0|
    |h_new_16_1_lcssa136_load_reg_4268                    |   9|   0|    9|          0|
    |h_new_17_1_lcssa137_fu_668                           |   9|   0|    9|          0|
    |h_new_17_1_lcssa137_load_reg_4273                    |   9|   0|    9|          0|
    |h_new_18_1_lcssa138_fu_672                           |   9|   0|    9|          0|
    |h_new_18_1_lcssa138_load_reg_4278                    |   9|   0|    9|          0|
    |h_new_19_1_lcssa139_fu_676                           |   9|   0|    9|          0|
    |h_new_19_1_lcssa139_load_reg_4283                    |   9|   0|    9|          0|
    |h_new_1_1_lcssa121_fu_604                            |   9|   0|    9|          0|
    |h_new_1_1_lcssa121_load_reg_4193                     |   9|   0|    9|          0|
    |h_new_20_1_lcssa140_fu_680                           |   9|   0|    9|          0|
    |h_new_20_1_lcssa140_load_reg_4288                    |   9|   0|    9|          0|
    |h_new_21_1_lcssa141_fu_684                           |   9|   0|    9|          0|
    |h_new_21_1_lcssa141_load_reg_4293                    |   9|   0|    9|          0|
    |h_new_22_1_lcssa142_fu_688                           |   9|   0|    9|          0|
    |h_new_22_1_lcssa142_load_reg_4298                    |   9|   0|    9|          0|
    |h_new_23_1_lcssa143_fu_692                           |   9|   0|    9|          0|
    |h_new_23_1_lcssa143_load_reg_4303                    |   9|   0|    9|          0|
    |h_new_24_1_lcssa144_fu_696                           |   9|   0|    9|          0|
    |h_new_24_1_lcssa144_load_reg_4308                    |   9|   0|    9|          0|
    |h_new_25_1_lcssa145_fu_700                           |   9|   0|    9|          0|
    |h_new_25_1_lcssa145_load_reg_4313                    |   9|   0|    9|          0|
    |h_new_26_1_lcssa146_fu_704                           |   9|   0|    9|          0|
    |h_new_26_1_lcssa146_load_reg_4318                    |   9|   0|    9|          0|
    |h_new_27_1_lcssa147_fu_708                           |   9|   0|    9|          0|
    |h_new_27_1_lcssa147_load_reg_4323                    |   9|   0|    9|          0|
    |h_new_28_1_lcssa148_fu_712                           |   9|   0|    9|          0|
    |h_new_28_1_lcssa148_load_reg_4328                    |   9|   0|    9|          0|
    |h_new_29_1_lcssa149_fu_716                           |   9|   0|    9|          0|
    |h_new_29_1_lcssa149_load_reg_4333                    |   9|   0|    9|          0|
    |h_new_2_1_lcssa122_fu_608                            |   9|   0|    9|          0|
    |h_new_2_1_lcssa122_load_reg_4198                     |   9|   0|    9|          0|
    |h_new_30_1_lcssa150_fu_720                           |   9|   0|    9|          0|
    |h_new_30_1_lcssa150_load_reg_4338                    |   9|   0|    9|          0|
    |h_new_31_1_lcssa151_fu_724                           |   9|   0|    9|          0|
    |h_new_31_1_lcssa151_load_reg_4343                    |   9|   0|    9|          0|
    |h_new_32_1_lcssa152_fu_728                           |   9|   0|    9|          0|
    |h_new_32_1_lcssa152_load_reg_4348                    |   9|   0|    9|          0|
    |h_new_33_1_lcssa153_fu_732                           |   9|   0|    9|          0|
    |h_new_33_1_lcssa153_load_reg_4353                    |   9|   0|    9|          0|
    |h_new_34_1_lcssa154_fu_736                           |   9|   0|    9|          0|
    |h_new_34_1_lcssa154_load_reg_4358                    |   9|   0|    9|          0|
    |h_new_35_1_lcssa155_fu_740                           |   9|   0|    9|          0|
    |h_new_35_1_lcssa155_load_reg_4363                    |   9|   0|    9|          0|
    |h_new_36_1_lcssa156_fu_744                           |   9|   0|    9|          0|
    |h_new_36_1_lcssa156_load_reg_4368                    |   9|   0|    9|          0|
    |h_new_37_1_lcssa157_fu_748                           |   9|   0|    9|          0|
    |h_new_37_1_lcssa157_load_reg_4373                    |   9|   0|    9|          0|
    |h_new_38_1_lcssa158_fu_752                           |   9|   0|    9|          0|
    |h_new_38_1_lcssa158_load_reg_4378                    |   9|   0|    9|          0|
    |h_new_39_1_lcssa159_fu_756                           |   9|   0|    9|          0|
    |h_new_39_1_lcssa159_load_reg_4383                    |   9|   0|    9|          0|
    |h_new_3_1_lcssa123_fu_612                            |   9|   0|    9|          0|
    |h_new_3_1_lcssa123_load_reg_4203                     |   9|   0|    9|          0|
    |h_new_4_1_lcssa124_fu_616                            |   9|   0|    9|          0|
    |h_new_4_1_lcssa124_load_reg_4208                     |   9|   0|    9|          0|
    |h_new_5_1_lcssa125_fu_620                            |   9|   0|    9|          0|
    |h_new_5_1_lcssa125_load_reg_4213                     |   9|   0|    9|          0|
    |h_new_6_1_lcssa126_fu_624                            |   9|   0|    9|          0|
    |h_new_6_1_lcssa126_load_reg_4218                     |   9|   0|    9|          0|
    |h_new_7_1_lcssa127_fu_628                            |   9|   0|    9|          0|
    |h_new_7_1_lcssa127_load_reg_4223                     |   9|   0|    9|          0|
    |h_new_8_1_lcssa128_fu_632                            |   9|   0|    9|          0|
    |h_new_8_1_lcssa128_load_reg_4228                     |   9|   0|    9|          0|
    |h_new_9_1_lcssa129_fu_636                            |   9|   0|    9|          0|
    |h_new_9_1_lcssa129_load_reg_4233                     |   9|   0|    9|          0|
    |h_state_0                                            |   9|   0|    9|          0|
    |h_state_1                                            |   9|   0|    9|          0|
    |h_state_10                                           |   9|   0|    9|          0|
    |h_state_11                                           |   9|   0|    9|          0|
    |h_state_12                                           |   9|   0|    9|          0|
    |h_state_13                                           |   9|   0|    9|          0|
    |h_state_14                                           |   9|   0|    9|          0|
    |h_state_15                                           |   9|   0|    9|          0|
    |h_state_16                                           |   9|   0|    9|          0|
    |h_state_17                                           |   9|   0|    9|          0|
    |h_state_18                                           |   9|   0|    9|          0|
    |h_state_19                                           |   9|   0|    9|          0|
    |h_state_2                                            |   9|   0|    9|          0|
    |h_state_20                                           |   9|   0|    9|          0|
    |h_state_21                                           |   9|   0|    9|          0|
    |h_state_22                                           |   9|   0|    9|          0|
    |h_state_23                                           |   9|   0|    9|          0|
    |h_state_24                                           |   9|   0|    9|          0|
    |h_state_25                                           |   9|   0|    9|          0|
    |h_state_26                                           |   9|   0|    9|          0|
    |h_state_27                                           |   9|   0|    9|          0|
    |h_state_28                                           |   9|   0|    9|          0|
    |h_state_29                                           |   9|   0|    9|          0|
    |h_state_3                                            |   9|   0|    9|          0|
    |h_state_30                                           |   9|   0|    9|          0|
    |h_state_31                                           |   9|   0|    9|          0|
    |h_state_32                                           |   9|   0|    9|          0|
    |h_state_33                                           |   9|   0|    9|          0|
    |h_state_34                                           |   9|   0|    9|          0|
    |h_state_35                                           |   9|   0|    9|          0|
    |h_state_36                                           |   9|   0|    9|          0|
    |h_state_37                                           |   9|   0|    9|          0|
    |h_state_38                                           |   9|   0|    9|          0|
    |h_state_39                                           |   9|   0|    9|          0|
    |h_state_4                                            |   9|   0|    9|          0|
    |h_state_5                                            |   9|   0|    9|          0|
    |h_state_6                                            |   9|   0|    9|          0|
    |h_state_7                                            |   9|   0|    9|          0|
    |h_state_8                                            |   9|   0|    9|          0|
    |h_state_9                                            |   9|   0|    9|          0|
    |icmp_ln211_reg_3701                                  |   1|   0|    1|          0|
    |icmp_ln238_10_reg_4112                               |   1|   0|    1|          0|
    |icmp_ln238_11_reg_4125                               |   1|   0|    1|          0|
    |icmp_ln238_1_reg_4068                                |   1|   0|    1|          0|
    |icmp_ln238_2_reg_4135                                |   1|   0|    1|          0|
    |icmp_ln238_4_reg_4087                                |   1|   0|    1|          0|
    |icmp_ln238_7_reg_4102                                |   1|   0|    1|          0|
    |icmp_ln238_9_reg_4157                                |   1|   0|    1|          0|
    |icmp_ln238_reg_4055                                  |   1|   0|    1|          0|
    |icmp_ln352_3_reg_4455                                |   1|   0|    1|          0|
    |icmp_ln352_reg_4415                                  |   1|   0|    1|          0|
    |icmp_ln359_reg_4005                                  |   1|   0|    1|          0|
    |lD_0_i_reg_4170                                      |   1|   0|    1|          0|
    |lshr_ln238_1_reg_4183                                |  54|   0|   54|          0|
    |lshr_ln238_reg_4177                                  |  54|   0|   54|          0|
    |lshr_ln352_reg_4460                                  |  64|   0|   64|          0|
    |n_fu_596                                             |  31|   0|   31|          0|
    |n_samples_read_reg_3689                              |  32|   0|   32|          0|
    |neg_src_0_i_reg_4393                                 |   1|   0|    1|          0|
    |or_ln352_reg_4450                                    |   1|   0|    1|          0|
    |ref_tmp_i_i_reg_4388                                 |   9|   0|    9|          0|
    |select_ln238_1_reg_4074                              |  11|   0|   11|          0|
    |select_ln238_1cast_reg_4092                          |   9|   0|    9|          0|
    |select_ln238_2_reg_4141                              |   9|   0|    9|          0|
    |select_ln238_3_reg_4147                              |   9|   0|    9|          0|
    |select_ln238_reg_4048                                |  54|   0|   54|          0|
    |select_ln352_reg_4425                                |  32|   0|   32|          0|
    |shl_ln352_reg_4465                                   |  64|   0|   64|          0|
    |sub_ln238_1_reg_4061                                 |  12|   0|   12|          0|
    |sub_ln238_3_reg_4107                                 |   6|   0|    6|          0|
    |sub_ln352_1_reg_4438                                 |   6|   0|    6|          0|
    |sub_ln352_4_reg_4445                                 |   5|   0|    5|          0|
    |tmp_327_reg_4097                                     |   1|   0|    1|          0|
    |tmp_332_reg_4119                                     |   1|   0|    1|          0|
    |tmp_336_reg_4420                                     |   1|   0|    1|          0|
    |tmp_6_reg_4033                                       |  11|   0|   11|          0|
    |tmp_reg_4023                                         |   1|   0|    1|          0|
    |tobool_i_reg_4130                                    |   1|   0|    1|          0|
    |trunc_ln238_1_reg_4038                               |  52|   0|   52|          0|
    |trunc_ln238_5_reg_4081                               |   9|   0|    9|          0|
    |trunc_ln238_reg_4018                                 |  63|   0|   63|          0|
    |trunc_ln352_reg_4433                                 |   6|   0|    6|          0|
    |x_reg_4409                                           |   9|   0|    9|          0|
    |xor_ln218_reg_3992                                   |   1|   0|    1|          0|
    |xor_ln238_6_reg_4404                                 |   1|   0|    1|          0|
    |zext_ln238_reg_4043                                  |  11|   0|   12|          1|
    +-----------------------------------------------------+----+----+-----+-----------+
    |Total                                                |1818|   0| 1819|          1|
    +-----------------------------------------------------+----+----+-----+-----------+



================================================================
== Interface
================================================================
* Summary: 
+----------------------+-----+-----+------------+--------------------+--------------+
|       RTL Ports      | Dir | Bits|  Protocol  |    Source Object   |    C Type    |
+----------------------+-----+-----+------------+--------------------+--------------+
|s_axi_CTRL_AWVALID    |   in|    1|       s_axi|                CTRL|        scalar|
|s_axi_CTRL_AWREADY    |  out|    1|       s_axi|                CTRL|        scalar|
|s_axi_CTRL_AWADDR     |   in|    6|       s_axi|                CTRL|        scalar|
|s_axi_CTRL_WVALID     |   in|    1|       s_axi|                CTRL|        scalar|
|s_axi_CTRL_WREADY     |  out|    1|       s_axi|                CTRL|        scalar|
|s_axi_CTRL_WDATA      |   in|   32|       s_axi|                CTRL|        scalar|
|s_axi_CTRL_WSTRB      |   in|    4|       s_axi|                CTRL|        scalar|
|s_axi_CTRL_ARVALID    |   in|    1|       s_axi|                CTRL|        scalar|
|s_axi_CTRL_ARREADY    |  out|    1|       s_axi|                CTRL|        scalar|
|s_axi_CTRL_ARADDR     |   in|    6|       s_axi|                CTRL|        scalar|
|s_axi_CTRL_RVALID     |  out|    1|       s_axi|                CTRL|        scalar|
|s_axi_CTRL_RREADY     |   in|    1|       s_axi|                CTRL|        scalar|
|s_axi_CTRL_RDATA      |  out|   32|       s_axi|                CTRL|        scalar|
|s_axi_CTRL_RRESP      |  out|    2|       s_axi|                CTRL|        scalar|
|s_axi_CTRL_BVALID     |  out|    1|       s_axi|                CTRL|        scalar|
|s_axi_CTRL_BREADY     |   in|    1|       s_axi|                CTRL|        scalar|
|s_axi_CTRL_BRESP      |  out|    2|       s_axi|                CTRL|        scalar|
|ap_clk                |   in|    1|  ap_ctrl_hs|              gru_va|  return value|
|ap_rst_n              |   in|    1|  ap_ctrl_hs|              gru_va|  return value|
|interrupt             |  out|    1|  ap_ctrl_hs|              gru_va|  return value|
|m_axi_gmem0_AWVALID   |  out|    1|       m_axi|               gmem0|       pointer|
|m_axi_gmem0_AWREADY   |   in|    1|       m_axi|               gmem0|       pointer|
|m_axi_gmem0_AWADDR    |  out|   64|       m_axi|               gmem0|       pointer|
|m_axi_gmem0_AWID      |  out|    1|       m_axi|               gmem0|       pointer|
|m_axi_gmem0_AWLEN     |  out|    8|       m_axi|               gmem0|       pointer|
|m_axi_gmem0_AWSIZE    |  out|    3|       m_axi|               gmem0|       pointer|
|m_axi_gmem0_AWBURST   |  out|    2|       m_axi|               gmem0|       pointer|
|m_axi_gmem0_AWLOCK    |  out|    2|       m_axi|               gmem0|       pointer|
|m_axi_gmem0_AWCACHE   |  out|    4|       m_axi|               gmem0|       pointer|
|m_axi_gmem0_AWPROT    |  out|    3|       m_axi|               gmem0|       pointer|
|m_axi_gmem0_AWQOS     |  out|    4|       m_axi|               gmem0|       pointer|
|m_axi_gmem0_AWREGION  |  out|    4|       m_axi|               gmem0|       pointer|
|m_axi_gmem0_AWUSER    |  out|    1|       m_axi|               gmem0|       pointer|
|m_axi_gmem0_WVALID    |  out|    1|       m_axi|               gmem0|       pointer|
|m_axi_gmem0_WREADY    |   in|    1|       m_axi|               gmem0|       pointer|
|m_axi_gmem0_WDATA     |  out|   32|       m_axi|               gmem0|       pointer|
|m_axi_gmem0_WSTRB     |  out|    4|       m_axi|               gmem0|       pointer|
|m_axi_gmem0_WLAST     |  out|    1|       m_axi|               gmem0|       pointer|
|m_axi_gmem0_WID       |  out|    1|       m_axi|               gmem0|       pointer|
|m_axi_gmem0_WUSER     |  out|    1|       m_axi|               gmem0|       pointer|
|m_axi_gmem0_ARVALID   |  out|    1|       m_axi|               gmem0|       pointer|
|m_axi_gmem0_ARREADY   |   in|    1|       m_axi|               gmem0|       pointer|
|m_axi_gmem0_ARADDR    |  out|   64|       m_axi|               gmem0|       pointer|
|m_axi_gmem0_ARID      |  out|    1|       m_axi|               gmem0|       pointer|
|m_axi_gmem0_ARLEN     |  out|    8|       m_axi|               gmem0|       pointer|
|m_axi_gmem0_ARSIZE    |  out|    3|       m_axi|               gmem0|       pointer|
|m_axi_gmem0_ARBURST   |  out|    2|       m_axi|               gmem0|       pointer|
|m_axi_gmem0_ARLOCK    |  out|    2|       m_axi|               gmem0|       pointer|
|m_axi_gmem0_ARCACHE   |  out|    4|       m_axi|               gmem0|       pointer|
|m_axi_gmem0_ARPROT    |  out|    3|       m_axi|               gmem0|       pointer|
|m_axi_gmem0_ARQOS     |  out|    4|       m_axi|               gmem0|       pointer|
|m_axi_gmem0_ARREGION  |  out|    4|       m_axi|               gmem0|       pointer|
|m_axi_gmem0_ARUSER    |  out|    1|       m_axi|               gmem0|       pointer|
|m_axi_gmem0_RVALID    |   in|    1|       m_axi|               gmem0|       pointer|
|m_axi_gmem0_RREADY    |  out|    1|       m_axi|               gmem0|       pointer|
|m_axi_gmem0_RDATA     |   in|   32|       m_axi|               gmem0|       pointer|
|m_axi_gmem0_RLAST     |   in|    1|       m_axi|               gmem0|       pointer|
|m_axi_gmem0_RID       |   in|    1|       m_axi|               gmem0|       pointer|
|m_axi_gmem0_RUSER     |   in|    1|       m_axi|               gmem0|       pointer|
|m_axi_gmem0_RRESP     |   in|    2|       m_axi|               gmem0|       pointer|
|m_axi_gmem0_BVALID    |   in|    1|       m_axi|               gmem0|       pointer|
|m_axi_gmem0_BREADY    |  out|    1|       m_axi|               gmem0|       pointer|
|m_axi_gmem0_BRESP     |   in|    2|       m_axi|               gmem0|       pointer|
|m_axi_gmem0_BID       |   in|    1|       m_axi|               gmem0|       pointer|
|m_axi_gmem0_BUSER     |   in|    1|       m_axi|               gmem0|       pointer|
|audio_in_TDATA        |   in|   32|        axis|   audio_in_V_data_V|       pointer|
|audio_in_TVALID       |   in|    1|        axis|   audio_in_V_last_V|       pointer|
|audio_in_TREADY       |  out|    1|        axis|   audio_in_V_last_V|       pointer|
|audio_in_TLAST        |   in|    1|        axis|   audio_in_V_last_V|       pointer|
|audio_in_TKEEP        |   in|    4|        axis|   audio_in_V_keep_V|       pointer|
|audio_in_TSTRB        |   in|    4|        axis|   audio_in_V_strb_V|       pointer|
|audio_out_TDATA       |  out|   32|        axis|  audio_out_V_data_V|       pointer|
|audio_out_TVALID      |  out|    1|        axis|  audio_out_V_last_V|       pointer|
|audio_out_TREADY      |   in|    1|        axis|  audio_out_V_last_V|       pointer|
|audio_out_TLAST       |  out|    1|        axis|  audio_out_V_last_V|       pointer|
|audio_out_TKEEP       |  out|    4|        axis|  audio_out_V_keep_V|       pointer|
|audio_out_TSTRB       |  out|    4|        axis|  audio_out_V_strb_V|       pointer|
+----------------------+-----+-----+------------+--------------------+--------------+

