

================================================================
== Vitis HLS Report for 'mac3'
================================================================
* Date:           Sat Aug  8 16:04:47 2026

* Version:        2025.2 (Build 6295257 on Nov 14 2025)
* Project:        b_gt_mod
* Solution:       sol_gt_mod_w21 (Vivado IP Flow Target)
* Product family: zynq
* Target device:  xc7z020-clg400-1


================================================================
== Performance Estimates
================================================================
+ Timing: 
    * Summary: 
    +--------+----------+----------+------------+
    |  Clock |  Target  | Estimated| Uncertainty|
    +--------+----------+----------+------------+
    |ap_clk  |  10.00 ns|  6.280 ns|     2.70 ns|
    +--------+----------+----------+------------+

+ Latency: 
    * Summary: 
    +---------+---------+-----------+-----------+-----+-----+---------+
    |  Latency (cycles) |   Latency (absolute)  |  Interval | Pipeline|
    |   min   |   max   |    min    |    max    | min | max |   Type  |
    +---------+---------+-----------+-----------+-----+-----+---------+
    |        1|        1|  10.000 ns|  10.000 ns|    1|    1|      yes|
    +---------+---------+-----------+-----------+-----+-----+---------+

    + Detail: 
        * Instance: 
        N/A

        * Loop: 
        N/A



================================================================
== Utilization Estimates
================================================================
* Summary: 
+-----------------+---------+-----+--------+-------+-----+
|       Name      | BRAM_18K| DSP |   FF   |  LUT  | URAM|
+-----------------+---------+-----+--------+-------+-----+
|DSP              |        -|    -|       -|      -|    -|
|Expression       |        -|    -|       0|    168|    -|
|FIFO             |        -|    -|       -|      -|    -|
|Instance         |        -|    6|       0|     48|    -|
|Memory           |        -|    -|       -|      -|    -|
|Multiplexer      |        -|    -|       -|      -|    -|
|Register         |        -|    -|     168|      -|    -|
+-----------------+---------+-----+--------+-------+-----+
|Total            |        0|    6|     168|    216|    0|
+-----------------+---------+-----+--------+-------+-----+
|Available        |      280|  220|  106400|  53200|    0|
+-----------------+---------+-----+--------+-------+-----+
|Utilization (%)  |        0|    2|      ~0|     ~0|    0|
+-----------------+---------+-----+--------+-------+-----+

+ Detail: 
    * Instance: 
    +-----------------------+--------------------+---------+----+---+----+-----+
    |        Instance       |       Module       | BRAM_18K| DSP| FF| LUT| URAM|
    +-----------------------+--------------------+---------+----+---+----+-----+
    |mul_21s_21s_40_1_1_U1  |mul_21s_21s_40_1_1  |        0|   2|  0|  16|    0|
    |mul_21s_21s_42_1_1_U2  |mul_21s_21s_42_1_1  |        0|   2|  0|  16|    0|
    |mul_21s_21s_42_1_1_U3  |mul_21s_21s_42_1_1  |        0|   2|  0|  16|    0|
    +-----------------------+--------------------+---------+----+---+----+-----+
    |Total                  |                    |        0|   6|  0|  48|    0|
    +-----------------------+--------------------+---------+----+---+----+-----+

    * DSP: 
    N/A

    * Memory: 
    N/A

    * FIFO: 
    N/A

    * Expression: 
    +---------------------+----------+----+---+----+------------+------------+
    |    Variable Name    | Operation| DSP| FF| LUT| Bitwidth P0| Bitwidth P1|
    +---------------------+----------+----+---+----+------------+------------+
    |add_ln72_fu_152_p2   |         +|   0|  0|  35|          28|          28|
    |add_ln73_fu_210_p2   |         +|   0|  0|  35|          28|          28|
    |add_ln74_fu_268_p2   |         +|   0|  0|  33|          26|          26|
    |and_ln72_fu_142_p2   |       and|   0|  0|   2|           1|           1|
    |and_ln73_fu_200_p2   |       and|   0|  0|   2|           1|           1|
    |and_ln74_fu_258_p2   |       and|   0|  0|   2|           1|           1|
    |icmp_ln72_fu_124_p2  |      icmp|   0|  0|  17|          14|           1|
    |icmp_ln73_fu_182_p2  |      icmp|   0|  0|  17|          14|           1|
    |icmp_ln74_fu_240_p2  |      icmp|   0|  0|  17|          14|           1|
    |or_ln72_fu_136_p2    |        or|   0|  0|   2|           1|           1|
    |or_ln73_fu_194_p2    |        or|   0|  0|   2|           1|           1|
    |or_ln74_fu_252_p2    |        or|   0|  0|   2|           1|           1|
    |ap_enable_pp0        |       xor|   0|  0|   2|           1|           2|
    +---------------------+----------+----+---+----+------------+------------+
    |Total                |          |   0|  0| 168|         131|          93|
    +---------------------+----------+----+---+----+------------+------------+

    * Multiplexer: 
    N/A

    * Register: 
    +-------------------------+----+----+-----+-----------+
    |           Name          | FF | LUT| Bits| Const Bits|
    +-------------------------+----+----+-----+-----------+
    |ap_CS_fsm                |   1|   0|    1|          0|
    |ap_enable_reg_pp0_iter1  |   1|   0|    1|          0|
    |mul_ln72_reg_296         |  42|   0|   42|          0|
    |mul_ln73_reg_308         |  42|   0|   42|          0|
    |mul_ln74_reg_320         |  40|   0|   40|          0|
    |trunc_ln72_reg_303       |  14|   0|   14|          0|
    |trunc_ln73_reg_315       |  14|   0|   14|          0|
    |trunc_ln74_reg_327       |  14|   0|   14|          0|
    +-------------------------+----+----+-----+-----------+
    |Total                    | 168|   0|  168|          0|
    +-------------------------+----+----+-----+-----------+



================================================================
== Interface
================================================================
* Summary: 
+-------------+-----+-----+------------+--------------+--------------+
|  RTL Ports  | Dir | Bits|  Protocol  | Source Object|    C Type    |
+-------------+-----+-----+------------+--------------+--------------+
|ap_clk       |   in|    1|  ap_ctrl_hs|          mac3|  return value|
|ap_rst       |   in|    1|  ap_ctrl_hs|          mac3|  return value|
|ap_start     |   in|    1|  ap_ctrl_hs|          mac3|  return value|
|ap_done      |  out|    1|  ap_ctrl_hs|          mac3|  return value|
|ap_idle      |  out|    1|  ap_ctrl_hs|          mac3|  return value|
|ap_ready     |  out|    1|  ap_ctrl_hs|          mac3|  return value|
|ap_ce        |   in|    1|  ap_ctrl_hs|          mac3|  return value|
|ap_return_0  |  out|   32|  ap_ctrl_hs|          mac3|  return value|
|ap_return_1  |  out|   32|  ap_ctrl_hs|          mac3|  return value|
|ap_return_2  |  out|   32|  ap_ctrl_hs|          mac3|  return value|
|wr           |   in|   21|     ap_none|            wr|        scalar|
|wz           |   in|   21|     ap_none|            wz|        scalar|
|wn           |   in|   21|     ap_none|            wn|        scalar|
|h            |   in|   21|     ap_none|             h|        scalar|
+-------------+-----+-----+------------+--------------+--------------+

