

================================================================
== Vitis HLS Report for 'gru_va'
================================================================
* Date:           Sat Aug  8 16:26:48 2026

* Version:        2025.2 (Build 6295257 on Nov 14 2025)
* Project:        b_gt_max
* Solution:       sol_gt_max_w17 (Vivado IP Flow Target)
* Product family: zynq
* Target device:  xc7z020-clg400-1


================================================================
== Performance Estimates
================================================================
+ Timing: 
    * Summary: 
    +--------+----------+----------+------------+
    |  Clock |  Target  | Estimated| Uncertainty|
    +--------+----------+----------+------------+
    |ap_clk  |  10.00 ns|  7.239 ns|     2.70 ns|
    +--------+----------+----------+------------+

+ Latency: 
    * Summary: 
    +---------+---------+----------+----------+-----+-----+---------+
    |  Latency (cycles) |  Latency (absolute) |  Interval | Pipeline|
    |   min   |   max   |    min   |    max   | min | max |   Type  |
    +---------+---------+----------+----------+-----+-----+---------+
    |        ?|        ?|         ?|         ?|    ?|    ?|       no|
    +---------+---------+----------+----------+-----+-----+---------+

    + Detail: 
        * Instance: 
        +----------------------------------------+-----------------------------+---------+---------+----------+----------+-----+-----+-------------------+
        |                                        |                             |  Latency (cycles) |  Latency (absolute) |  Interval |      Pipeline     |
        |                Instance                |            Module           |   min   |   max   |    min   |    max   | min | max |        Type       |
        +----------------------------------------+-----------------------------+---------+---------+----------+----------+-----+-----+-------------------+
        |grp_gru_va_Pipeline_HIDDEN_LOOP_fu_806  |gru_va_Pipeline_HIDDEN_LOOP  |      131|      131|  1.310 us|  1.310 us|    0|    0|  loop pipeline stp|
        +----------------------------------------+-----------------------------+---------+---------+----------+----------+-----+-----+-------------------+

        * Loop: 
        +---------------+---------+---------+----------+-----------+-----------+------+----------+
        |               |  Latency (cycles) | Iteration|  Initiation Interval  | Trip |          |
        |   Loop Name   |   min   |   max   |  Latency |  achieved |   target  | Count| Pipelined|
        +---------------+---------+---------+----------+-----------+-----------+------+----------+
        |- SAMPLE_LOOP  |        ?|        ?|       145|          -|          -|     ?|        no|
        +---------------+---------+---------+----------+-----------+-----------+------+----------+



================================================================
== Utilization Estimates
================================================================
* Summary: 
+-----------------+---------+-----+--------+-------+-----+
|       Name      | BRAM_18K| DSP |   FF   |  LUT  | URAM|
+-----------------+---------+-----+--------+-------+-----+
|DSP              |        -|    -|       -|      -|    -|
|Expression       |        -|    -|       0|   4272|    -|
|FIFO             |        -|    -|       -|      -|    -|
|Instance         |        4|   72|   21535|  31986|    -|
|Memory           |        -|    -|       -|      -|    -|
|Multiplexer      |        -|    -|       0|    452|    -|
|Register         |        -|    -|    2795|      -|    -|
+-----------------+---------+-----+--------+-------+-----+
|Total            |        4|   72|   24330|  36710|    0|
+-----------------+---------+-----+--------+-------+-----+
|Available        |      280|  220|  106400|  53200|    0|
+-----------------+---------+-----+--------+-------+-----+
|Utilization (%)  |        1|   32|      22|     69|    0|
+-----------------+---------+-----+--------+-------+-----+

+ Detail: 
    * Instance: 
    +----------------------------------------+------------------------------+---------+----+-------+-------+-----+
    |                Instance                |            Module            | BRAM_18K| DSP|   FF  |  LUT  | URAM|
    +----------------------------------------+------------------------------+---------+----+-------+-------+-----+
    |CTRL_s_axi_U                            |CTRL_s_axi                    |        0|   0|    220|    360|    0|
    |bitselect_1ns_32ns_5ns_1_1_1_U260       |bitselect_1ns_32ns_5ns_1_1_1  |        0|   0|      0|      9|    0|
    |bitselect_1ns_54ns_6ns_1_1_1_U254       |bitselect_1ns_54ns_6ns_1_1_1  |        0|   0|      0|     17|    0|
    |bitselect_1ns_54ns_6ns_1_1_1_U255       |bitselect_1ns_54ns_6ns_1_1_1  |        0|   0|      0|     17|    0|
    |ctlz_32_32_1_1_U259                     |ctlz_32_32_1_1                |        0|   0|      0|     44|    0|
    |fpext_32ns_64_2_no_dsp_1_U253           |fpext_32ns_64_2_no_dsp_1      |        0|   0|      0|      0|    0|
    |grp_gru_va_Pipeline_HIDDEN_LOOP_fu_806  |gru_va_Pipeline_HIDDEN_LOOP   |        4|  72|  21315|  31512|    0|
    |sparsemux_7_2_17_1_1_U256               |sparsemux_7_2_17_1_1          |        0|   0|      0|      9|    0|
    |sparsemux_7_2_17_1_1_U258               |sparsemux_7_2_17_1_1          |        0|   0|      0|      9|    0|
    |sparsemux_7_2_1_1_1_U257                |sparsemux_7_2_1_1_1           |        0|   0|      0|      9|    0|
    +----------------------------------------+------------------------------+---------+----+-------+-------+-----+
    |Total                                   |                              |        4|  72|  21535|  31986|    0|
    +----------------------------------------+------------------------------+---------+----+-------+-------+-----+

    * DSP: 
    N/A

    * Memory: 
    N/A

    * FIFO: 
    N/A

    * Expression: 
    +---------------------------------+----------+----+---+-----+------------+------------+
    |          Variable Name          | Operation| DSP| FF| LUT | Bitwidth P0| Bitwidth P1|
    +---------------------------------+----------+----+---+-----+------------+------------+
    |add_ln238_1_fu_2684_p2           |         +|   0|  0|   12|          12|           5|
    |add_ln238_3_fu_2732_p2           |         +|   0|  0|   12|          12|           6|
    |add_ln238_4_fu_2981_p2           |         +|   0|  0|   24|          17|          17|
    |add_ln238_5_fu_2900_p2           |         +|   0|  0|   12|          12|          12|
    |add_ln238_6_fu_2754_p2           |         +|   0|  0|   12|          12|           2|
    |add_ln238_7_fu_2922_p2           |         +|   0|  0|   12|          12|           2|
    |add_ln238_fu_2792_p2             |         +|   0|  0|   12|          12|          11|
    |add_ln344_fu_3347_p2             |         +|   0|  0|   40|          33|          17|
    |add_ln352_1_fu_3555_p2           |         +|   0|  0|   14|           6|           6|
    |add_ln352_2_fu_3601_p2           |         +|   0|  0|   71|          64|          64|
    |add_ln352_3_fu_3646_p2           |         +|   0|  0|   15|           8|           8|
    |add_ln352_fu_3462_p2             |         +|   0|  0|   14|           6|           6|
    |add_ln359_fu_1776_p2             |         +|   0|  0|   39|          32|           2|
    |n_2_fu_1999_p2                   |         +|   0|  0|   38|          31|           1|
    |tmp_335_fu_2724_p2               |         +|   0|  0|   14|           6|           6|
    |sub_ln238_1_fu_2654_p2           |         -|   0|  0|   12|          11|          12|
    |sub_ln238_2_fu_2694_p2           |         -|   0|  0|   12|           4|          11|
    |sub_ln238_3_fu_2748_p2           |         -|   0|  0|   14|           5|           6|
    |sub_ln238_fu_2636_p2             |         -|   0|  0|   61|           1|          54|
    |sub_ln352_1_fu_3446_p2           |         -|   0|  0|   14|           7|           6|
    |sub_ln352_2_fu_3574_p2           |         -|   0|  0|   14|           5|           6|
    |sub_ln352_3_fu_3637_p2           |         -|   0|  0|   14|           4|           6|
    |sub_ln352_4_fu_3456_p2           |         -|   0|  0|   13|           4|           5|
    |sub_ln352_fu_3421_p2             |         -|   0|  0|   39|           1|          32|
    |pi_assign_fu_3659_p5             |      1003|   0|  0|    2|          64|           9|
    |and_ln238_10_fu_3276_p2          |       and|   0|  0|    2|           1|           1|
    |and_ln238_11_fu_3036_p2          |       and|   0|  0|    2|           1|           1|
    |and_ln238_12_fu_3208_p2          |       and|   0|  0|    2|           1|           1|
    |and_ln238_13_fu_3245_p2          |       and|   0|  0|    2|           1|           1|
    |and_ln238_14_fu_3301_p2          |       and|   0|  0|    2|           1|           1|
    |and_ln238_15_fu_3307_p2          |       and|   0|  0|    2|           1|           1|
    |and_ln238_16_fu_2860_p2          |       and|   0|  0|   54|          54|          54|
    |and_ln238_1_fu_3005_p2           |       and|   0|  0|    2|           1|           1|
    |and_ln238_3_fu_3096_p2           |       and|   0|  0|    2|           1|           1|
    |and_ln238_4_fu_3102_p2           |       and|   0|  0|    2|           1|           1|
    |and_ln238_5_fu_3117_p2           |       and|   0|  0|    2|           1|           1|
    |and_ln238_6_fu_3164_p2           |       and|   0|  0|    2|           1|           1|
    |and_ln238_7_fu_3198_p2           |       and|   0|  0|    2|           1|           1|
    |and_ln238_8_fu_3260_p2           |       and|   0|  0|    2|           1|           1|
    |and_ln238_9_fu_3266_p2           |       and|   0|  0|    2|           1|           1|
    |and_ln238_fu_2887_p2             |       and|   0|  0|    2|           1|           1|
    |and_ln344_fu_3379_p2             |       and|   0|  0|    2|           1|           1|
    |and_ln352_1_fu_3496_p2           |       and|   0|  0|   32|          32|          32|
    |and_ln352_fu_3534_p2             |       and|   0|  0|    2|           1|           1|
    |carry_1_i_fu_3042_p2             |       and|   0|  0|    2|           1|           1|
    |cond85_i_fu_2871_p2              |       and|   0|  0|    2|           1|           1|
    |lD_0_i_fu_2927_p2                |       and|   0|  0|    2|           1|           1|
    |neg_src_0_i_fu_3219_p2           |       and|   0|  0|    2|           1|           1|
    |phi_ln352_fu_3507_p2             |       and|   0|  0|    2|           1|           1|
    |ashr_ln238_fu_2817_p2            |      ashr|   0|  0|  161|          54|          54|
    |icmp_ln211_fu_1278_p2            |      icmp|   0|  0|   39|          32|           1|
    |icmp_ln218_fu_1284_p2            |      icmp|   0|  0|   39|          32|           1|
    |icmp_ln229_1_fu_2015_p2          |      icmp|   0|  0|   39|          32|           1|
    |icmp_ln229_fu_1994_p2            |      icmp|   0|  0|   39|          32|          32|
    |icmp_ln238_10_fu_2764_p2         |      icmp|   0|  0|   12|          12|           6|
    |icmp_ln238_11_fu_2778_p2         |      icmp|   0|  0|   12|          12|           6|
    |icmp_ln238_12_fu_3061_p2         |      icmp|   0|  0|   12|          12|           6|
    |icmp_ln238_13_fu_3066_p2         |      icmp|   0|  0|   12|          12|           6|
    |icmp_ln238_14_fu_3071_p2         |      icmp|   0|  0|   61|          54|          54|
    |icmp_ln238_15_fu_3112_p2         |      icmp|   0|  0|   61|          54|           1|
    |icmp_ln238_16_fu_3123_p2         |      icmp|   0|  0|   12|          12|           6|
    |icmp_ln238_1_fu_2678_p2          |      icmp|   0|  0|   15|           8|           1|
    |icmp_ln238_2_fu_2797_p2          |      icmp|   0|  0|   12|          12|           4|
    |icmp_ln238_3_fu_2802_p2          |      icmp|   0|  0|   12|          11|           6|
    |icmp_ln238_4_fu_2712_p2          |      icmp|   0|  0|   12|          12|           6|
    |icmp_ln238_5_fu_2950_p2          |      icmp|   0|  0|   12|          11|           5|
    |icmp_ln238_6_fu_2839_p2          |      icmp|   0|  0|   12|          12|           5|
    |icmp_ln238_7_fu_2742_p2          |      icmp|   0|  0|   12|          12|           6|
    |icmp_ln238_8_fu_2865_p2          |      icmp|   0|  0|   61|          54|           1|
    |icmp_ln238_9_fu_2916_p2          |      icmp|   0|  0|   12|          11|           1|
    |icmp_ln238_fu_2649_p2            |      icmp|   0|  0|   70|          63|           1|
    |icmp_ln352_1_fu_3481_p2          |      icmp|   0|  0|   13|           5|           1|
    |icmp_ln352_2_fu_3501_p2          |      icmp|   0|  0|   39|          32|           1|
    |icmp_ln352_3_fu_3549_p2          |      icmp|   0|  0|   14|           6|           1|
    |icmp_ln352_fu_3407_p2            |      icmp|   0|  0|   39|          32|           1|
    |icmp_ln359_fu_2005_p2            |      icmp|   0|  0|   39|          32|          32|
    |lshr_ln238_1_fu_2944_p2          |      lshr|   0|  0|  161|           2|          54|
    |lshr_ln238_2_fu_2854_p2          |      lshr|   0|  0|  161|           2|          54|
    |lshr_ln238_fu_2939_p2            |      lshr|   0|  0|  161|          54|          54|
    |lshr_ln352_2_fu_3490_p2          |      lshr|   0|  0|  100|           2|          32|
    |lshr_ln352_fu_3568_p2            |      lshr|   0|  0|  182|          64|          64|
    |deleted_ones_0_i_fu_3183_p2      |        or|   0|  0|    2|           1|           1|
    |or_ln229_fu_2020_p2              |        or|   0|  0|    2|           1|           1|
    |or_ln238_1_fu_3159_p2            |        or|   0|  0|    2|           1|           1|
    |or_ln238_2_fu_3250_p2            |        or|   0|  0|    2|           1|           1|
    |or_ln238_3_fu_3282_p2            |        or|   0|  0|    2|           1|           1|
    |or_ln238_fu_2881_p2              |        or|   0|  0|    2|           1|           1|
    |or_ln352_fu_3540_p2              |        or|   0|  0|    2|           1|           1|
    |Range1_all_ones_2_i_fu_3143_p3   |    select|   0|  0|    2|           1|           1|
    |Range1_all_zeros_2_i_fu_3151_p3  |    select|   0|  0|    2|           1|           1|
    |Range2_all_ones_1_i_fu_3088_p3   |    select|   0|  0|    2|           1|           1|
    |cond190_i_fu_3170_p3             |    select|   0|  0|    2|           1|           1|
    |cond45_i_i_fu_3593_p3            |    select|   0|  0|   64|           1|          64|
    |cond63_i_fu_2834_p3              |    select|   0|  0|    2|           1|           1|
    |empty_49_fu_3675_p3              |    select|   0|  0|   32|           1|           1|
    |ref_tmp_i_i_fu_3017_p6           |    select|   0|  0|   17|           1|          17|
    |select_ln218_10_fu_1536_p3       |    select|   0|  0|   17|           1|          17|
    |select_ln218_11_fu_1544_p3       |    select|   0|  0|   17|           1|          17|
    |select_ln218_12_fu_1552_p3       |    select|   0|  0|   17|           1|          17|
    |select_ln218_13_fu_1560_p3       |    select|   0|  0|   17|           1|          17|
    |select_ln218_14_fu_1568_p3       |    select|   0|  0|   17|           1|          17|
    |select_ln218_15_fu_1576_p3       |    select|   0|  0|   17|           1|          17|
    |select_ln218_16_fu_1584_p3       |    select|   0|  0|   17|           1|          17|
    |select_ln218_17_fu_1592_p3       |    select|   0|  0|   17|           1|          17|
    |select_ln218_18_fu_1600_p3       |    select|   0|  0|   17|           1|          17|
    |select_ln218_19_fu_1608_p3       |    select|   0|  0|   17|           1|          17|
    |select_ln218_1_fu_1464_p3        |    select|   0|  0|   17|           1|          17|
    |select_ln218_20_fu_1616_p3       |    select|   0|  0|   17|           1|          17|
    |select_ln218_21_fu_1624_p3       |    select|   0|  0|   17|           1|          17|
    |select_ln218_22_fu_1632_p3       |    select|   0|  0|   17|           1|          17|
    |select_ln218_23_fu_1640_p3       |    select|   0|  0|   17|           1|          17|
    |select_ln218_24_fu_1648_p3       |    select|   0|  0|   17|           1|          17|
    |select_ln218_25_fu_1656_p3       |    select|   0|  0|   17|           1|          17|
    |select_ln218_26_fu_1664_p3       |    select|   0|  0|   17|           1|          17|
    |select_ln218_27_fu_1672_p3       |    select|   0|  0|   17|           1|          17|
    |select_ln218_28_fu_1680_p3       |    select|   0|  0|   17|           1|          17|
    |select_ln218_29_fu_1688_p3       |    select|   0|  0|   17|           1|          17|
    |select_ln218_2_fu_1472_p3        |    select|   0|  0|   17|           1|          17|
    |select_ln218_30_fu_1696_p3       |    select|   0|  0|   17|           1|          17|
    |select_ln218_31_fu_1704_p3       |    select|   0|  0|   17|           1|          17|
    |select_ln218_32_fu_1712_p3       |    select|   0|  0|   17|           1|          17|
    |select_ln218_33_fu_1720_p3       |    select|   0|  0|   17|           1|          17|
    |select_ln218_34_fu_1728_p3       |    select|   0|  0|   17|           1|          17|
    |select_ln218_35_fu_1736_p3       |    select|   0|  0|   17|           1|          17|
    |select_ln218_36_fu_1744_p3       |    select|   0|  0|   17|           1|          17|
    |select_ln218_37_fu_1752_p3       |    select|   0|  0|   17|           1|          17|
    |select_ln218_38_fu_1760_p3       |    select|   0|  0|   17|           1|          17|
    |select_ln218_39_fu_1768_p3       |    select|   0|  0|   17|           1|          17|
    |select_ln218_3_fu_1480_p3        |    select|   0|  0|   17|           1|          17|
    |select_ln218_4_fu_1488_p3        |    select|   0|  0|   17|           1|          17|
    |select_ln218_5_fu_1496_p3        |    select|   0|  0|   17|           1|          17|
    |select_ln218_6_fu_1504_p3        |    select|   0|  0|   17|           1|          17|
    |select_ln218_7_fu_1512_p3        |    select|   0|  0|   17|           1|          17|
    |select_ln218_8_fu_1520_p3        |    select|   0|  0|   17|           1|          17|
    |select_ln218_9_fu_1528_p3        |    select|   0|  0|   17|           1|          17|
    |select_ln218_fu_1456_p3          |    select|   0|  0|   17|           1|          17|
    |select_ln229_10_fu_2105_p3       |    select|   0|  0|   17|           1|          17|
    |select_ln229_11_fu_2113_p3       |    select|   0|  0|   17|           1|          17|
    |select_ln229_12_fu_2121_p3       |    select|   0|  0|   17|           1|          17|
    |select_ln229_13_fu_2129_p3       |    select|   0|  0|   17|           1|          17|
    |select_ln229_14_fu_2137_p3       |    select|   0|  0|   17|           1|          17|
    |select_ln229_15_fu_2145_p3       |    select|   0|  0|   17|           1|          17|
    |select_ln229_16_fu_2153_p3       |    select|   0|  0|   17|           1|          17|
    |select_ln229_17_fu_2161_p3       |    select|   0|  0|   17|           1|          17|
    |select_ln229_18_fu_2169_p3       |    select|   0|  0|   17|           1|          17|
    |select_ln229_19_fu_2177_p3       |    select|   0|  0|   17|           1|          17|
    |select_ln229_1_fu_2033_p3        |    select|   0|  0|   17|           1|          17|
    |select_ln229_20_fu_2185_p3       |    select|   0|  0|   17|           1|          17|
    |select_ln229_21_fu_2193_p3       |    select|   0|  0|   17|           1|          17|
    |select_ln229_22_fu_2201_p3       |    select|   0|  0|   17|           1|          17|
    |select_ln229_23_fu_2209_p3       |    select|   0|  0|   17|           1|          17|
    |select_ln229_24_fu_2217_p3       |    select|   0|  0|   17|           1|          17|
    |select_ln229_25_fu_2225_p3       |    select|   0|  0|   17|           1|          17|
    |select_ln229_26_fu_2233_p3       |    select|   0|  0|   17|           1|          17|
    |select_ln229_27_fu_2241_p3       |    select|   0|  0|   17|           1|          17|
    |select_ln229_28_fu_2249_p3       |    select|   0|  0|   17|           1|          17|
    |select_ln229_29_fu_2257_p3       |    select|   0|  0|   17|           1|          17|
    |select_ln229_2_fu_2041_p3        |    select|   0|  0|   17|           1|          17|
    |select_ln229_30_fu_2265_p3       |    select|   0|  0|   17|           1|          17|
    |select_ln229_31_fu_2273_p3       |    select|   0|  0|   17|           1|          17|
    |select_ln229_32_fu_2281_p3       |    select|   0|  0|   17|           1|          17|
    |select_ln229_33_fu_2289_p3       |    select|   0|  0|   17|           1|          17|
    |select_ln229_34_fu_2297_p3       |    select|   0|  0|   17|           1|          17|
    |select_ln229_35_fu_2305_p3       |    select|   0|  0|   17|           1|          17|
    |select_ln229_36_fu_2313_p3       |    select|   0|  0|   17|           1|          17|
    |select_ln229_37_fu_2321_p3       |    select|   0|  0|   17|           1|          17|
    |select_ln229_38_fu_2329_p3       |    select|   0|  0|   17|           1|          17|
    |select_ln229_39_fu_2337_p3       |    select|   0|  0|   17|           1|          17|
    |select_ln229_3_fu_2049_p3        |    select|   0|  0|   17|           1|          17|
    |select_ln229_4_fu_2057_p3        |    select|   0|  0|   17|           1|          17|
    |select_ln229_5_fu_2065_p3        |    select|   0|  0|   17|           1|          17|
    |select_ln229_6_fu_2073_p3        |    select|   0|  0|   17|           1|          17|
    |select_ln229_7_fu_2081_p3        |    select|   0|  0|   17|           1|          17|
    |select_ln229_8_fu_2089_p3        |    select|   0|  0|   17|           1|          17|
    |select_ln229_9_fu_2097_p3        |    select|   0|  0|   17|           1|          17|
    |select_ln229_fu_2025_p3          |    select|   0|  0|   17|           1|          17|
    |select_ln238_10_fu_2893_p3       |    select|   0|  0|    2|           1|           2|
    |select_ln238_1_fu_2700_p3        |    select|   0|  0|   11|           1|          11|
    |select_ln238_2_fu_2826_p3        |    select|   0|  0|   17|           1|          17|
    |select_ln238_4_fu_2807_p3        |    select|   0|  0|    2|           1|           2|
    |select_ln238_5_fu_3193_p3        |    select|   0|  0|    2|           1|           1|
    |select_ln238_7_fu_3128_p3        |    select|   0|  0|    2|           1|           1|
    |select_ln238_8_fu_3135_p3        |    select|   0|  0|    2|           1|           1|
    |select_ln238_9_fu_2844_p3        |    select|   0|  0|    6|           1|           1|
    |select_ln238_fu_2642_p3          |    select|   0|  0|   54|           1|          54|
    |select_ln344_fu_3391_p3          |    select|   0|  0|   33|           1|          31|
    |select_ln352_1_fu_3629_p3        |    select|   0|  0|    7|           1|           7|
    |select_ln352_fu_3427_p3          |    select|   0|  0|   32|           1|          32|
    |x_fu_3319_p4                     |    select|   0|  0|   18|           1|          16|
    |y_9_fu_3399_p3                   |    select|   0|  0|   32|           1|          32|
    |shl_ln238_fu_2958_p2             |       shl|   0|  0|   39|          17|          17|
    |shl_ln352_fu_3587_p2             |       shl|   0|  0|  182|          64|          64|
    |neg_src_0_i_fu_3219_p4           |       xor|   0|  0|    2|           2|           1|
    |not_icmp_ln238_10370_fu_3178_p2  |       xor|   0|  0|    2|           1|           2|
    |xor_ln218_fu_1450_p2             |       xor|   0|  0|    2|           1|           2|
    |xor_ln238_1_fu_3107_p2           |       xor|   0|  0|    2|           1|           2|
    |xor_ln238_2_fu_3000_p2           |       xor|   0|  0|    2|           1|           2|
    |xor_ln238_4_fu_3239_p2           |       xor|   0|  0|    2|           1|           2|
    |xor_ln238_5_fu_3255_p2           |       xor|   0|  0|    2|           1|           2|
    |xor_ln238_6_fu_3270_p2           |       xor|   0|  0|    2|           2|           1|
    |xor_ln238_7_fu_3296_p2           |       xor|   0|  0|    2|           1|           2|
    |xor_ln238_8_fu_3056_p2           |       xor|   0|  0|    2|           1|           2|
    |xor_ln238_9_fu_3082_p2           |       xor|   0|  0|    2|           1|           2|
    |xor_ln238_fu_2994_p2             |       xor|   0|  0|    2|           1|           2|
    |xor_ln344_1_fu_3385_p2           |       xor|   0|  0|    2|           1|           1|
    |xor_ln344_fu_3373_p2             |       xor|   0|  0|    2|           1|           2|
    |xor_ln352_fu_3521_p2             |       xor|   0|  0|    2|           1|           2|
    +---------------------------------+----------+----+---+-----+------------+------------+
    |Total                            |          |   0|  0| 4272|        1483|        2694|
    +---------------------------------+----------+----+---+-----+------------+------------+

    * Multiplexer: 
    +----------------------------+----+-----------+-----+-----------+
    |            Name            | LUT| Input Size| Bits| Total Bits|
    +----------------------------+----+-----------+-----+-----------+
    |ap_NS_fsm                   |  65|         16|    1|         16|
    |audio_in_TDATA_blk_n        |   9|          2|    1|          2|
    |audio_out_TDATA_blk_n       |   9|          2|    1|          2|
    |h_new_0_1_lcssa120_fu_598   |   9|          2|   17|         34|
    |h_new_10_1_lcssa130_fu_638  |   9|          2|   17|         34|
    |h_new_11_1_lcssa131_fu_642  |   9|          2|   17|         34|
    |h_new_12_1_lcssa132_fu_646  |   9|          2|   17|         34|
    |h_new_13_1_lcssa133_fu_650  |   9|          2|   17|         34|
    |h_new_14_1_lcssa134_fu_654  |   9|          2|   17|         34|
    |h_new_15_1_lcssa135_fu_658  |   9|          2|   17|         34|
    |h_new_16_1_lcssa136_fu_662  |   9|          2|   17|         34|
    |h_new_17_1_lcssa137_fu_666  |   9|          2|   17|         34|
    |h_new_18_1_lcssa138_fu_670  |   9|          2|   17|         34|
    |h_new_19_1_lcssa139_fu_674  |   9|          2|   17|         34|
    |h_new_1_1_lcssa121_fu_602   |   9|          2|   17|         34|
    |h_new_20_1_lcssa140_fu_678  |   9|          2|   17|         34|
    |h_new_21_1_lcssa141_fu_682  |   9|          2|   17|         34|
    |h_new_22_1_lcssa142_fu_686  |   9|          2|   17|         34|
    |h_new_23_1_lcssa143_fu_690  |   9|          2|   17|         34|
    |h_new_24_1_lcssa144_fu_694  |   9|          2|   17|         34|
    |h_new_25_1_lcssa145_fu_698  |   9|          2|   17|         34|
    |h_new_26_1_lcssa146_fu_702  |   9|          2|   17|         34|
    |h_new_27_1_lcssa147_fu_706  |   9|          2|   17|         34|
    |h_new_28_1_lcssa148_fu_710  |   9|          2|   17|         34|
    |h_new_29_1_lcssa149_fu_714  |   9|          2|   17|         34|
    |h_new_2_1_lcssa122_fu_606   |   9|          2|   17|         34|
    |h_new_30_1_lcssa150_fu_718  |   9|          2|   17|         34|
    |h_new_31_1_lcssa151_fu_722  |   9|          2|   17|         34|
    |h_new_32_1_lcssa152_fu_726  |   9|          2|   17|         34|
    |h_new_33_1_lcssa153_fu_730  |   9|          2|   17|         34|
    |h_new_34_1_lcssa154_fu_734  |   9|          2|   17|         34|
    |h_new_35_1_lcssa155_fu_738  |   9|          2|   17|         34|
    |h_new_36_1_lcssa156_fu_742  |   9|          2|   17|         34|
    |h_new_37_1_lcssa157_fu_746  |   9|          2|   17|         34|
    |h_new_38_1_lcssa158_fu_750  |   9|          2|   17|         34|
    |h_new_39_1_lcssa159_fu_754  |   9|          2|   17|         34|
    |h_new_3_1_lcssa123_fu_610   |   9|          2|   17|         34|
    |h_new_4_1_lcssa124_fu_614   |   9|          2|   17|         34|
    |h_new_5_1_lcssa125_fu_618   |   9|          2|   17|         34|
    |h_new_6_1_lcssa126_fu_622   |   9|          2|   17|         34|
    |h_new_7_1_lcssa127_fu_626   |   9|          2|   17|         34|
    |h_new_8_1_lcssa128_fu_630   |   9|          2|   17|         34|
    |h_new_9_1_lcssa129_fu_634   |   9|          2|   17|         34|
    |n_fu_594                    |   9|          2|   31|         62|
    +----------------------------+----+-----------+-----+-----------+
    |Total                       | 452|        102|  714|       1442|
    +----------------------------+----+-----------+-----+-----------+

    * Register: 
    +-----------------------------------------------------+----+----+-----+-----------+
    |                         Name                        | FF | LUT| Bits| Const Bits|
    +-----------------------------------------------------+----+----+-----+-----------+
    |Range1_all_ones_2_i_reg_4390                         |   1|   0|    1|          0|
    |Range1_all_zeros_2_i_reg_4396                        |   1|   0|    1|          0|
    |add_ln238_7_reg_4146                                 |  12|   0|   12|          0|
    |add_ln359_reg_3990                                   |  32|   0|   32|          0|
    |and_ln238_reg_4136                                   |   1|   0|    1|          0|
    |ap_CS_fsm                                            |  15|   0|   15|          0|
    |carry_1_i_reg_4377                                   |   1|   0|    1|          0|
    |deleted_ones_0_i_reg_4406                            |   1|   0|    1|          0|
    |empty_49_reg_4472                                    |  32|   0|   32|          0|
    |grp_gru_va_Pipeline_HIDDEN_LOOP_fu_806_ap_start_reg  |   1|   0|    1|          0|
    |h_new_0_1_lcssa120_fu_598                            |  17|   0|   17|          0|
    |h_new_0_1_lcssa120_load_reg_4172                     |  17|   0|   17|          0|
    |h_new_10_1_lcssa130_fu_638                           |  17|   0|   17|          0|
    |h_new_10_1_lcssa130_load_reg_4222                    |  17|   0|   17|          0|
    |h_new_11_1_lcssa131_fu_642                           |  17|   0|   17|          0|
    |h_new_11_1_lcssa131_load_reg_4227                    |  17|   0|   17|          0|
    |h_new_12_1_lcssa132_fu_646                           |  17|   0|   17|          0|
    |h_new_12_1_lcssa132_load_reg_4232                    |  17|   0|   17|          0|
    |h_new_13_1_lcssa133_fu_650                           |  17|   0|   17|          0|
    |h_new_13_1_lcssa133_load_reg_4237                    |  17|   0|   17|          0|
    |h_new_14_1_lcssa134_fu_654                           |  17|   0|   17|          0|
    |h_new_14_1_lcssa134_load_reg_4242                    |  17|   0|   17|          0|
    |h_new_15_1_lcssa135_fu_658                           |  17|   0|   17|          0|
    |h_new_15_1_lcssa135_load_reg_4247                    |  17|   0|   17|          0|
    |h_new_16_1_lcssa136_fu_662                           |  17|   0|   17|          0|
    |h_new_16_1_lcssa136_load_reg_4252                    |  17|   0|   17|          0|
    |h_new_17_1_lcssa137_fu_666                           |  17|   0|   17|          0|
    |h_new_17_1_lcssa137_load_reg_4257                    |  17|   0|   17|          0|
    |h_new_18_1_lcssa138_fu_670                           |  17|   0|   17|          0|
    |h_new_18_1_lcssa138_load_reg_4262                    |  17|   0|   17|          0|
    |h_new_19_1_lcssa139_fu_674                           |  17|   0|   17|          0|
    |h_new_19_1_lcssa139_load_reg_4267                    |  17|   0|   17|          0|
    |h_new_1_1_lcssa121_fu_602                            |  17|   0|   17|          0|
    |h_new_1_1_lcssa121_load_reg_4177                     |  17|   0|   17|          0|
    |h_new_20_1_lcssa140_fu_678                           |  17|   0|   17|          0|
    |h_new_20_1_lcssa140_load_reg_4272                    |  17|   0|   17|          0|
    |h_new_21_1_lcssa141_fu_682                           |  17|   0|   17|          0|
    |h_new_21_1_lcssa141_load_reg_4277                    |  17|   0|   17|          0|
    |h_new_22_1_lcssa142_fu_686                           |  17|   0|   17|          0|
    |h_new_22_1_lcssa142_load_reg_4282                    |  17|   0|   17|          0|
    |h_new_23_1_lcssa143_fu_690                           |  17|   0|   17|          0|
    |h_new_23_1_lcssa143_load_reg_4287                    |  17|   0|   17|          0|
    |h_new_24_1_lcssa144_fu_694                           |  17|   0|   17|          0|
    |h_new_24_1_lcssa144_load_reg_4292                    |  17|   0|   17|          0|
    |h_new_25_1_lcssa145_fu_698                           |  17|   0|   17|          0|
    |h_new_25_1_lcssa145_load_reg_4297                    |  17|   0|   17|          0|
    |h_new_26_1_lcssa146_fu_702                           |  17|   0|   17|          0|
    |h_new_26_1_lcssa146_load_reg_4302                    |  17|   0|   17|          0|
    |h_new_27_1_lcssa147_fu_706                           |  17|   0|   17|          0|
    |h_new_27_1_lcssa147_load_reg_4307                    |  17|   0|   17|          0|
    |h_new_28_1_lcssa148_fu_710                           |  17|   0|   17|          0|
    |h_new_28_1_lcssa148_load_reg_4312                    |  17|   0|   17|          0|
    |h_new_29_1_lcssa149_fu_714                           |  17|   0|   17|          0|
    |h_new_29_1_lcssa149_load_reg_4317                    |  17|   0|   17|          0|
    |h_new_2_1_lcssa122_fu_606                            |  17|   0|   17|          0|
    |h_new_2_1_lcssa122_load_reg_4182                     |  17|   0|   17|          0|
    |h_new_30_1_lcssa150_fu_718                           |  17|   0|   17|          0|
    |h_new_30_1_lcssa150_load_reg_4322                    |  17|   0|   17|          0|
    |h_new_31_1_lcssa151_fu_722                           |  17|   0|   17|          0|
    |h_new_31_1_lcssa151_load_reg_4327                    |  17|   0|   17|          0|
    |h_new_32_1_lcssa152_fu_726                           |  17|   0|   17|          0|
    |h_new_32_1_lcssa152_load_reg_4332                    |  17|   0|   17|          0|
    |h_new_33_1_lcssa153_fu_730                           |  17|   0|   17|          0|
    |h_new_33_1_lcssa153_load_reg_4337                    |  17|   0|   17|          0|
    |h_new_34_1_lcssa154_fu_734                           |  17|   0|   17|          0|
    |h_new_34_1_lcssa154_load_reg_4342                    |  17|   0|   17|          0|
    |h_new_35_1_lcssa155_fu_738                           |  17|   0|   17|          0|
    |h_new_35_1_lcssa155_load_reg_4347                    |  17|   0|   17|          0|
    |h_new_36_1_lcssa156_fu_742                           |  17|   0|   17|          0|
    |h_new_36_1_lcssa156_load_reg_4352                    |  17|   0|   17|          0|
    |h_new_37_1_lcssa157_fu_746                           |  17|   0|   17|          0|
    |h_new_37_1_lcssa157_load_reg_4357                    |  17|   0|   17|          0|
    |h_new_38_1_lcssa158_fu_750                           |  17|   0|   17|          0|
    |h_new_38_1_lcssa158_load_reg_4362                    |  17|   0|   17|          0|
    |h_new_39_1_lcssa159_fu_754                           |  17|   0|   17|          0|
    |h_new_39_1_lcssa159_load_reg_4367                    |  17|   0|   17|          0|
    |h_new_3_1_lcssa123_fu_610                            |  17|   0|   17|          0|
    |h_new_3_1_lcssa123_load_reg_4187                     |  17|   0|   17|          0|
    |h_new_4_1_lcssa124_fu_614                            |  17|   0|   17|          0|
    |h_new_4_1_lcssa124_load_reg_4192                     |  17|   0|   17|          0|
    |h_new_5_1_lcssa125_fu_618                            |  17|   0|   17|          0|
    |h_new_5_1_lcssa125_load_reg_4197                     |  17|   0|   17|          0|
    |h_new_6_1_lcssa126_fu_622                            |  17|   0|   17|          0|
    |h_new_6_1_lcssa126_load_reg_4202                     |  17|   0|   17|          0|
    |h_new_7_1_lcssa127_fu_626                            |  17|   0|   17|          0|
    |h_new_7_1_lcssa127_load_reg_4207                     |  17|   0|   17|          0|
    |h_new_8_1_lcssa128_fu_630                            |  17|   0|   17|          0|
    |h_new_8_1_lcssa128_load_reg_4212                     |  17|   0|   17|          0|
    |h_new_9_1_lcssa129_fu_634                            |  17|   0|   17|          0|
    |h_new_9_1_lcssa129_load_reg_4217                     |  17|   0|   17|          0|
    |h_state_0                                            |  17|   0|   17|          0|
    |h_state_1                                            |  17|   0|   17|          0|
    |h_state_10                                           |  17|   0|   17|          0|
    |h_state_11                                           |  17|   0|   17|          0|
    |h_state_12                                           |  17|   0|   17|          0|
    |h_state_13                                           |  17|   0|   17|          0|
    |h_state_14                                           |  17|   0|   17|          0|
    |h_state_15                                           |  17|   0|   17|          0|
    |h_state_16                                           |  17|   0|   17|          0|
    |h_state_17                                           |  17|   0|   17|          0|
    |h_state_18                                           |  17|   0|   17|          0|
    |h_state_19                                           |  17|   0|   17|          0|
    |h_state_2                                            |  17|   0|   17|          0|
    |h_state_20                                           |  17|   0|   17|          0|
    |h_state_21                                           |  17|   0|   17|          0|
    |h_state_22                                           |  17|   0|   17|          0|
    |h_state_23                                           |  17|   0|   17|          0|
    |h_state_24                                           |  17|   0|   17|          0|
    |h_state_25                                           |  17|   0|   17|          0|
    |h_state_26                                           |  17|   0|   17|          0|
    |h_state_27                                           |  17|   0|   17|          0|
    |h_state_28                                           |  17|   0|   17|          0|
    |h_state_29                                           |  17|   0|   17|          0|
    |h_state_3                                            |  17|   0|   17|          0|
    |h_state_30                                           |  17|   0|   17|          0|
    |h_state_31                                           |  17|   0|   17|          0|
    |h_state_32                                           |  17|   0|   17|          0|
    |h_state_33                                           |  17|   0|   17|          0|
    |h_state_34                                           |  17|   0|   17|          0|
    |h_state_35                                           |  17|   0|   17|          0|
    |h_state_36                                           |  17|   0|   17|          0|
    |h_state_37                                           |  17|   0|   17|          0|
    |h_state_38                                           |  17|   0|   17|          0|
    |h_state_39                                           |  17|   0|   17|          0|
    |h_state_4                                            |  17|   0|   17|          0|
    |h_state_5                                            |  17|   0|   17|          0|
    |h_state_6                                            |  17|   0|   17|          0|
    |h_state_7                                            |  17|   0|   17|          0|
    |h_state_8                                            |  17|   0|   17|          0|
    |h_state_9                                            |  17|   0|   17|          0|
    |icmp_ln211_reg_3694                                  |   1|   0|    1|          0|
    |icmp_ln238_10_reg_4101                               |   1|   0|    1|          0|
    |icmp_ln238_11_reg_4114                               |   1|   0|    1|          0|
    |icmp_ln238_1_reg_4061                                |   1|   0|    1|          0|
    |icmp_ln238_2_reg_4124                                |   1|   0|    1|          0|
    |icmp_ln238_4_reg_4081                                |   1|   0|    1|          0|
    |icmp_ln238_7_reg_4091                                |   1|   0|    1|          0|
    |icmp_ln238_9_reg_4141                                |   1|   0|    1|          0|
    |icmp_ln238_reg_4048                                  |   1|   0|    1|          0|
    |icmp_ln352_3_reg_4457                                |   1|   0|    1|          0|
    |icmp_ln352_reg_4417                                  |   1|   0|    1|          0|
    |icmp_ln359_reg_3998                                  |   1|   0|    1|          0|
    |lD_0_i_reg_4154                                      |   1|   0|    1|          0|
    |lshr_ln238_1_reg_4167                                |  54|   0|   54|          0|
    |lshr_ln238_reg_4161                                  |  54|   0|   54|          0|
    |lshr_ln352_reg_4462                                  |  64|   0|   64|          0|
    |n_fu_594                                             |  31|   0|   31|          0|
    |n_samples_read_reg_3682                              |  32|   0|   32|          0|
    |not_icmp_ln238_10370_reg_4401                        |   1|   0|    1|          0|
    |or_ln352_reg_4452                                    |   1|   0|    1|          0|
    |ref_tmp_i_i_reg_4372                                 |  17|   0|   17|          0|
    |select_ln238_1_reg_4067                              |  11|   0|   11|          0|
    |select_ln238_2_reg_4130                              |  17|   0|   17|          0|
    |select_ln238_reg_4041                                |  54|   0|   54|          0|
    |select_ln352_reg_4427                                |  32|   0|   32|          0|
    |shl_ln352_reg_4467                                   |  64|   0|   64|          0|
    |sub_ln238_1_reg_4054                                 |  12|   0|   12|          0|
    |sub_ln238_3_reg_4096                                 |   6|   0|    6|          0|
    |sub_ln352_1_reg_4440                                 |   6|   0|    6|          0|
    |sub_ln352_4_reg_4447                                 |   5|   0|    5|          0|
    |tmp_335_reg_4086                                     |   1|   0|    1|          0|
    |tmp_339_reg_4383                                     |   1|   0|    1|          0|
    |tmp_340_reg_4108                                     |   1|   0|    1|          0|
    |tmp_344_reg_4422                                     |   1|   0|    1|          0|
    |tmp_reg_4016                                         |   1|   0|    1|          0|
    |tmp_s_reg_4026                                       |  11|   0|   11|          0|
    |tobool_i_reg_4119                                    |   1|   0|    1|          0|
    |trunc_ln238_1_reg_4031                               |  52|   0|   52|          0|
    |trunc_ln238_5_reg_4075                               |  17|   0|   17|          0|
    |trunc_ln238_reg_4011                                 |  63|   0|   63|          0|
    |trunc_ln352_reg_4435                                 |   6|   0|    6|          0|
    |x_reg_4411                                           |  17|   0|   17|          0|
    |xor_ln218_reg_3985                                   |   1|   0|    1|          0|
    |zext_ln238_reg_4036                                  |  11|   0|   12|          1|
    +-----------------------------------------------------+----+----+-----+-----------+
    |Total                                                |2795|   0| 2796|          1|
    +-----------------------------------------------------+----+----+-----+-----------+



================================================================
== Interface
================================================================
* Summary: 
+----------------------+-----+-----+------------+--------------------+--------------+
|       RTL Ports      | Dir | Bits|  Protocol  |    Source Object   |    C Type    |
+----------------------+-----+-----+------------+--------------------+--------------+
|s_axi_CTRL_AWVALID    |   in|    1|       s_axi|                CTRL|        scalar|
|s_axi_CTRL_AWREADY    |  out|    1|       s_axi|                CTRL|        scalar|
|s_axi_CTRL_AWADDR     |   in|    6|       s_axi|                CTRL|        scalar|
|s_axi_CTRL_WVALID     |   in|    1|       s_axi|                CTRL|        scalar|
|s_axi_CTRL_WREADY     |  out|    1|       s_axi|                CTRL|        scalar|
|s_axi_CTRL_WDATA      |   in|   32|       s_axi|                CTRL|        scalar|
|s_axi_CTRL_WSTRB      |   in|    4|       s_axi|                CTRL|        scalar|
|s_axi_CTRL_ARVALID    |   in|    1|       s_axi|                CTRL|        scalar|
|s_axi_CTRL_ARREADY    |  out|    1|       s_axi|                CTRL|        scalar|
|s_axi_CTRL_ARADDR     |   in|    6|       s_axi|                CTRL|        scalar|
|s_axi_CTRL_RVALID     |  out|    1|       s_axi|                CTRL|        scalar|
|s_axi_CTRL_RREADY     |   in|    1|       s_axi|                CTRL|        scalar|
|s_axi_CTRL_RDATA      |  out|   32|       s_axi|                CTRL|        scalar|
|s_axi_CTRL_RRESP      |  out|    2|       s_axi|                CTRL|        scalar|
|s_axi_CTRL_BVALID     |  out|    1|       s_axi|                CTRL|        scalar|
|s_axi_CTRL_BREADY     |   in|    1|       s_axi|                CTRL|        scalar|
|s_axi_CTRL_BRESP      |  out|    2|       s_axi|                CTRL|        scalar|
|ap_clk                |   in|    1|  ap_ctrl_hs|              gru_va|  return value|
|ap_rst_n              |   in|    1|  ap_ctrl_hs|              gru_va|  return value|
|interrupt             |  out|    1|  ap_ctrl_hs|              gru_va|  return value|
|m_axi_gmem0_AWVALID   |  out|    1|       m_axi|               gmem0|       pointer|
|m_axi_gmem0_AWREADY   |   in|    1|       m_axi|               gmem0|       pointer|
|m_axi_gmem0_AWADDR    |  out|   64|       m_axi|               gmem0|       pointer|
|m_axi_gmem0_AWID      |  out|    1|       m_axi|               gmem0|       pointer|
|m_axi_gmem0_AWLEN     |  out|    8|       m_axi|               gmem0|       pointer|
|m_axi_gmem0_AWSIZE    |  out|    3|       m_axi|               gmem0|       pointer|
|m_axi_gmem0_AWBURST   |  out|    2|       m_axi|               gmem0|       pointer|
|m_axi_gmem0_AWLOCK    |  out|    2|       m_axi|               gmem0|       pointer|
|m_axi_gmem0_AWCACHE   |  out|    4|       m_axi|               gmem0|       pointer|
|m_axi_gmem0_AWPROT    |  out|    3|       m_axi|               gmem0|       pointer|
|m_axi_gmem0_AWQOS     |  out|    4|       m_axi|               gmem0|       pointer|
|m_axi_gmem0_AWREGION  |  out|    4|       m_axi|               gmem0|       pointer|
|m_axi_gmem0_AWUSER    |  out|    1|       m_axi|               gmem0|       pointer|
|m_axi_gmem0_WVALID    |  out|    1|       m_axi|               gmem0|       pointer|
|m_axi_gmem0_WREADY    |   in|    1|       m_axi|               gmem0|       pointer|
|m_axi_gmem0_WDATA     |  out|   32|       m_axi|               gmem0|       pointer|
|m_axi_gmem0_WSTRB     |  out|    4|       m_axi|               gmem0|       pointer|
|m_axi_gmem0_WLAST     |  out|    1|       m_axi|               gmem0|       pointer|
|m_axi_gmem0_WID       |  out|    1|       m_axi|               gmem0|       pointer|
|m_axi_gmem0_WUSER     |  out|    1|       m_axi|               gmem0|       pointer|
|m_axi_gmem0_ARVALID   |  out|    1|       m_axi|               gmem0|       pointer|
|m_axi_gmem0_ARREADY   |   in|    1|       m_axi|               gmem0|       pointer|
|m_axi_gmem0_ARADDR    |  out|   64|       m_axi|               gmem0|       pointer|
|m_axi_gmem0_ARID      |  out|    1|       m_axi|               gmem0|       pointer|
|m_axi_gmem0_ARLEN     |  out|    8|       m_axi|               gmem0|       pointer|
|m_axi_gmem0_ARSIZE    |  out|    3|       m_axi|               gmem0|       pointer|
|m_axi_gmem0_ARBURST   |  out|    2|       m_axi|               gmem0|       pointer|
|m_axi_gmem0_ARLOCK    |  out|    2|       m_axi|               gmem0|       pointer|
|m_axi_gmem0_ARCACHE   |  out|    4|       m_axi|               gmem0|       pointer|
|m_axi_gmem0_ARPROT    |  out|    3|       m_axi|               gmem0|       pointer|
|m_axi_gmem0_ARQOS     |  out|    4|       m_axi|               gmem0|       pointer|
|m_axi_gmem0_ARREGION  |  out|    4|       m_axi|               gmem0|       pointer|
|m_axi_gmem0_ARUSER    |  out|    1|       m_axi|               gmem0|       pointer|
|m_axi_gmem0_RVALID    |   in|    1|       m_axi|               gmem0|       pointer|
|m_axi_gmem0_RREADY    |  out|    1|       m_axi|               gmem0|       pointer|
|m_axi_gmem0_RDATA     |   in|   32|       m_axi|               gmem0|       pointer|
|m_axi_gmem0_RLAST     |   in|    1|       m_axi|               gmem0|       pointer|
|m_axi_gmem0_RID       |   in|    1|       m_axi|               gmem0|       pointer|
|m_axi_gmem0_RUSER     |   in|    1|       m_axi|               gmem0|       pointer|
|m_axi_gmem0_RRESP     |   in|    2|       m_axi|               gmem0|       pointer|
|m_axi_gmem0_BVALID    |   in|    1|       m_axi|               gmem0|       pointer|
|m_axi_gmem0_BREADY    |  out|    1|       m_axi|               gmem0|       pointer|
|m_axi_gmem0_BRESP     |   in|    2|       m_axi|               gmem0|       pointer|
|m_axi_gmem0_BID       |   in|    1|       m_axi|               gmem0|       pointer|
|m_axi_gmem0_BUSER     |   in|    1|       m_axi|               gmem0|       pointer|
|audio_in_TDATA        |   in|   32|        axis|   audio_in_V_data_V|       pointer|
|audio_in_TVALID       |   in|    1|        axis|   audio_in_V_last_V|       pointer|
|audio_in_TREADY       |  out|    1|        axis|   audio_in_V_last_V|       pointer|
|audio_in_TLAST        |   in|    1|        axis|   audio_in_V_last_V|       pointer|
|audio_in_TKEEP        |   in|    4|        axis|   audio_in_V_keep_V|       pointer|
|audio_in_TSTRB        |   in|    4|        axis|   audio_in_V_strb_V|       pointer|
|audio_out_TDATA       |  out|   32|        axis|  audio_out_V_data_V|       pointer|
|audio_out_TVALID      |  out|    1|        axis|  audio_out_V_last_V|       pointer|
|audio_out_TREADY      |   in|    1|        axis|  audio_out_V_last_V|       pointer|
|audio_out_TLAST       |  out|    1|        axis|  audio_out_V_last_V|       pointer|
|audio_out_TKEEP       |  out|    4|        axis|  audio_out_V_keep_V|       pointer|
|audio_out_TSTRB       |  out|    4|        axis|  audio_out_V_strb_V|       pointer|
+----------------------+-----+-----+------------+--------------------+--------------+

