

================================================================
== Vitis HLS Report for 'mac3'
================================================================
* Date:           Sat Aug  8 15:28:51 2026

* Version:        2025.2 (Build 6295257 on Nov 14 2025)
* Project:        b_rodent_mod
* Solution:       sol_rodent_mod_w12 (Vivado IP Flow Target)
* Product family: zynq
* Target device:  xc7z020-clg400-1


================================================================
== Performance Estimates
================================================================
+ Timing: 
    * Summary: 
    +--------+----------+----------+------------+
    |  Clock |  Target  | Estimated| Uncertainty|
    +--------+----------+----------+------------+
    |ap_clk  |  10.00 ns|  5.620 ns|     2.70 ns|
    +--------+----------+----------+------------+

+ Latency: 
    * Summary: 
    +---------+---------+----------+----------+-----+-----+---------+
    |  Latency (cycles) |  Latency (absolute) |  Interval | Pipeline|
    |   min   |   max   |    min   |    max   | min | max |   Type  |
    +---------+---------+----------+----------+-----+-----+---------+
    |        0|        0|      0 ns|      0 ns|    1|    1|      yes|
    +---------+---------+----------+----------+-----+-----+---------+

    + Detail: 
        * Instance: 
        N/A

        * Loop: 
        N/A



================================================================
== Utilization Estimates
================================================================
* Summary: 
+-----------------+---------+-----+--------+-------+-----+
|       Name      | BRAM_18K| DSP |   FF   |  LUT  | URAM|
+-----------------+---------+-----+--------+-------+-----+
|DSP              |        -|    -|       -|      -|    -|
|Expression       |        -|    -|       -|      -|    -|
|FIFO             |        -|    -|       -|      -|    -|
|Instance         |        -|    3|       0|     18|    -|
|Memory           |        -|    -|       -|      -|    -|
|Multiplexer      |        -|    -|       -|      -|    -|
|Register         |        -|    -|       -|      -|    -|
+-----------------+---------+-----+--------+-------+-----+
|Total            |        0|    3|       0|     18|    0|
+-----------------+---------+-----+--------+-------+-----+
|Available        |      280|  220|  106400|  53200|    0|
+-----------------+---------+-----+--------+-------+-----+
|Utilization (%)  |        0|    1|       0|     ~0|    0|
+-----------------+---------+-----+--------+-------+-----+

+ Detail: 
    * Instance: 
    +-----------------------+--------------------+---------+----+---+----+-----+
    |        Instance       |       Module       | BRAM_18K| DSP| FF| LUT| URAM|
    +-----------------------+--------------------+---------+----+---+----+-----+
    |mul_12s_12s_21_1_1_U1  |mul_12s_12s_21_1_1  |        0|   1|  0|   6|    0|
    |mul_12s_12s_21_1_1_U3  |mul_12s_12s_21_1_1  |        0|   1|  0|   6|    0|
    |mul_12s_12s_22_1_1_U2  |mul_12s_12s_22_1_1  |        0|   1|  0|   6|    0|
    +-----------------------+--------------------+---------+----+---+----+-----+
    |Total                  |                    |        0|   3|  0|  18|    0|
    +-----------------------+--------------------+---------+----+---+----+-----+

    * DSP: 
    N/A

    * Memory: 
    N/A

    * FIFO: 
    N/A

    * Expression: 
    N/A

    * Multiplexer: 
    N/A

    * Register: 
    N/A



================================================================
== Interface
================================================================
* Summary: 
+-------------+-----+-----+------------+--------------+--------------+
|  RTL Ports  | Dir | Bits|  Protocol  | Source Object|    C Type    |
+-------------+-----+-----+------------+--------------+--------------+
|ap_ready     |  out|    1|  ap_ctrl_hs|          mac3|  return value|
|ap_return_0  |  out|   32|  ap_ctrl_hs|          mac3|  return value|
|ap_return_1  |  out|   32|  ap_ctrl_hs|          mac3|  return value|
|ap_return_2  |  out|   32|  ap_ctrl_hs|          mac3|  return value|
|ap_rst       |   in|    1|  ap_ctrl_hs|          mac3|  return value|
|wr           |   in|   12|     ap_none|            wr|        scalar|
|wz           |   in|   12|     ap_none|            wz|        scalar|
|wn           |   in|   12|     ap_none|            wn|        scalar|
|h            |   in|   12|     ap_none|             h|        scalar|
+-------------+-----+-----+------------+--------------+--------------+

