

================================================================
== Vitis HLS Report for 'gru_va'
================================================================
* Date:           Sat Aug  8 14:58:53 2026

* Version:        2025.2 (Build 6295257 on Nov 14 2025)
* Project:        b_rodent_max
* Solution:       sol_rodent_max_w18 (Vivado IP Flow Target)
* Product family: zynq
* Target device:  xc7z020-clg400-1


================================================================
== Performance Estimates
================================================================
+ Timing: 
    * Summary: 
    +--------+----------+----------+------------+
    |  Clock |  Target  | Estimated| Uncertainty|
    +--------+----------+----------+------------+
    |ap_clk  |  10.00 ns|  7.268 ns|     2.70 ns|
    +--------+----------+----------+------------+

+ Latency: 
    * Summary: 
    +---------+---------+----------+----------+-----+-----+---------+
    |  Latency (cycles) |  Latency (absolute) |  Interval | Pipeline|
    |   min   |   max   |    min   |    max   | min | max |   Type  |
    +---------+---------+----------+----------+-----+-----+---------+
    |        ?|        ?|         ?|         ?|    ?|    ?|       no|
    +---------+---------+----------+----------+-----+-----+---------+

    + Detail: 
        * Instance: 
        +----------------------------------------+-----------------------------+---------+---------+----------+----------+-----+-----+-------------------+
        |                                        |                             |  Latency (cycles) |  Latency (absolute) |  Interval |      Pipeline     |
        |                Instance                |            Module           |   min   |   max   |    min   |    max   | min | max |        Type       |
        +----------------------------------------+-----------------------------+---------+---------+----------+----------+-----+-----+-------------------+
        |grp_gru_va_Pipeline_HIDDEN_LOOP_fu_804  |gru_va_Pipeline_HIDDEN_LOOP  |      131|      131|  1.310 us|  1.310 us|    0|    0|  loop pipeline stp|
        +----------------------------------------+-----------------------------+---------+---------+----------+----------+-----+-----+-------------------+

        * Loop: 
        +---------------+---------+---------+----------+-----------+-----------+------+----------+
        |               |  Latency (cycles) | Iteration|  Initiation Interval  | Trip |          |
        |   Loop Name   |   min   |   max   |  Latency |  achieved |   target  | Count| Pipelined|
        +---------------+---------+---------+----------+-----------+-----------+------+----------+
        |- SAMPLE_LOOP  |        ?|        ?|       145|          -|          -|     ?|        no|
        +---------------+---------+---------+----------+-----------+-----------+------+----------+



================================================================
== Utilization Estimates
================================================================
* Summary: 
+-----------------+---------+-----+--------+-------+-----+
|       Name      | BRAM_18K| DSP |   FF   |  LUT  | URAM|
+-----------------+---------+-----+--------+-------+-----+
|DSP              |        -|    -|       -|      -|    -|
|Expression       |        -|    -|       0|   4357|    -|
|FIFO             |        -|    -|       -|      -|    -|
|Instance         |        4|   72|   22140|  32162|    -|
|Memory           |        -|    -|       -|      -|    -|
|Multiplexer      |        -|    -|       0|    452|    -|
|Register         |        -|    -|    2919|      -|    -|
+-----------------+---------+-----+--------+-------+-----+
|Total            |        4|   72|   25059|  36971|    0|
+-----------------+---------+-----+--------+-------+-----+
|Available        |      280|  220|  106400|  53200|    0|
+-----------------+---------+-----+--------+-------+-----+
|Utilization (%)  |        1|   32|      23|     69|    0|
+-----------------+---------+-----+--------+-------+-----+

+ Detail: 
    * Instance: 
    +----------------------------------------+------------------------------+---------+----+-------+-------+-----+
    |                Instance                |            Module            | BRAM_18K| DSP|   FF  |  LUT  | URAM|
    +----------------------------------------+------------------------------+---------+----+-------+-------+-----+
    |CTRL_s_axi_U                            |CTRL_s_axi                    |        0|   0|    220|    360|    0|
    |bitselect_1ns_32ns_5ns_1_1_1_U260       |bitselect_1ns_32ns_5ns_1_1_1  |        0|   0|      0|      9|    0|
    |bitselect_1ns_54ns_6ns_1_1_1_U254       |bitselect_1ns_54ns_6ns_1_1_1  |        0|   0|      0|     17|    0|
    |bitselect_1ns_54ns_6ns_1_1_1_U255       |bitselect_1ns_54ns_6ns_1_1_1  |        0|   0|      0|     17|    0|
    |ctlz_32_32_1_1_U259                     |ctlz_32_32_1_1                |        0|   0|      0|     44|    0|
    |fpext_32ns_64_2_no_dsp_1_U253           |fpext_32ns_64_2_no_dsp_1      |        0|   0|      0|      0|    0|
    |grp_gru_va_Pipeline_HIDDEN_LOOP_fu_804  |gru_va_Pipeline_HIDDEN_LOOP   |        4|  72|  21920|  31688|    0|
    |sparsemux_7_2_18_1_1_U256               |sparsemux_7_2_18_1_1          |        0|   0|      0|      9|    0|
    |sparsemux_7_2_18_1_1_U258               |sparsemux_7_2_18_1_1          |        0|   0|      0|      9|    0|
    |sparsemux_7_2_1_1_1_U257                |sparsemux_7_2_1_1_1           |        0|   0|      0|      9|    0|
    +----------------------------------------+------------------------------+---------+----+-------+-------+-----+
    |Total                                   |                              |        4|  72|  22140|  32162|    0|
    +----------------------------------------+------------------------------+---------+----+-------+-------+-----+

    * DSP: 
    N/A

    * Memory: 
    N/A

    * FIFO: 
    N/A

    * Expression: 
    +---------------------------------+----------+----+---+-----+------------+------------+
    |          Variable Name          | Operation| DSP| FF| LUT | Bitwidth P0| Bitwidth P1|
    +---------------------------------+----------+----+---+-----+------------+------------+
    |add_ln238_1_fu_2672_p2           |         +|   0|  0|   12|          12|           6|
    |add_ln238_3_fu_2720_p2           |         +|   0|  0|   12|          12|           6|
    |add_ln238_4_fu_2969_p2           |         +|   0|  0|   25|          18|          18|
    |add_ln238_5_fu_2888_p2           |         +|   0|  0|   12|          12|          12|
    |add_ln238_6_fu_2742_p2           |         +|   0|  0|   12|          12|           2|
    |add_ln238_7_fu_2910_p2           |         +|   0|  0|   12|          12|           2|
    |add_ln238_fu_2780_p2             |         +|   0|  0|   12|          12|          11|
    |add_ln344_fu_3335_p2             |         +|   0|  0|   40|          33|          18|
    |add_ln352_1_fu_3543_p2           |         +|   0|  0|   14|           6|           6|
    |add_ln352_2_fu_3589_p2           |         +|   0|  0|   71|          64|          64|
    |add_ln352_3_fu_3634_p2           |         +|   0|  0|   15|           8|           8|
    |add_ln352_fu_3450_p2             |         +|   0|  0|   14|           6|           6|
    |add_ln359_fu_1774_p2             |         +|   0|  0|   39|          32|           2|
    |n_2_fu_1997_p2                   |         +|   0|  0|   38|          31|           1|
    |tmp_334_fu_2712_p2               |         +|   0|  0|   14|           6|           6|
    |sub_ln238_1_fu_2652_p2           |         -|   0|  0|   12|          11|          12|
    |sub_ln238_2_fu_2682_p2           |         -|   0|  0|   12|           5|          11|
    |sub_ln238_3_fu_2736_p2           |         -|   0|  0|   14|           5|           6|
    |sub_ln238_fu_2634_p2             |         -|   0|  0|   61|           1|          54|
    |sub_ln352_1_fu_3434_p2           |         -|   0|  0|   14|           7|           6|
    |sub_ln352_2_fu_3562_p2           |         -|   0|  0|   14|           5|           6|
    |sub_ln352_3_fu_3625_p2           |         -|   0|  0|   14|           4|           6|
    |sub_ln352_4_fu_3444_p2           |         -|   0|  0|   13|           4|           5|
    |sub_ln352_fu_3409_p2             |         -|   0|  0|   39|           1|          32|
    |pi_assign_fu_3647_p5             |      1003|   0|  0|    2|          64|           9|
    |and_ln238_10_fu_3264_p2          |       and|   0|  0|    2|           1|           1|
    |and_ln238_11_fu_3024_p2          |       and|   0|  0|    2|           1|           1|
    |and_ln238_12_fu_3196_p2          |       and|   0|  0|    2|           1|           1|
    |and_ln238_13_fu_3233_p2          |       and|   0|  0|    2|           1|           1|
    |and_ln238_14_fu_3289_p2          |       and|   0|  0|    2|           1|           1|
    |and_ln238_15_fu_3295_p2          |       and|   0|  0|    2|           1|           1|
    |and_ln238_16_fu_2848_p2          |       and|   0|  0|   54|          54|          54|
    |and_ln238_1_fu_2993_p2           |       and|   0|  0|    2|           1|           1|
    |and_ln238_3_fu_3084_p2           |       and|   0|  0|    2|           1|           1|
    |and_ln238_4_fu_3090_p2           |       and|   0|  0|    2|           1|           1|
    |and_ln238_5_fu_3105_p2           |       and|   0|  0|    2|           1|           1|
    |and_ln238_6_fu_3152_p2           |       and|   0|  0|    2|           1|           1|
    |and_ln238_7_fu_3186_p2           |       and|   0|  0|    2|           1|           1|
    |and_ln238_8_fu_3248_p2           |       and|   0|  0|    2|           1|           1|
    |and_ln238_9_fu_3254_p2           |       and|   0|  0|    2|           1|           1|
    |and_ln238_fu_2875_p2             |       and|   0|  0|    2|           1|           1|
    |and_ln344_fu_3367_p2             |       and|   0|  0|    2|           1|           1|
    |and_ln352_1_fu_3484_p2           |       and|   0|  0|   32|          32|          32|
    |and_ln352_fu_3522_p2             |       and|   0|  0|    2|           1|           1|
    |carry_1_i_fu_3030_p2             |       and|   0|  0|    2|           1|           1|
    |cond85_i_fu_2859_p2              |       and|   0|  0|    2|           1|           1|
    |lD_0_i_fu_2915_p2                |       and|   0|  0|    2|           1|           1|
    |neg_src_0_i_fu_3207_p2           |       and|   0|  0|    2|           1|           1|
    |phi_ln352_fu_3495_p2             |       and|   0|  0|    2|           1|           1|
    |ashr_ln238_fu_2805_p2            |      ashr|   0|  0|  161|          54|          54|
    |icmp_ln211_fu_1276_p2            |      icmp|   0|  0|   39|          32|           1|
    |icmp_ln218_fu_1282_p2            |      icmp|   0|  0|   39|          32|           1|
    |icmp_ln229_1_fu_2013_p2          |      icmp|   0|  0|   39|          32|           1|
    |icmp_ln229_fu_1992_p2            |      icmp|   0|  0|   39|          32|          32|
    |icmp_ln238_10_fu_2752_p2         |      icmp|   0|  0|   12|          12|           6|
    |icmp_ln238_11_fu_2766_p2         |      icmp|   0|  0|   12|          12|           6|
    |icmp_ln238_12_fu_3049_p2         |      icmp|   0|  0|   12|          12|           6|
    |icmp_ln238_13_fu_3054_p2         |      icmp|   0|  0|   12|          12|           6|
    |icmp_ln238_14_fu_3059_p2         |      icmp|   0|  0|   61|          54|          54|
    |icmp_ln238_15_fu_3100_p2         |      icmp|   0|  0|   61|          54|           1|
    |icmp_ln238_16_fu_3111_p2         |      icmp|   0|  0|   12|          12|           6|
    |icmp_ln238_1_fu_2666_p2          |      icmp|   0|  0|   12|          12|           5|
    |icmp_ln238_2_fu_2785_p2          |      icmp|   0|  0|   12|          12|           5|
    |icmp_ln238_3_fu_2790_p2          |      icmp|   0|  0|   12|          11|           6|
    |icmp_ln238_4_fu_2700_p2          |      icmp|   0|  0|   12|          12|           6|
    |icmp_ln238_5_fu_2938_p2          |      icmp|   0|  0|   12|          11|           5|
    |icmp_ln238_6_fu_2827_p2          |      icmp|   0|  0|   12|          12|           5|
    |icmp_ln238_7_fu_2730_p2          |      icmp|   0|  0|   12|          12|           6|
    |icmp_ln238_8_fu_2853_p2          |      icmp|   0|  0|   61|          54|           1|
    |icmp_ln238_9_fu_2904_p2          |      icmp|   0|  0|   12|          11|           1|
    |icmp_ln238_fu_2647_p2            |      icmp|   0|  0|   70|          63|           1|
    |icmp_ln352_1_fu_3469_p2          |      icmp|   0|  0|   13|           5|           1|
    |icmp_ln352_2_fu_3489_p2          |      icmp|   0|  0|   39|          32|           1|
    |icmp_ln352_3_fu_3537_p2          |      icmp|   0|  0|   14|           6|           1|
    |icmp_ln352_fu_3395_p2            |      icmp|   0|  0|   39|          32|           1|
    |icmp_ln359_fu_2003_p2            |      icmp|   0|  0|   39|          32|          32|
    |lshr_ln238_1_fu_2932_p2          |      lshr|   0|  0|  161|           2|          54|
    |lshr_ln238_2_fu_2842_p2          |      lshr|   0|  0|  161|           2|          54|
    |lshr_ln238_fu_2927_p2            |      lshr|   0|  0|  161|          54|          54|
    |lshr_ln352_2_fu_3478_p2          |      lshr|   0|  0|  100|           2|          32|
    |lshr_ln352_fu_3556_p2            |      lshr|   0|  0|  182|          64|          64|
    |deleted_ones_0_i_fu_3171_p2      |        or|   0|  0|    2|           1|           1|
    |or_ln229_fu_2018_p2              |        or|   0|  0|    2|           1|           1|
    |or_ln238_1_fu_3147_p2            |        or|   0|  0|    2|           1|           1|
    |or_ln238_2_fu_3238_p2            |        or|   0|  0|    2|           1|           1|
    |or_ln238_3_fu_3270_p2            |        or|   0|  0|    2|           1|           1|
    |or_ln238_fu_2869_p2              |        or|   0|  0|    2|           1|           1|
    |or_ln352_fu_3528_p2              |        or|   0|  0|    2|           1|           1|
    |Range1_all_ones_2_i_fu_3131_p3   |    select|   0|  0|    2|           1|           1|
    |Range1_all_zeros_2_i_fu_3139_p3  |    select|   0|  0|    2|           1|           1|
    |Range2_all_ones_1_i_fu_3076_p3   |    select|   0|  0|    2|           1|           1|
    |cond190_i_fu_3158_p3             |    select|   0|  0|    2|           1|           1|
    |cond45_i_i_fu_3581_p3            |    select|   0|  0|   64|           1|          64|
    |cond63_i_fu_2822_p3              |    select|   0|  0|    2|           1|           1|
    |empty_49_fu_3663_p3              |    select|   0|  0|   32|           1|           1|
    |ref_tmp_i_i_fu_3005_p6           |    select|   0|  0|   18|           1|          18|
    |select_ln218_10_fu_1534_p3       |    select|   0|  0|   18|           1|          18|
    |select_ln218_11_fu_1542_p3       |    select|   0|  0|   18|           1|          18|
    |select_ln218_12_fu_1550_p3       |    select|   0|  0|   18|           1|          18|
    |select_ln218_13_fu_1558_p3       |    select|   0|  0|   18|           1|          18|
    |select_ln218_14_fu_1566_p3       |    select|   0|  0|   18|           1|          18|
    |select_ln218_15_fu_1574_p3       |    select|   0|  0|   18|           1|          18|
    |select_ln218_16_fu_1582_p3       |    select|   0|  0|   18|           1|          18|
    |select_ln218_17_fu_1590_p3       |    select|   0|  0|   18|           1|          18|
    |select_ln218_18_fu_1598_p3       |    select|   0|  0|   18|           1|          18|
    |select_ln218_19_fu_1606_p3       |    select|   0|  0|   18|           1|          18|
    |select_ln218_1_fu_1462_p3        |    select|   0|  0|   18|           1|          18|
    |select_ln218_20_fu_1614_p3       |    select|   0|  0|   18|           1|          18|
    |select_ln218_21_fu_1622_p3       |    select|   0|  0|   18|           1|          18|
    |select_ln218_22_fu_1630_p3       |    select|   0|  0|   18|           1|          18|
    |select_ln218_23_fu_1638_p3       |    select|   0|  0|   18|           1|          18|
    |select_ln218_24_fu_1646_p3       |    select|   0|  0|   18|           1|          18|
    |select_ln218_25_fu_1654_p3       |    select|   0|  0|   18|           1|          18|
    |select_ln218_26_fu_1662_p3       |    select|   0|  0|   18|           1|          18|
    |select_ln218_27_fu_1670_p3       |    select|   0|  0|   18|           1|          18|
    |select_ln218_28_fu_1678_p3       |    select|   0|  0|   18|           1|          18|
    |select_ln218_29_fu_1686_p3       |    select|   0|  0|   18|           1|          18|
    |select_ln218_2_fu_1470_p3        |    select|   0|  0|   18|           1|          18|
    |select_ln218_30_fu_1694_p3       |    select|   0|  0|   18|           1|          18|
    |select_ln218_31_fu_1702_p3       |    select|   0|  0|   18|           1|          18|
    |select_ln218_32_fu_1710_p3       |    select|   0|  0|   18|           1|          18|
    |select_ln218_33_fu_1718_p3       |    select|   0|  0|   18|           1|          18|
    |select_ln218_34_fu_1726_p3       |    select|   0|  0|   18|           1|          18|
    |select_ln218_35_fu_1734_p3       |    select|   0|  0|   18|           1|          18|
    |select_ln218_36_fu_1742_p3       |    select|   0|  0|   18|           1|          18|
    |select_ln218_37_fu_1750_p3       |    select|   0|  0|   18|           1|          18|
    |select_ln218_38_fu_1758_p3       |    select|   0|  0|   18|           1|          18|
    |select_ln218_39_fu_1766_p3       |    select|   0|  0|   18|           1|          18|
    |select_ln218_3_fu_1478_p3        |    select|   0|  0|   18|           1|          18|
    |select_ln218_4_fu_1486_p3        |    select|   0|  0|   18|           1|          18|
    |select_ln218_5_fu_1494_p3        |    select|   0|  0|   18|           1|          18|
    |select_ln218_6_fu_1502_p3        |    select|   0|  0|   18|           1|          18|
    |select_ln218_7_fu_1510_p3        |    select|   0|  0|   18|           1|          18|
    |select_ln218_8_fu_1518_p3        |    select|   0|  0|   18|           1|          18|
    |select_ln218_9_fu_1526_p3        |    select|   0|  0|   18|           1|          18|
    |select_ln218_fu_1454_p3          |    select|   0|  0|   18|           1|          18|
    |select_ln229_10_fu_2103_p3       |    select|   0|  0|   18|           1|          18|
    |select_ln229_11_fu_2111_p3       |    select|   0|  0|   18|           1|          18|
    |select_ln229_12_fu_2119_p3       |    select|   0|  0|   18|           1|          18|
    |select_ln229_13_fu_2127_p3       |    select|   0|  0|   18|           1|          18|
    |select_ln229_14_fu_2135_p3       |    select|   0|  0|   18|           1|          18|
    |select_ln229_15_fu_2143_p3       |    select|   0|  0|   18|           1|          18|
    |select_ln229_16_fu_2151_p3       |    select|   0|  0|   18|           1|          18|
    |select_ln229_17_fu_2159_p3       |    select|   0|  0|   18|           1|          18|
    |select_ln229_18_fu_2167_p3       |    select|   0|  0|   18|           1|          18|
    |select_ln229_19_fu_2175_p3       |    select|   0|  0|   18|           1|          18|
    |select_ln229_1_fu_2031_p3        |    select|   0|  0|   18|           1|          18|
    |select_ln229_20_fu_2183_p3       |    select|   0|  0|   18|           1|          18|
    |select_ln229_21_fu_2191_p3       |    select|   0|  0|   18|           1|          18|
    |select_ln229_22_fu_2199_p3       |    select|   0|  0|   18|           1|          18|
    |select_ln229_23_fu_2207_p3       |    select|   0|  0|   18|           1|          18|
    |select_ln229_24_fu_2215_p3       |    select|   0|  0|   18|           1|          18|
    |select_ln229_25_fu_2223_p3       |    select|   0|  0|   18|           1|          18|
    |select_ln229_26_fu_2231_p3       |    select|   0|  0|   18|           1|          18|
    |select_ln229_27_fu_2239_p3       |    select|   0|  0|   18|           1|          18|
    |select_ln229_28_fu_2247_p3       |    select|   0|  0|   18|           1|          18|
    |select_ln229_29_fu_2255_p3       |    select|   0|  0|   18|           1|          18|
    |select_ln229_2_fu_2039_p3        |    select|   0|  0|   18|           1|          18|
    |select_ln229_30_fu_2263_p3       |    select|   0|  0|   18|           1|          18|
    |select_ln229_31_fu_2271_p3       |    select|   0|  0|   18|           1|          18|
    |select_ln229_32_fu_2279_p3       |    select|   0|  0|   18|           1|          18|
    |select_ln229_33_fu_2287_p3       |    select|   0|  0|   18|           1|          18|
    |select_ln229_34_fu_2295_p3       |    select|   0|  0|   18|           1|          18|
    |select_ln229_35_fu_2303_p3       |    select|   0|  0|   18|           1|          18|
    |select_ln229_36_fu_2311_p3       |    select|   0|  0|   18|           1|          18|
    |select_ln229_37_fu_2319_p3       |    select|   0|  0|   18|           1|          18|
    |select_ln229_38_fu_2327_p3       |    select|   0|  0|   18|           1|          18|
    |select_ln229_39_fu_2335_p3       |    select|   0|  0|   18|           1|          18|
    |select_ln229_3_fu_2047_p3        |    select|   0|  0|   18|           1|          18|
    |select_ln229_4_fu_2055_p3        |    select|   0|  0|   18|           1|          18|
    |select_ln229_5_fu_2063_p3        |    select|   0|  0|   18|           1|          18|
    |select_ln229_6_fu_2071_p3        |    select|   0|  0|   18|           1|          18|
    |select_ln229_7_fu_2079_p3        |    select|   0|  0|   18|           1|          18|
    |select_ln229_8_fu_2087_p3        |    select|   0|  0|   18|           1|          18|
    |select_ln229_9_fu_2095_p3        |    select|   0|  0|   18|           1|          18|
    |select_ln229_fu_2023_p3          |    select|   0|  0|   18|           1|          18|
    |select_ln238_10_fu_2881_p3       |    select|   0|  0|    2|           1|           2|
    |select_ln238_1_fu_2688_p3        |    select|   0|  0|   11|           1|          11|
    |select_ln238_2_fu_2814_p3        |    select|   0|  0|   18|           1|          18|
    |select_ln238_4_fu_2795_p3        |    select|   0|  0|    2|           1|           2|
    |select_ln238_5_fu_3181_p3        |    select|   0|  0|    2|           1|           1|
    |select_ln238_7_fu_3116_p3        |    select|   0|  0|    2|           1|           1|
    |select_ln238_8_fu_3123_p3        |    select|   0|  0|    2|           1|           1|
    |select_ln238_9_fu_2832_p3        |    select|   0|  0|    6|           1|           1|
    |select_ln238_fu_2640_p3          |    select|   0|  0|   54|           1|          54|
    |select_ln344_fu_3379_p3          |    select|   0|  0|   33|           1|          31|
    |select_ln352_1_fu_3617_p3        |    select|   0|  0|    7|           1|           7|
    |select_ln352_fu_3415_p3          |    select|   0|  0|   32|           1|          32|
    |x_fu_3307_p4                     |    select|   0|  0|   19|           1|          17|
    |y_9_fu_3387_p3                   |    select|   0|  0|   32|           1|          32|
    |shl_ln238_fu_2946_p2             |       shl|   0|  0|   43|          18|          18|
    |shl_ln352_fu_3575_p2             |       shl|   0|  0|  182|          64|          64|
    |neg_src_0_i_fu_3207_p4           |       xor|   0|  0|    2|           2|           1|
    |not_icmp_ln238_10369_fu_3166_p2  |       xor|   0|  0|    2|           1|           2|
    |xor_ln218_fu_1448_p2             |       xor|   0|  0|    2|           1|           2|
    |xor_ln238_1_fu_3095_p2           |       xor|   0|  0|    2|           1|           2|
    |xor_ln238_2_fu_2988_p2           |       xor|   0|  0|    2|           1|           2|
    |xor_ln238_4_fu_3227_p2           |       xor|   0|  0|    2|           1|           2|
    |xor_ln238_5_fu_3243_p2           |       xor|   0|  0|    2|           1|           2|
    |xor_ln238_6_fu_3258_p2           |       xor|   0|  0|    2|           2|           1|
    |xor_ln238_7_fu_3284_p2           |       xor|   0|  0|    2|           1|           2|
    |xor_ln238_8_fu_3044_p2           |       xor|   0|  0|    2|           1|           2|
    |xor_ln238_9_fu_3070_p2           |       xor|   0|  0|    2|           1|           2|
    |xor_ln238_fu_2982_p2             |       xor|   0|  0|    2|           1|           2|
    |xor_ln344_1_fu_3373_p2           |       xor|   0|  0|    2|           1|           1|
    |xor_ln344_fu_3361_p2             |       xor|   0|  0|    2|           1|           2|
    |xor_ln352_fu_3509_p2             |       xor|   0|  0|    2|           1|           2|
    +---------------------------------+----------+----+---+-----+------------+------------+
    |Total                            |          |   0|  0| 4357|        1490|        2786|
    +---------------------------------+----------+----+---+-----+------------+------------+

    * Multiplexer: 
    +----------------------------+----+-----------+-----+-----------+
    |            Name            | LUT| Input Size| Bits| Total Bits|
    +----------------------------+----+-----------+-----+-----------+
    |ap_NS_fsm                   |  65|         16|    1|         16|
    |audio_in_TDATA_blk_n        |   9|          2|    1|          2|
    |audio_out_TDATA_blk_n       |   9|          2|    1|          2|
    |h_new_0_1_lcssa120_fu_596   |   9|          2|   18|         36|
    |h_new_10_1_lcssa130_fu_636  |   9|          2|   18|         36|
    |h_new_11_1_lcssa131_fu_640  |   9|          2|   18|         36|
    |h_new_12_1_lcssa132_fu_644  |   9|          2|   18|         36|
    |h_new_13_1_lcssa133_fu_648  |   9|          2|   18|         36|
    |h_new_14_1_lcssa134_fu_652  |   9|          2|   18|         36|
    |h_new_15_1_lcssa135_fu_656  |   9|          2|   18|         36|
    |h_new_16_1_lcssa136_fu_660  |   9|          2|   18|         36|
    |h_new_17_1_lcssa137_fu_664  |   9|          2|   18|         36|
    |h_new_18_1_lcssa138_fu_668  |   9|          2|   18|         36|
    |h_new_19_1_lcssa139_fu_672  |   9|          2|   18|         36|
    |h_new_1_1_lcssa121_fu_600   |   9|          2|   18|         36|
    |h_new_20_1_lcssa140_fu_676  |   9|          2|   18|         36|
    |h_new_21_1_lcssa141_fu_680  |   9|          2|   18|         36|
    |h_new_22_1_lcssa142_fu_684  |   9|          2|   18|         36|
    |h_new_23_1_lcssa143_fu_688  |   9|          2|   18|         36|
    |h_new_24_1_lcssa144_fu_692  |   9|          2|   18|         36|
    |h_new_25_1_lcssa145_fu_696  |   9|          2|   18|         36|
    |h_new_26_1_lcssa146_fu_700  |   9|          2|   18|         36|
    |h_new_27_1_lcssa147_fu_704  |   9|          2|   18|         36|
    |h_new_28_1_lcssa148_fu_708  |   9|          2|   18|         36|
    |h_new_29_1_lcssa149_fu_712  |   9|          2|   18|         36|
    |h_new_2_1_lcssa122_fu_604   |   9|          2|   18|         36|
    |h_new_30_1_lcssa150_fu_716  |   9|          2|   18|         36|
    |h_new_31_1_lcssa151_fu_720  |   9|          2|   18|         36|
    |h_new_32_1_lcssa152_fu_724  |   9|          2|   18|         36|
    |h_new_33_1_lcssa153_fu_728  |   9|          2|   18|         36|
    |h_new_34_1_lcssa154_fu_732  |   9|          2|   18|         36|
    |h_new_35_1_lcssa155_fu_736  |   9|          2|   18|         36|
    |h_new_36_1_lcssa156_fu_740  |   9|          2|   18|         36|
    |h_new_37_1_lcssa157_fu_744  |   9|          2|   18|         36|
    |h_new_38_1_lcssa158_fu_748  |   9|          2|   18|         36|
    |h_new_39_1_lcssa159_fu_752  |   9|          2|   18|         36|
    |h_new_3_1_lcssa123_fu_608   |   9|          2|   18|         36|
    |h_new_4_1_lcssa124_fu_612   |   9|          2|   18|         36|
    |h_new_5_1_lcssa125_fu_616   |   9|          2|   18|         36|
    |h_new_6_1_lcssa126_fu_620   |   9|          2|   18|         36|
    |h_new_7_1_lcssa127_fu_624   |   9|          2|   18|         36|
    |h_new_8_1_lcssa128_fu_628   |   9|          2|   18|         36|
    |h_new_9_1_lcssa129_fu_632   |   9|          2|   18|         36|
    |n_fu_592                    |   9|          2|   31|         62|
    +----------------------------+----+-----------+-----+-----------+
    |Total                       | 452|        102|  754|       1522|
    +----------------------------+----+-----------+-----+-----------+

    * Register: 
    +-----------------------------------------------------+----+----+-----+-----------+
    |                         Name                        | FF | LUT| Bits| Const Bits|
    +-----------------------------------------------------+----+----+-----+-----------+
    |Range1_all_ones_2_i_reg_4378                         |   1|   0|    1|          0|
    |Range1_all_zeros_2_i_reg_4384                        |   1|   0|    1|          0|
    |add_ln238_7_reg_4134                                 |  12|   0|   12|          0|
    |add_ln359_reg_3978                                   |  32|   0|   32|          0|
    |and_ln238_reg_4124                                   |   1|   0|    1|          0|
    |ap_CS_fsm                                            |  15|   0|   15|          0|
    |carry_1_i_reg_4365                                   |   1|   0|    1|          0|
    |deleted_ones_0_i_reg_4394                            |   1|   0|    1|          0|
    |empty_49_reg_4460                                    |  32|   0|   32|          0|
    |grp_gru_va_Pipeline_HIDDEN_LOOP_fu_804_ap_start_reg  |   1|   0|    1|          0|
    |h_new_0_1_lcssa120_fu_596                            |  18|   0|   18|          0|
    |h_new_0_1_lcssa120_load_reg_4160                     |  18|   0|   18|          0|
    |h_new_10_1_lcssa130_fu_636                           |  18|   0|   18|          0|
    |h_new_10_1_lcssa130_load_reg_4210                    |  18|   0|   18|          0|
    |h_new_11_1_lcssa131_fu_640                           |  18|   0|   18|          0|
    |h_new_11_1_lcssa131_load_reg_4215                    |  18|   0|   18|          0|
    |h_new_12_1_lcssa132_fu_644                           |  18|   0|   18|          0|
    |h_new_12_1_lcssa132_load_reg_4220                    |  18|   0|   18|          0|
    |h_new_13_1_lcssa133_fu_648                           |  18|   0|   18|          0|
    |h_new_13_1_lcssa133_load_reg_4225                    |  18|   0|   18|          0|
    |h_new_14_1_lcssa134_fu_652                           |  18|   0|   18|          0|
    |h_new_14_1_lcssa134_load_reg_4230                    |  18|   0|   18|          0|
    |h_new_15_1_lcssa135_fu_656                           |  18|   0|   18|          0|
    |h_new_15_1_lcssa135_load_reg_4235                    |  18|   0|   18|          0|
    |h_new_16_1_lcssa136_fu_660                           |  18|   0|   18|          0|
    |h_new_16_1_lcssa136_load_reg_4240                    |  18|   0|   18|          0|
    |h_new_17_1_lcssa137_fu_664                           |  18|   0|   18|          0|
    |h_new_17_1_lcssa137_load_reg_4245                    |  18|   0|   18|          0|
    |h_new_18_1_lcssa138_fu_668                           |  18|   0|   18|          0|
    |h_new_18_1_lcssa138_load_reg_4250                    |  18|   0|   18|          0|
    |h_new_19_1_lcssa139_fu_672                           |  18|   0|   18|          0|
    |h_new_19_1_lcssa139_load_reg_4255                    |  18|   0|   18|          0|
    |h_new_1_1_lcssa121_fu_600                            |  18|   0|   18|          0|
    |h_new_1_1_lcssa121_load_reg_4165                     |  18|   0|   18|          0|
    |h_new_20_1_lcssa140_fu_676                           |  18|   0|   18|          0|
    |h_new_20_1_lcssa140_load_reg_4260                    |  18|   0|   18|          0|
    |h_new_21_1_lcssa141_fu_680                           |  18|   0|   18|          0|
    |h_new_21_1_lcssa141_load_reg_4265                    |  18|   0|   18|          0|
    |h_new_22_1_lcssa142_fu_684                           |  18|   0|   18|          0|
    |h_new_22_1_lcssa142_load_reg_4270                    |  18|   0|   18|          0|
    |h_new_23_1_lcssa143_fu_688                           |  18|   0|   18|          0|
    |h_new_23_1_lcssa143_load_reg_4275                    |  18|   0|   18|          0|
    |h_new_24_1_lcssa144_fu_692                           |  18|   0|   18|          0|
    |h_new_24_1_lcssa144_load_reg_4280                    |  18|   0|   18|          0|
    |h_new_25_1_lcssa145_fu_696                           |  18|   0|   18|          0|
    |h_new_25_1_lcssa145_load_reg_4285                    |  18|   0|   18|          0|
    |h_new_26_1_lcssa146_fu_700                           |  18|   0|   18|          0|
    |h_new_26_1_lcssa146_load_reg_4290                    |  18|   0|   18|          0|
    |h_new_27_1_lcssa147_fu_704                           |  18|   0|   18|          0|
    |h_new_27_1_lcssa147_load_reg_4295                    |  18|   0|   18|          0|
    |h_new_28_1_lcssa148_fu_708                           |  18|   0|   18|          0|
    |h_new_28_1_lcssa148_load_reg_4300                    |  18|   0|   18|          0|
    |h_new_29_1_lcssa149_fu_712                           |  18|   0|   18|          0|
    |h_new_29_1_lcssa149_load_reg_4305                    |  18|   0|   18|          0|
    |h_new_2_1_lcssa122_fu_604                            |  18|   0|   18|          0|
    |h_new_2_1_lcssa122_load_reg_4170                     |  18|   0|   18|          0|
    |h_new_30_1_lcssa150_fu_716                           |  18|   0|   18|          0|
    |h_new_30_1_lcssa150_load_reg_4310                    |  18|   0|   18|          0|
    |h_new_31_1_lcssa151_fu_720                           |  18|   0|   18|          0|
    |h_new_31_1_lcssa151_load_reg_4315                    |  18|   0|   18|          0|
    |h_new_32_1_lcssa152_fu_724                           |  18|   0|   18|          0|
    |h_new_32_1_lcssa152_load_reg_4320                    |  18|   0|   18|          0|
    |h_new_33_1_lcssa153_fu_728                           |  18|   0|   18|          0|
    |h_new_33_1_lcssa153_load_reg_4325                    |  18|   0|   18|          0|
    |h_new_34_1_lcssa154_fu_732                           |  18|   0|   18|          0|
    |h_new_34_1_lcssa154_load_reg_4330                    |  18|   0|   18|          0|
    |h_new_35_1_lcssa155_fu_736                           |  18|   0|   18|          0|
    |h_new_35_1_lcssa155_load_reg_4335                    |  18|   0|   18|          0|
    |h_new_36_1_lcssa156_fu_740                           |  18|   0|   18|          0|
    |h_new_36_1_lcssa156_load_reg_4340                    |  18|   0|   18|          0|
    |h_new_37_1_lcssa157_fu_744                           |  18|   0|   18|          0|
    |h_new_37_1_lcssa157_load_reg_4345                    |  18|   0|   18|          0|
    |h_new_38_1_lcssa158_fu_748                           |  18|   0|   18|          0|
    |h_new_38_1_lcssa158_load_reg_4350                    |  18|   0|   18|          0|
    |h_new_39_1_lcssa159_fu_752                           |  18|   0|   18|          0|
    |h_new_39_1_lcssa159_load_reg_4355                    |  18|   0|   18|          0|
    |h_new_3_1_lcssa123_fu_608                            |  18|   0|   18|          0|
    |h_new_3_1_lcssa123_load_reg_4175                     |  18|   0|   18|          0|
    |h_new_4_1_lcssa124_fu_612                            |  18|   0|   18|          0|
    |h_new_4_1_lcssa124_load_reg_4180                     |  18|   0|   18|          0|
    |h_new_5_1_lcssa125_fu_616                            |  18|   0|   18|          0|
    |h_new_5_1_lcssa125_load_reg_4185                     |  18|   0|   18|          0|
    |h_new_6_1_lcssa126_fu_620                            |  18|   0|   18|          0|
    |h_new_6_1_lcssa126_load_reg_4190                     |  18|   0|   18|          0|
    |h_new_7_1_lcssa127_fu_624                            |  18|   0|   18|          0|
    |h_new_7_1_lcssa127_load_reg_4195                     |  18|   0|   18|          0|
    |h_new_8_1_lcssa128_fu_628                            |  18|   0|   18|          0|
    |h_new_8_1_lcssa128_load_reg_4200                     |  18|   0|   18|          0|
    |h_new_9_1_lcssa129_fu_632                            |  18|   0|   18|          0|
    |h_new_9_1_lcssa129_load_reg_4205                     |  18|   0|   18|          0|
    |h_state_0                                            |  18|   0|   18|          0|
    |h_state_1                                            |  18|   0|   18|          0|
    |h_state_10                                           |  18|   0|   18|          0|
    |h_state_11                                           |  18|   0|   18|          0|
    |h_state_12                                           |  18|   0|   18|          0|
    |h_state_13                                           |  18|   0|   18|          0|
    |h_state_14                                           |  18|   0|   18|          0|
    |h_state_15                                           |  18|   0|   18|          0|
    |h_state_16                                           |  18|   0|   18|          0|
    |h_state_17                                           |  18|   0|   18|          0|
    |h_state_18                                           |  18|   0|   18|          0|
    |h_state_19                                           |  18|   0|   18|          0|
    |h_state_2                                            |  18|   0|   18|          0|
    |h_state_20                                           |  18|   0|   18|          0|
    |h_state_21                                           |  18|   0|   18|          0|
    |h_state_22                                           |  18|   0|   18|          0|
    |h_state_23                                           |  18|   0|   18|          0|
    |h_state_24                                           |  18|   0|   18|          0|
    |h_state_25                                           |  18|   0|   18|          0|
    |h_state_26                                           |  18|   0|   18|          0|
    |h_state_27                                           |  18|   0|   18|          0|
    |h_state_28                                           |  18|   0|   18|          0|
    |h_state_29                                           |  18|   0|   18|          0|
    |h_state_3                                            |  18|   0|   18|          0|
    |h_state_30                                           |  18|   0|   18|          0|
    |h_state_31                                           |  18|   0|   18|          0|
    |h_state_32                                           |  18|   0|   18|          0|
    |h_state_33                                           |  18|   0|   18|          0|
    |h_state_34                                           |  18|   0|   18|          0|
    |h_state_35                                           |  18|   0|   18|          0|
    |h_state_36                                           |  18|   0|   18|          0|
    |h_state_37                                           |  18|   0|   18|          0|
    |h_state_38                                           |  18|   0|   18|          0|
    |h_state_39                                           |  18|   0|   18|          0|
    |h_state_4                                            |  18|   0|   18|          0|
    |h_state_5                                            |  18|   0|   18|          0|
    |h_state_6                                            |  18|   0|   18|          0|
    |h_state_7                                            |  18|   0|   18|          0|
    |h_state_8                                            |  18|   0|   18|          0|
    |h_state_9                                            |  18|   0|   18|          0|
    |icmp_ln211_reg_3682                                  |   1|   0|    1|          0|
    |icmp_ln238_10_reg_4089                               |   1|   0|    1|          0|
    |icmp_ln238_11_reg_4102                               |   1|   0|    1|          0|
    |icmp_ln238_1_reg_4049                                |   1|   0|    1|          0|
    |icmp_ln238_2_reg_4112                                |   1|   0|    1|          0|
    |icmp_ln238_4_reg_4069                                |   1|   0|    1|          0|
    |icmp_ln238_7_reg_4079                                |   1|   0|    1|          0|
    |icmp_ln238_9_reg_4129                                |   1|   0|    1|          0|
    |icmp_ln238_reg_4036                                  |   1|   0|    1|          0|
    |icmp_ln352_3_reg_4445                                |   1|   0|    1|          0|
    |icmp_ln352_reg_4405                                  |   1|   0|    1|          0|
    |icmp_ln359_reg_3986                                  |   1|   0|    1|          0|
    |lD_0_i_reg_4142                                      |   1|   0|    1|          0|
    |lshr_ln238_1_reg_4155                                |  54|   0|   54|          0|
    |lshr_ln238_reg_4149                                  |  54|   0|   54|          0|
    |lshr_ln352_reg_4450                                  |  64|   0|   64|          0|
    |n_fu_592                                             |  31|   0|   31|          0|
    |n_samples_read_reg_3670                              |  32|   0|   32|          0|
    |not_icmp_ln238_10369_reg_4389                        |   1|   0|    1|          0|
    |or_ln352_reg_4440                                    |   1|   0|    1|          0|
    |ref_tmp_i_i_reg_4360                                 |  18|   0|   18|          0|
    |select_ln238_1_reg_4055                              |  11|   0|   11|          0|
    |select_ln238_2_reg_4118                              |  18|   0|   18|          0|
    |select_ln238_reg_4029                                |  54|   0|   54|          0|
    |select_ln352_reg_4415                                |  32|   0|   32|          0|
    |shl_ln352_reg_4455                                   |  64|   0|   64|          0|
    |sub_ln238_1_reg_4042                                 |  12|   0|   12|          0|
    |sub_ln238_3_reg_4084                                 |   6|   0|    6|          0|
    |sub_ln352_1_reg_4428                                 |   6|   0|    6|          0|
    |sub_ln352_4_reg_4435                                 |   5|   0|    5|          0|
    |tmp_334_reg_4074                                     |   1|   0|    1|          0|
    |tmp_338_reg_4371                                     |   1|   0|    1|          0|
    |tmp_339_reg_4096                                     |   1|   0|    1|          0|
    |tmp_343_reg_4410                                     |   1|   0|    1|          0|
    |tmp_reg_4004                                         |   1|   0|    1|          0|
    |tmp_s_reg_4014                                       |  11|   0|   11|          0|
    |tobool_i_reg_4107                                    |   1|   0|    1|          0|
    |trunc_ln238_1_reg_4019                               |  52|   0|   52|          0|
    |trunc_ln238_5_reg_4063                               |  18|   0|   18|          0|
    |trunc_ln238_reg_3999                                 |  63|   0|   63|          0|
    |trunc_ln352_reg_4423                                 |   6|   0|    6|          0|
    |x_reg_4399                                           |  18|   0|   18|          0|
    |xor_ln218_reg_3973                                   |   1|   0|    1|          0|
    |zext_ln238_reg_4024                                  |  11|   0|   12|          1|
    +-----------------------------------------------------+----+----+-----+-----------+
    |Total                                                |2919|   0| 2920|          1|
    +-----------------------------------------------------+----+----+-----+-----------+



================================================================
== Interface
================================================================
* Summary: 
+----------------------+-----+-----+------------+--------------------+--------------+
|       RTL Ports      | Dir | Bits|  Protocol  |    Source Object   |    C Type    |
+----------------------+-----+-----+------------+--------------------+--------------+
|s_axi_CTRL_AWVALID    |   in|    1|       s_axi|                CTRL|        scalar|
|s_axi_CTRL_AWREADY    |  out|    1|       s_axi|                CTRL|        scalar|
|s_axi_CTRL_AWADDR     |   in|    6|       s_axi|                CTRL|        scalar|
|s_axi_CTRL_WVALID     |   in|    1|       s_axi|                CTRL|        scalar|
|s_axi_CTRL_WREADY     |  out|    1|       s_axi|                CTRL|        scalar|
|s_axi_CTRL_WDATA      |   in|   32|       s_axi|                CTRL|        scalar|
|s_axi_CTRL_WSTRB      |   in|    4|       s_axi|                CTRL|        scalar|
|s_axi_CTRL_ARVALID    |   in|    1|       s_axi|                CTRL|        scalar|
|s_axi_CTRL_ARREADY    |  out|    1|       s_axi|                CTRL|        scalar|
|s_axi_CTRL_ARADDR     |   in|    6|       s_axi|                CTRL|        scalar|
|s_axi_CTRL_RVALID     |  out|    1|       s_axi|                CTRL|        scalar|
|s_axi_CTRL_RREADY     |   in|    1|       s_axi|                CTRL|        scalar|
|s_axi_CTRL_RDATA      |  out|   32|       s_axi|                CTRL|        scalar|
|s_axi_CTRL_RRESP      |  out|    2|       s_axi|                CTRL|        scalar|
|s_axi_CTRL_BVALID     |  out|    1|       s_axi|                CTRL|        scalar|
|s_axi_CTRL_BREADY     |   in|    1|       s_axi|                CTRL|        scalar|
|s_axi_CTRL_BRESP      |  out|    2|       s_axi|                CTRL|        scalar|
|ap_clk                |   in|    1|  ap_ctrl_hs|              gru_va|  return value|
|ap_rst_n              |   in|    1|  ap_ctrl_hs|              gru_va|  return value|
|interrupt             |  out|    1|  ap_ctrl_hs|              gru_va|  return value|
|m_axi_gmem0_AWVALID   |  out|    1|       m_axi|               gmem0|       pointer|
|m_axi_gmem0_AWREADY   |   in|    1|       m_axi|               gmem0|       pointer|
|m_axi_gmem0_AWADDR    |  out|   64|       m_axi|               gmem0|       pointer|
|m_axi_gmem0_AWID      |  out|    1|       m_axi|               gmem0|       pointer|
|m_axi_gmem0_AWLEN     |  out|    8|       m_axi|               gmem0|       pointer|
|m_axi_gmem0_AWSIZE    |  out|    3|       m_axi|               gmem0|       pointer|
|m_axi_gmem0_AWBURST   |  out|    2|       m_axi|               gmem0|       pointer|
|m_axi_gmem0_AWLOCK    |  out|    2|       m_axi|               gmem0|       pointer|
|m_axi_gmem0_AWCACHE   |  out|    4|       m_axi|               gmem0|       pointer|
|m_axi_gmem0_AWPROT    |  out|    3|       m_axi|               gmem0|       pointer|
|m_axi_gmem0_AWQOS     |  out|    4|       m_axi|               gmem0|       pointer|
|m_axi_gmem0_AWREGION  |  out|    4|       m_axi|               gmem0|       pointer|
|m_axi_gmem0_AWUSER    |  out|    1|       m_axi|               gmem0|       pointer|
|m_axi_gmem0_WVALID    |  out|    1|       m_axi|               gmem0|       pointer|
|m_axi_gmem0_WREADY    |   in|    1|       m_axi|               gmem0|       pointer|
|m_axi_gmem0_WDATA     |  out|   32|       m_axi|               gmem0|       pointer|
|m_axi_gmem0_WSTRB     |  out|    4|       m_axi|               gmem0|       pointer|
|m_axi_gmem0_WLAST     |  out|    1|       m_axi|               gmem0|       pointer|
|m_axi_gmem0_WID       |  out|    1|       m_axi|               gmem0|       pointer|
|m_axi_gmem0_WUSER     |  out|    1|       m_axi|               gmem0|       pointer|
|m_axi_gmem0_ARVALID   |  out|    1|       m_axi|               gmem0|       pointer|
|m_axi_gmem0_ARREADY   |   in|    1|       m_axi|               gmem0|       pointer|
|m_axi_gmem0_ARADDR    |  out|   64|       m_axi|               gmem0|       pointer|
|m_axi_gmem0_ARID      |  out|    1|       m_axi|               gmem0|       pointer|
|m_axi_gmem0_ARLEN     |  out|    8|       m_axi|               gmem0|       pointer|
|m_axi_gmem0_ARSIZE    |  out|    3|       m_axi|               gmem0|       pointer|
|m_axi_gmem0_ARBURST   |  out|    2|       m_axi|               gmem0|       pointer|
|m_axi_gmem0_ARLOCK    |  out|    2|       m_axi|               gmem0|       pointer|
|m_axi_gmem0_ARCACHE   |  out|    4|       m_axi|               gmem0|       pointer|
|m_axi_gmem0_ARPROT    |  out|    3|       m_axi|               gmem0|       pointer|
|m_axi_gmem0_ARQOS     |  out|    4|       m_axi|               gmem0|       pointer|
|m_axi_gmem0_ARREGION  |  out|    4|       m_axi|               gmem0|       pointer|
|m_axi_gmem0_ARUSER    |  out|    1|       m_axi|               gmem0|       pointer|
|m_axi_gmem0_RVALID    |   in|    1|       m_axi|               gmem0|       pointer|
|m_axi_gmem0_RREADY    |  out|    1|       m_axi|               gmem0|       pointer|
|m_axi_gmem0_RDATA     |   in|   32|       m_axi|               gmem0|       pointer|
|m_axi_gmem0_RLAST     |   in|    1|       m_axi|               gmem0|       pointer|
|m_axi_gmem0_RID       |   in|    1|       m_axi|               gmem0|       pointer|
|m_axi_gmem0_RUSER     |   in|    1|       m_axi|               gmem0|       pointer|
|m_axi_gmem0_RRESP     |   in|    2|       m_axi|               gmem0|       pointer|
|m_axi_gmem0_BVALID    |   in|    1|       m_axi|               gmem0|       pointer|
|m_axi_gmem0_BREADY    |  out|    1|       m_axi|               gmem0|       pointer|
|m_axi_gmem0_BRESP     |   in|    2|       m_axi|               gmem0|       pointer|
|m_axi_gmem0_BID       |   in|    1|       m_axi|               gmem0|       pointer|
|m_axi_gmem0_BUSER     |   in|    1|       m_axi|               gmem0|       pointer|
|audio_in_TDATA        |   in|   32|        axis|   audio_in_V_data_V|       pointer|
|audio_in_TVALID       |   in|    1|        axis|   audio_in_V_last_V|       pointer|
|audio_in_TREADY       |  out|    1|        axis|   audio_in_V_last_V|       pointer|
|audio_in_TLAST        |   in|    1|        axis|   audio_in_V_last_V|       pointer|
|audio_in_TKEEP        |   in|    4|        axis|   audio_in_V_keep_V|       pointer|
|audio_in_TSTRB        |   in|    4|        axis|   audio_in_V_strb_V|       pointer|
|audio_out_TDATA       |  out|   32|        axis|  audio_out_V_data_V|       pointer|
|audio_out_TVALID      |  out|    1|        axis|  audio_out_V_last_V|       pointer|
|audio_out_TREADY      |   in|    1|        axis|  audio_out_V_last_V|       pointer|
|audio_out_TLAST       |  out|    1|        axis|  audio_out_V_last_V|       pointer|
|audio_out_TKEEP       |  out|    4|        axis|  audio_out_V_keep_V|       pointer|
|audio_out_TSTRB       |  out|    4|        axis|  audio_out_V_strb_V|       pointer|
+----------------------+-----+-----+------------+--------------------+--------------+

