

================================================================
== Vitis HLS Report for 'mac3'
================================================================
* Date:           Sat Aug  8 15:14:15 2026

* Version:        2025.2 (Build 6295257 on Nov 14 2025)
* Project:        b_rodent_max
* Solution:       sol_rodent_max_w19 (Vivado IP Flow Target)
* Product family: zynq
* Target device:  xc7z020-clg400-1


================================================================
== Performance Estimates
================================================================
+ Timing: 
    * Summary: 
    +--------+----------+----------+------------+
    |  Clock |  Target  | Estimated| Uncertainty|
    +--------+----------+----------+------------+
    |ap_clk  |  10.00 ns|  5.600 ns|     2.70 ns|
    +--------+----------+----------+------------+

+ Latency: 
    * Summary: 
    +---------+---------+-----------+-----------+-----+-----+---------+
    |  Latency (cycles) |   Latency (absolute)  |  Interval | Pipeline|
    |   min   |   max   |    min    |    max    | min | max |   Type  |
    +---------+---------+-----------+-----------+-----+-----+---------+
    |        1|        1|  10.000 ns|  10.000 ns|    1|    1|      yes|
    +---------+---------+-----------+-----------+-----+-----+---------+

    + Detail: 
        * Instance: 
        N/A

        * Loop: 
        N/A



================================================================
== Utilization Estimates
================================================================
* Summary: 
+-----------------+---------+-----+--------+-------+-----+
|       Name      | BRAM_18K| DSP |   FF   |  LUT  | URAM|
+-----------------+---------+-----+--------+-------+-----+
|DSP              |        -|    -|       -|      -|    -|
|Expression       |        -|    -|       0|    155|    -|
|FIFO             |        -|    -|       -|      -|    -|
|Instance         |        -|    3|       0|     21|    -|
|Memory           |        -|    -|       -|      -|    -|
|Multiplexer      |        -|    -|       -|      -|    -|
|Register         |        -|    -|     143|      -|    -|
+-----------------+---------+-----+--------+-------+-----+
|Total            |        0|    3|     143|    176|    0|
+-----------------+---------+-----+--------+-------+-----+
|Available        |      280|  220|  106400|  53200|    0|
+-----------------+---------+-----+--------+-------+-----+
|Utilization (%)  |        0|    1|      ~0|     ~0|    0|
+-----------------+---------+-----+--------+-------+-----+

+ Detail: 
    * Instance: 
    +-----------------------+--------------------+---------+----+---+----+-----+
    |        Instance       |       Module       | BRAM_18K| DSP| FF| LUT| URAM|
    +-----------------------+--------------------+---------+----+---+----+-----+
    |mul_19s_19s_36_1_1_U3  |mul_19s_19s_36_1_1  |        0|   1|  0|   7|    0|
    |mul_19s_19s_37_1_1_U1  |mul_19s_19s_37_1_1  |        0|   1|  0|   7|    0|
    |mul_19s_19s_38_1_1_U2  |mul_19s_19s_38_1_1  |        0|   1|  0|   7|    0|
    +-----------------------+--------------------+---------+----+---+----+-----+
    |Total                  |                    |        0|   3|  0|  21|    0|
    +-----------------------+--------------------+---------+----+---+----+-----+

    * DSP: 
    N/A

    * Memory: 
    N/A

    * FIFO: 
    N/A

    * Expression: 
    +---------------------+----------+----+---+----+------------+------------+
    |    Variable Name    | Operation| DSP| FF| LUT| Bitwidth P0| Bitwidth P1|
    +---------------------+----------+----+---+----+------------+------------+
    |add_ln72_fu_162_p2   |         +|   0|  0|  34|          27|          27|
    |add_ln73_fu_220_p2   |         +|   0|  0|  35|          28|          28|
    |add_ln74_fu_278_p2   |         +|   0|  0|  33|          26|          26|
    |and_ln72_fu_152_p2   |       and|   0|  0|   2|           1|           1|
    |and_ln73_fu_210_p2   |       and|   0|  0|   2|           1|           1|
    |and_ln74_fu_268_p2   |       and|   0|  0|   2|           1|           1|
    |icmp_ln72_fu_134_p2  |      icmp|   0|  0|  13|          10|           1|
    |icmp_ln73_fu_192_p2  |      icmp|   0|  0|  13|          10|           1|
    |icmp_ln74_fu_250_p2  |      icmp|   0|  0|  13|          10|           1|
    |or_ln72_fu_146_p2    |        or|   0|  0|   2|           1|           1|
    |or_ln73_fu_204_p2    |        or|   0|  0|   2|           1|           1|
    |or_ln74_fu_262_p2    |        or|   0|  0|   2|           1|           1|
    |ap_enable_pp0        |       xor|   0|  0|   2|           1|           2|
    +---------------------+----------+----+---+----+------------+------------+
    |Total                |          |   0|  0| 155|         118|          92|
    +---------------------+----------+----+---+----+------------+------------+

    * Multiplexer: 
    N/A

    * Register: 
    +-------------------------+----+----+-----+-----------+
    |           Name          | FF | LUT| Bits| Const Bits|
    +-------------------------+----+----+-----+-----------+
    |ap_CS_fsm                |   1|   0|    1|          0|
    |ap_enable_reg_pp0_iter1  |   1|   0|    1|          0|
    |mul_ln72_reg_306         |  37|   0|   37|          0|
    |mul_ln73_reg_318         |  38|   0|   38|          0|
    |mul_ln74_reg_330         |  36|   0|   36|          0|
    |trunc_ln72_reg_313       |  10|   0|   10|          0|
    |trunc_ln73_reg_325       |  10|   0|   10|          0|
    |trunc_ln74_reg_337       |  10|   0|   10|          0|
    +-------------------------+----+----+-----+-----------+
    |Total                    | 143|   0|  143|          0|
    +-------------------------+----+----+-----+-----------+



================================================================
== Interface
================================================================
* Summary: 
+-------------+-----+-----+------------+--------------+--------------+
|  RTL Ports  | Dir | Bits|  Protocol  | Source Object|    C Type    |
+-------------+-----+-----+------------+--------------+--------------+
|ap_clk       |   in|    1|  ap_ctrl_hs|          mac3|  return value|
|ap_rst       |   in|    1|  ap_ctrl_hs|          mac3|  return value|
|ap_start     |   in|    1|  ap_ctrl_hs|          mac3|  return value|
|ap_done      |  out|    1|  ap_ctrl_hs|          mac3|  return value|
|ap_idle      |  out|    1|  ap_ctrl_hs|          mac3|  return value|
|ap_ready     |  out|    1|  ap_ctrl_hs|          mac3|  return value|
|ap_ce        |   in|    1|  ap_ctrl_hs|          mac3|  return value|
|ap_return_0  |  out|   32|  ap_ctrl_hs|          mac3|  return value|
|ap_return_1  |  out|   32|  ap_ctrl_hs|          mac3|  return value|
|ap_return_2  |  out|   32|  ap_ctrl_hs|          mac3|  return value|
|wr           |   in|   19|     ap_none|            wr|        scalar|
|wz           |   in|   19|     ap_none|            wz|        scalar|
|wn           |   in|   19|     ap_none|            wn|        scalar|
|h            |   in|   19|     ap_none|             h|        scalar|
+-------------+-----+-----+------------+--------------+--------------+

