================================================================
== Design Size Report
================================================================

* Total Instructions per Compilation Phase
+---------------+----------------------------+--------------+----------------------------------------------------------------------------------------+
| Phase         | Step                       | Instructions | Description                                                                            |
+---------------+----------------------------+--------------+----------------------------------------------------------------------------------------+
| Compile/Link  |                            | 24,972       | After all functions are compiled and linked into a single design                       |
|               |                            |              |                                                                                        |
| Unroll/Inline |                            |              | After user unroll and inline pragmas are applied                                       |
|               | (1) unroll                 | 19,668       | user unroll pragmas are applied                                                        |
|               | (2) simplification         |  8,559       | simplification of applied user unroll pragmas                                          |
|               | (3) inline                 |  8,259       | user inline pragmas are applied                                                        |
|               | (4) simplification         |  8,169       | simplification of applied user inline pragmas                                          |
|               |                            |              |                                                                                        |
| Array/Struct  |                            |              | After user array partition and struct aggregate/disaggregate pragmas are applied       |
|               | (1) array partition        | 13,748       | user array partition pragmas are applied                                               |
|               | (2) simplification         |  8,947       | simplification of applied user array partition & struct aggregate/disaggregate pragmas |
|               | (3) aggregate/disaggregate |  8,947       | user struct aggregate/disaggregate pragmas are applied                                 |
|               | (4) array reshape          |  8,947       | apply array reshape pragmas                                                            |
|               | (5) access patterns        |  9,558       | array access pattern optmizations                                                      |
|               |                            |              |                                                                                        |
| Performance   |                            |              | After transformations are applied to meet performance pragma targets                   |
|               | (1) loop simplification    |  9,074       | loop and instruction simplification                                                    |
|               | (2) parallelization        |  8,836       | loops are unrolled or pipelined to meet performance targets                            |
|               | (3) array partition        |  8,809       | arrays are partitioned to meet performance targets                                     |
|               | (4) simplification         |  8,809       | simplification of design after performance transformations                             |
|               |                            |              |                                                                                        |
| HW Transforms |                            |              | After hardware transfomations                                                          |
|               | (1) lowering               |  8,805       | initial conversion to HW specific instructions                                         |
|               | (2) optimizations          |  8,465       | high level synthesis optimizations                                                     |
+---------------+----------------------------+--------------+----------------------------------------------------------------------------------------+

* Instructions per Function for each Compilation Phase
+---------------------+-------------------------------+------------------+------------------+------------------+------------------+------------------+
| Function            | Location                      | Compile/Link     | Unroll/Inline    | Array/Struct     | Performance      | HW Transforms    |
+---------------------+-------------------------------+------------------+------------------+------------------+------------------+------------------+
| + gru_va            | gru_va_col_fused_mac3.cpp:187 | 24,972           | 8,169            | 9,558            | 8,809            | 8,465            |
|    mac3             | gru_va_col_fused_mac3.cpp:64  | 1,525            | 4,040 (40 calls) | 4,040 (40 calls) | 4,040 (40 calls) | 4,080 (40 calls) |
|  + sigmoid_fx       | gru_va_col_fused_mac3.cpp:178 | 12,516 (2 calls) |                  |                  |                  |                  |
|     tanh_fx         | gru_va_col_fused_mac3.cpp:146 | 6,472 (2 calls)  |                  |                  |                  |                  |
|    tanh_fx          | gru_va_col_fused_mac3.cpp:146 | 3,236            |                  |                  |                  |                  |
|    gru_load_weights | gru_load.cpp:12               |     1            |                  |                  |                  |                  |
+---------------------+-------------------------------+------------------+------------------+------------------+------------------+------------------+

* Design Size Message Settings
+---------------------------------------------+--------+------------------------------------------------------------------+
| Message Setting                             | Value  | Description                                                      |
+---------------------------------------------+--------+------------------------------------------------------------------+
| config_compile -design_size_maximum_warning | 100000 | Show a warning when total design instructions exceeds this value |
+---------------------------------------------+--------+------------------------------------------------------------------+


