

================================================================
== Vitis HLS Report for 'gru_va'
================================================================
* Date:           Sat Aug  8 15:10:18 2026

* Version:        2025.2 (Build 6295257 on Nov 14 2025)
* Project:        b_rodent_max
* Solution:       sol_rodent_max_w8 (Vivado IP Flow Target)
* Product family: zynq
* Target device:  xc7z020-clg400-1


================================================================
== Performance Estimates
================================================================
+ Timing: 
    * Summary: 
    +--------+----------+----------+------------+
    |  Clock |  Target  | Estimated| Uncertainty|
    +--------+----------+----------+------------+
    |ap_clk  |  10.00 ns|  7.242 ns|     2.70 ns|
    +--------+----------+----------+------------+

+ Latency: 
    * Summary: 
    +---------+---------+----------+----------+-----+-----+---------+
    |  Latency (cycles) |  Latency (absolute) |  Interval | Pipeline|
    |   min   |   max   |    min   |    max   | min | max |   Type  |
    +---------+---------+----------+----------+-----+-----+---------+
    |        ?|        ?|         ?|         ?|    ?|    ?|       no|
    +---------+---------+----------+----------+-----+-----+---------+

    + Detail: 
        * Instance: 
        +----------------------------------------+-----------------------------+---------+---------+----------+----------+-----+-----+-------------------+
        |                                        |                             |  Latency (cycles) |  Latency (absolute) |  Interval |      Pipeline     |
        |                Instance                |            Module           |   min   |   max   |    min   |    max   | min | max |        Type       |
        +----------------------------------------+-----------------------------+---------+---------+----------+----------+-----+-----+-------------------+
        |grp_gru_va_Pipeline_HIDDEN_LOOP_fu_808  |gru_va_Pipeline_HIDDEN_LOOP  |      130|      130|  1.300 us|  1.300 us|    0|    0|  loop pipeline stp|
        +----------------------------------------+-----------------------------+---------+---------+----------+----------+-----+-----+-------------------+

        * Loop: 
        +---------------+---------+---------+----------+-----------+-----------+------+----------+
        |               |  Latency (cycles) | Iteration|  Initiation Interval  | Trip |          |
        |   Loop Name   |   min   |   max   |  Latency |  achieved |   target  | Count| Pipelined|
        +---------------+---------+---------+----------+-----------+-----------+------+----------+
        |- SAMPLE_LOOP  |        ?|        ?|       144|          -|          -|     ?|        no|
        +---------------+---------+---------+----------+-----------+-----------+------+----------+



================================================================
== Utilization Estimates
================================================================
* Summary: 
+-----------------+---------+-----+--------+-------+-----+
|       Name      | BRAM_18K| DSP |   FF   |  LUT  | URAM|
+-----------------+---------+-----+--------+-------+-----+
|DSP              |        -|    -|       -|      -|    -|
|Expression       |        -|    -|       0|   3496|    -|
|FIFO             |        -|    -|       -|      -|    -|
|Instance         |        2|   11|   16276|  30180|    -|
|Memory           |        -|    -|       -|      -|    -|
|Multiplexer      |        -|    -|       0|    452|    -|
|Register         |        -|    -|    1694|      -|    -|
+-----------------+---------+-----+--------+-------+-----+
|Total            |        2|   11|   17970|  34128|    0|
+-----------------+---------+-----+--------+-------+-----+
|Available        |      280|  220|  106400|  53200|    0|
+-----------------+---------+-----+--------+-------+-----+
|Utilization (%)  |       ~0|    5|      16|     64|    0|
+-----------------+---------+-----+--------+-------+-----+

+ Detail: 
    * Instance: 
    +----------------------------------------+------------------------------+---------+----+-------+-------+-----+
    |                Instance                |            Module            | BRAM_18K| DSP|   FF  |  LUT  | URAM|
    +----------------------------------------+------------------------------+---------+----+-------+-------+-----+
    |CTRL_s_axi_U                            |CTRL_s_axi                    |        0|   0|    220|    360|    0|
    |bitselect_1ns_32ns_5ns_1_1_1_U260       |bitselect_1ns_32ns_5ns_1_1_1  |        0|   0|      0|      9|    0|
    |bitselect_1ns_54ns_6ns_1_1_1_U254       |bitselect_1ns_54ns_6ns_1_1_1  |        0|   0|      0|     17|    0|
    |bitselect_1ns_54ns_6ns_1_1_1_U255       |bitselect_1ns_54ns_6ns_1_1_1  |        0|   0|      0|     17|    0|
    |ctlz_32_32_1_1_U259                     |ctlz_32_32_1_1                |        0|   0|      0|     44|    0|
    |fpext_32ns_64_2_no_dsp_1_U253           |fpext_32ns_64_2_no_dsp_1      |        0|   0|      0|      0|    0|
    |grp_gru_va_Pipeline_HIDDEN_LOOP_fu_808  |gru_va_Pipeline_HIDDEN_LOOP   |        2|  11|  16056|  29706|    0|
    |sparsemux_7_2_1_1_1_U257                |sparsemux_7_2_1_1_1           |        0|   0|      0|      9|    0|
    |sparsemux_7_2_8_1_1_U256                |sparsemux_7_2_8_1_1           |        0|   0|      0|      9|    0|
    |sparsemux_7_2_8_1_1_U258                |sparsemux_7_2_8_1_1           |        0|   0|      0|      9|    0|
    +----------------------------------------+------------------------------+---------+----+-------+-------+-----+
    |Total                                   |                              |        2|  11|  16276|  30180|    0|
    +----------------------------------------+------------------------------+---------+----+-------+-------+-----+

    * DSP: 
    N/A

    * Memory: 
    N/A

    * FIFO: 
    N/A

    * Expression: 
    +---------------------------------+----------+----+---+-----+------------+------------+
    |          Variable Name          | Operation| DSP| FF| LUT | Bitwidth P0| Bitwidth P1|
    +---------------------------------+----------+----+---+-----+------------+------------+
    |add_ln238_1_fu_2675_p2           |         +|   0|  0|   12|          12|           4|
    |add_ln238_3_fu_2759_p2           |         +|   0|  0|   12|          12|           5|
    |add_ln238_4_fu_2992_p2           |         +|   0|  0|   15|           8|           8|
    |add_ln238_5_fu_2932_p2           |         +|   0|  0|   12|          12|          12|
    |add_ln238_6_fu_2781_p2           |         +|   0|  0|   12|          12|           2|
    |add_ln238_7_fu_2954_p2           |         +|   0|  0|   12|          12|           2|
    |add_ln238_fu_2819_p2             |         +|   0|  0|   12|          12|          11|
    |add_ln344_fu_3362_p2             |         +|   0|  0|   40|          33|          19|
    |add_ln352_1_fu_3570_p2           |         +|   0|  0|   14|           6|           6|
    |add_ln352_2_fu_3616_p2           |         +|   0|  0|   71|          64|          64|
    |add_ln352_3_fu_3661_p2           |         +|   0|  0|   15|           8|           8|
    |add_ln352_fu_3477_p2             |         +|   0|  0|   14|           6|           6|
    |add_ln359_fu_1777_p2             |         +|   0|  0|   39|          32|           2|
    |n_2_fu_2000_p2                   |         +|   0|  0|   38|          31|           1|
    |tmp_327_fu_2735_p2               |         +|   0|  0|   14|           6|           4|
    |sub_ln238_1_fu_2655_p2           |         -|   0|  0|   12|          11|          12|
    |sub_ln238_2_fu_2685_p2           |         -|   0|  0|   12|           3|          11|
    |sub_ln238_3_fu_2775_p2           |         -|   0|  0|   14|           5|           6|
    |sub_ln238_fu_2637_p2             |         -|   0|  0|   61|           1|          54|
    |sub_ln352_1_fu_3461_p2           |         -|   0|  0|   14|           7|           6|
    |sub_ln352_2_fu_3589_p2           |         -|   0|  0|   14|           5|           6|
    |sub_ln352_3_fu_3652_p2           |         -|   0|  0|   14|           4|           6|
    |sub_ln352_4_fu_3471_p2           |         -|   0|  0|   13|           4|           5|
    |sub_ln352_fu_3436_p2             |         -|   0|  0|   39|           1|          32|
    |pi_assign_fu_3674_p5             |      1003|   0|  0|    2|          64|           9|
    |and_ln238_10_fu_3296_p2          |       and|   0|  0|    2|           1|           1|
    |and_ln238_11_fu_3046_p2          |       and|   0|  0|    2|           1|           1|
    |and_ln238_12_fu_3224_p2          |       and|   0|  0|    2|           1|           1|
    |and_ln238_13_fu_3262_p2          |       and|   0|  0|    2|           1|           1|
    |and_ln238_14_fu_3317_p2          |       and|   0|  0|    2|           1|           1|
    |and_ln238_15_fu_3323_p2          |       and|   0|  0|    2|           1|           1|
    |and_ln238_16_fu_2893_p2          |       and|   0|  0|   54|          54|          54|
    |and_ln238_1_fu_3016_p2           |       and|   0|  0|    2|           1|           1|
    |and_ln238_3_fu_3111_p2           |       and|   0|  0|    2|           1|           1|
    |and_ln238_4_fu_3117_p2           |       and|   0|  0|    2|           1|           1|
    |and_ln238_5_fu_3132_p2           |       and|   0|  0|    2|           1|           1|
    |and_ln238_6_fu_3187_p2           |       and|   0|  0|    2|           1|           1|
    |and_ln238_7_fu_3201_p2           |       and|   0|  0|    2|           1|           1|
    |and_ln238_8_fu_3278_p2           |       and|   0|  0|    2|           1|           1|
    |and_ln238_9_fu_3284_p2           |       and|   0|  0|    2|           1|           1|
    |and_ln238_fu_2919_p2             |       and|   0|  0|    2|           1|           1|
    |and_ln344_fu_3394_p2             |       and|   0|  0|    2|           1|           1|
    |and_ln352_1_fu_3511_p2           |       and|   0|  0|   32|          32|          32|
    |and_ln352_fu_3549_p2             |       and|   0|  0|    2|           1|           1|
    |carry_1_i_fu_3052_p2             |       and|   0|  0|    2|           1|           1|
    |cond85_i_fu_2904_p2              |       and|   0|  0|    2|           1|           1|
    |lD_0_i_fu_2959_p2                |       and|   0|  0|    2|           1|           1|
    |neg_src_0_i_fu_3236_p2           |       and|   0|  0|    2|           1|           1|
    |phi_ln352_fu_3522_p2             |       and|   0|  0|    2|           1|           1|
    |ashr_ln238_fu_2844_p2            |      ashr|   0|  0|  161|          54|          54|
    |icmp_ln211_fu_1279_p2            |      icmp|   0|  0|   39|          32|           1|
    |icmp_ln218_fu_1285_p2            |      icmp|   0|  0|   39|          32|           1|
    |icmp_ln229_1_fu_2016_p2          |      icmp|   0|  0|   39|          32|           1|
    |icmp_ln229_fu_1995_p2            |      icmp|   0|  0|   39|          32|          32|
    |icmp_ln238_10_fu_2791_p2         |      icmp|   0|  0|   12|          12|           6|
    |icmp_ln238_11_fu_2805_p2         |      icmp|   0|  0|   12|          12|           6|
    |icmp_ln238_12_fu_3071_p2         |      icmp|   0|  0|   12|          12|           6|
    |icmp_ln238_13_fu_3076_p2         |      icmp|   0|  0|   12|          12|           6|
    |icmp_ln238_14_fu_3086_p2         |      icmp|   0|  0|   61|          54|          54|
    |icmp_ln238_15_fu_3127_p2         |      icmp|   0|  0|   61|          54|           1|
    |icmp_ln238_16_fu_3138_p2         |      icmp|   0|  0|   12|          12|           6|
    |icmp_ln238_1_fu_2669_p2          |      icmp|   0|  0|   12|          12|           3|
    |icmp_ln238_2_fu_2824_p2          |      icmp|   0|  0|   12|          12|           3|
    |icmp_ln238_3_fu_2829_p2          |      icmp|   0|  0|   12|          11|           6|
    |icmp_ln238_4_fu_2703_p2          |      icmp|   0|  0|   12|          12|           6|
    |icmp_ln238_5_fu_2719_p2          |      icmp|   0|  0|   15|           8|           1|
    |icmp_ln238_6_fu_2753_p2          |      icmp|   0|  0|   14|           9|           1|
    |icmp_ln238_7_fu_2769_p2          |      icmp|   0|  0|   12|          12|           6|
    |icmp_ln238_8_fu_2898_p2          |      icmp|   0|  0|   61|          54|           1|
    |icmp_ln238_9_fu_2948_p2          |      icmp|   0|  0|   12|          11|           1|
    |icmp_ln238_fu_2650_p2            |      icmp|   0|  0|   70|          63|           1|
    |icmp_ln352_1_fu_3496_p2          |      icmp|   0|  0|   13|           5|           1|
    |icmp_ln352_2_fu_3516_p2          |      icmp|   0|  0|   39|          32|           1|
    |icmp_ln352_3_fu_3564_p2          |      icmp|   0|  0|   14|           6|           1|
    |icmp_ln352_fu_3422_p2            |      icmp|   0|  0|   39|          32|           1|
    |icmp_ln359_fu_2006_p2            |      icmp|   0|  0|   39|          32|          32|
    |lshr_ln238_1_fu_2976_p2          |      lshr|   0|  0|  161|           2|          54|
    |lshr_ln238_2_fu_2887_p2          |      lshr|   0|  0|  161|           2|          54|
    |lshr_ln238_fu_2971_p2            |      lshr|   0|  0|  161|          54|          54|
    |lshr_ln352_2_fu_3505_p2          |      lshr|   0|  0|  100|           2|          32|
    |lshr_ln352_fu_3583_p2            |      lshr|   0|  0|  182|          64|          64|
    |deleted_ones_0_i_fu_3218_p2      |        or|   0|  0|    2|           1|           1|
    |or_ln229_fu_2021_p2              |        or|   0|  0|    2|           1|           1|
    |or_ln238_1_fu_3182_p2            |        or|   0|  0|    2|           1|           1|
    |or_ln238_2_fu_3267_p2            |        or|   0|  0|    2|           1|           1|
    |or_ln238_3_fu_3300_p2            |        or|   0|  0|    2|           1|           1|
    |or_ln238_fu_2913_p2              |        or|   0|  0|    2|           1|           1|
    |or_ln352_fu_3555_p2              |        or|   0|  0|    2|           1|           1|
    |Range1_all_ones_2_i_fu_3158_p3   |    select|   0|  0|    2|           1|           1|
    |Range1_all_zeros_2_i_fu_3166_p3  |    select|   0|  0|    2|           1|           1|
    |Range2_all_ones_1_i_fu_3103_p3   |    select|   0|  0|    2|           1|           1|
    |cond190_i_fu_3193_p3             |    select|   0|  0|    2|           1|           1|
    |cond45_i_i_fu_3608_p3            |    select|   0|  0|   64|           1|          64|
    |cond63_i_fu_2872_p3              |    select|   0|  0|    2|           1|           1|
    |empty_45_fu_3690_p3              |    select|   0|  0|   32|           1|           1|
    |select_ln218_10_fu_1537_p3       |    select|   0|  0|    8|           1|           8|
    |select_ln218_11_fu_1545_p3       |    select|   0|  0|    8|           1|           8|
    |select_ln218_12_fu_1553_p3       |    select|   0|  0|    8|           1|           8|
    |select_ln218_13_fu_1561_p3       |    select|   0|  0|    8|           1|           8|
    |select_ln218_14_fu_1569_p3       |    select|   0|  0|    8|           1|           8|
    |select_ln218_15_fu_1577_p3       |    select|   0|  0|    8|           1|           8|
    |select_ln218_16_fu_1585_p3       |    select|   0|  0|    8|           1|           8|
    |select_ln218_17_fu_1593_p3       |    select|   0|  0|    8|           1|           8|
    |select_ln218_18_fu_1601_p3       |    select|   0|  0|    8|           1|           8|
    |select_ln218_19_fu_1609_p3       |    select|   0|  0|    8|           1|           8|
    |select_ln218_1_fu_1465_p3        |    select|   0|  0|    8|           1|           8|
    |select_ln218_20_fu_1617_p3       |    select|   0|  0|    8|           1|           8|
    |select_ln218_21_fu_1625_p3       |    select|   0|  0|    8|           1|           8|
    |select_ln218_22_fu_1633_p3       |    select|   0|  0|    8|           1|           8|
    |select_ln218_23_fu_1641_p3       |    select|   0|  0|    8|           1|           8|
    |select_ln218_24_fu_1649_p3       |    select|   0|  0|    8|           1|           8|
    |select_ln218_25_fu_1657_p3       |    select|   0|  0|    8|           1|           8|
    |select_ln218_26_fu_1665_p3       |    select|   0|  0|    8|           1|           8|
    |select_ln218_27_fu_1673_p3       |    select|   0|  0|    8|           1|           8|
    |select_ln218_28_fu_1681_p3       |    select|   0|  0|    8|           1|           8|
    |select_ln218_29_fu_1689_p3       |    select|   0|  0|    8|           1|           8|
    |select_ln218_2_fu_1473_p3        |    select|   0|  0|    8|           1|           8|
    |select_ln218_30_fu_1697_p3       |    select|   0|  0|    8|           1|           8|
    |select_ln218_31_fu_1705_p3       |    select|   0|  0|    8|           1|           8|
    |select_ln218_32_fu_1713_p3       |    select|   0|  0|    8|           1|           8|
    |select_ln218_33_fu_1721_p3       |    select|   0|  0|    8|           1|           8|
    |select_ln218_34_fu_1729_p3       |    select|   0|  0|    8|           1|           8|
    |select_ln218_35_fu_1737_p3       |    select|   0|  0|    8|           1|           8|
    |select_ln218_36_fu_1745_p3       |    select|   0|  0|    8|           1|           8|
    |select_ln218_37_fu_1753_p3       |    select|   0|  0|    8|           1|           8|
    |select_ln218_38_fu_1761_p3       |    select|   0|  0|    8|           1|           8|
    |select_ln218_39_fu_1769_p3       |    select|   0|  0|    8|           1|           8|
    |select_ln218_3_fu_1481_p3        |    select|   0|  0|    8|           1|           8|
    |select_ln218_4_fu_1489_p3        |    select|   0|  0|    8|           1|           8|
    |select_ln218_5_fu_1497_p3        |    select|   0|  0|    8|           1|           8|
    |select_ln218_6_fu_1505_p3        |    select|   0|  0|    8|           1|           8|
    |select_ln218_7_fu_1513_p3        |    select|   0|  0|    8|           1|           8|
    |select_ln218_8_fu_1521_p3        |    select|   0|  0|    8|           1|           8|
    |select_ln218_9_fu_1529_p3        |    select|   0|  0|    8|           1|           8|
    |select_ln218_fu_1457_p3          |    select|   0|  0|    8|           1|           8|
    |select_ln229_10_fu_2106_p3       |    select|   0|  0|    8|           1|           8|
    |select_ln229_11_fu_2114_p3       |    select|   0|  0|    8|           1|           8|
    |select_ln229_12_fu_2122_p3       |    select|   0|  0|    8|           1|           8|
    |select_ln229_13_fu_2130_p3       |    select|   0|  0|    8|           1|           8|
    |select_ln229_14_fu_2138_p3       |    select|   0|  0|    8|           1|           8|
    |select_ln229_15_fu_2146_p3       |    select|   0|  0|    8|           1|           8|
    |select_ln229_16_fu_2154_p3       |    select|   0|  0|    8|           1|           8|
    |select_ln229_17_fu_2162_p3       |    select|   0|  0|    8|           1|           8|
    |select_ln229_18_fu_2170_p3       |    select|   0|  0|    8|           1|           8|
    |select_ln229_19_fu_2178_p3       |    select|   0|  0|    8|           1|           8|
    |select_ln229_1_fu_2034_p3        |    select|   0|  0|    8|           1|           8|
    |select_ln229_20_fu_2186_p3       |    select|   0|  0|    8|           1|           8|
    |select_ln229_21_fu_2194_p3       |    select|   0|  0|    8|           1|           8|
    |select_ln229_22_fu_2202_p3       |    select|   0|  0|    8|           1|           8|
    |select_ln229_23_fu_2210_p3       |    select|   0|  0|    8|           1|           8|
    |select_ln229_24_fu_2218_p3       |    select|   0|  0|    8|           1|           8|
    |select_ln229_25_fu_2226_p3       |    select|   0|  0|    8|           1|           8|
    |select_ln229_26_fu_2234_p3       |    select|   0|  0|    8|           1|           8|
    |select_ln229_27_fu_2242_p3       |    select|   0|  0|    8|           1|           8|
    |select_ln229_28_fu_2250_p3       |    select|   0|  0|    8|           1|           8|
    |select_ln229_29_fu_2258_p3       |    select|   0|  0|    8|           1|           8|
    |select_ln229_2_fu_2042_p3        |    select|   0|  0|    8|           1|           8|
    |select_ln229_30_fu_2266_p3       |    select|   0|  0|    8|           1|           8|
    |select_ln229_31_fu_2274_p3       |    select|   0|  0|    8|           1|           8|
    |select_ln229_32_fu_2282_p3       |    select|   0|  0|    8|           1|           8|
    |select_ln229_33_fu_2290_p3       |    select|   0|  0|    8|           1|           8|
    |select_ln229_34_fu_2298_p3       |    select|   0|  0|    8|           1|           8|
    |select_ln229_35_fu_2306_p3       |    select|   0|  0|    8|           1|           8|
    |select_ln229_36_fu_2314_p3       |    select|   0|  0|    8|           1|           8|
    |select_ln229_37_fu_2322_p3       |    select|   0|  0|    8|           1|           8|
    |select_ln229_38_fu_2330_p3       |    select|   0|  0|    8|           1|           8|
    |select_ln229_39_fu_2338_p3       |    select|   0|  0|    8|           1|           8|
    |select_ln229_3_fu_2050_p3        |    select|   0|  0|    8|           1|           8|
    |select_ln229_4_fu_2058_p3        |    select|   0|  0|    8|           1|           8|
    |select_ln229_5_fu_2066_p3        |    select|   0|  0|    8|           1|           8|
    |select_ln229_6_fu_2074_p3        |    select|   0|  0|    8|           1|           8|
    |select_ln229_7_fu_2082_p3        |    select|   0|  0|    8|           1|           8|
    |select_ln229_8_fu_2090_p3        |    select|   0|  0|    8|           1|           8|
    |select_ln229_9_fu_2098_p3        |    select|   0|  0|    8|           1|           8|
    |select_ln229_fu_2026_p3          |    select|   0|  0|    8|           1|           8|
    |select_ln238_10_fu_2925_p3       |    select|   0|  0|    2|           1|           2|
    |select_ln238_1_fu_2691_p3        |    select|   0|  0|   11|           1|          11|
    |select_ln238_2_fu_2853_p3        |    select|   0|  0|    8|           1|           8|
    |select_ln238_3_fu_2865_p3        |    select|   0|  0|    8|           1|           8|
    |select_ln238_4_fu_2834_p3        |    select|   0|  0|    2|           1|           2|
    |select_ln238_5_fu_3174_p3        |    select|   0|  0|    2|           1|           1|
    |select_ln238_7_fu_3143_p3        |    select|   0|  0|    2|           1|           1|
    |select_ln238_8_fu_3150_p3        |    select|   0|  0|    2|           1|           1|
    |select_ln238_9_fu_2877_p3        |    select|   0|  0|    6|           1|           1|
    |select_ln238_fu_2643_p3          |    select|   0|  0|   54|           1|          54|
    |select_ln344_fu_3406_p3          |    select|   0|  0|   33|           1|          31|
    |select_ln352_1_fu_3644_p3        |    select|   0|  0|    7|           1|           7|
    |select_ln352_fu_3442_p3          |    select|   0|  0|   32|           1|          32|
    |x_fu_3335_p4                     |    select|   0|  0|    9|           1|           7|
    |y_9_fu_3414_p3                   |    select|   0|  0|   32|           1|          32|
    |shl_ln238_fu_2861_p2             |       shl|   0|  0|   17|           8|           8|
    |shl_ln352_fu_3602_p2             |       shl|   0|  0|  182|          64|          64|
    |neg_src_0_i_fu_3236_p4           |       xor|   0|  0|    2|           2|           1|
    |not_icmp_ln238_10363_fu_3213_p2  |       xor|   0|  0|    2|           1|           2|
    |xor_ln218_fu_1451_p2             |       xor|   0|  0|    2|           1|           2|
    |xor_ln238_1_fu_3122_p2           |       xor|   0|  0|    2|           1|           2|
    |xor_ln238_2_fu_3011_p2           |       xor|   0|  0|    2|           1|           2|
    |xor_ln238_4_fu_3256_p2           |       xor|   0|  0|    2|           1|           2|
    |xor_ln238_5_fu_3273_p2           |       xor|   0|  0|    2|           1|           2|
    |xor_ln238_6_fu_3290_p2           |       xor|   0|  0|    2|           2|           1|
    |xor_ln238_7_fu_3312_p2           |       xor|   0|  0|    2|           1|           2|
    |xor_ln238_8_fu_3066_p2           |       xor|   0|  0|    2|           1|           2|
    |xor_ln238_9_fu_3097_p2           |       xor|   0|  0|    2|           1|           2|
    |xor_ln238_fu_3005_p2             |       xor|   0|  0|    2|           1|           2|
    |xor_ln344_1_fu_3400_p2           |       xor|   0|  0|    2|           1|           1|
    |xor_ln344_fu_3388_p2             |       xor|   0|  0|    2|           1|           2|
    |xor_ln352_fu_3536_p2             |       xor|   0|  0|    2|           1|           2|
    +---------------------------------+----------+----+---+-----+------------+------------+
    |Total                            |          |   0|  0| 3496|        1462|        1920|
    +---------------------------------+----------+----+---+-----+------------+------------+

    * Multiplexer: 
    +----------------------------+----+-----------+-----+-----------+
    |            Name            | LUT| Input Size| Bits| Total Bits|
    +----------------------------+----+-----------+-----+-----------+
    |ap_NS_fsm                   |  65|         16|    1|         16|
    |audio_in_TDATA_blk_n        |   9|          2|    1|          2|
    |audio_out_TDATA_blk_n       |   9|          2|    1|          2|
    |h_new_0_1_lcssa120_fu_600   |   9|          2|    8|         16|
    |h_new_10_1_lcssa130_fu_640  |   9|          2|    8|         16|
    |h_new_11_1_lcssa131_fu_644  |   9|          2|    8|         16|
    |h_new_12_1_lcssa132_fu_648  |   9|          2|    8|         16|
    |h_new_13_1_lcssa133_fu_652  |   9|          2|    8|         16|
    |h_new_14_1_lcssa134_fu_656  |   9|          2|    8|         16|
    |h_new_15_1_lcssa135_fu_660  |   9|          2|    8|         16|
    |h_new_16_1_lcssa136_fu_664  |   9|          2|    8|         16|
    |h_new_17_1_lcssa137_fu_668  |   9|          2|    8|         16|
    |h_new_18_1_lcssa138_fu_672  |   9|          2|    8|         16|
    |h_new_19_1_lcssa139_fu_676  |   9|          2|    8|         16|
    |h_new_1_1_lcssa121_fu_604   |   9|          2|    8|         16|
    |h_new_20_1_lcssa140_fu_680  |   9|          2|    8|         16|
    |h_new_21_1_lcssa141_fu_684  |   9|          2|    8|         16|
    |h_new_22_1_lcssa142_fu_688  |   9|          2|    8|         16|
    |h_new_23_1_lcssa143_fu_692  |   9|          2|    8|         16|
    |h_new_24_1_lcssa144_fu_696  |   9|          2|    8|         16|
    |h_new_25_1_lcssa145_fu_700  |   9|          2|    8|         16|
    |h_new_26_1_lcssa146_fu_704  |   9|          2|    8|         16|
    |h_new_27_1_lcssa147_fu_708  |   9|          2|    8|         16|
    |h_new_28_1_lcssa148_fu_712  |   9|          2|    8|         16|
    |h_new_29_1_lcssa149_fu_716  |   9|          2|    8|         16|
    |h_new_2_1_lcssa122_fu_608   |   9|          2|    8|         16|
    |h_new_30_1_lcssa150_fu_720  |   9|          2|    8|         16|
    |h_new_31_1_lcssa151_fu_724  |   9|          2|    8|         16|
    |h_new_32_1_lcssa152_fu_728  |   9|          2|    8|         16|
    |h_new_33_1_lcssa153_fu_732  |   9|          2|    8|         16|
    |h_new_34_1_lcssa154_fu_736  |   9|          2|    8|         16|
    |h_new_35_1_lcssa155_fu_740  |   9|          2|    8|         16|
    |h_new_36_1_lcssa156_fu_744  |   9|          2|    8|         16|
    |h_new_37_1_lcssa157_fu_748  |   9|          2|    8|         16|
    |h_new_38_1_lcssa158_fu_752  |   9|          2|    8|         16|
    |h_new_39_1_lcssa159_fu_756  |   9|          2|    8|         16|
    |h_new_3_1_lcssa123_fu_612   |   9|          2|    8|         16|
    |h_new_4_1_lcssa124_fu_616   |   9|          2|    8|         16|
    |h_new_5_1_lcssa125_fu_620   |   9|          2|    8|         16|
    |h_new_6_1_lcssa126_fu_624   |   9|          2|    8|         16|
    |h_new_7_1_lcssa127_fu_628   |   9|          2|    8|         16|
    |h_new_8_1_lcssa128_fu_632   |   9|          2|    8|         16|
    |h_new_9_1_lcssa129_fu_636   |   9|          2|    8|         16|
    |n_fu_596                    |   9|          2|   31|         62|
    +----------------------------+----+-----------+-----+-----------+
    |Total                       | 452|        102|  354|        722|
    +----------------------------+----+-----------+-----+-----------+

    * Register: 
    +-----------------------------------------------------+----+----+-----+-----------+
    |                         Name                        | FF | LUT| Bits| Const Bits|
    +-----------------------------------------------------+----+----+-----+-----------+
    |add_ln238_7_reg_4178                                 |  12|   0|   12|          0|
    |add_ln359_reg_4005                                   |  32|   0|   32|          0|
    |and_ln238_8_reg_4414                                 |   1|   0|    1|          0|
    |and_ln238_reg_4168                                   |   1|   0|    1|          0|
    |ap_CS_fsm                                            |  15|   0|   15|          0|
    |empty_45_reg_4485                                    |  32|   0|   32|          0|
    |grp_gru_va_Pipeline_HIDDEN_LOOP_fu_808_ap_start_reg  |   1|   0|    1|          0|
    |h_new_0_1_lcssa120_fu_600                            |   8|   0|    8|          0|
    |h_new_0_1_lcssa120_load_reg_4204                     |   8|   0|    8|          0|
    |h_new_10_1_lcssa130_fu_640                           |   8|   0|    8|          0|
    |h_new_10_1_lcssa130_load_reg_4254                    |   8|   0|    8|          0|
    |h_new_11_1_lcssa131_fu_644                           |   8|   0|    8|          0|
    |h_new_11_1_lcssa131_load_reg_4259                    |   8|   0|    8|          0|
    |h_new_12_1_lcssa132_fu_648                           |   8|   0|    8|          0|
    |h_new_12_1_lcssa132_load_reg_4264                    |   8|   0|    8|          0|
    |h_new_13_1_lcssa133_fu_652                           |   8|   0|    8|          0|
    |h_new_13_1_lcssa133_load_reg_4269                    |   8|   0|    8|          0|
    |h_new_14_1_lcssa134_fu_656                           |   8|   0|    8|          0|
    |h_new_14_1_lcssa134_load_reg_4274                    |   8|   0|    8|          0|
    |h_new_15_1_lcssa135_fu_660                           |   8|   0|    8|          0|
    |h_new_15_1_lcssa135_load_reg_4279                    |   8|   0|    8|          0|
    |h_new_16_1_lcssa136_fu_664                           |   8|   0|    8|          0|
    |h_new_16_1_lcssa136_load_reg_4284                    |   8|   0|    8|          0|
    |h_new_17_1_lcssa137_fu_668                           |   8|   0|    8|          0|
    |h_new_17_1_lcssa137_load_reg_4289                    |   8|   0|    8|          0|
    |h_new_18_1_lcssa138_fu_672                           |   8|   0|    8|          0|
    |h_new_18_1_lcssa138_load_reg_4294                    |   8|   0|    8|          0|
    |h_new_19_1_lcssa139_fu_676                           |   8|   0|    8|          0|
    |h_new_19_1_lcssa139_load_reg_4299                    |   8|   0|    8|          0|
    |h_new_1_1_lcssa121_fu_604                            |   8|   0|    8|          0|
    |h_new_1_1_lcssa121_load_reg_4209                     |   8|   0|    8|          0|
    |h_new_20_1_lcssa140_fu_680                           |   8|   0|    8|          0|
    |h_new_20_1_lcssa140_load_reg_4304                    |   8|   0|    8|          0|
    |h_new_21_1_lcssa141_fu_684                           |   8|   0|    8|          0|
    |h_new_21_1_lcssa141_load_reg_4309                    |   8|   0|    8|          0|
    |h_new_22_1_lcssa142_fu_688                           |   8|   0|    8|          0|
    |h_new_22_1_lcssa142_load_reg_4314                    |   8|   0|    8|          0|
    |h_new_23_1_lcssa143_fu_692                           |   8|   0|    8|          0|
    |h_new_23_1_lcssa143_load_reg_4319                    |   8|   0|    8|          0|
    |h_new_24_1_lcssa144_fu_696                           |   8|   0|    8|          0|
    |h_new_24_1_lcssa144_load_reg_4324                    |   8|   0|    8|          0|
    |h_new_25_1_lcssa145_fu_700                           |   8|   0|    8|          0|
    |h_new_25_1_lcssa145_load_reg_4329                    |   8|   0|    8|          0|
    |h_new_26_1_lcssa146_fu_704                           |   8|   0|    8|          0|
    |h_new_26_1_lcssa146_load_reg_4334                    |   8|   0|    8|          0|
    |h_new_27_1_lcssa147_fu_708                           |   8|   0|    8|          0|
    |h_new_27_1_lcssa147_load_reg_4339                    |   8|   0|    8|          0|
    |h_new_28_1_lcssa148_fu_712                           |   8|   0|    8|          0|
    |h_new_28_1_lcssa148_load_reg_4344                    |   8|   0|    8|          0|
    |h_new_29_1_lcssa149_fu_716                           |   8|   0|    8|          0|
    |h_new_29_1_lcssa149_load_reg_4349                    |   8|   0|    8|          0|
    |h_new_2_1_lcssa122_fu_608                            |   8|   0|    8|          0|
    |h_new_2_1_lcssa122_load_reg_4214                     |   8|   0|    8|          0|
    |h_new_30_1_lcssa150_fu_720                           |   8|   0|    8|          0|
    |h_new_30_1_lcssa150_load_reg_4354                    |   8|   0|    8|          0|
    |h_new_31_1_lcssa151_fu_724                           |   8|   0|    8|          0|
    |h_new_31_1_lcssa151_load_reg_4359                    |   8|   0|    8|          0|
    |h_new_32_1_lcssa152_fu_728                           |   8|   0|    8|          0|
    |h_new_32_1_lcssa152_load_reg_4364                    |   8|   0|    8|          0|
    |h_new_33_1_lcssa153_fu_732                           |   8|   0|    8|          0|
    |h_new_33_1_lcssa153_load_reg_4369                    |   8|   0|    8|          0|
    |h_new_34_1_lcssa154_fu_736                           |   8|   0|    8|          0|
    |h_new_34_1_lcssa154_load_reg_4374                    |   8|   0|    8|          0|
    |h_new_35_1_lcssa155_fu_740                           |   8|   0|    8|          0|
    |h_new_35_1_lcssa155_load_reg_4379                    |   8|   0|    8|          0|
    |h_new_36_1_lcssa156_fu_744                           |   8|   0|    8|          0|
    |h_new_36_1_lcssa156_load_reg_4384                    |   8|   0|    8|          0|
    |h_new_37_1_lcssa157_fu_748                           |   8|   0|    8|          0|
    |h_new_37_1_lcssa157_load_reg_4389                    |   8|   0|    8|          0|
    |h_new_38_1_lcssa158_fu_752                           |   8|   0|    8|          0|
    |h_new_38_1_lcssa158_load_reg_4394                    |   8|   0|    8|          0|
    |h_new_39_1_lcssa159_fu_756                           |   8|   0|    8|          0|
    |h_new_39_1_lcssa159_load_reg_4399                    |   8|   0|    8|          0|
    |h_new_3_1_lcssa123_fu_612                            |   8|   0|    8|          0|
    |h_new_3_1_lcssa123_load_reg_4219                     |   8|   0|    8|          0|
    |h_new_4_1_lcssa124_fu_616                            |   8|   0|    8|          0|
    |h_new_4_1_lcssa124_load_reg_4224                     |   8|   0|    8|          0|
    |h_new_5_1_lcssa125_fu_620                            |   8|   0|    8|          0|
    |h_new_5_1_lcssa125_load_reg_4229                     |   8|   0|    8|          0|
    |h_new_6_1_lcssa126_fu_624                            |   8|   0|    8|          0|
    |h_new_6_1_lcssa126_load_reg_4234                     |   8|   0|    8|          0|
    |h_new_7_1_lcssa127_fu_628                            |   8|   0|    8|          0|
    |h_new_7_1_lcssa127_load_reg_4239                     |   8|   0|    8|          0|
    |h_new_8_1_lcssa128_fu_632                            |   8|   0|    8|          0|
    |h_new_8_1_lcssa128_load_reg_4244                     |   8|   0|    8|          0|
    |h_new_9_1_lcssa129_fu_636                            |   8|   0|    8|          0|
    |h_new_9_1_lcssa129_load_reg_4249                     |   8|   0|    8|          0|
    |h_state_0                                            |   8|   0|    8|          0|
    |h_state_1                                            |   8|   0|    8|          0|
    |h_state_10                                           |   8|   0|    8|          0|
    |h_state_11                                           |   8|   0|    8|          0|
    |h_state_12                                           |   8|   0|    8|          0|
    |h_state_13                                           |   8|   0|    8|          0|
    |h_state_14                                           |   8|   0|    8|          0|
    |h_state_15                                           |   8|   0|    8|          0|
    |h_state_16                                           |   8|   0|    8|          0|
    |h_state_17                                           |   8|   0|    8|          0|
    |h_state_18                                           |   8|   0|    8|          0|
    |h_state_19                                           |   8|   0|    8|          0|
    |h_state_2                                            |   8|   0|    8|          0|
    |h_state_20                                           |   8|   0|    8|          0|
    |h_state_21                                           |   8|   0|    8|          0|
    |h_state_22                                           |   8|   0|    8|          0|
    |h_state_23                                           |   8|   0|    8|          0|
    |h_state_24                                           |   8|   0|    8|          0|
    |h_state_25                                           |   8|   0|    8|          0|
    |h_state_26                                           |   8|   0|    8|          0|
    |h_state_27                                           |   8|   0|    8|          0|
    |h_state_28                                           |   8|   0|    8|          0|
    |h_state_29                                           |   8|   0|    8|          0|
    |h_state_3                                            |   8|   0|    8|          0|
    |h_state_30                                           |   8|   0|    8|          0|
    |h_state_31                                           |   8|   0|    8|          0|
    |h_state_32                                           |   8|   0|    8|          0|
    |h_state_33                                           |   8|   0|    8|          0|
    |h_state_34                                           |   8|   0|    8|          0|
    |h_state_35                                           |   8|   0|    8|          0|
    |h_state_36                                           |   8|   0|    8|          0|
    |h_state_37                                           |   8|   0|    8|          0|
    |h_state_38                                           |   8|   0|    8|          0|
    |h_state_39                                           |   8|   0|    8|          0|
    |h_state_4                                            |   8|   0|    8|          0|
    |h_state_5                                            |   8|   0|    8|          0|
    |h_state_6                                            |   8|   0|    8|          0|
    |h_state_7                                            |   8|   0|    8|          0|
    |h_state_8                                            |   8|   0|    8|          0|
    |h_state_9                                            |   8|   0|    8|          0|
    |icmp_ln211_reg_3709                                  |   1|   0|    1|          0|
    |icmp_ln238_10_reg_4128                               |   1|   0|    1|          0|
    |icmp_ln238_11_reg_4141                               |   1|   0|    1|          0|
    |icmp_ln238_1_reg_4075                                |   1|   0|    1|          0|
    |icmp_ln238_2_reg_4151                                |   1|   0|    1|          0|
    |icmp_ln238_4_reg_4093                                |   1|   0|    1|          0|
    |icmp_ln238_5_reg_4098                                |   1|   0|    1|          0|
    |icmp_ln238_6_reg_4113                                |   1|   0|    1|          0|
    |icmp_ln238_7_reg_4118                                |   1|   0|    1|          0|
    |icmp_ln238_9_reg_4173                                |   1|   0|    1|          0|
    |icmp_ln238_reg_4063                                  |   1|   0|    1|          0|
    |icmp_ln352_3_reg_4470                                |   1|   0|    1|          0|
    |icmp_ln352_reg_4430                                  |   1|   0|    1|          0|
    |icmp_ln359_reg_4013                                  |   1|   0|    1|          0|
    |lD_0_i_reg_4186                                      |   1|   0|    1|          0|
    |lshr_ln238_1_reg_4199                                |  54|   0|   54|          0|
    |lshr_ln238_reg_4193                                  |  54|   0|   54|          0|
    |lshr_ln352_reg_4475                                  |  64|   0|   64|          0|
    |n_fu_596                                             |  31|   0|   31|          0|
    |n_samples_read_reg_3697                              |  32|   0|   32|          0|
    |neg_src_0_i_reg_4409                                 |   1|   0|    1|          0|
    |or_ln352_reg_4465                                    |   1|   0|    1|          0|
    |ref_tmp_i_i_reg_4404                                 |   8|   0|    8|          0|
    |select_ln238_1_reg_4081                              |  11|   0|   11|          0|
    |select_ln238_1cast_reg_4103                          |   8|   0|    8|          0|
    |select_ln238_2_reg_4157                              |   8|   0|    8|          0|
    |select_ln238_3_reg_4163                              |   8|   0|    8|          0|
    |select_ln238_reg_4056                                |  54|   0|   54|          0|
    |select_ln352_reg_4440                                |  32|   0|   32|          0|
    |shl_ln352_reg_4480                                   |  64|   0|   64|          0|
    |sub_ln238_1_reg_4069                                 |  12|   0|   12|          0|
    |sub_ln238_3_reg_4123                                 |   6|   0|    6|          0|
    |sub_ln352_1_reg_4453                                 |   6|   0|    6|          0|
    |sub_ln352_4_reg_4460                                 |   5|   0|    5|          0|
    |tmp_327_reg_4108                                     |   1|   0|    1|          0|
    |tmp_333_reg_4135                                     |   1|   0|    1|          0|
    |tmp_337_reg_4435                                     |   1|   0|    1|          0|
    |tmp_6_reg_4041                                       |  11|   0|   11|          0|
    |tmp_reg_4031                                         |   1|   0|    1|          0|
    |tobool_i_reg_4146                                    |   1|   0|    1|          0|
    |trunc_ln238_1_reg_4046                               |  52|   0|   52|          0|
    |trunc_ln238_5_reg_4087                               |   8|   0|    8|          0|
    |trunc_ln238_reg_4026                                 |  63|   0|   63|          0|
    |trunc_ln352_reg_4448                                 |   6|   0|    6|          0|
    |x_reg_4425                                           |   8|   0|    8|          0|
    |xor_ln218_reg_4000                                   |   1|   0|    1|          0|
    |xor_ln238_6_reg_4420                                 |   1|   0|    1|          0|
    |zext_ln238_reg_4051                                  |  11|   0|   12|          1|
    +-----------------------------------------------------+----+----+-----+-----------+
    |Total                                                |1694|   0| 1695|          1|
    +-----------------------------------------------------+----+----+-----+-----------+



================================================================
== Interface
================================================================
* Summary: 
+----------------------+-----+-----+------------+--------------------+--------------+
|       RTL Ports      | Dir | Bits|  Protocol  |    Source Object   |    C Type    |
+----------------------+-----+-----+------------+--------------------+--------------+
|s_axi_CTRL_AWVALID    |   in|    1|       s_axi|                CTRL|        scalar|
|s_axi_CTRL_AWREADY    |  out|    1|       s_axi|                CTRL|        scalar|
|s_axi_CTRL_AWADDR     |   in|    6|       s_axi|                CTRL|        scalar|
|s_axi_CTRL_WVALID     |   in|    1|       s_axi|                CTRL|        scalar|
|s_axi_CTRL_WREADY     |  out|    1|       s_axi|                CTRL|        scalar|
|s_axi_CTRL_WDATA      |   in|   32|       s_axi|                CTRL|        scalar|
|s_axi_CTRL_WSTRB      |   in|    4|       s_axi|                CTRL|        scalar|
|s_axi_CTRL_ARVALID    |   in|    1|       s_axi|                CTRL|        scalar|
|s_axi_CTRL_ARREADY    |  out|    1|       s_axi|                CTRL|        scalar|
|s_axi_CTRL_ARADDR     |   in|    6|       s_axi|                CTRL|        scalar|
|s_axi_CTRL_RVALID     |  out|    1|       s_axi|                CTRL|        scalar|
|s_axi_CTRL_RREADY     |   in|    1|       s_axi|                CTRL|        scalar|
|s_axi_CTRL_RDATA      |  out|   32|       s_axi|                CTRL|        scalar|
|s_axi_CTRL_RRESP      |  out|    2|       s_axi|                CTRL|        scalar|
|s_axi_CTRL_BVALID     |  out|    1|       s_axi|                CTRL|        scalar|
|s_axi_CTRL_BREADY     |   in|    1|       s_axi|                CTRL|        scalar|
|s_axi_CTRL_BRESP      |  out|    2|       s_axi|                CTRL|        scalar|
|ap_clk                |   in|    1|  ap_ctrl_hs|              gru_va|  return value|
|ap_rst_n              |   in|    1|  ap_ctrl_hs|              gru_va|  return value|
|interrupt             |  out|    1|  ap_ctrl_hs|              gru_va|  return value|
|m_axi_gmem0_AWVALID   |  out|    1|       m_axi|               gmem0|       pointer|
|m_axi_gmem0_AWREADY   |   in|    1|       m_axi|               gmem0|       pointer|
|m_axi_gmem0_AWADDR    |  out|   64|       m_axi|               gmem0|       pointer|
|m_axi_gmem0_AWID      |  out|    1|       m_axi|               gmem0|       pointer|
|m_axi_gmem0_AWLEN     |  out|    8|       m_axi|               gmem0|       pointer|
|m_axi_gmem0_AWSIZE    |  out|    3|       m_axi|               gmem0|       pointer|
|m_axi_gmem0_AWBURST   |  out|    2|       m_axi|               gmem0|       pointer|
|m_axi_gmem0_AWLOCK    |  out|    2|       m_axi|               gmem0|       pointer|
|m_axi_gmem0_AWCACHE   |  out|    4|       m_axi|               gmem0|       pointer|
|m_axi_gmem0_AWPROT    |  out|    3|       m_axi|               gmem0|       pointer|
|m_axi_gmem0_AWQOS     |  out|    4|       m_axi|               gmem0|       pointer|
|m_axi_gmem0_AWREGION  |  out|    4|       m_axi|               gmem0|       pointer|
|m_axi_gmem0_AWUSER    |  out|    1|       m_axi|               gmem0|       pointer|
|m_axi_gmem0_WVALID    |  out|    1|       m_axi|               gmem0|       pointer|
|m_axi_gmem0_WREADY    |   in|    1|       m_axi|               gmem0|       pointer|
|m_axi_gmem0_WDATA     |  out|   32|       m_axi|               gmem0|       pointer|
|m_axi_gmem0_WSTRB     |  out|    4|       m_axi|               gmem0|       pointer|
|m_axi_gmem0_WLAST     |  out|    1|       m_axi|               gmem0|       pointer|
|m_axi_gmem0_WID       |  out|    1|       m_axi|               gmem0|       pointer|
|m_axi_gmem0_WUSER     |  out|    1|       m_axi|               gmem0|       pointer|
|m_axi_gmem0_ARVALID   |  out|    1|       m_axi|               gmem0|       pointer|
|m_axi_gmem0_ARREADY   |   in|    1|       m_axi|               gmem0|       pointer|
|m_axi_gmem0_ARADDR    |  out|   64|       m_axi|               gmem0|       pointer|
|m_axi_gmem0_ARID      |  out|    1|       m_axi|               gmem0|       pointer|
|m_axi_gmem0_ARLEN     |  out|    8|       m_axi|               gmem0|       pointer|
|m_axi_gmem0_ARSIZE    |  out|    3|       m_axi|               gmem0|       pointer|
|m_axi_gmem0_ARBURST   |  out|    2|       m_axi|               gmem0|       pointer|
|m_axi_gmem0_ARLOCK    |  out|    2|       m_axi|               gmem0|       pointer|
|m_axi_gmem0_ARCACHE   |  out|    4|       m_axi|               gmem0|       pointer|
|m_axi_gmem0_ARPROT    |  out|    3|       m_axi|               gmem0|       pointer|
|m_axi_gmem0_ARQOS     |  out|    4|       m_axi|               gmem0|       pointer|
|m_axi_gmem0_ARREGION  |  out|    4|       m_axi|               gmem0|       pointer|
|m_axi_gmem0_ARUSER    |  out|    1|       m_axi|               gmem0|       pointer|
|m_axi_gmem0_RVALID    |   in|    1|       m_axi|               gmem0|       pointer|
|m_axi_gmem0_RREADY    |  out|    1|       m_axi|               gmem0|       pointer|
|m_axi_gmem0_RDATA     |   in|   32|       m_axi|               gmem0|       pointer|
|m_axi_gmem0_RLAST     |   in|    1|       m_axi|               gmem0|       pointer|
|m_axi_gmem0_RID       |   in|    1|       m_axi|               gmem0|       pointer|
|m_axi_gmem0_RUSER     |   in|    1|       m_axi|               gmem0|       pointer|
|m_axi_gmem0_RRESP     |   in|    2|       m_axi|               gmem0|       pointer|
|m_axi_gmem0_BVALID    |   in|    1|       m_axi|               gmem0|       pointer|
|m_axi_gmem0_BREADY    |  out|    1|       m_axi|               gmem0|       pointer|
|m_axi_gmem0_BRESP     |   in|    2|       m_axi|               gmem0|       pointer|
|m_axi_gmem0_BID       |   in|    1|       m_axi|               gmem0|       pointer|
|m_axi_gmem0_BUSER     |   in|    1|       m_axi|               gmem0|       pointer|
|audio_in_TDATA        |   in|   32|        axis|   audio_in_V_data_V|       pointer|
|audio_in_TVALID       |   in|    1|        axis|   audio_in_V_last_V|       pointer|
|audio_in_TREADY       |  out|    1|        axis|   audio_in_V_last_V|       pointer|
|audio_in_TLAST        |   in|    1|        axis|   audio_in_V_last_V|       pointer|
|audio_in_TKEEP        |   in|    4|        axis|   audio_in_V_keep_V|       pointer|
|audio_in_TSTRB        |   in|    4|        axis|   audio_in_V_strb_V|       pointer|
|audio_out_TDATA       |  out|   32|        axis|  audio_out_V_data_V|       pointer|
|audio_out_TVALID      |  out|    1|        axis|  audio_out_V_last_V|       pointer|
|audio_out_TREADY      |   in|    1|        axis|  audio_out_V_last_V|       pointer|
|audio_out_TLAST       |  out|    1|        axis|  audio_out_V_last_V|       pointer|
|audio_out_TKEEP       |  out|    4|        axis|  audio_out_V_keep_V|       pointer|
|audio_out_TSTRB       |  out|    4|        axis|  audio_out_V_strb_V|       pointer|
+----------------------+-----+-----+------------+--------------------+--------------+

