

================================================================
== Vitis HLS Report for 'gru_va'
================================================================
* Date:           Sat Aug  8 15:00:17 2026

* Version:        2025.2 (Build 6295257 on Nov 14 2025)
* Project:        b_rodent_max
* Solution:       sol_rodent_max_w16 (Vivado IP Flow Target)
* Product family: zynq
* Target device:  xc7z020-clg400-1


================================================================
== Performance Estimates
================================================================
+ Timing: 
    * Summary: 
    +--------+----------+----------+------------+
    |  Clock |  Target  | Estimated| Uncertainty|
    +--------+----------+----------+------------+
    |ap_clk  |  10.00 ns|  7.219 ns|     2.70 ns|
    +--------+----------+----------+------------+

+ Latency: 
    * Summary: 
    +---------+---------+----------+----------+-----+-----+---------+
    |  Latency (cycles) |  Latency (absolute) |  Interval | Pipeline|
    |   min   |   max   |    min   |    max   | min | max |   Type  |
    +---------+---------+----------+----------+-----+-----+---------+
    |        ?|        ?|         ?|         ?|    ?|    ?|       no|
    +---------+---------+----------+----------+-----+-----+---------+

    + Detail: 
        * Instance: 
        +----------------------------------------+-----------------------------+---------+---------+----------+----------+-----+-----+-------------------+
        |                                        |                             |  Latency (cycles) |  Latency (absolute) |  Interval |      Pipeline     |
        |                Instance                |            Module           |   min   |   max   |    min   |    max   | min | max |        Type       |
        +----------------------------------------+-----------------------------+---------+---------+----------+----------+-----+-----+-------------------+
        |grp_gru_va_Pipeline_HIDDEN_LOOP_fu_810  |gru_va_Pipeline_HIDDEN_LOOP  |      131|      131|  1.310 us|  1.310 us|    0|    0|  loop pipeline stp|
        +----------------------------------------+-----------------------------+---------+---------+----------+----------+-----+-----+-------------------+

        * Loop: 
        +---------------+---------+---------+----------+-----------+-----------+------+----------+
        |               |  Latency (cycles) | Iteration|  Initiation Interval  | Trip |          |
        |   Loop Name   |   min   |   max   |  Latency |  achieved |   target  | Count| Pipelined|
        +---------------+---------+---------+----------+-----------+-----------+------+----------+
        |- SAMPLE_LOOP  |        ?|        ?|       145|          -|          -|     ?|        no|
        +---------------+---------+---------+----------+-----------+-----------+------+----------+



================================================================
== Utilization Estimates
================================================================
* Summary: 
+-----------------+---------+-----+--------+-------+-----+
|       Name      | BRAM_18K| DSP |   FF   |  LUT  | URAM|
+-----------------+---------+-----+--------+-------+-----+
|DSP              |        -|    -|       -|      -|    -|
|Expression       |        -|    -|       0|   4186|    -|
|FIFO             |        -|    -|       -|      -|    -|
|Instance         |        4|   72|   21044|  31833|    -|
|Memory           |        -|    -|       -|      -|    -|
|Multiplexer      |        -|    -|       0|    452|    -|
|Register         |        -|    -|    2686|      -|    -|
+-----------------+---------+-----+--------+-------+-----+
|Total            |        4|   72|   23730|  36471|    0|
+-----------------+---------+-----+--------+-------+-----+
|Available        |      280|  220|  106400|  53200|    0|
+-----------------+---------+-----+--------+-------+-----+
|Utilization (%)  |        1|   32|      22|     68|    0|
+-----------------+---------+-----+--------+-------+-----+

+ Detail: 
    * Instance: 
    +----------------------------------------+------------------------------+---------+----+-------+-------+-----+
    |                Instance                |            Module            | BRAM_18K| DSP|   FF  |  LUT  | URAM|
    +----------------------------------------+------------------------------+---------+----+-------+-------+-----+
    |CTRL_s_axi_U                            |CTRL_s_axi                    |        0|   0|    220|    360|    0|
    |bitselect_1ns_32ns_5ns_1_1_1_U260       |bitselect_1ns_32ns_5ns_1_1_1  |        0|   0|      0|      9|    0|
    |bitselect_1ns_54ns_6ns_1_1_1_U254       |bitselect_1ns_54ns_6ns_1_1_1  |        0|   0|      0|     17|    0|
    |bitselect_1ns_54ns_6ns_1_1_1_U255       |bitselect_1ns_54ns_6ns_1_1_1  |        0|   0|      0|     17|    0|
    |ctlz_32_32_1_1_U259                     |ctlz_32_32_1_1                |        0|   0|      0|     44|    0|
    |fpext_32ns_64_2_no_dsp_1_U253           |fpext_32ns_64_2_no_dsp_1      |        0|   0|      0|      0|    0|
    |grp_gru_va_Pipeline_HIDDEN_LOOP_fu_810  |gru_va_Pipeline_HIDDEN_LOOP   |        4|  72|  20824|  31359|    0|
    |sparsemux_7_2_16_1_1_U256               |sparsemux_7_2_16_1_1          |        0|   0|      0|      9|    0|
    |sparsemux_7_2_16_1_1_U258               |sparsemux_7_2_16_1_1          |        0|   0|      0|      9|    0|
    |sparsemux_7_2_1_1_1_U257                |sparsemux_7_2_1_1_1           |        0|   0|      0|      9|    0|
    +----------------------------------------+------------------------------+---------+----+-------+-------+-----+
    |Total                                   |                              |        4|  72|  21044|  31833|    0|
    +----------------------------------------+------------------------------+---------+----+-------+-------+-----+

    * DSP: 
    N/A

    * Memory: 
    N/A

    * FIFO: 
    N/A

    * Expression: 
    +---------------------------------+----------+----+---+-----+------------+------------+
    |          Variable Name          | Operation| DSP| FF| LUT | Bitwidth P0| Bitwidth P1|
    +---------------------------------+----------+----+---+-----+------------+------------+
    |add_ln238_1_fu_2678_p2           |         +|   0|  0|   12|          12|           5|
    |add_ln238_3_fu_2758_p2           |         +|   0|  0|   12|          12|           6|
    |add_ln238_4_fu_2995_p2           |         +|   0|  0|   23|          16|          16|
    |add_ln238_5_fu_2935_p2           |         +|   0|  0|   12|          12|          12|
    |add_ln238_6_fu_2780_p2           |         +|   0|  0|   12|          12|           2|
    |add_ln238_7_fu_2957_p2           |         +|   0|  0|   12|          12|           2|
    |add_ln238_fu_2818_p2             |         +|   0|  0|   12|          12|          11|
    |add_ln344_fu_3366_p2             |         +|   0|  0|   40|          33|          18|
    |add_ln352_1_fu_3574_p2           |         +|   0|  0|   14|           6|           6|
    |add_ln352_2_fu_3620_p2           |         +|   0|  0|   71|          64|          64|
    |add_ln352_3_fu_3665_p2           |         +|   0|  0|   15|           8|           8|
    |add_ln352_fu_3481_p2             |         +|   0|  0|   14|           6|           6|
    |add_ln359_fu_1780_p2             |         +|   0|  0|   39|          32|           2|
    |n_2_fu_2003_p2                   |         +|   0|  0|   38|          31|           1|
    |tmp_335_fu_2734_p2               |         +|   0|  0|   14|           6|           5|
    |sub_ln238_1_fu_2658_p2           |         -|   0|  0|   12|          11|          12|
    |sub_ln238_2_fu_2688_p2           |         -|   0|  0|   12|           4|          11|
    |sub_ln238_3_fu_2774_p2           |         -|   0|  0|   14|           5|           6|
    |sub_ln238_fu_2640_p2             |         -|   0|  0|   61|           1|          54|
    |sub_ln352_1_fu_3465_p2           |         -|   0|  0|   14|           7|           6|
    |sub_ln352_2_fu_3593_p2           |         -|   0|  0|   14|           5|           6|
    |sub_ln352_3_fu_3656_p2           |         -|   0|  0|   14|           4|           6|
    |sub_ln352_4_fu_3475_p2           |         -|   0|  0|   13|           4|           5|
    |sub_ln352_fu_3440_p2             |         -|   0|  0|   39|           1|          32|
    |pi_assign_fu_3678_p5             |      1003|   0|  0|    2|          64|           9|
    |and_ln238_10_fu_3299_p2          |       and|   0|  0|    2|           1|           1|
    |and_ln238_11_fu_3049_p2          |       and|   0|  0|    2|           1|           1|
    |and_ln238_12_fu_3227_p2          |       and|   0|  0|    2|           1|           1|
    |and_ln238_13_fu_3265_p2          |       and|   0|  0|    2|           1|           1|
    |and_ln238_14_fu_3320_p2          |       and|   0|  0|    2|           1|           1|
    |and_ln238_15_fu_3326_p2          |       and|   0|  0|    2|           1|           1|
    |and_ln238_16_fu_2896_p2          |       and|   0|  0|   54|          54|          54|
    |and_ln238_1_fu_3019_p2           |       and|   0|  0|    2|           1|           1|
    |and_ln238_3_fu_3114_p2           |       and|   0|  0|    2|           1|           1|
    |and_ln238_4_fu_3120_p2           |       and|   0|  0|    2|           1|           1|
    |and_ln238_5_fu_3135_p2           |       and|   0|  0|    2|           1|           1|
    |and_ln238_6_fu_3190_p2           |       and|   0|  0|    2|           1|           1|
    |and_ln238_7_fu_3204_p2           |       and|   0|  0|    2|           1|           1|
    |and_ln238_8_fu_3281_p2           |       and|   0|  0|    2|           1|           1|
    |and_ln238_9_fu_3287_p2           |       and|   0|  0|    2|           1|           1|
    |and_ln238_fu_2922_p2             |       and|   0|  0|    2|           1|           1|
    |and_ln344_fu_3398_p2             |       and|   0|  0|    2|           1|           1|
    |and_ln352_1_fu_3515_p2           |       and|   0|  0|   32|          32|          32|
    |and_ln352_fu_3553_p2             |       and|   0|  0|    2|           1|           1|
    |carry_1_i_fu_3055_p2             |       and|   0|  0|    2|           1|           1|
    |cond85_i_fu_2907_p2              |       and|   0|  0|    2|           1|           1|
    |lD_0_i_fu_2962_p2                |       and|   0|  0|    2|           1|           1|
    |neg_src_0_i_fu_3239_p2           |       and|   0|  0|    2|           1|           1|
    |phi_ln352_fu_3526_p2             |       and|   0|  0|    2|           1|           1|
    |ashr_ln238_fu_2843_p2            |      ashr|   0|  0|  161|          54|          54|
    |icmp_ln211_fu_1282_p2            |      icmp|   0|  0|   39|          32|           1|
    |icmp_ln218_fu_1288_p2            |      icmp|   0|  0|   39|          32|           1|
    |icmp_ln229_1_fu_2019_p2          |      icmp|   0|  0|   39|          32|           1|
    |icmp_ln229_fu_1998_p2            |      icmp|   0|  0|   39|          32|          32|
    |icmp_ln238_10_fu_2790_p2         |      icmp|   0|  0|   12|          12|           6|
    |icmp_ln238_11_fu_2804_p2         |      icmp|   0|  0|   12|          12|           6|
    |icmp_ln238_12_fu_3074_p2         |      icmp|   0|  0|   12|          12|           6|
    |icmp_ln238_13_fu_3079_p2         |      icmp|   0|  0|   12|          12|           6|
    |icmp_ln238_14_fu_3089_p2         |      icmp|   0|  0|   61|          54|          54|
    |icmp_ln238_15_fu_3130_p2         |      icmp|   0|  0|   61|          54|           1|
    |icmp_ln238_16_fu_3141_p2         |      icmp|   0|  0|   12|          12|           6|
    |icmp_ln238_1_fu_2672_p2          |      icmp|   0|  0|   12|          12|           4|
    |icmp_ln238_2_fu_2823_p2          |      icmp|   0|  0|   12|          12|           4|
    |icmp_ln238_3_fu_2828_p2          |      icmp|   0|  0|   12|          11|           6|
    |icmp_ln238_4_fu_2706_p2          |      icmp|   0|  0|   12|          12|           6|
    |icmp_ln238_5_fu_2722_p2          |      icmp|   0|  0|   14|           7|           1|
    |icmp_ln238_6_fu_2752_p2          |      icmp|   0|  0|   15|           8|           1|
    |icmp_ln238_7_fu_2768_p2          |      icmp|   0|  0|   12|          12|           6|
    |icmp_ln238_8_fu_2901_p2          |      icmp|   0|  0|   61|          54|           1|
    |icmp_ln238_9_fu_2951_p2          |      icmp|   0|  0|   12|          11|           1|
    |icmp_ln238_fu_2653_p2            |      icmp|   0|  0|   70|          63|           1|
    |icmp_ln352_1_fu_3500_p2          |      icmp|   0|  0|   13|           5|           1|
    |icmp_ln352_2_fu_3520_p2          |      icmp|   0|  0|   39|          32|           1|
    |icmp_ln352_3_fu_3568_p2          |      icmp|   0|  0|   14|           6|           1|
    |icmp_ln352_fu_3426_p2            |      icmp|   0|  0|   39|          32|           1|
    |icmp_ln359_fu_2009_p2            |      icmp|   0|  0|   39|          32|          32|
    |lshr_ln238_1_fu_2979_p2          |      lshr|   0|  0|  161|           2|          54|
    |lshr_ln238_2_fu_2890_p2          |      lshr|   0|  0|  161|           2|          54|
    |lshr_ln238_fu_2974_p2            |      lshr|   0|  0|  161|          54|          54|
    |lshr_ln352_2_fu_3509_p2          |      lshr|   0|  0|  100|           2|          32|
    |lshr_ln352_fu_3587_p2            |      lshr|   0|  0|  182|          64|          64|
    |deleted_ones_0_i_fu_3221_p2      |        or|   0|  0|    2|           1|           1|
    |or_ln229_fu_2024_p2              |        or|   0|  0|    2|           1|           1|
    |or_ln238_1_fu_3185_p2            |        or|   0|  0|    2|           1|           1|
    |or_ln238_2_fu_3270_p2            |        or|   0|  0|    2|           1|           1|
    |or_ln238_3_fu_3303_p2            |        or|   0|  0|    2|           1|           1|
    |or_ln238_fu_2916_p2              |        or|   0|  0|    2|           1|           1|
    |or_ln352_fu_3559_p2              |        or|   0|  0|    2|           1|           1|
    |Range1_all_ones_2_i_fu_3161_p3   |    select|   0|  0|    2|           1|           1|
    |Range1_all_zeros_2_i_fu_3169_p3  |    select|   0|  0|    2|           1|           1|
    |Range2_all_ones_1_i_fu_3106_p3   |    select|   0|  0|    2|           1|           1|
    |cond190_i_fu_3196_p3             |    select|   0|  0|    2|           1|           1|
    |cond45_i_i_fu_3612_p3            |    select|   0|  0|   64|           1|          64|
    |cond63_i_fu_2875_p3              |    select|   0|  0|    2|           1|           1|
    |empty_49_fu_3694_p3              |    select|   0|  0|   32|           1|           1|
    |select_ln218_10_fu_1540_p3       |    select|   0|  0|   16|           1|          16|
    |select_ln218_11_fu_1548_p3       |    select|   0|  0|   16|           1|          16|
    |select_ln218_12_fu_1556_p3       |    select|   0|  0|   16|           1|          16|
    |select_ln218_13_fu_1564_p3       |    select|   0|  0|   16|           1|          16|
    |select_ln218_14_fu_1572_p3       |    select|   0|  0|   16|           1|          16|
    |select_ln218_15_fu_1580_p3       |    select|   0|  0|   16|           1|          16|
    |select_ln218_16_fu_1588_p3       |    select|   0|  0|   16|           1|          16|
    |select_ln218_17_fu_1596_p3       |    select|   0|  0|   16|           1|          16|
    |select_ln218_18_fu_1604_p3       |    select|   0|  0|   16|           1|          16|
    |select_ln218_19_fu_1612_p3       |    select|   0|  0|   16|           1|          16|
    |select_ln218_1_fu_1468_p3        |    select|   0|  0|   16|           1|          16|
    |select_ln218_20_fu_1620_p3       |    select|   0|  0|   16|           1|          16|
    |select_ln218_21_fu_1628_p3       |    select|   0|  0|   16|           1|          16|
    |select_ln218_22_fu_1636_p3       |    select|   0|  0|   16|           1|          16|
    |select_ln218_23_fu_1644_p3       |    select|   0|  0|   16|           1|          16|
    |select_ln218_24_fu_1652_p3       |    select|   0|  0|   16|           1|          16|
    |select_ln218_25_fu_1660_p3       |    select|   0|  0|   16|           1|          16|
    |select_ln218_26_fu_1668_p3       |    select|   0|  0|   16|           1|          16|
    |select_ln218_27_fu_1676_p3       |    select|   0|  0|   16|           1|          16|
    |select_ln218_28_fu_1684_p3       |    select|   0|  0|   16|           1|          16|
    |select_ln218_29_fu_1692_p3       |    select|   0|  0|   16|           1|          16|
    |select_ln218_2_fu_1476_p3        |    select|   0|  0|   16|           1|          16|
    |select_ln218_30_fu_1700_p3       |    select|   0|  0|   16|           1|          16|
    |select_ln218_31_fu_1708_p3       |    select|   0|  0|   16|           1|          16|
    |select_ln218_32_fu_1716_p3       |    select|   0|  0|   16|           1|          16|
    |select_ln218_33_fu_1724_p3       |    select|   0|  0|   16|           1|          16|
    |select_ln218_34_fu_1732_p3       |    select|   0|  0|   16|           1|          16|
    |select_ln218_35_fu_1740_p3       |    select|   0|  0|   16|           1|          16|
    |select_ln218_36_fu_1748_p3       |    select|   0|  0|   16|           1|          16|
    |select_ln218_37_fu_1756_p3       |    select|   0|  0|   16|           1|          16|
    |select_ln218_38_fu_1764_p3       |    select|   0|  0|   16|           1|          16|
    |select_ln218_39_fu_1772_p3       |    select|   0|  0|   16|           1|          16|
    |select_ln218_3_fu_1484_p3        |    select|   0|  0|   16|           1|          16|
    |select_ln218_4_fu_1492_p3        |    select|   0|  0|   16|           1|          16|
    |select_ln218_5_fu_1500_p3        |    select|   0|  0|   16|           1|          16|
    |select_ln218_6_fu_1508_p3        |    select|   0|  0|   16|           1|          16|
    |select_ln218_7_fu_1516_p3        |    select|   0|  0|   16|           1|          16|
    |select_ln218_8_fu_1524_p3        |    select|   0|  0|   16|           1|          16|
    |select_ln218_9_fu_1532_p3        |    select|   0|  0|   16|           1|          16|
    |select_ln218_fu_1460_p3          |    select|   0|  0|   16|           1|          16|
    |select_ln229_10_fu_2109_p3       |    select|   0|  0|   16|           1|          16|
    |select_ln229_11_fu_2117_p3       |    select|   0|  0|   16|           1|          16|
    |select_ln229_12_fu_2125_p3       |    select|   0|  0|   16|           1|          16|
    |select_ln229_13_fu_2133_p3       |    select|   0|  0|   16|           1|          16|
    |select_ln229_14_fu_2141_p3       |    select|   0|  0|   16|           1|          16|
    |select_ln229_15_fu_2149_p3       |    select|   0|  0|   16|           1|          16|
    |select_ln229_16_fu_2157_p3       |    select|   0|  0|   16|           1|          16|
    |select_ln229_17_fu_2165_p3       |    select|   0|  0|   16|           1|          16|
    |select_ln229_18_fu_2173_p3       |    select|   0|  0|   16|           1|          16|
    |select_ln229_19_fu_2181_p3       |    select|   0|  0|   16|           1|          16|
    |select_ln229_1_fu_2037_p3        |    select|   0|  0|   16|           1|          16|
    |select_ln229_20_fu_2189_p3       |    select|   0|  0|   16|           1|          16|
    |select_ln229_21_fu_2197_p3       |    select|   0|  0|   16|           1|          16|
    |select_ln229_22_fu_2205_p3       |    select|   0|  0|   16|           1|          16|
    |select_ln229_23_fu_2213_p3       |    select|   0|  0|   16|           1|          16|
    |select_ln229_24_fu_2221_p3       |    select|   0|  0|   16|           1|          16|
    |select_ln229_25_fu_2229_p3       |    select|   0|  0|   16|           1|          16|
    |select_ln229_26_fu_2237_p3       |    select|   0|  0|   16|           1|          16|
    |select_ln229_27_fu_2245_p3       |    select|   0|  0|   16|           1|          16|
    |select_ln229_28_fu_2253_p3       |    select|   0|  0|   16|           1|          16|
    |select_ln229_29_fu_2261_p3       |    select|   0|  0|   16|           1|          16|
    |select_ln229_2_fu_2045_p3        |    select|   0|  0|   16|           1|          16|
    |select_ln229_30_fu_2269_p3       |    select|   0|  0|   16|           1|          16|
    |select_ln229_31_fu_2277_p3       |    select|   0|  0|   16|           1|          16|
    |select_ln229_32_fu_2285_p3       |    select|   0|  0|   16|           1|          16|
    |select_ln229_33_fu_2293_p3       |    select|   0|  0|   16|           1|          16|
    |select_ln229_34_fu_2301_p3       |    select|   0|  0|   16|           1|          16|
    |select_ln229_35_fu_2309_p3       |    select|   0|  0|   16|           1|          16|
    |select_ln229_36_fu_2317_p3       |    select|   0|  0|   16|           1|          16|
    |select_ln229_37_fu_2325_p3       |    select|   0|  0|   16|           1|          16|
    |select_ln229_38_fu_2333_p3       |    select|   0|  0|   16|           1|          16|
    |select_ln229_39_fu_2341_p3       |    select|   0|  0|   16|           1|          16|
    |select_ln229_3_fu_2053_p3        |    select|   0|  0|   16|           1|          16|
    |select_ln229_4_fu_2061_p3        |    select|   0|  0|   16|           1|          16|
    |select_ln229_5_fu_2069_p3        |    select|   0|  0|   16|           1|          16|
    |select_ln229_6_fu_2077_p3        |    select|   0|  0|   16|           1|          16|
    |select_ln229_7_fu_2085_p3        |    select|   0|  0|   16|           1|          16|
    |select_ln229_8_fu_2093_p3        |    select|   0|  0|   16|           1|          16|
    |select_ln229_9_fu_2101_p3        |    select|   0|  0|   16|           1|          16|
    |select_ln229_fu_2029_p3          |    select|   0|  0|   16|           1|          16|
    |select_ln238_10_fu_2928_p3       |    select|   0|  0|    2|           1|           2|
    |select_ln238_1_fu_2694_p3        |    select|   0|  0|   11|           1|          11|
    |select_ln238_2_fu_2852_p3        |    select|   0|  0|   16|           1|          16|
    |select_ln238_3_fu_2868_p3        |    select|   0|  0|   16|           1|          16|
    |select_ln238_4_fu_2833_p3        |    select|   0|  0|    2|           1|           2|
    |select_ln238_5_fu_3177_p3        |    select|   0|  0|    2|           1|           1|
    |select_ln238_7_fu_3146_p3        |    select|   0|  0|    2|           1|           1|
    |select_ln238_8_fu_3153_p3        |    select|   0|  0|    2|           1|           1|
    |select_ln238_9_fu_2880_p3        |    select|   0|  0|    6|           1|           1|
    |select_ln238_fu_2646_p3          |    select|   0|  0|   54|           1|          54|
    |select_ln344_fu_3410_p3          |    select|   0|  0|   33|           1|          31|
    |select_ln352_1_fu_3648_p3        |    select|   0|  0|    7|           1|           7|
    |select_ln352_fu_3446_p3          |    select|   0|  0|   32|           1|          32|
    |x_fu_3338_p4                     |    select|   0|  0|   17|           1|          15|
    |y_9_fu_3418_p3                   |    select|   0|  0|   32|           1|          32|
    |shl_ln238_fu_2863_p2             |       shl|   0|  0|   35|          16|          16|
    |shl_ln352_fu_3606_p2             |       shl|   0|  0|  182|          64|          64|
    |neg_src_0_i_fu_3239_p4           |       xor|   0|  0|    2|           2|           1|
    |not_icmp_ln238_10369_fu_3216_p2  |       xor|   0|  0|    2|           1|           2|
    |xor_ln218_fu_1454_p2             |       xor|   0|  0|    2|           1|           2|
    |xor_ln238_1_fu_3125_p2           |       xor|   0|  0|    2|           1|           2|
    |xor_ln238_2_fu_3014_p2           |       xor|   0|  0|    2|           1|           2|
    |xor_ln238_4_fu_3259_p2           |       xor|   0|  0|    2|           1|           2|
    |xor_ln238_5_fu_3276_p2           |       xor|   0|  0|    2|           1|           2|
    |xor_ln238_6_fu_3293_p2           |       xor|   0|  0|    2|           2|           1|
    |xor_ln238_7_fu_3315_p2           |       xor|   0|  0|    2|           1|           2|
    |xor_ln238_8_fu_3069_p2           |       xor|   0|  0|    2|           1|           2|
    |xor_ln238_9_fu_3100_p2           |       xor|   0|  0|    2|           1|           2|
    |xor_ln238_fu_3008_p2             |       xor|   0|  0|    2|           1|           2|
    |xor_ln344_1_fu_3404_p2           |       xor|   0|  0|    2|           1|           1|
    |xor_ln344_fu_3392_p2             |       xor|   0|  0|    2|           1|           2|
    |xor_ln352_fu_3540_p2             |       xor|   0|  0|    2|           1|           2|
    +---------------------------------+----------+----+---+-----+------------+------------+
    |Total                            |          |   0|  0| 4186|        1477|        2604|
    +---------------------------------+----------+----+---+-----+------------+------------+

    * Multiplexer: 
    +----------------------------+----+-----------+-----+-----------+
    |            Name            | LUT| Input Size| Bits| Total Bits|
    +----------------------------+----+-----------+-----+-----------+
    |ap_NS_fsm                   |  65|         16|    1|         16|
    |audio_in_TDATA_blk_n        |   9|          2|    1|          2|
    |audio_out_TDATA_blk_n       |   9|          2|    1|          2|
    |h_new_0_1_lcssa120_fu_602   |   9|          2|   16|         32|
    |h_new_10_1_lcssa130_fu_642  |   9|          2|   16|         32|
    |h_new_11_1_lcssa131_fu_646  |   9|          2|   16|         32|
    |h_new_12_1_lcssa132_fu_650  |   9|          2|   16|         32|
    |h_new_13_1_lcssa133_fu_654  |   9|          2|   16|         32|
    |h_new_14_1_lcssa134_fu_658  |   9|          2|   16|         32|
    |h_new_15_1_lcssa135_fu_662  |   9|          2|   16|         32|
    |h_new_16_1_lcssa136_fu_666  |   9|          2|   16|         32|
    |h_new_17_1_lcssa137_fu_670  |   9|          2|   16|         32|
    |h_new_18_1_lcssa138_fu_674  |   9|          2|   16|         32|
    |h_new_19_1_lcssa139_fu_678  |   9|          2|   16|         32|
    |h_new_1_1_lcssa121_fu_606   |   9|          2|   16|         32|
    |h_new_20_1_lcssa140_fu_682  |   9|          2|   16|         32|
    |h_new_21_1_lcssa141_fu_686  |   9|          2|   16|         32|
    |h_new_22_1_lcssa142_fu_690  |   9|          2|   16|         32|
    |h_new_23_1_lcssa143_fu_694  |   9|          2|   16|         32|
    |h_new_24_1_lcssa144_fu_698  |   9|          2|   16|         32|
    |h_new_25_1_lcssa145_fu_702  |   9|          2|   16|         32|
    |h_new_26_1_lcssa146_fu_706  |   9|          2|   16|         32|
    |h_new_27_1_lcssa147_fu_710  |   9|          2|   16|         32|
    |h_new_28_1_lcssa148_fu_714  |   9|          2|   16|         32|
    |h_new_29_1_lcssa149_fu_718  |   9|          2|   16|         32|
    |h_new_2_1_lcssa122_fu_610   |   9|          2|   16|         32|
    |h_new_30_1_lcssa150_fu_722  |   9|          2|   16|         32|
    |h_new_31_1_lcssa151_fu_726  |   9|          2|   16|         32|
    |h_new_32_1_lcssa152_fu_730  |   9|          2|   16|         32|
    |h_new_33_1_lcssa153_fu_734  |   9|          2|   16|         32|
    |h_new_34_1_lcssa154_fu_738  |   9|          2|   16|         32|
    |h_new_35_1_lcssa155_fu_742  |   9|          2|   16|         32|
    |h_new_36_1_lcssa156_fu_746  |   9|          2|   16|         32|
    |h_new_37_1_lcssa157_fu_750  |   9|          2|   16|         32|
    |h_new_38_1_lcssa158_fu_754  |   9|          2|   16|         32|
    |h_new_39_1_lcssa159_fu_758  |   9|          2|   16|         32|
    |h_new_3_1_lcssa123_fu_614   |   9|          2|   16|         32|
    |h_new_4_1_lcssa124_fu_618   |   9|          2|   16|         32|
    |h_new_5_1_lcssa125_fu_622   |   9|          2|   16|         32|
    |h_new_6_1_lcssa126_fu_626   |   9|          2|   16|         32|
    |h_new_7_1_lcssa127_fu_630   |   9|          2|   16|         32|
    |h_new_8_1_lcssa128_fu_634   |   9|          2|   16|         32|
    |h_new_9_1_lcssa129_fu_638   |   9|          2|   16|         32|
    |n_fu_598                    |   9|          2|   31|         62|
    +----------------------------+----+-----------+-----+-----------+
    |Total                       | 452|        102|  674|       1362|
    +----------------------------+----+-----------+-----+-----------+

    * Register: 
    +-----------------------------------------------------+----+----+-----+-----------+
    |                         Name                        | FF | LUT| Bits| Const Bits|
    +-----------------------------------------------------+----+----+-----+-----------+
    |add_ln238_7_reg_4178                                 |  12|   0|   12|          0|
    |add_ln359_reg_4009                                   |  32|   0|   32|          0|
    |and_ln238_8_reg_4414                                 |   1|   0|    1|          0|
    |and_ln238_reg_4168                                   |   1|   0|    1|          0|
    |ap_CS_fsm                                            |  15|   0|   15|          0|
    |empty_49_reg_4486                                    |  32|   0|   32|          0|
    |grp_gru_va_Pipeline_HIDDEN_LOOP_fu_810_ap_start_reg  |   1|   0|    1|          0|
    |h_new_0_1_lcssa120_fu_602                            |  16|   0|   16|          0|
    |h_new_0_1_lcssa120_load_reg_4204                     |  16|   0|   16|          0|
    |h_new_10_1_lcssa130_fu_642                           |  16|   0|   16|          0|
    |h_new_10_1_lcssa130_load_reg_4254                    |  16|   0|   16|          0|
    |h_new_11_1_lcssa131_fu_646                           |  16|   0|   16|          0|
    |h_new_11_1_lcssa131_load_reg_4259                    |  16|   0|   16|          0|
    |h_new_12_1_lcssa132_fu_650                           |  16|   0|   16|          0|
    |h_new_12_1_lcssa132_load_reg_4264                    |  16|   0|   16|          0|
    |h_new_13_1_lcssa133_fu_654                           |  16|   0|   16|          0|
    |h_new_13_1_lcssa133_load_reg_4269                    |  16|   0|   16|          0|
    |h_new_14_1_lcssa134_fu_658                           |  16|   0|   16|          0|
    |h_new_14_1_lcssa134_load_reg_4274                    |  16|   0|   16|          0|
    |h_new_15_1_lcssa135_fu_662                           |  16|   0|   16|          0|
    |h_new_15_1_lcssa135_load_reg_4279                    |  16|   0|   16|          0|
    |h_new_16_1_lcssa136_fu_666                           |  16|   0|   16|          0|
    |h_new_16_1_lcssa136_load_reg_4284                    |  16|   0|   16|          0|
    |h_new_17_1_lcssa137_fu_670                           |  16|   0|   16|          0|
    |h_new_17_1_lcssa137_load_reg_4289                    |  16|   0|   16|          0|
    |h_new_18_1_lcssa138_fu_674                           |  16|   0|   16|          0|
    |h_new_18_1_lcssa138_load_reg_4294                    |  16|   0|   16|          0|
    |h_new_19_1_lcssa139_fu_678                           |  16|   0|   16|          0|
    |h_new_19_1_lcssa139_load_reg_4299                    |  16|   0|   16|          0|
    |h_new_1_1_lcssa121_fu_606                            |  16|   0|   16|          0|
    |h_new_1_1_lcssa121_load_reg_4209                     |  16|   0|   16|          0|
    |h_new_20_1_lcssa140_fu_682                           |  16|   0|   16|          0|
    |h_new_20_1_lcssa140_load_reg_4304                    |  16|   0|   16|          0|
    |h_new_21_1_lcssa141_fu_686                           |  16|   0|   16|          0|
    |h_new_21_1_lcssa141_load_reg_4309                    |  16|   0|   16|          0|
    |h_new_22_1_lcssa142_fu_690                           |  16|   0|   16|          0|
    |h_new_22_1_lcssa142_load_reg_4314                    |  16|   0|   16|          0|
    |h_new_23_1_lcssa143_fu_694                           |  16|   0|   16|          0|
    |h_new_23_1_lcssa143_load_reg_4319                    |  16|   0|   16|          0|
    |h_new_24_1_lcssa144_fu_698                           |  16|   0|   16|          0|
    |h_new_24_1_lcssa144_load_reg_4324                    |  16|   0|   16|          0|
    |h_new_25_1_lcssa145_fu_702                           |  16|   0|   16|          0|
    |h_new_25_1_lcssa145_load_reg_4329                    |  16|   0|   16|          0|
    |h_new_26_1_lcssa146_fu_706                           |  16|   0|   16|          0|
    |h_new_26_1_lcssa146_load_reg_4334                    |  16|   0|   16|          0|
    |h_new_27_1_lcssa147_fu_710                           |  16|   0|   16|          0|
    |h_new_27_1_lcssa147_load_reg_4339                    |  16|   0|   16|          0|
    |h_new_28_1_lcssa148_fu_714                           |  16|   0|   16|          0|
    |h_new_28_1_lcssa148_load_reg_4344                    |  16|   0|   16|          0|
    |h_new_29_1_lcssa149_fu_718                           |  16|   0|   16|          0|
    |h_new_29_1_lcssa149_load_reg_4349                    |  16|   0|   16|          0|
    |h_new_2_1_lcssa122_fu_610                            |  16|   0|   16|          0|
    |h_new_2_1_lcssa122_load_reg_4214                     |  16|   0|   16|          0|
    |h_new_30_1_lcssa150_fu_722                           |  16|   0|   16|          0|
    |h_new_30_1_lcssa150_load_reg_4354                    |  16|   0|   16|          0|
    |h_new_31_1_lcssa151_fu_726                           |  16|   0|   16|          0|
    |h_new_31_1_lcssa151_load_reg_4359                    |  16|   0|   16|          0|
    |h_new_32_1_lcssa152_fu_730                           |  16|   0|   16|          0|
    |h_new_32_1_lcssa152_load_reg_4364                    |  16|   0|   16|          0|
    |h_new_33_1_lcssa153_fu_734                           |  16|   0|   16|          0|
    |h_new_33_1_lcssa153_load_reg_4369                    |  16|   0|   16|          0|
    |h_new_34_1_lcssa154_fu_738                           |  16|   0|   16|          0|
    |h_new_34_1_lcssa154_load_reg_4374                    |  16|   0|   16|          0|
    |h_new_35_1_lcssa155_fu_742                           |  16|   0|   16|          0|
    |h_new_35_1_lcssa155_load_reg_4379                    |  16|   0|   16|          0|
    |h_new_36_1_lcssa156_fu_746                           |  16|   0|   16|          0|
    |h_new_36_1_lcssa156_load_reg_4384                    |  16|   0|   16|          0|
    |h_new_37_1_lcssa157_fu_750                           |  16|   0|   16|          0|
    |h_new_37_1_lcssa157_load_reg_4389                    |  16|   0|   16|          0|
    |h_new_38_1_lcssa158_fu_754                           |  16|   0|   16|          0|
    |h_new_38_1_lcssa158_load_reg_4394                    |  16|   0|   16|          0|
    |h_new_39_1_lcssa159_fu_758                           |  16|   0|   16|          0|
    |h_new_39_1_lcssa159_load_reg_4399                    |  16|   0|   16|          0|
    |h_new_3_1_lcssa123_fu_614                            |  16|   0|   16|          0|
    |h_new_3_1_lcssa123_load_reg_4219                     |  16|   0|   16|          0|
    |h_new_4_1_lcssa124_fu_618                            |  16|   0|   16|          0|
    |h_new_4_1_lcssa124_load_reg_4224                     |  16|   0|   16|          0|
    |h_new_5_1_lcssa125_fu_622                            |  16|   0|   16|          0|
    |h_new_5_1_lcssa125_load_reg_4229                     |  16|   0|   16|          0|
    |h_new_6_1_lcssa126_fu_626                            |  16|   0|   16|          0|
    |h_new_6_1_lcssa126_load_reg_4234                     |  16|   0|   16|          0|
    |h_new_7_1_lcssa127_fu_630                            |  16|   0|   16|          0|
    |h_new_7_1_lcssa127_load_reg_4239                     |  16|   0|   16|          0|
    |h_new_8_1_lcssa128_fu_634                            |  16|   0|   16|          0|
    |h_new_8_1_lcssa128_load_reg_4244                     |  16|   0|   16|          0|
    |h_new_9_1_lcssa129_fu_638                            |  16|   0|   16|          0|
    |h_new_9_1_lcssa129_load_reg_4249                     |  16|   0|   16|          0|
    |h_state_0                                            |  16|   0|   16|          0|
    |h_state_1                                            |  16|   0|   16|          0|
    |h_state_10                                           |  16|   0|   16|          0|
    |h_state_11                                           |  16|   0|   16|          0|
    |h_state_12                                           |  16|   0|   16|          0|
    |h_state_13                                           |  16|   0|   16|          0|
    |h_state_14                                           |  16|   0|   16|          0|
    |h_state_15                                           |  16|   0|   16|          0|
    |h_state_16                                           |  16|   0|   16|          0|
    |h_state_17                                           |  16|   0|   16|          0|
    |h_state_18                                           |  16|   0|   16|          0|
    |h_state_19                                           |  16|   0|   16|          0|
    |h_state_2                                            |  16|   0|   16|          0|
    |h_state_20                                           |  16|   0|   16|          0|
    |h_state_21                                           |  16|   0|   16|          0|
    |h_state_22                                           |  16|   0|   16|          0|
    |h_state_23                                           |  16|   0|   16|          0|
    |h_state_24                                           |  16|   0|   16|          0|
    |h_state_25                                           |  16|   0|   16|          0|
    |h_state_26                                           |  16|   0|   16|          0|
    |h_state_27                                           |  16|   0|   16|          0|
    |h_state_28                                           |  16|   0|   16|          0|
    |h_state_29                                           |  16|   0|   16|          0|
    |h_state_3                                            |  16|   0|   16|          0|
    |h_state_30                                           |  16|   0|   16|          0|
    |h_state_31                                           |  16|   0|   16|          0|
    |h_state_32                                           |  16|   0|   16|          0|
    |h_state_33                                           |  16|   0|   16|          0|
    |h_state_34                                           |  16|   0|   16|          0|
    |h_state_35                                           |  16|   0|   16|          0|
    |h_state_36                                           |  16|   0|   16|          0|
    |h_state_37                                           |  16|   0|   16|          0|
    |h_state_38                                           |  16|   0|   16|          0|
    |h_state_39                                           |  16|   0|   16|          0|
    |h_state_4                                            |  16|   0|   16|          0|
    |h_state_5                                            |  16|   0|   16|          0|
    |h_state_6                                            |  16|   0|   16|          0|
    |h_state_7                                            |  16|   0|   16|          0|
    |h_state_8                                            |  16|   0|   16|          0|
    |h_state_9                                            |  16|   0|   16|          0|
    |icmp_ln211_reg_3713                                  |   1|   0|    1|          0|
    |icmp_ln238_10_reg_4128                               |   1|   0|    1|          0|
    |icmp_ln238_11_reg_4141                               |   1|   0|    1|          0|
    |icmp_ln238_1_reg_4079                                |   1|   0|    1|          0|
    |icmp_ln238_2_reg_4151                                |   1|   0|    1|          0|
    |icmp_ln238_4_reg_4098                                |   1|   0|    1|          0|
    |icmp_ln238_5_reg_4103                                |   1|   0|    1|          0|
    |icmp_ln238_6_reg_4113                                |   1|   0|    1|          0|
    |icmp_ln238_7_reg_4118                                |   1|   0|    1|          0|
    |icmp_ln238_9_reg_4173                                |   1|   0|    1|          0|
    |icmp_ln238_reg_4067                                  |   1|   0|    1|          0|
    |icmp_ln352_3_reg_4471                                |   1|   0|    1|          0|
    |icmp_ln352_reg_4431                                  |   1|   0|    1|          0|
    |icmp_ln359_reg_4017                                  |   1|   0|    1|          0|
    |lD_0_i_reg_4186                                      |   1|   0|    1|          0|
    |lshr_ln238_1_reg_4199                                |  54|   0|   54|          0|
    |lshr_ln238_reg_4193                                  |  54|   0|   54|          0|
    |lshr_ln352_reg_4476                                  |  64|   0|   64|          0|
    |n_fu_598                                             |  31|   0|   31|          0|
    |n_samples_read_reg_3701                              |  32|   0|   32|          0|
    |neg_src_0_i_reg_4409                                 |   1|   0|    1|          0|
    |or_ln352_reg_4466                                    |   1|   0|    1|          0|
    |ref_tmp_i_i_reg_4404                                 |  16|   0|   16|          0|
    |select_ln238_1_reg_4085                              |  11|   0|   11|          0|
    |select_ln238_2_reg_4157                              |  16|   0|   16|          0|
    |select_ln238_3_reg_4163                              |  16|   0|   16|          0|
    |select_ln238_reg_4060                                |  54|   0|   54|          0|
    |select_ln352_reg_4441                                |  32|   0|   32|          0|
    |shl_ln352_reg_4481                                   |  64|   0|   64|          0|
    |sub_ln238_1_reg_4073                                 |  12|   0|   12|          0|
    |sub_ln238_3_reg_4123                                 |   6|   0|    6|          0|
    |sub_ln352_1_reg_4454                                 |   6|   0|    6|          0|
    |sub_ln352_4_reg_4461                                 |   5|   0|    5|          0|
    |tmp_335_reg_4108                                     |   1|   0|    1|          0|
    |tmp_341_reg_4135                                     |   1|   0|    1|          0|
    |tmp_345_reg_4436                                     |   1|   0|    1|          0|
    |tmp_reg_4035                                         |   1|   0|    1|          0|
    |tmp_s_reg_4045                                       |  11|   0|   11|          0|
    |tobool_i_reg_4146                                    |   1|   0|    1|          0|
    |trunc_ln238_1_reg_4050                               |  52|   0|   52|          0|
    |trunc_ln238_5_reg_4092                               |  16|   0|   16|          0|
    |trunc_ln238_reg_4030                                 |  63|   0|   63|          0|
    |trunc_ln352_reg_4449                                 |   6|   0|    6|          0|
    |x_reg_4425                                           |  16|   0|   16|          0|
    |xor_ln218_reg_4004                                   |   1|   0|    1|          0|
    |xor_ln238_6_reg_4420                                 |   1|   0|    1|          0|
    |zext_ln238_reg_4055                                  |  11|   0|   12|          1|
    +-----------------------------------------------------+----+----+-----+-----------+
    |Total                                                |2686|   0| 2687|          1|
    +-----------------------------------------------------+----+----+-----+-----------+



================================================================
== Interface
================================================================
* Summary: 
+----------------------+-----+-----+------------+--------------------+--------------+
|       RTL Ports      | Dir | Bits|  Protocol  |    Source Object   |    C Type    |
+----------------------+-----+-----+------------+--------------------+--------------+
|s_axi_CTRL_AWVALID    |   in|    1|       s_axi|                CTRL|        scalar|
|s_axi_CTRL_AWREADY    |  out|    1|       s_axi|                CTRL|        scalar|
|s_axi_CTRL_AWADDR     |   in|    6|       s_axi|                CTRL|        scalar|
|s_axi_CTRL_WVALID     |   in|    1|       s_axi|                CTRL|        scalar|
|s_axi_CTRL_WREADY     |  out|    1|       s_axi|                CTRL|        scalar|
|s_axi_CTRL_WDATA      |   in|   32|       s_axi|                CTRL|        scalar|
|s_axi_CTRL_WSTRB      |   in|    4|       s_axi|                CTRL|        scalar|
|s_axi_CTRL_ARVALID    |   in|    1|       s_axi|                CTRL|        scalar|
|s_axi_CTRL_ARREADY    |  out|    1|       s_axi|                CTRL|        scalar|
|s_axi_CTRL_ARADDR     |   in|    6|       s_axi|                CTRL|        scalar|
|s_axi_CTRL_RVALID     |  out|    1|       s_axi|                CTRL|        scalar|
|s_axi_CTRL_RREADY     |   in|    1|       s_axi|                CTRL|        scalar|
|s_axi_CTRL_RDATA      |  out|   32|       s_axi|                CTRL|        scalar|
|s_axi_CTRL_RRESP      |  out|    2|       s_axi|                CTRL|        scalar|
|s_axi_CTRL_BVALID     |  out|    1|       s_axi|                CTRL|        scalar|
|s_axi_CTRL_BREADY     |   in|    1|       s_axi|                CTRL|        scalar|
|s_axi_CTRL_BRESP      |  out|    2|       s_axi|                CTRL|        scalar|
|ap_clk                |   in|    1|  ap_ctrl_hs|              gru_va|  return value|
|ap_rst_n              |   in|    1|  ap_ctrl_hs|              gru_va|  return value|
|interrupt             |  out|    1|  ap_ctrl_hs|              gru_va|  return value|
|m_axi_gmem0_AWVALID   |  out|    1|       m_axi|               gmem0|       pointer|
|m_axi_gmem0_AWREADY   |   in|    1|       m_axi|               gmem0|       pointer|
|m_axi_gmem0_AWADDR    |  out|   64|       m_axi|               gmem0|       pointer|
|m_axi_gmem0_AWID      |  out|    1|       m_axi|               gmem0|       pointer|
|m_axi_gmem0_AWLEN     |  out|    8|       m_axi|               gmem0|       pointer|
|m_axi_gmem0_AWSIZE    |  out|    3|       m_axi|               gmem0|       pointer|
|m_axi_gmem0_AWBURST   |  out|    2|       m_axi|               gmem0|       pointer|
|m_axi_gmem0_AWLOCK    |  out|    2|       m_axi|               gmem0|       pointer|
|m_axi_gmem0_AWCACHE   |  out|    4|       m_axi|               gmem0|       pointer|
|m_axi_gmem0_AWPROT    |  out|    3|       m_axi|               gmem0|       pointer|
|m_axi_gmem0_AWQOS     |  out|    4|       m_axi|               gmem0|       pointer|
|m_axi_gmem0_AWREGION  |  out|    4|       m_axi|               gmem0|       pointer|
|m_axi_gmem0_AWUSER    |  out|    1|       m_axi|               gmem0|       pointer|
|m_axi_gmem0_WVALID    |  out|    1|       m_axi|               gmem0|       pointer|
|m_axi_gmem0_WREADY    |   in|    1|       m_axi|               gmem0|       pointer|
|m_axi_gmem0_WDATA     |  out|   32|       m_axi|               gmem0|       pointer|
|m_axi_gmem0_WSTRB     |  out|    4|       m_axi|               gmem0|       pointer|
|m_axi_gmem0_WLAST     |  out|    1|       m_axi|               gmem0|       pointer|
|m_axi_gmem0_WID       |  out|    1|       m_axi|               gmem0|       pointer|
|m_axi_gmem0_WUSER     |  out|    1|       m_axi|               gmem0|       pointer|
|m_axi_gmem0_ARVALID   |  out|    1|       m_axi|               gmem0|       pointer|
|m_axi_gmem0_ARREADY   |   in|    1|       m_axi|               gmem0|       pointer|
|m_axi_gmem0_ARADDR    |  out|   64|       m_axi|               gmem0|       pointer|
|m_axi_gmem0_ARID      |  out|    1|       m_axi|               gmem0|       pointer|
|m_axi_gmem0_ARLEN     |  out|    8|       m_axi|               gmem0|       pointer|
|m_axi_gmem0_ARSIZE    |  out|    3|       m_axi|               gmem0|       pointer|
|m_axi_gmem0_ARBURST   |  out|    2|       m_axi|               gmem0|       pointer|
|m_axi_gmem0_ARLOCK    |  out|    2|       m_axi|               gmem0|       pointer|
|m_axi_gmem0_ARCACHE   |  out|    4|       m_axi|               gmem0|       pointer|
|m_axi_gmem0_ARPROT    |  out|    3|       m_axi|               gmem0|       pointer|
|m_axi_gmem0_ARQOS     |  out|    4|       m_axi|               gmem0|       pointer|
|m_axi_gmem0_ARREGION  |  out|    4|       m_axi|               gmem0|       pointer|
|m_axi_gmem0_ARUSER    |  out|    1|       m_axi|               gmem0|       pointer|
|m_axi_gmem0_RVALID    |   in|    1|       m_axi|               gmem0|       pointer|
|m_axi_gmem0_RREADY    |  out|    1|       m_axi|               gmem0|       pointer|
|m_axi_gmem0_RDATA     |   in|   32|       m_axi|               gmem0|       pointer|
|m_axi_gmem0_RLAST     |   in|    1|       m_axi|               gmem0|       pointer|
|m_axi_gmem0_RID       |   in|    1|       m_axi|               gmem0|       pointer|
|m_axi_gmem0_RUSER     |   in|    1|       m_axi|               gmem0|       pointer|
|m_axi_gmem0_RRESP     |   in|    2|       m_axi|               gmem0|       pointer|
|m_axi_gmem0_BVALID    |   in|    1|       m_axi|               gmem0|       pointer|
|m_axi_gmem0_BREADY    |  out|    1|       m_axi|               gmem0|       pointer|
|m_axi_gmem0_BRESP     |   in|    2|       m_axi|               gmem0|       pointer|
|m_axi_gmem0_BID       |   in|    1|       m_axi|               gmem0|       pointer|
|m_axi_gmem0_BUSER     |   in|    1|       m_axi|               gmem0|       pointer|
|audio_in_TDATA        |   in|   32|        axis|   audio_in_V_data_V|       pointer|
|audio_in_TVALID       |   in|    1|        axis|   audio_in_V_last_V|       pointer|
|audio_in_TREADY       |  out|    1|        axis|   audio_in_V_last_V|       pointer|
|audio_in_TLAST        |   in|    1|        axis|   audio_in_V_last_V|       pointer|
|audio_in_TKEEP        |   in|    4|        axis|   audio_in_V_keep_V|       pointer|
|audio_in_TSTRB        |   in|    4|        axis|   audio_in_V_strb_V|       pointer|
|audio_out_TDATA       |  out|   32|        axis|  audio_out_V_data_V|       pointer|
|audio_out_TVALID      |  out|    1|        axis|  audio_out_V_last_V|       pointer|
|audio_out_TREADY      |   in|    1|        axis|  audio_out_V_last_V|       pointer|
|audio_out_TLAST       |  out|    1|        axis|  audio_out_V_last_V|       pointer|
|audio_out_TKEEP       |  out|    4|        axis|  audio_out_V_keep_V|       pointer|
|audio_out_TSTRB       |  out|    4|        axis|  audio_out_V_strb_V|       pointer|
+----------------------+-----+-----+------------+--------------------+--------------+

